[17/02/2026 14:28:07.99] Starting scheduled booking run... 
============================================================ 
============================================================
ASIMUT WEEK BOOKER
============================================================
Today: 2026-02-17
Booking for: 2026-02-17 to 2026-02-24
Mode: Visible browser
============================================================

============================================================
SCANNING MY AGENDA FOR EXISTING EVENTS
============================================================
  [DEBUG] Navigating to agenda page...
  [DEBUG] Agenda page loaded, URL: https://rwcmd.asimut.net/agenda...
  Scrolling until we reach 24 February 2026...
  [DEBUG] Found target date '24 February 2026' after 1 scrolls
  Final pass to capture all events (10 scrolls)...
  [DEBUG] Raw events extracted: 21

  Found 21 unique events in agenda (deduplicated from 21):
  [Tracker] Added reservation: 2026-02-17 19.00-19.50
  [R] 2026-02-17 (Tuesday): 19:00 - 19:30 in B1.07
  [Tracker] Added reservation: 2026-02-17 19.50-20.00
  [R] 2026-02-17 (Tuesday): 19:30 - 20:00 in B0.23
  [Tracker] Added reservation: 2026-02-17 20.00-20.50
  [R] 2026-02-17 (Tuesday): 20:00 - 20:30 in B1.20
  [Tracker] Added reservation: 2026-02-17 20.50-22.25
  [R] 2026-02-17 (Tuesday): 20:30 - 22:15 in B1.08
  [Tracker] Added reservation: 2026-02-18 10.00-11.50 (+90min peak)
  [R] 2026-02-18 (Wednesday): 10:00 - 11:30 in B1.08
  [Tracker] Added reservation: 2026-02-18 11.50-12.00 (+30min peak)
  [R] 2026-02-18 (Wednesday): 11:30 - 12:00 in B0.16
  [Tracker] Added conflict: 2026-02-18 14.00-16.00
      2026-02-18 (Wednesday): 14:00 - 16:00 in B0.08
  [Tracker] Added reservation: 2026-02-18 19.00-19.50
  [R] 2026-02-18 (Wednesday): 19:00 - 19:30 in B0.14
  [Tracker] Added conflict: 2026-02-18 19.50-21.50
      2026-02-18 (Wednesday): 19:30 - 21:30
  [Tracker] Added reservation: 2026-02-18 20.00-22.00
  [R] 2026-02-18 (Wednesday): 20:00 - 22:00 in B1.07
  [Tracker] Added reservation: 2026-02-19 16.00-18.00
  [R] 2026-02-19 (Thursday): 16:00 - 18:00 in B1.10
  [Tracker] Added reservation: 2026-02-19 18.00-20.00
  [R] 2026-02-19 (Thursday): 18:00 - 20:00 in B1.07
  [Tracker] Added reservation: 2026-02-20 11.00-12.00 (+60min peak)
  [R] 2026-02-20 (Friday): 11:00 - 12:00 in B1.08
  [Tracker] Added reservation: 2026-02-20 12.00-13.00 (+60min peak)
  [R] 2026-02-20 (Friday): 12:00 - 13:00 in B1.11
  [Tracker] Added reservation: 2026-02-21 10.00-12.00
  [R] 2026-02-21 (Saturday): 10:00 - 12:00 in B1.21
  [Tracker] Added reservation: 2026-02-21 12.00-13.00
  [R] 2026-02-21 (Saturday): 12:00 - 13:00 in B0.11
  [Tracker] Added reservation: 2026-02-22 9.50-11.50
  [R] 2026-02-22 (Sunday): 09:30 - 11:30 in B0.11
  [Tracker] Added reservation: 2026-02-22 15.00-16.25
  [R] 2026-02-22 (Sunday): 15:00 - 16:15 in B0.14
  [Tracker] Added reservation: 2026-02-23 12.00-13.00 (+60min peak)
  [R] 2026-02-23 (Monday): 12:00 - 13:00 in B0.16
  [Tracker] Added conflict: 2026-02-24 11.25-13.00
      2026-02-24 (Tuesday): 11:15 - 13:00
  [Tracker] Added conflict: 2026-02-24 13.00-14.00
      2026-02-24 (Tuesday): 13:00 - 14:00

  Total events: 21 (17 reservations, 4 other)

  Rolling quota: 21.0/28 hours this week
  [OK] Can book 7.0 more hours
  Peak hours from existing reservations:
    2026-02-18: 120/120 min
    2026-02-20: 120/120 min
    2026-02-23: 60/120 min
============================================================

Navigating to practice rooms (AHC)...
  Currently showing: Unknown

  Disabled dates (will skip): ['2026-02-02', '2026-02-03', '2026-02-04', '2026-02-05', '2026-02-06', '2026-02-07', '2026-02-08', '2026-02-09']

  Time preferences: Prioritizing 09:00 - 21:00
  Strict mode: ON (only booking preferred times)

  Booking strategy: REVERSE ORDER (furthest dates first)

  Smart redistribution calculation:
    Enabled days: 8/8
    Remaining quota: 7.0h
    Ideal hours/day: 3.5h
    Current hours per day:
      2026-02-17 (Tue): 3.2h [needs +0.2h]
Traceback (most recent call last):
  File "C:\Users\loxty\Desktop\Repos\AsimutBooker\book_week.py", line 4409, in <module>
    main()
    ~~~~^^
  File "C:\Users\loxty\Desktop\Repos\AsimutBooker\book_week.py", line 3595, in main
    print(f"      {d.strftime('%Y-%m-%d')} ({d.strftime('%a')}): {day_hours:.1f}h [{status}]")
    ~~~~~^^^^^^^^^^^^^^^^^^^^^^^^^^^^^^^^^^^^^^^^^^^^^^^^^^^^^^^^^^^^^^^^^^^^^^^^^^^^^^^^^^^^^
  File "C:\Python313\Lib\encodings\cp1252.py", line 19, in encode
    return codecs.charmap_encode(input,self.errors,encoding_table)[0]
           ~~~~~~~~~~~~~~~~~~~~~^^^^^^^^^^^^^^^^^^^^^^^^^^^^^^^^^^
UnicodeEncodeError: 'charmap' codec can't encode character '\u2713' in position 30: character maps to <undefined>
============================================================ 
[17/02/2026 14:29:44.07] Booking run completed 
