[18/02/2026 21:58:03.58] Starting scheduled booking run... 
============================================================ 
============================================================
ASIMUT WEEK BOOKER
============================================================
Today: 2026-02-18
Booking for: 2026-02-18 to 2026-02-25
Mode: Visible browser
============================================================

============================================================
SCANNING MY AGENDA FOR EXISTING EVENTS
============================================================
  [DEBUG] Navigating to agenda page...
  [DEBUG] Agenda page loaded, URL: https://rwcmd.asimut.net/agenda...
  Scrolling until we reach 25 February 2026...
  [DEBUG] Found target date '25 February 2026' after 1 scrolls
  Final pass to capture all events (10 scrolls)...
  [DEBUG] Raw events extracted: 14

  Found 14 unique events in agenda (deduplicated from 14):
  [Tracker] Added conflict: 2026-02-18 14.00-16.00
      2026-02-18 (Wednesday): 14:00 - 16:00 in B0.08
  [Tracker] Added conflict: 2026-02-18 19.50-21.50
      2026-02-18 (Wednesday): 19:30 - 21:30
  [Tracker] Added reservation: 2026-02-19 16.00-18.00
  [R] 2026-02-19 (Thursday): 16:00 - 18:00 in B1.10
  [Tracker] Added reservation: 2026-02-19 18.00-20.00
  [R] 2026-02-19 (Thursday): 18:00 - 20:00 in B1.07
  [Tracker] Added reservation: 2026-02-20 11.00-12.00 (+60min peak)
  [R] 2026-02-20 (Friday): 11:00 - 12:00 in B1.08
  [Tracker] Added reservation: 2026-02-20 12.00-13.00 (+60min peak)
  [R] 2026-02-20 (Friday): 12:00 - 13:00 in B1.11
  [Tracker] Added reservation: 2026-02-21 10.00-12.00
  [R] 2026-02-21 (Saturday): 10:00 - 12:00 in B1.21
  [Tracker] Added reservation: 2026-02-21 12.00-13.00
  [R] 2026-02-21 (Saturday): 12:00 - 13:00 in B0.11
  [Tracker] Added reservation: 2026-02-22 9.50-11.50
  [R] 2026-02-22 (Sunday): 09:30 - 11:30 in B0.11
  [Tracker] Added reservation: 2026-02-22 15.00-16.25
  [R] 2026-02-22 (Sunday): 15:00 - 16:15 in B0.14
  [Tracker] Added reservation: 2026-02-23 12.00-13.00 (+60min peak)
  [R] 2026-02-23 (Monday): 12:00 - 13:00 in B0.16
  [Tracker] Added conflict: 2026-02-24 11.25-13.00
      2026-02-24 (Tuesday): 11:15 - 13:00
  [Tracker] Added conflict: 2026-02-24 13.00-14.00
      2026-02-24 (Tuesday): 13:00 - 14:00
  [Tracker] Added conflict: 2026-02-25 16.00-17.50
      2026-02-25 (Wednesday): 16:00 - 17:30

  Total events: 14 (9 reservations, 5 other)

  Rolling quota: 13.2/28 hours this week
  [OK] Can book 14.8 more hours
  Peak hours from existing reservations:
    2026-02-20: 120/120 min
    2026-02-23: 60/120 min
============================================================

Navigating to practice rooms (AHC)...
Traceback (most recent call last):
  File "C:\Users\loxty\Desktop\Repos\AsimutBooker\book_week.py", line 4409, in <module>
    main()
    ~~~~^^
  File "C:\Users\loxty\Desktop\Repos\AsimutBooker\book_week.py", line 3551, in main
    page.goto("https://rwcmd.asimut.net/overview?locationGroupId=10", wait_until="networkidle")
    ~~~~~~~~~^^^^^^^^^^^^^^^^^^^^^^^^^^^^^^^^^^^^^^^^^^^^^^^^^^^^^^^^^^^^^^^^^^^^^^^^^^^^^^^^^^
  File "C:\Users\loxty\AppData\Roaming\Python\Python313\site-packages\playwright\sync_api\_generated.py", line 9054, in goto
    self._sync(
    ~~~~~~~~~~^
        self._impl_obj.goto(
        ^^^^^^^^^^^^^^^^^^^^
            url=url, timeout=timeout, waitUntil=wait_until, referer=referer
            ^^^^^^^^^^^^^^^^^^^^^^^^^^^^^^^^^^^^^^^^^^^^^^^^^^^^^^^^^^^^^^^
        )
        ^
    )
    ^
  File "C:\Users\loxty\AppData\Roaming\Python\Python313\site-packages\playwright\_impl\_sync_base.py", line 115, in _sync
    return task.result()
           ~~~~~~~~~~~^^
  File "C:\Users\loxty\AppData\Roaming\Python\Python313\site-packages\playwright\_impl\_page.py", line 552, in goto
    return await self._main_frame.goto(**locals_to_params(locals()))
           ^^^^^^^^^^^^^^^^^^^^^^^^^^^^^^^^^^^^^^^^^^^^^^^^^^^^^^^^^
  File "C:\Users\loxty\AppData\Roaming\Python\Python313\site-packages\playwright\_impl\_frame.py", line 153, in goto
    await self._channel.send(
        "goto", self._navigation_timeout, locals_to_params(locals())
    )
  File "C:\Users\loxty\AppData\Roaming\Python\Python313\site-packages\playwright\_impl\_connection.py", line 69, in send
    return await self._connection.wrap_api_call(
           ^^^^^^^^^^^^^^^^^^^^^^^^^^^^^^^^^^^^^
    ...<3 lines>...
    )
    ^
  File "C:\Users\loxty\AppData\Roaming\Python\Python313\site-packages\playwright\_impl\_connection.py", line 559, in wrap_api_call
    raise rewrite_error(error, f"{parsed_st['apiName']}: {error}") from None
playwright._impl._errors.TimeoutError: Page.goto: Timeout 30000ms exceeded.
Call log:
  - navigating to "https://rwcmd.asimut.net/overview?locationGroupId=10", waiting until "networkidle"

============================================================ 
[18/02/2026 21:58:48.97] Booking run completed 
