[15/02/2026 20:58:02.22] Starting scheduled booking run... 
============================================================ 
============================================================
ASIMUT WEEK BOOKER
============================================================
Today: 2026-02-15
Booking for: 2026-02-15 to 2026-02-22
Mode: Visible browser
============================================================

============================================================
SCANNING MY AGENDA FOR EXISTING EVENTS
============================================================
  [DEBUG] Navigating to agenda page...
  [DEBUG] Agenda page loaded, URL: https://rwcmd.asimut.net/agenda...
  Scrolling until we reach 22 February 2026...
  [DEBUG] Found target date '22 February 2026' after 0 scrolls
  Final pass to capture all events (10 scrolls)...
  [DEBUG] Raw events extracted: 2

  Found 2 unique events in agenda (deduplicated from 2):
  [Tracker] Added conflict: 2026-02-18 14.00-16.00
      2026-02-18 (Wednesday): 14:00 - 16:00 in B0.08
  [Tracker] Added conflict: 2026-02-18 19.50-21.50
      2026-02-18 (Wednesday): 19:30 - 21:30

  Total events: 2 (0 reservations, 2 other)

  Rolling quota: 0.0/28 hours this week
  [OK] Can book 28.0 more hours
============================================================

Navigating to practice rooms (AHC)...
  Currently showing: Unknown

  Disabled dates (will skip): ['2026-02-02', '2026-02-03', '2026-02-04', '2026-02-05', '2026-02-06', '2026-02-07', '2026-02-08', '2026-02-09']

  Time preferences: Prioritizing 09:00 - 21:00
  Strict mode: ON (only booking preferred times)

  Booking strategy: REVERSE ORDER (furthest dates first)

  Smart redistribution calculation:
    Enabled days: 8/8
    Remaining quota: 28.0h
    Ideal hours/day: 3.5h
    Current hours per day:
      2026-02-15 (Sun): 0.0h [needs +3.5h]
      2026-02-16 (Mon): 0.0h [needs +3.5h]
      2026-02-17 (Tue): 0.0h [needs +3.5h]
      2026-02-18 (Wed): 0.0h [needs +3.5h]
      2026-02-19 (Thu): 0.0h [needs +3.5h]
      2026-02-20 (Fri): 0.0h [needs +3.5h]
      2026-02-21 (Sat): 0.0h [needs +3.5h]
      2026-02-22 (Sun): 0.0h [needs +3.5h]

  Navigating to day 7 first (reverse order strategy)...

============================================================
CHECKING FOR HORIZON SNIPE OPPORTUNITIES (MULTI-DAY)
============================================================

  Scanning 3 horizon days for snipe candidates: [7, 5, 3]

    Scanning Day 7 (2026-02-22) for 7-day horizon rooms...
      No snipe candidates found for Day 7

    Scanning Day 5 (2026-02-20) for 5-day horizon rooms...
    Navigating backward 2 day(s) to Day 5...
      No snipe candidates found for Day 5

    Scanning Day 3 (2026-02-18) for 3-day horizon rooms...
    Navigating backward 2 day(s) to Day 3...
      No snipe candidates found for Day 3

  Total snipe candidates found: 0
  No snipe candidates found (no slots becoming bookable within 3 minutes)
============================================================

============================================================
READY - Waiting for target time: 21:00
============================================================
Current time: 20:58:36
Seconds to wait: 84
  T-80s...
  T-70s...
  T-60s...
  T-50s...
  T-40s...
  T-30s...
  T-20s...
  T-10s...
  T-0s...

>>> TARGET TIME REACHED: 21:00:00 <<<
============================================================


============================================================
REFRESHING PAGE FOR UPDATED SLOT AVAILABILITY
============================================================
  [DEBUG] Pre-refresh time: 21:00:00.289
  [DEBUG] Current URL: https://rwcmd.asimut.net/overview?locationGroupId=10...
  [DEBUG] Calendar position before refresh: day 3
  [DEBUG] Post-refresh time: 21:00:02.870
  [DEBUG] Refresh took: 2.58s
  [DEBUG] Post-refresh URL: https://rwcmd.asimut.net/overview?locationGroupId=10...
  [DEBUG] Calendar position after refresh: day 3 (unchanged)
  [DEBUG] Could not extract slot times
============================================================

############################################################
# DAY 7: 2026-02-22 (Sunday)
############################################################
  [Smart redistribution] Current: 0.0h, Target: +3.5h, Max bookings: 2
  [DEBUG] Session stats: 0 bookings so far, peak for this day: 0/120min
  Navigating forward 4 day(s)...
  [DEBUG] Current URL: https://rwcmd.asimut.net/overview?locationGroupId=10...
  [DEBUG] Navigation complete, now on day 7
  [DEBUG] Slot scan time: 21:00:11
  Displayed date: Royal Welsh College of Music & Drama
  [DEBUG] Earliest slots for 7-day horizon rooms: {'B0.11': '07:30', 'B0.13': '07:30', 'B0.14': '07:30', 'B0.16': '07:30'}
  [DEBUG] Expected earliest (now - 7 days): ~21:00 on target date
  [DEBUG] Rooms skipped (not yet available): B0.11 (Available in 14min (horizon: 7d)), B0.13 (Available in 29min (horizon: 7d)), B0.16 (Available in 14min (horizon: 7d)), B0.23 (Available in 1.4d (horizon: 5d)), B0.27 (Available in 2.0d (horizon: 5d)), B0.29 (Available in 1.4d (horizon: 5d)), B1.06 (Available in 1.4d (horizon: 5d)), B1.07 (Available in 1.4d (horizon: 5d)), B1.08 (Available in 1.4d (horizon: 5d)), B1.09 (Available in 3.4d (horizon: 3d)), B1.10 (Available in 1.4d (horizon: 5d)), B1.11 (Available in 1.4d (horizon: 5d)), B1.14 (Available in 1.4d (horizon: 5d)), B1.15 (Available in 1.4d (horizon: 5d)), B1.16 (Available in 3.4d (horizon: 3d)), B1.17 (Available in 1.4d (horizon: 5d)), B1.18 (Available in 1.4d (horizon: 5d)), B1.19 (Available in 1.4d (horizon: 5d)), B1.20 (Available in 1.4d (horizon: 5d)), B1.21 (Available in 1.4d (horizon: 5d))
  Found 5 potential slots
  [DEBUG] First 10 slots: [('B0.11', '7.50-9.25'), ('B0.13', '7.50-8.50'), ('B0.16', '7.50-10.50'), ('B0.14', '21.00-22.25'), ('B0.14', '7.50-8.00')]
  [DEBUG] Peak quota for 2026-02-22: 0/120 min used, 9999 min remaining
  [DEBUG] Strict mode: Filtered out 5 non-preferred slots
  [DEBUG] Starting booking attempts. Max per day: 2, slots available: 0
  [DEBUG] No more valid slots (all_slots=0, conflicts filtered all)
  No more valid slots available

  Day summary: 0 bookings made, 0 attempts total

############################################################
# DAY 6: 2026-02-21 (Saturday)
############################################################
  [Smart redistribution] Current: 0.0h, Target: +3.5h, Max bookings: 2
  [DEBUG] Session stats: 0 bookings so far, peak for this day: 0/120min
  Navigating backward 1 day(s)...
  [DEBUG] Current URL: https://rwcmd.asimut.net/overview?locationGroupId=10...
  [DEBUG] Navigation complete, now on day 6
  [DEBUG] Slot scan time: 21:00:14
  Displayed date: Royal Welsh College of Music & Drama
  [DEBUG] Earliest slots for 7-day horizon rooms: {'B0.11': '07:30', 'B0.13': '07:30', 'B0.14': '19:00', 'B0.16': '07:30'}
  [DEBUG] Expected earliest (now - 7 days): ~21:00 on target date
  [DEBUG] Rooms skipped (not yet available): B0.23 (Available in 10.5h (horizon: 5d)), B0.27 (Available in 23.0h (horizon: 5d)), B0.29 (Available in 10.5h (horizon: 5d)), B1.06 (Available in 10.5h (horizon: 5d)), B1.07 (Available in 10.5h (horizon: 5d)), B1.08 (Available in 10.5h (horizon: 5d)), B1.09 (Available in 2.4d (horizon: 3d)), B1.10 (Available in 10.5h (horizon: 5d)), B1.11 (Available in 10.5h (horizon: 5d)), B1.14 (Available in 10.5h (horizon: 5d)), B1.15 (Available in 10.5h (horizon: 5d)), B1.16 (Available in 2.4d (horizon: 3d)), B1.17 (Available in 10.5h (horizon: 5d)), B1.18 (Available in 10.5h (horizon: 5d)), B1.19 (Available in 10.5h (horizon: 5d)), B1.20 (Available in 10.5h (horizon: 5d)), B1.21 (Available in 10.5h (horizon: 5d))
  Found 10 potential slots
  [DEBUG] First 10 slots: [('B0.14', '20.00-22.25'), ('B0.16', '20.00-22.25'), ('B0.16', '11.50-12.00'), ('B0.14', '19.00-19.50'), ('B0.13', '19.50-20.00'), ('B0.13', '21.00-22.25'), ('B0.11', '7.50-8.00'), ('B0.13', '7.50-8.00'), ('B0.16', '7.50-8.00'), ('B0.11', '21.50-22.25')]
  [DEBUG] Peak quota for 2026-02-21: 0/120 min used, 9999 min remaining
  [DEBUG] Strict mode: Filtered out 5 non-preferred slots
  [DEBUG] Starting booking attempts. Max per day: 2, slots available: 5
  [DEBUG] Attempt 1/15: B0.14 20.00-22.25 (duration: 2.25h)

============================================================
Trying: B0.14 at 20:00-22:00
============================================================
  [DEBUG] Click calculation: slot=20.00-22.00, center=21.00, click_pct=87.50%
  [DEBUG] Viewport: 1920x1080, scrollY=0
  [DEBUG] Day grid: left=400, width=1505, right=1905
  [DEBUG] Click target: x=1717, y=319 (target time: 20.00-22.00)
  Clicking at (1717, 319) for B0.14 (center)...
  [DEBUG] Got tooltip instead of menu: 21:00 in B0.14 (Practice: Grand Piano)...
  Clicking at (1732, 324) for B0.14 (offset right-bottom)...
  [DEBUG] No popup at offset right-bottom position
  Clicking at (1702, 314) for B0.14 (offset left-top)...
  [DEBUG] Got tooltip instead of menu: 20:45 in B0.14 (Practice: Grand Piano)...
  No booking popup found after trying multiple click positions - skipping
  [DEBUG] Attempt 2/15: B0.16 20.00-22.25 (duration: 2.25h)

============================================================
Trying: B0.16 at 20:00-22:00
============================================================
  [DEBUG] Click calculation: slot=20.00-22.00, center=21.00, click_pct=87.50%
  [DEBUG] Viewport: 1920x1080, scrollY=0
  [DEBUG] Day grid: left=400, width=1505, right=1905
  [DEBUG] Click target: x=1717, y=359 (target time: 20.00-22.00)
  Clicking at (1717, 359) for B0.16 (center)...
  [DEBUG] No popup at center position
  Clicking at (1732, 364) for B0.16 (offset right-bottom)...
  [DEBUG] Got tooltip instead of menu: 21:15 in B0.16 (Practice: Grand Piano)...
  Clicking at (1702, 354) for B0.16 (offset left-top)...
  [DEBUG] Looking for 'Student booking provisional' button...
  Found 'Student booking provisional' button
  [DEBUG] Setting times: 20:00 to 22:00
  [DEBUG] Found time inputs, filling start time...
  [DEBUG] Filling end time...
  [DEBUG] Verified times: start=20:00, end=22:00
  [DEBUG] Checking for errors/conflicts on booking form...
  [DEBUG] Found 8 time patterns on page
  Error: Conflicts with existing booking
  [DEBUG] go_back() called
  [DEBUG] Booking form visible: True
  [DEBUG] Clicking back button...
  [DEBUG] Back on calendar (location-day found)
  [DEBUG] Attempt 3/15: B0.16 11.50-12.00 (duration: 0.50h)

============================================================
Trying: B0.16 at 11:30-12:00
============================================================
  [DEBUG] Click calculation: slot=11.50-12.00, center=11.75, click_pct=29.69%
  [DEBUG] Viewport: 1920x1080, scrollY=0
  [DEBUG] Day grid: left=400, width=1505, right=1905
  [DEBUG] Click target: x=847, y=359 (target time: 11.50-12.00)
  Clicking at (847, 359) for B0.16 (center)...
  [DEBUG] Got tooltip instead of menu: 11:45 in B0.16 (Practice: Grand Piano)...
  Clicking at (862, 364) for B0.16 (offset right-bottom)...
  [DEBUG] No popup at offset right-bottom position
  Clicking at (832, 354) for B0.16 (offset left-top)...
  [DEBUG] Got tooltip instead of menu: 11:30 in B0.16 (Practice: Grand Piano)...
  No booking popup found after trying multiple click positions - skipping
  [DEBUG] Attempt 4/15: B0.14 19.00-19.50 (duration: 0.50h)

============================================================
Trying: B0.14 at 19:00-19:30
============================================================
  [DEBUG] Click calculation: slot=19.00-19.50, center=19.25, click_pct=76.56%
  [DEBUG] Viewport: 1920x1080, scrollY=0
  [DEBUG] Day grid: left=400, width=1505, right=1905
  [DEBUG] Click target: x=1552, y=319 (target time: 19.00-19.50)
  Clicking at (1552, 319) for B0.14 (center)...
  [DEBUG] No popup at center position
  Clicking at (1567, 324) for B0.14 (offset right-bottom)...
  [DEBUG] Got tooltip instead of menu: 19:30 in B0.14 (Practice: Grand Piano)...
  Clicking at (1537, 314) for B0.14 (offset left-top)...
  [DEBUG] Got tooltip instead of menu: 19:30 in B0.14 (Practice: Grand Piano)...
  No booking popup found after trying multiple click positions - skipping
  [DEBUG] Attempt 5/15: B0.13 19.50-20.00 (duration: 0.50h)

============================================================
Trying: B0.13 at 19:30-20:00
============================================================
  [DEBUG] Click calculation: slot=19.50-20.00, center=19.75, click_pct=79.69%
  [DEBUG] Viewport: 1920x1080, scrollY=0
  [DEBUG] Day grid: left=400, width=1505, right=1905
  [DEBUG] Click target: x=1599, y=279 (target time: 19.50-20.00)
  Clicking at (1599, 279) for B0.13 (center)...
  [DEBUG] No popup at center position
  Clicking at (1614, 284) for B0.13 (offset right-bottom)...
  [DEBUG] Got tooltip instead of menu: 20:00 in B0.13 (Practice: Grand Piano)...
  Clicking at (1584, 274) for B0.13 (offset left-top)...
  [DEBUG] Looking for 'Student booking provisional' button...
  Found 'Student booking provisional' button
  [DEBUG] Setting times: 19:30 to 20:00
  [DEBUG] WARNING: Time inputs not found! start=0, end=0
  [DEBUG] Checking for errors/conflicts on booking form...
  [DEBUG] Found 0 time patterns on page
  [DEBUG] Looking for Save button...
  [DEBUG] Save button not found: count=0, visible=N/A
  Save button not found
  [DEBUG] go_back() called
  [DEBUG] Booking form visible: False
  [DEBUG] go_back exception: Page.wait_for_selector: Timeout 5000ms exceeded.
Call log:
  - waiting for locator(".location-day") to be visible

  Warning: go_back issue (Page.wait_for_selector: Timeout 5000ms exceeded.
Call log:
  - waiting for locator(".location-day") to be visible
), trying Escape + browser back...
  [DEBUG] No more valid slots (all_slots=0, conflicts filtered all)
  No more valid slots available

  Day summary: 0 bookings made, 5 attempts total

############################################################
# DAY 5: 2026-02-20 (Friday)
############################################################
  [Smart redistribution] Current: 0.0h, Target: +3.5h, Max bookings: 2
  [DEBUG] Session stats: 0 bookings so far, peak for this day: 0/120min
  Navigating backward 1 day(s)...
  [DEBUG] Current URL: https://rwcmd.asimut.net/overview?locationGroupId=10...
  [DEBUG] Navigation complete, now on day 5
  [DEBUG] Slot scan time: 21:01:13
  Displayed date: Royal Welsh College of Music & Drama
  [DEBUG] Earliest slots for 7-day horizon rooms: {'B0.11': '07:30', 'B0.13': '07:30', 'B0.14': '07:30', 'B0.16': '07:30'}
  [DEBUG] Expected earliest (now - 7 days): ~21:01 on target date
  [DEBUG] Rooms skipped (not yet available): B0.27 (Available in 43min (horizon: 5d)), B0.29 (Available in 28min (horizon: 5d)), B1.09 (Available in 1.4d (horizon: 3d)), B1.10 (Available in 28min (horizon: 5d)), B1.11 (Available in 28min (horizon: 5d)), B1.15 (Available in 28min (horizon: 5d)), B1.16 (Available in 1.4d (horizon: 3d)), B1.17 (Available in 43min (horizon: 5d)), B1.18 (Available in 28min (horizon: 5d)), B1.19 (Available in 13min (horizon: 5d))
  Found 29 potential slots
  [DEBUG] First 10 slots: [('B1.07', '20.50-22.25'), ('B1.08', '20.50-22.25'), ('B0.14', '10.00-10.50'), ('B1.07', '19.00-19.50'), ('B1.20', '20.00-20.50'), ('B0.29', '7.50-9.00'), ('B1.14', '7.50-8.50'), ('B0.16', '7.50-9.00'), ('B1.20', '7.50-8.50'), ('B1.21', '7.50-9.00')]
  [DEBUG] Peak quota for 2026-02-20: 0/120 min used, 120 min remaining
  [DEBUG] Strict mode: Filtered out 24 non-preferred slots
  [DEBUG] Starting booking attempts. Max per day: 2, slots available: 5
  [DEBUG] Attempt 1/15: B1.07 20.50-22.25 (duration: 1.75h)

============================================================
Trying: B1.07 at 20:30-21:00 (HORIZON LIMITED)
  Will extend later: target 20:30-22:15
============================================================
  [DEBUG] Click calculation: slot=20.50-21.00, center=20.75, click_pct=85.94%
  [DEBUG] Viewport: 1920x1080, scrollY=139
  [DEBUG] Day grid: left=400, width=1505, right=1905
  [DEBUG] Click target: x=1693, y=540 (target time: 20.50-21.00)
  Clicking at (1693, 540) for B1.07 (center)...
  [DEBUG] Got tooltip instead of menu: 20:45 in B1.07 (Practice: Upright Piano)...
  Clicking at (1708, 545) for B1.07 (offset right-bottom)...
  [DEBUG] No popup at offset right-bottom position
  Clicking at (1678, 535) for B1.07 (offset left-top)...
  [DEBUG] Got tooltip instead of menu: 20:30 in B1.07 (Practice: Upright Piano)...
  No booking popup found after trying multiple click positions - skipping
  [DEBUG] Attempt 2/15: B1.08 20.50-22.25 (duration: 1.75h)

============================================================
Trying: B1.08 at 20:30-21:00 (HORIZON LIMITED)
  Will extend later: target 20:30-22:15
============================================================
  [DEBUG] Click calculation: slot=20.50-21.00, center=20.75, click_pct=85.94%
  [DEBUG] Viewport: 1920x1080, scrollY=179
  [DEBUG] Day grid: left=400, width=1505, right=1905
  [DEBUG] Click target: x=1693, y=540 (target time: 20.50-21.00)
  Clicking at (1693, 540) for B1.08 (center)...
  [DEBUG] No popup at center position
  Clicking at (1708, 545) for B1.08 (offset right-bottom)...
  [DEBUG] Got tooltip instead of menu: 21:00 in B1.08 (Practice: Upright Piano)...
  Clicking at (1678, 535) for B1.08 (offset left-top)...
  [DEBUG] Looking for 'Student booking provisional' button...
  Found 'Student booking provisional' button
  [DEBUG] Setting times: 20:30 to 21:00
  [DEBUG] Found time inputs, filling start time...
  [DEBUG] Filling end time...
  [DEBUG] Verified times: start=20:30, end=21:00
  [DEBUG] Checking for errors/conflicts on booking form...
  [DEBUG] Found 7 time patterns on page
  [DEBUG] Looking for Save button...
  [DEBUG] Save button icon: 'remove_circle'
  Save disabled (icon: remove_circle)
  [DEBUG] Rejection reason: Unknown reason
  [DEBUG] go_back() called
  [DEBUG] Booking form visible: True
  [DEBUG] Clicking back button...
  [DEBUG] Back on calendar (location-day found)
  [DEBUG] Attempt 3/15: B0.14 10.00-10.50 (duration: 0.50h)

============================================================
Trying: B0.14 at 10:00-10:30
============================================================
  [DEBUG] Click calculation: slot=10.00-10.50, center=10.25, click_pct=20.31%
  [DEBUG] Viewport: 1920x1080, scrollY=0
  [DEBUG] Day grid: left=400, width=1505, right=1905
  [DEBUG] Click target: x=706, y=319 (target time: 10.00-10.50)
  Clicking at (706, 319) for B0.14 (center)...
  [DEBUG] Got tooltip instead of menu: 10:15 in B0.14 (Practice: Grand Piano)...
  Clicking at (721, 324) for B0.14 (offset right-bottom)...
  [DEBUG] No popup at offset right-bottom position
  Clicking at (691, 314) for B0.14 (offset left-top)...
  [DEBUG] Got tooltip instead of menu: 10:00 in B0.14 (Practice: Grand Piano)...
  No booking popup found after trying multiple click positions - skipping
  [DEBUG] Attempt 4/15: B1.07 19.00-19.50 (duration: 0.50h)

============================================================
Trying: B1.07 at 19:00-19:30
============================================================
  [DEBUG] Click calculation: slot=19.00-19.50, center=19.25, click_pct=76.56%
  [DEBUG] Viewport: 1920x1080, scrollY=139
  [DEBUG] Day grid: left=400, width=1505, right=1905
  [DEBUG] Click target: x=1552, y=540 (target time: 19.00-19.50)
  Clicking at (1552, 540) for B1.07 (center)...
  [DEBUG] No popup at center position
  Clicking at (1567, 545) for B1.07 (offset right-bottom)...
  [DEBUG] Got tooltip instead of menu: 19:30 in B1.07 (Practice: Upright Piano)...
  Clicking at (1537, 535) for B1.07 (offset left-top)...
  [DEBUG] Looking for 'Student booking provisional' button...
  Found 'Student booking provisional' button
  [DEBUG] Setting times: 19:00 to 19:30
  [DEBUG] Found time inputs, filling start time...
  [DEBUG] Filling end time...
  [DEBUG] Verified times: start=19:00, end=19:30
  [DEBUG] Checking for errors/conflicts on booking form...
  [DEBUG] Found 7 time patterns on page
  [DEBUG] Looking for Save button...
  [DEBUG] Save button icon: 'check'
  [DEBUG] Save button at: x=350, y=508
  Clicking Save...
  [DEBUG] After save - form visible: N/A, URL: https://rwcmd.asimut.net/arrangement?eventId=34204...
  [Tracker] Added booking: B1.07 2026-02-20 19.00-19.50
  [Tracker] Total bookings: 1, Day hours: 0.5h, Peak: 0/120 min
  SUCCESS: Booked B1.07 19:00-19:30
  [DEBUG] Booking successful! Day total: 1, session total: 1
  [DEBUG] Navigating back to calendar...
  [DEBUG] go_back() called
  [DEBUG] Booking form visible: False
  [DEBUG] go_back exception: Page.wait_for_selector: Timeout 5000ms exceeded.
Call log:
  - waiting for locator(".location-day") to be visible

  Warning: go_back issue (Page.wait_for_selector: Timeout 5000ms exceeded.
Call log:
  - waiting for locator(".location-day") to be visible
), trying Escape + browser back...
  [DEBUG] Refreshing slot data after successful booking...
  [DEBUG] Raw slots from page: 61 (from 29 rooms)
  [DEBUG] Updated peak quota for 2026-02-20: 120 min remaining
  [DEBUG] Rebuilt slot list: 4 slots remaining
  [DEBUG] Attempt 5/15: B1.07 20.50-22.25 (duration: 1.75h)

============================================================
Trying: B1.07 at 20:30-21:00 (HORIZON LIMITED)
  Will extend later: target 20:30-22:15
============================================================
  [DEBUG] Click calculation: slot=20.50-21.00, center=20.75, click_pct=85.94%
  [DEBUG] Viewport: 1920x1080, scrollY=139
  [DEBUG] Day grid: left=400, width=1505, right=1905
  [DEBUG] Click target: x=1693, y=540 (target time: 20.50-21.00)
  Clicking at (1693, 540) for B1.07 (center)...
  [DEBUG] Got tooltip instead of menu: 20:45 in B1.07 (Practice: Upright Piano)...
  Clicking at (1708, 545) for B1.07 (offset right-bottom)...
  [DEBUG] No popup at offset right-bottom position
  Clicking at (1678, 535) for B1.07 (offset left-top)...
  [DEBUG] Got tooltip instead of menu: 20:30 in B1.07 (Practice: Upright Piano)...
  No booking popup found after trying multiple click positions - skipping
  [DEBUG] Attempt 6/15: B1.08 20.50-22.25 (duration: 1.75h)

============================================================
Trying: B1.08 at 20:30-21:00 (HORIZON LIMITED)
  Will extend later: target 20:30-22:15
============================================================
  [DEBUG] Click calculation: slot=20.50-21.00, center=20.75, click_pct=85.94%
  [DEBUG] Viewport: 1920x1080, scrollY=179
  [DEBUG] Day grid: left=400, width=1505, right=1905
  [DEBUG] Click target: x=1693, y=540 (target time: 20.50-21.00)
  Clicking at (1693, 540) for B1.08 (center)...
  [DEBUG] No popup at center position
  Clicking at (1708, 545) for B1.08 (offset right-bottom)...
  [DEBUG] Got tooltip instead of menu: 21:00 in B1.08 (Practice: Upright Piano)...
  Clicking at (1678, 535) for B1.08 (offset left-top)...
  [DEBUG] Looking for 'Student booking provisional' button...
  Found 'Student booking provisional' button
  [DEBUG] Setting times: 20:30 to 21:00
  [DEBUG] WARNING: Time inputs not found! start=0, end=0
  [DEBUG] Checking for errors/conflicts on booking form...
  [DEBUG] Found 0 time patterns on page
  [DEBUG] Looking for Save button...
  [DEBUG] Save button not found: count=0, visible=N/A
  Save button not found
  [DEBUG] go_back() called
  [DEBUG] Booking form visible: True
  [DEBUG] Clicking back button...
  [DEBUG] Back on calendar (location-day found)
  [DEBUG] Attempt 7/15: B0.14 10.00-10.50 (duration: 0.50h)

============================================================
Trying: B0.14 at 10:00-10:30
============================================================
  [DEBUG] Click calculation: slot=10.00-10.50, center=10.25, click_pct=20.31%
  [DEBUG] Viewport: 1920x1080, scrollY=0
  [DEBUG] Day grid: left=400, width=1505, right=1905
  [DEBUG] Click target: x=706, y=319 (target time: 10.00-10.50)
  Clicking at (706, 319) for B0.14 (center)...
  [DEBUG] Got tooltip instead of menu: 10:15 in B0.14 (Practice: Grand Piano)...
  Clicking at (721, 324) for B0.14 (offset right-bottom)...
  [DEBUG] No popup at offset right-bottom position
  Clicking at (691, 314) for B0.14 (offset left-top)...
  [DEBUG] Got tooltip instead of menu: 10:00 in B0.14 (Practice: Grand Piano)...
  No booking popup found after trying multiple click positions - skipping
  [DEBUG] Attempt 8/15: B1.20 20.00-20.50 (duration: 0.50h)

============================================================
Trying: B1.20 at 20:00-20:30
============================================================
  [DEBUG] Click calculation: slot=20.00-20.50, center=20.25, click_pct=82.81%
  [DEBUG] Viewport: 1920x1080, scrollY=309
  [DEBUG] Day grid: left=400, width=1505, right=1905
  [DEBUG] Click target: x=1646, y=810 (target time: 20.00-20.50)
  Clicking at (1646, 810) for B1.20 (center)...
  [DEBUG] No popup at center position
  Clicking at (1661, 815) for B1.20 (offset right-bottom)...
  [DEBUG] Got tooltip instead of menu: 20:30 in B1.20 (Practice: Grand Piano)...
  Clicking at (1631, 805) for B1.20 (offset left-top)...
  [DEBUG] Looking for 'Student booking provisional' button...
  Found 'Student booking provisional' button
  [DEBUG] Setting times: 20:00 to 20:30
  [DEBUG] Found time inputs, filling start time...
  [DEBUG] Filling end time...
  [DEBUG] Verified times: start=20:00, end=20:30
  [DEBUG] Checking for errors/conflicts on booking form...
  [DEBUG] Found 7 time patterns on page
  [DEBUG] Looking for Save button...
  [DEBUG] Save button icon: 'check'
  [DEBUG] Save button at: x=350, y=508
  Clicking Save...
  [DEBUG] After save - form visible: N/A, URL: https://rwcmd.asimut.net/arrangement?eventId=34204...
  [Tracker] Added booking: B1.20 2026-02-20 20.00-20.50
  [Tracker] Total bookings: 2, Day hours: 1.0h, Peak: 0/120 min
  SUCCESS: Booked B1.20 20:00-20:30
  [DEBUG] Booking successful! Day total: 2, session total: 2
  [DEBUG] Navigating back to calendar...
  [DEBUG] go_back() called
  [DEBUG] Booking form visible: False
  [DEBUG] go_back exception: Page.wait_for_selector: Timeout 5000ms exceeded.
Call log:
  - waiting for locator(".location-day") to be visible

  Warning: go_back issue (Page.wait_for_selector: Timeout 5000ms exceeded.
Call log:
  - waiting for locator(".location-day") to be visible
), trying Escape + browser back...
  [DEBUG] Refreshing slot data after successful booking...
  [DEBUG] Raw slots from page: 60 (from 29 rooms)
  [DEBUG] Updated peak quota for 2026-02-20: 120 min remaining
  [DEBUG] Rebuilt slot list: 3 slots remaining

  Day summary: 2 bookings made, 8 attempts total

############################################################
# DAY 4: 2026-02-19 (Thursday)
############################################################
  [Smart redistribution] Current: 0.0h, Target: +3.5h, Max bookings: 2
  [DEBUG] Session stats: 2 bookings so far, peak for this day: 0/120min
  Navigating backward 1 day(s)...
  [DEBUG] Current URL: https://rwcmd.asimut.net/overview?locationGroupId=10...
  [DEBUG] Navigation complete, now on day 4
  [DEBUG] Slot scan time: 21:03:01
  Displayed date: Royal Welsh College of Music & Drama
  [DEBUG] Earliest slots for 7-day horizon rooms: {'B0.11': '07:30', 'B0.13': '07:30', 'B0.14': '07:30', 'B0.16': '07:30'}
  [DEBUG] Expected earliest (now - 7 days): ~21:03 on target date
  [DEBUG] Rooms skipped (not yet available): B1.09 (Available in 10.4h (horizon: 3d)), B1.16 (Available in 10.4h (horizon: 3d))
  Found 33 potential slots
  [DEBUG] First 10 slots: [('B1.08', '19.00-20.50'), ('B1.07', '20.00-22.25'), ('B1.10', '20.00-22.25'), ('B1.11', '20.00-22.25'), ('B0.23', '20.00-22.25'), ('B1.06', '20.50-22.25'), ('B1.14', '20.75-22.25'), ('B1.14', '17.50-18.25'), ('B1.14', '7.50-8.50'), ('B1.19', '7.50-9.00')]
  [DEBUG] Peak quota for 2026-02-19: 0/120 min used, 120 min remaining
  [DEBUG] Strict mode: Filtered out 25 non-preferred slots
  [DEBUG] Starting booking attempts. Max per day: 2, slots available: 8
  [DEBUG] Attempt 1/15: B1.08 19.00-20.50 (duration: 1.50h)

============================================================
Trying: B1.08 at 19:00-20:30
============================================================
  [DEBUG] Click calculation: slot=19.00-20.50, center=19.75, click_pct=79.69%
  [DEBUG] Viewport: 1920x1080, scrollY=179
  [DEBUG] Day grid: left=400, width=1505, right=1905
  [DEBUG] Click target: x=1599, y=540 (target time: 19.00-20.50)
  Clicking at (1599, 540) for B1.08 (center)...
  [DEBUG] Got tooltip instead of menu: 19:45 in B1.08 (Practice: Upright Piano)...
  Clicking at (1614, 545) for B1.08 (offset right-bottom)...
  [DEBUG] No popup at offset right-bottom position
  Clicking at (1584, 535) for B1.08 (offset left-top)...
  [DEBUG] Got tooltip instead of menu: 19:30 in B1.08 (Practice: Upright Piano)...
  No booking popup found after trying multiple click positions - skipping
  [DEBUG] Attempt 2/15: B1.07 20.00-22.25 (duration: 2.25h)

============================================================
Trying: B1.07 at 20:00-22:00
============================================================
  [DEBUG] Click calculation: slot=20.00-22.00, center=21.00, click_pct=87.50%
  [DEBUG] Viewport: 1920x1080, scrollY=139
  [DEBUG] Day grid: left=400, width=1505, right=1905
  [DEBUG] Click target: x=1717, y=540 (target time: 20.00-22.00)
  Clicking at (1717, 540) for B1.07 (center)...
  [DEBUG] No popup at center position
  Clicking at (1732, 545) for B1.07 (offset right-bottom)...
  [DEBUG] Got tooltip instead of menu: 21:15 in B1.07 (Practice: Upright Piano)...
  Clicking at (1702, 535) for B1.07 (offset left-top)...
  [DEBUG] Looking for 'Student booking provisional' button...
  Found 'Student booking provisional' button
  [DEBUG] Setting times: 20:00 to 22:00
  [DEBUG] WARNING: Time inputs not found! start=0, end=0
  [DEBUG] Checking for errors/conflicts on booking form...
  [DEBUG] Found 0 time patterns on page
  [DEBUG] Looking for Save button...
  [DEBUG] Save button not found: count=0, visible=N/A
  Save button not found
  [DEBUG] go_back() called
  [DEBUG] Booking form visible: True
  [DEBUG] Clicking back button...
  [DEBUG] Back on calendar (location-day found)
  [DEBUG] Attempt 3/15: B1.10 20.00-22.25 (duration: 2.25h)

============================================================
Trying: B1.10 at 20:00-22:00
============================================================
  [DEBUG] Click calculation: slot=20.00-22.00, center=21.00, click_pct=87.50%
  [DEBUG] Viewport: 1920x1080, scrollY=259
  [DEBUG] Day grid: left=400, width=1505, right=1905
  [DEBUG] Click target: x=1717, y=540 (target time: 20.00-22.00)
  Clicking at (1717, 540) for B1.10 (center)...
  [DEBUG] Got tooltip instead of menu: 21:00 in B1.10 (Practice: Upright Piano)...
  Clicking at (1732, 545) for B1.10 (offset right-bottom)...
  [DEBUG] No popup at offset right-bottom position
  Clicking at (1702, 535) for B1.10 (offset left-top)...
  [DEBUG] Got tooltip instead of menu: 20:45 in B1.10 (Practice: Upright Piano)...
  No booking popup found after trying multiple click positions - skipping
  [DEBUG] Attempt 4/15: B1.11 20.00-22.25 (duration: 2.25h)

============================================================
Trying: B1.11 at 20:00-22:00
============================================================
  [DEBUG] Click calculation: slot=20.00-22.00, center=21.00, click_pct=87.50%
  [DEBUG] Viewport: 1920x1080, scrollY=299
  [DEBUG] Day grid: left=400, width=1505, right=1905
  [DEBUG] Click target: x=1717, y=540 (target time: 20.00-22.00)
  Clicking at (1717, 540) for B1.11 (center)...
  [DEBUG] No popup at center position
  Clicking at (1732, 545) for B1.11 (offset right-bottom)...
  [DEBUG] Got tooltip instead of menu: 21:15 in B1.11 (Practice: Upright Piano)...
  Clicking at (1702, 535) for B1.11 (offset left-top)...
  [DEBUG] Looking for 'Student booking provisional' button...
  Found 'Student booking provisional' button
  [DEBUG] Setting times: 20:00 to 22:00
  [DEBUG] WARNING: Time inputs not found! start=0, end=0
  [DEBUG] Checking for errors/conflicts on booking form...
  [DEBUG] Found 0 time patterns on page
  [DEBUG] Looking for Save button...
  [DEBUG] Save button not found: count=0, visible=N/A
  Save button not found
  [DEBUG] go_back() called
  [DEBUG] Booking form visible: False
  [DEBUG] go_back exception: Page.wait_for_selector: Timeout 5000ms exceeded.
Call log:
  - waiting for locator(".location-day") to be visible

  Warning: go_back issue (Page.wait_for_selector: Timeout 5000ms exceeded.
Call log:
  - waiting for locator(".location-day") to be visible
), trying Escape + browser back...
  [DEBUG] Attempt 5/15: B0.23 20.00-22.25 (duration: 2.25h)

============================================================
Trying: B0.23 at 20:00-22:00
============================================================
  [DEBUG] Click calculation: slot=20.00-22.00, center=21.00, click_pct=87.50%
  [DEBUG] Viewport: 1920x1080, scrollY=0
  [DEBUG] Day grid: left=400, width=1505, right=1905
  [DEBUG] Click target: x=1717, y=399 (target time: 20.00-22.00)
  Clicking at (1717, 399) for B0.23 (center)...
  [DEBUG] Got tooltip instead of menu: 21:00 in B0.23 (Practice: Upright Piano)...
  Clicking at (1732, 404) for B0.23 (offset right-bottom)...
  [DEBUG] No popup at offset right-bottom position
  Clicking at (1702, 394) for B0.23 (offset left-top)...
  [DEBUG] Got tooltip instead of menu: 20:45 in B0.23 (Practice: Upright Piano)...
  No booking popup found after trying multiple click positions - skipping
  [DEBUG] Attempt 6/15: B1.06 20.50-22.25 (duration: 1.75h)

============================================================
Trying: B1.06 at 20:30-22:15
============================================================
  [DEBUG] Click calculation: slot=20.50-22.25, center=21.38, click_pct=89.84%
  [DEBUG] Viewport: 1920x1080, scrollY=99
  [DEBUG] Day grid: left=400, width=1505, right=1905
  [DEBUG] Click target: x=1752, y=540 (target time: 20.50-22.25)
  Clicking at (1752, 540) for B1.06 (center)...
  [DEBUG] No popup at center position
  Clicking at (1767, 545) for B1.06 (offset right-bottom)...
  [DEBUG] Got tooltip instead of menu: 21:30 in B1.06 (Practice: Upright Piano)...
  Clicking at (1737, 535) for B1.06 (offset left-top)...
  [DEBUG] Looking for 'Student booking provisional' button...
  Found 'Student booking provisional' button
  [DEBUG] Setting times: 20:30 to 22:15
  [DEBUG] WARNING: Time inputs not found! start=0, end=0
  [DEBUG] Checking for errors/conflicts on booking form...
  [DEBUG] Found 0 time patterns on page
  [DEBUG] Looking for Save button...
  [DEBUG] Save button not found: count=0, visible=N/A
  Save button not found
  [DEBUG] go_back() called
  [DEBUG] Booking form visible: False
  [DEBUG] go_back exception: Page.wait_for_selector: Timeout 5000ms exceeded.
Call log:
  - waiting for locator(".location-day") to be visible

  Warning: go_back issue (Page.wait_for_selector: Timeout 5000ms exceeded.
Call log:
  - waiting for locator(".location-day") to be visible
), trying Escape + browser back...
  [DEBUG] Attempt 7/15: B1.14 20.75-22.25 (duration: 1.50h)

============================================================
Trying: B1.14 at 20:45-22:15
============================================================
  [DEBUG] Click calculation: slot=20.75-22.25, center=21.50, click_pct=90.62%
  [DEBUG] Viewport: 1920x1080, scrollY=309
  [DEBUG] Day grid: left=400, width=1505, right=1905
  [DEBUG] Click target: x=1764, y=570 (target time: 20.75-22.25)
  Clicking at (1764, 570) for B1.14 (center)...
  [DEBUG] Got tooltip instead of menu: 21:30 in B1.14 (Practice: Grand Piano)...
  Clicking at (1779, 575) for B1.14 (offset right-bottom)...
  [DEBUG] No popup at offset right-bottom position
  Clicking at (1749, 565) for B1.14 (offset left-top)...
  [DEBUG] Got tooltip instead of menu: 21:15 in B1.14 (Practice: Grand Piano)...
  No booking popup found after trying multiple click positions - skipping
  [DEBUG] Attempt 8/15: B1.14 17.50-18.25 (duration: 0.75h)

============================================================
Trying: B1.14 at 17:30-18:15
============================================================
  [DEBUG] Click calculation: slot=17.50-18.25, center=17.88, click_pct=67.97%
  [DEBUG] Viewport: 1920x1080, scrollY=309
  [DEBUG] Day grid: left=400, width=1505, right=1905
  [DEBUG] Click target: x=1423, y=570 (target time: 17.50-18.25)
  Clicking at (1423, 570) for B1.14 (center)...
  [DEBUG] No popup at center position
  Clicking at (1438, 575) for B1.14 (offset right-bottom)...
  [DEBUG] Got tooltip instead of menu: 18:00 in B1.14 (Practice: Grand Piano)...
  Clicking at (1408, 565) for B1.14 (offset left-top)...
  [DEBUG] Got tooltip instead of menu: 18:00 in B1.14 (Practice: Grand Piano)...
  No booking popup found after trying multiple click positions - skipping
  [DEBUG] No more valid slots (all_slots=0, conflicts filtered all)
  No more valid slots available

  Day summary: 0 bookings made, 8 attempts total

############################################################
# DAY 3: 2026-02-18 (Wednesday)
############################################################
  [Smart redistribution] Current: 0.0h, Target: +3.5h, Max bookings: 2
  [DEBUG] Session stats: 2 bookings so far, peak for this day: 0/120min
  Navigating backward 1 day(s)...
  [DEBUG] Current URL: https://rwcmd.asimut.net/overview?locationGroupId=10...
  [DEBUG] Navigation complete, now on day 3
  [DEBUG] Slot scan time: 21:04:31
  Displayed date: Royal Welsh College of Music & Drama
  [DEBUG] Earliest slots for 7-day horizon rooms: {'B0.11': '07:30', 'B0.13': '07:30', 'B0.14': '07:30', 'B0.16': '07:30'}
  [DEBUG] Expected earliest (now - 7 days): ~21:04 on target date
  [DEBUG] Rooms skipped (not yet available): B1.09 (Available in 40min (horizon: 3d)), B1.16 (Available in 25min (horizon: 3d))
  Found 35 potential slots
  [DEBUG] First 10 slots: [('B1.08', '19.00-20.50'), ('B1.07', '20.00-22.25'), ('B1.10', '20.00-22.25'), ('B1.11', '20.00-22.25'), ('B0.23', '20.00-22.25'), ('B1.06', '20.50-22.25'), ('B1.14', '20.75-22.25'), ('B1.14', '17.50-18.25'), ('B1.09', '7.50-9.00'), ('B1.16', '7.50-9.00')]
  [DEBUG] Peak quota for 2026-02-18: 0/120 min used, 120 min remaining
  [DEBUG] Known conflicts for this day: ['14.00-16.00', '19.50-21.50']
  [DEBUG] Slot adjustment: 0 conflict-removed, 0 removed, 10 adjusted, 0 peak-adjusted, 0 weekly-adjusted
  [DEBUG] Strict mode: Filtered out 33 non-preferred slots
  [DEBUG] Starting booking attempts. Max per day: 2, slots available: 2
  [DEBUG] Attempt 1/15: B1.08 19.00-19.50 (duration: 0.50h)

============================================================
Trying: B1.08 at 19:00-19:30
============================================================
  [DEBUG] Click calculation: slot=19.00-19.50, center=19.25, click_pct=76.56%
  [DEBUG] Viewport: 1920x1080, scrollY=179
  [DEBUG] Day grid: left=400, width=1505, right=1905
  [DEBUG] Click target: x=1552, y=540 (target time: 19.00-19.50)
  Clicking at (1552, 540) for B1.08 (center)...
  [DEBUG] Got tooltip instead of menu: 19:15 in B1.08 (Practice: Upright Piano)...
  Clicking at (1567, 545) for B1.08 (offset right-bottom)...
  [DEBUG] No popup at offset right-bottom position
  Clicking at (1537, 535) for B1.08 (offset left-top)...
  [DEBUG] Got tooltip instead of menu: 19:00 in B1.08 (Practice: Upright Piano)...
  No booking popup found after trying multiple click positions - skipping
  [DEBUG] Attempt 2/15: B1.14 17.50-18.25 (duration: 0.75h)

============================================================
Trying: B1.14 at 17:30-18:15
============================================================
  [DEBUG] Click calculation: slot=17.50-18.25, center=17.88, click_pct=67.97%
  [DEBUG] Viewport: 1920x1080, scrollY=309
  [DEBUG] Day grid: left=400, width=1505, right=1905
  [DEBUG] Click target: x=1423, y=570 (target time: 17.50-18.25)
  Clicking at (1423, 570) for B1.14 (center)...
  [DEBUG] No popup at center position
  Clicking at (1438, 575) for B1.14 (offset right-bottom)...
  [DEBUG] Got tooltip instead of menu: 18:00 in B1.14 (Practice: Grand Piano)...
  Clicking at (1408, 565) for B1.14 (offset left-top)...
  [DEBUG] Click navigated directly to booking form
  [DEBUG] Click navigated directly to booking form
  [DEBUG] Setting times: 17:30 to 18:15
  [DEBUG] Found time inputs, filling start time...
  [DEBUG] Filling end time...
  [DEBUG] Verified times: start=17:30, end=18:15
  [DEBUG] Checking for errors/conflicts on booking form...
  [DEBUG] Found 7 time patterns on page
  [DEBUG] Looking for Save button...
  [DEBUG] Save button icon: 'remove_circle'
  Save disabled (icon: remove_circle)
  [DEBUG] Rejection reason: remove_circle Please add at least 2 participants
  [DEBUG] go_back() called
  [DEBUG] Booking form visible: True
  [DEBUG] Clicking back button...
  [DEBUG] Back on calendar (location-day found)
  [DEBUG] No more valid slots (all_slots=0, conflicts filtered all)
  No more valid slots available

  Day summary: 0 bookings made, 2 attempts total

############################################################
# DAY 2: 2026-02-17 (Tuesday)
############################################################
  [Smart redistribution] Current: 0.0h, Target: +3.5h, Max bookings: 2
  [DEBUG] Session stats: 2 bookings so far, peak for this day: 0/120min
  Navigating backward 1 day(s)...
  [DEBUG] Current URL: https://rwcmd.asimut.net/overview?locationGroupId=10...
  [DEBUG] Navigation complete, now on day 2
  [DEBUG] Slot scan time: 21:04:52
  Displayed date: Royal Welsh College of Music & Drama
  [DEBUG] Earliest slots for 7-day horizon rooms: {'B0.11': '09:30', 'B0.13': '09:30', 'B0.14': '09:30', 'B0.16': '09:30'}
  [DEBUG] Expected earliest (now - 7 days): ~21:04 on target date
  Found 35 potential slots
  [DEBUG] First 10 slots: [('B0.11', '9.50-12.50'), ('B1.16', '9.50-10.50'), ('B0.13', '9.50-11.25'), ('B0.14', '9.50-12.00'), ('B1.14', '9.50-11.25'), ('B1.17', '9.50-12.25'), ('B0.16', '9.50-12.00'), ('B1.20', '9.50-13.00'), ('B1.18', '9.50-11.00'), ('B1.19', '9.50-11.00')]
  [DEBUG] Peak quota for 2026-02-17: 0/120 min used, 120 min remaining
  [DEBUG] Slot adjustment: 0 conflict-removed, 0 removed, 6 adjusted, 6 peak-adjusted, 0 weekly-adjusted
  [DEBUG] Starting booking attempts. Max per day: 2, slots available: 35
  [DEBUG] Attempt 1/15: B0.11 9.50-11.50 (duration: 2.00h)

============================================================
Trying: B0.11 at 09:30-11:30
============================================================
  [DEBUG] Click calculation: slot=9.50-11.50, center=10.50, click_pct=21.88%
  [DEBUG] Viewport: 1920x1080, scrollY=0
  [DEBUG] Day grid: left=400, width=1505, right=1905
  [DEBUG] Click target: x=729, y=239 (target time: 9.50-11.50)
  Clicking at (729, 239) for B0.11 (center)...
  [DEBUG] Looking for 'Student booking provisional' button...
  Found 'Student booking provisional' button
  [DEBUG] Setting times: 09:30 to 11:30
  [DEBUG] WARNING: Time inputs not found! start=0, end=0
  [DEBUG] Checking for errors/conflicts on booking form...
  [DEBUG] Found 0 time patterns on page
  [DEBUG] Looking for Save button...
  [DEBUG] Save button not found: count=0, visible=N/A
  Save button not found
  [DEBUG] go_back() called
  [DEBUG] Booking form visible: True
  [DEBUG] Clicking back button...
  [DEBUG] Back on calendar (location-day found)
  [DEBUG] Attempt 2/15: B1.16 9.50-10.50 (duration: 1.00h)

============================================================
Trying: B1.16 at 09:30-10:30
============================================================
  [DEBUG] Click calculation: slot=9.50-10.50, center=10.00, click_pct=18.75%
  [DEBUG] Viewport: 1920x1080, scrollY=309
  [DEBUG] Day grid: left=400, width=1505, right=1905
  [DEBUG] Click target: x=682, y=650 (target time: 9.50-10.50)
  Clicking at (682, 650) for B1.16 (center)...
  [DEBUG] Looking for 'Student booking provisional' button...
  Found 'Student booking provisional' button
  [DEBUG] Setting times: 09:30 to 10:30
  [DEBUG] Found time inputs, filling start time...
  [DEBUG] Filling end time...
  [DEBUG] Verified times: start=09:30, end=10:30
  [DEBUG] Checking for errors/conflicts on booking form...
  [DEBUG] Found 7 time patterns on page
  Error: Not allowed to book
  [DEBUG] Error message: You are not allowed to create or modify events in the past
  [DEBUG] go_back() called
  [DEBUG] Booking form visible: True
  [DEBUG] Clicking back button...
  [DEBUG] Back on calendar (location-day found)
  [DEBUG] Attempt 3/15: B0.13 9.50-11.25 (duration: 1.75h)

============================================================
Trying: B0.13 at 09:30-11:15
============================================================
  [DEBUG] Click calculation: slot=9.50-11.25, center=10.38, click_pct=21.09%
  [DEBUG] Viewport: 1920x1080, scrollY=0
  [DEBUG] Day grid: left=400, width=1505, right=1905
  [DEBUG] Click target: x=717, y=279 (target time: 9.50-11.25)
  Clicking at (717, 279) for B0.13 (center)...
  [DEBUG] Looking for 'Student booking provisional' button...
  Found 'Student booking provisional' button
  [DEBUG] Setting times: 09:30 to 11:15
  [DEBUG] Found time inputs, filling start time...
  [DEBUG] Filling end time...
  [DEBUG] Verified times: start=09:30, end=11:15
  [DEBUG] Checking for errors/conflicts on booking form...
  [DEBUG] Found 7 time patterns on page
  Error: Not allowed to book
  [DEBUG] Error message: You are not allowed to create or modify events in the past
  [DEBUG] go_back() called
  [DEBUG] Booking form visible: True
  [DEBUG] Clicking back button...
  [DEBUG] Back on calendar (location-day found)
  [DEBUG] Attempt 4/15: B0.14 9.50-11.50 (duration: 2.00h)

============================================================
Trying: B0.14 at 09:30-11:30
============================================================
  [DEBUG] Click calculation: slot=9.50-11.50, center=10.50, click_pct=21.88%
  [DEBUG] Viewport: 1920x1080, scrollY=0
  [DEBUG] Day grid: left=400, width=1505, right=1905
  [DEBUG] Click target: x=729, y=319 (target time: 9.50-11.50)
  Clicking at (729, 319) for B0.14 (center)...
  [DEBUG] Looking for 'Student booking provisional' button...
  Found 'Student booking provisional' button
  [DEBUG] Setting times: 09:30 to 11:30
  [DEBUG] Found time inputs, filling start time...
  [DEBUG] Filling end time...
  [DEBUG] Verified times: start=09:30, end=11:30
  [DEBUG] Checking for errors/conflicts on booking form...
  [DEBUG] Found 7 time patterns on page
  Error: Not allowed to book
  [DEBUG] Error message: You are not allowed to create or modify events in the past
  [DEBUG] go_back() called
  [DEBUG] Booking form visible: True
  [DEBUG] Clicking back button...
  [DEBUG] Back on calendar (location-day found)
  [DEBUG] Attempt 5/15: B1.14 9.50-11.25 (duration: 1.75h)

============================================================
Trying: B1.14 at 09:30-11:15
============================================================
  [DEBUG] Click calculation: slot=9.50-11.25, center=10.38, click_pct=21.09%
  [DEBUG] Viewport: 1920x1080, scrollY=309
  [DEBUG] Day grid: left=400, width=1505, right=1905
  [DEBUG] Click target: x=717, y=570 (target time: 9.50-11.25)
  Clicking at (717, 570) for B1.14 (center)...
  [DEBUG] Looking for 'Student booking provisional' button...
  Found 'Student booking provisional' button
  [DEBUG] Setting times: 09:30 to 11:15
  [DEBUG] Found time inputs, filling start time...
  [DEBUG] Filling end time...
  [DEBUG] Verified times: start=09:30, end=11:15
  [DEBUG] Checking for errors/conflicts on booking form...
  [DEBUG] Found 7 time patterns on page
  Error: Not allowed to book
  [DEBUG] Error message: You are not allowed to create or modify events in the past
  [DEBUG] go_back() called
  [DEBUG] Booking form visible: True
  [DEBUG] Clicking back button...
  [DEBUG] Back on calendar (location-day found)
  [DEBUG] Attempt 6/15: B1.17 9.50-11.50 (duration: 2.00h)

============================================================
Trying: B1.17 at 09:30-11:30
============================================================
  [DEBUG] Click calculation: slot=9.50-11.50, center=10.50, click_pct=21.88%
  [DEBUG] Viewport: 1920x1080, scrollY=309
  [DEBUG] Day grid: left=400, width=1505, right=1905
  [DEBUG] Click target: x=729, y=690 (target time: 9.50-11.50)
  Clicking at (729, 690) for B1.17 (center)...
  [DEBUG] Looking for 'Student booking provisional' button...
  Found 'Student booking provisional' button
  [DEBUG] Setting times: 09:30 to 11:30
  [DEBUG] Found time inputs, filling start time...
  [DEBUG] Filling end time...
  [DEBUG] Verified times: start=09:30, end=11:30
  [DEBUG] Checking for errors/conflicts on booking form...
  [DEBUG] Found 7 time patterns on page
  Error: Not allowed to book
  [DEBUG] Error message: You are not allowed to create or modify events in the past
  [DEBUG] go_back() called
  [DEBUG] Booking form visible: True
  [DEBUG] Clicking back button...
  [DEBUG] Back on calendar (location-day found)
  [DEBUG] Attempt 7/15: B0.16 9.50-11.50 (duration: 2.00h)

============================================================
Trying: B0.16 at 09:30-11:30
============================================================
  [DEBUG] Click calculation: slot=9.50-11.50, center=10.50, click_pct=21.88%
  [DEBUG] Viewport: 1920x1080, scrollY=0
  [DEBUG] Day grid: left=400, width=1505, right=1905
  [DEBUG] Click target: x=729, y=359 (target time: 9.50-11.50)
  Clicking at (729, 359) for B0.16 (center)...
  [DEBUG] Looking for 'Student booking provisional' button...
  Found 'Student booking provisional' button
  [DEBUG] Setting times: 09:30 to 11:30
  [DEBUG] Found time inputs, filling start time...
  [DEBUG] Filling end time...
  [DEBUG] Verified times: start=09:30, end=11:30
  [DEBUG] Checking for errors/conflicts on booking form...
  [DEBUG] Found 7 time patterns on page
  Error: Not allowed to book
  [DEBUG] Error message: You are not allowed to create or modify events in the past
  [DEBUG] go_back() called
  [DEBUG] Booking form visible: True
  [DEBUG] Clicking back button...
  [DEBUG] Back on calendar (location-day found)
  [DEBUG] Attempt 8/15: B1.20 9.50-11.50 (duration: 2.00h)

============================================================
Trying: B1.20 at 09:30-11:30
============================================================
  [DEBUG] Click calculation: slot=9.50-11.50, center=10.50, click_pct=21.88%
  [DEBUG] Viewport: 1920x1080, scrollY=309
  [DEBUG] Day grid: left=400, width=1505, right=1905
  [DEBUG] Click target: x=729, y=810 (target time: 9.50-11.50)
  Clicking at (729, 810) for B1.20 (center)...
  [DEBUG] Looking for 'Student booking provisional' button...
  Found 'Student booking provisional' button
  [DEBUG] Setting times: 09:30 to 11:30
  [DEBUG] Found time inputs, filling start time...
  [DEBUG] Filling end time...
  [DEBUG] Verified times: start=09:30, end=11:30
  [DEBUG] Checking for errors/conflicts on booking form...
  [DEBUG] Found 7 time patterns on page
  Error: Not allowed to book
  [DEBUG] Error message: You are not allowed to create or modify events in the past
  [DEBUG] go_back() called
  [DEBUG] Booking form visible: True
  [DEBUG] Clicking back button...
  [DEBUG] Back on calendar (location-day found)
  [DEBUG] Attempt 9/15: B1.18 9.50-11.00 (duration: 1.50h)

============================================================
Trying: B1.18 at 09:30-11:00
============================================================
  [DEBUG] Click calculation: slot=9.50-11.00, center=10.25, click_pct=20.31%
  [DEBUG] Viewport: 1920x1080, scrollY=309
  [DEBUG] Day grid: left=400, width=1505, right=1905
  [DEBUG] Click target: x=706, y=730 (target time: 9.50-11.00)
  Clicking at (706, 730) for B1.18 (center)...
  [DEBUG] Looking for 'Student booking provisional' button...
  Found 'Student booking provisional' button
  [DEBUG] Setting times: 09:30 to 11:00
  [DEBUG] Found time inputs, filling start time...
  [DEBUG] Filling end time...
  [DEBUG] Verified times: start=09:30, end=11:00
  [DEBUG] Checking for errors/conflicts on booking form...
  [DEBUG] Found 7 time patterns on page
  Error: Not allowed to book
  [DEBUG] Error message: You are not allowed to create or modify events in the past
  [DEBUG] go_back() called
  [DEBUG] Booking form visible: True
  [DEBUG] Clicking back button...
  [DEBUG] Back on calendar (location-day found)
  [DEBUG] Attempt 10/15: B1.19 9.50-11.00 (duration: 1.50h)

============================================================
Trying: B1.19 at 09:30-11:00
============================================================
  [DEBUG] Click calculation: slot=9.50-11.00, center=10.25, click_pct=20.31%
  [DEBUG] Viewport: 1920x1080, scrollY=309
  [DEBUG] Day grid: left=400, width=1505, right=1905
  [DEBUG] Click target: x=706, y=770 (target time: 9.50-11.00)
  Clicking at (706, 770) for B1.19 (center)...
  [DEBUG] Looking for 'Student booking provisional' button...
  Found 'Student booking provisional' button
  [DEBUG] Setting times: 09:30 to 11:00
  [DEBUG] Found time inputs, filling start time...
  [DEBUG] Filling end time...
  [DEBUG] Verified times: start=09:30, end=11:00
  [DEBUG] Checking for errors/conflicts on booking form...
  [DEBUG] Found 7 time patterns on page
  Error: Not allowed to book
  [DEBUG] Error message: You are not allowed to create or modify events in the past
  [DEBUG] go_back() called
  [DEBUG] Booking form visible: True
  [DEBUG] Clicking back button...
  [DEBUG] Back on calendar (location-day found)
  [DEBUG] Attempt 11/15: B1.07 9.50-11.50 (duration: 2.00h)

============================================================
Trying: B1.07 at 09:30-11:30
============================================================
  [DEBUG] Click calculation: slot=9.50-11.50, center=10.50, click_pct=21.88%
  [DEBUG] Viewport: 1920x1080, scrollY=139
  [DEBUG] Day grid: left=400, width=1505, right=1905
  [DEBUG] Click target: x=729, y=540 (target time: 9.50-11.50)
  Clicking at (729, 540) for B1.07 (center)...
  [DEBUG] Looking for 'Student booking provisional' button...
  Found 'Student booking provisional' button
  [DEBUG] Setting times: 09:30 to 11:30
  [DEBUG] Found time inputs, filling start time...
  [DEBUG] Filling end time...
  [DEBUG] Verified times: start=09:30, end=11:30
  [DEBUG] Checking for errors/conflicts on booking form...
  [DEBUG] Found 7 time patterns on page
  Error: Not allowed to book
  [DEBUG] Error message: You are not allowed to create or modify events in the past
  [DEBUG] go_back() called
  [DEBUG] Booking form visible: True
  [DEBUG] Clicking back button...
  [DEBUG] Back on calendar (location-day found)
  [DEBUG] Attempt 12/15: B1.08 9.50-11.00 (duration: 1.50h)

============================================================
Trying: B1.08 at 09:30-11:00
============================================================
  [DEBUG] Click calculation: slot=9.50-11.00, center=10.25, click_pct=20.31%
  [DEBUG] Viewport: 1920x1080, scrollY=179
  [DEBUG] Day grid: left=400, width=1505, right=1905
  [DEBUG] Click target: x=706, y=540 (target time: 9.50-11.00)
  Clicking at (706, 540) for B1.08 (center)...
  [DEBUG] Looking for 'Student booking provisional' button...
  Found 'Student booking provisional' button
  [DEBUG] Setting times: 09:30 to 11:00
  [DEBUG] Found time inputs, filling start time...
  [DEBUG] Filling end time...
  [DEBUG] Verified times: start=09:30, end=11:00
  [DEBUG] Checking for errors/conflicts on booking form...
  [DEBUG] Found 7 time patterns on page
  Error: Not allowed to book
  [DEBUG] Error message: You are not allowed to create or modify events in the past
  [DEBUG] go_back() called
  [DEBUG] Booking form visible: True
  [DEBUG] Clicking back button...
  [DEBUG] Back on calendar (location-day found)
  [DEBUG] Attempt 13/15: B1.11 9.50-11.50 (duration: 2.00h)

============================================================
Trying: B1.11 at 09:30-11:30
============================================================
  [DEBUG] Click calculation: slot=9.50-11.50, center=10.50, click_pct=21.88%
  [DEBUG] Viewport: 1920x1080, scrollY=299
  [DEBUG] Day grid: left=400, width=1505, right=1905
  [DEBUG] Click target: x=729, y=540 (target time: 9.50-11.50)
  Clicking at (729, 540) for B1.11 (center)...
  [DEBUG] Looking for 'Student booking provisional' button...
  Found 'Student booking provisional' button
  [DEBUG] Setting times: 09:30 to 11:30
  [DEBUG] WARNING: Time inputs not found! start=0, end=0
  [DEBUG] Checking for errors/conflicts on booking form...
  [DEBUG] Found 0 time patterns on page
  [DEBUG] Looking for Save button...
  [DEBUG] Save button not found: count=0, visible=N/A
  Save button not found
  [DEBUG] go_back() called
  [DEBUG] Booking form visible: True
  [DEBUG] Clicking back button...
  [DEBUG] Back on calendar (location-day found)
  [DEBUG] Attempt 14/15: B1.15 9.50-11.50 (duration: 2.00h)

============================================================
Trying: B1.15 at 09:30-11:30
============================================================
  [DEBUG] Click calculation: slot=9.50-11.50, center=10.50, click_pct=21.88%
  [DEBUG] Viewport: 1920x1080, scrollY=309
  [DEBUG] Day grid: left=400, width=1505, right=1905
  [DEBUG] Click target: x=729, y=610 (target time: 9.50-11.50)
  Clicking at (729, 610) for B1.15 (center)...
  [DEBUG] Looking for 'Student booking provisional' button...
  Found 'Student booking provisional' button
  [DEBUG] Setting times: 09:30 to 11:30
  [DEBUG] Found time inputs, filling start time...
  [DEBUG] Filling end time...
  [DEBUG] Verified times: start=09:30, end=11:30
  [DEBUG] Checking for errors/conflicts on booking form...
  [DEBUG] Found 7 time patterns on page
  Error: Not allowed to book
  [DEBUG] Error message: You are not allowed to create or modify events in the past
  [DEBUG] go_back() called
  [DEBUG] Booking form visible: True
  [DEBUG] Clicking back button...
  [DEBUG] Back on calendar (location-day found)
  [DEBUG] Attempt 15/15: B1.21 10.00-11.00 (duration: 1.00h)

============================================================
Trying: B1.21 at 10:00-11:00
============================================================
  [DEBUG] Click calculation: slot=10.00-11.00, center=10.50, click_pct=21.88%
  [DEBUG] Viewport: 1920x1080, scrollY=309
  [DEBUG] Day grid: left=400, width=1505, right=1905
  [DEBUG] Click target: x=729, y=850 (target time: 10.00-11.00)
  Clicking at (729, 850) for B1.21 (center)...
  [DEBUG] Looking for 'Student booking provisional' button...
  Found 'Student booking provisional' button
  [DEBUG] Setting times: 10:00 to 11:00
  [DEBUG] Found time inputs, filling start time...
  [DEBUG] Filling end time...
  [DEBUG] Verified times: start=10:00, end=11:00
  [DEBUG] Checking for errors/conflicts on booking form...
  [DEBUG] Found 7 time patterns on page
  Error: Not allowed to book
  [DEBUG] Error message: You are not allowed to create or modify events in the past
  [DEBUG] go_back() called
  [DEBUG] Booking form visible: True
  [DEBUG] Clicking back button...
  [DEBUG] Back on calendar (location-day found)

  Day summary: 0 bookings made, 15 attempts total

############################################################
# DAY 1: 2026-02-16 (Monday)
############################################################
  [Smart redistribution] Current: 0.0h, Target: +3.5h, Max bookings: 2
  [DEBUG] Session stats: 2 bookings so far, peak for this day: 0/120min
  Navigating backward 1 day(s)...
  [DEBUG] Current URL: https://rwcmd.asimut.net/overview?locationGroupId=10...
  [DEBUG] Navigation complete, now on day 1
  [DEBUG] Slot scan time: 21:07:01
  Displayed date: Royal Welsh College of Music & Drama
  [DEBUG] Earliest slots for 7-day horizon rooms: {'B0.11': '08:00', 'B0.13': '08:00', 'B0.14': '08:00', 'B0.16': '08:00'}
  [DEBUG] Expected earliest (now - 7 days): ~21:07 on target date
  Found 57 potential slots
  [DEBUG] First 10 slots: [('B1.09', '9.75-11.00'), ('B0.16', '10.50-15.25'), ('B0.23', '10.50-12.75'), ('B1.16', '12.00-13.00'), ('B0.13', '12.00-14.25'), ('B1.20', '12.25-13.50'), ('B0.14', '12.50-14.75'), ('B1.14', '13.00-15.00'), ('B1.17', '13.00-14.00'), ('B1.07', '13.00-14.00')]
  [DEBUG] Peak quota for 2026-02-16: 0/120 min used, 120 min remaining
  [DEBUG] Slot adjustment: 0 conflict-removed, 0 removed, 10 adjusted, 10 peak-adjusted, 0 weekly-adjusted
  [DEBUG] Strict mode: Filtered out 21 non-preferred slots
  [DEBUG] Starting booking attempts. Max per day: 2, slots available: 36
  [DEBUG] Attempt 1/15: B1.09 9.75-11.00 (duration: 1.25h)

============================================================
Trying: B1.09 at 09:45-11:00
============================================================
  [DEBUG] Click calculation: slot=9.75-11.00, center=10.38, click_pct=21.09%
  [DEBUG] Viewport: 1920x1080, scrollY=219
  [DEBUG] Day grid: left=400, width=1505, right=1905
  [DEBUG] Click target: x=717, y=540 (target time: 9.75-11.00)
  Clicking at (717, 540) for B1.09 (center)...
  [DEBUG] Looking for 'Student booking provisional' button...
  Found 'Student booking provisional' button
  [DEBUG] Setting times: 09:45 to 11:00
  [DEBUG] Found time inputs, filling start time...
  [DEBUG] Filling end time...
  [DEBUG] Verified times: start=09:45, end=11:00
  [DEBUG] Checking for errors/conflicts on booking form...
  [DEBUG] Found 7 time patterns on page
  Error: Not allowed to book
  [DEBUG] Error message: You are not allowed to create or modify events in the past
  [DEBUG] go_back() called
  [DEBUG] Booking form visible: True
  [DEBUG] Clicking back button...
  [DEBUG] Back on calendar (location-day found)
  [DEBUG] Attempt 2/15: B0.16 10.50-12.50 (duration: 2.00h)

============================================================
Trying: B0.16 at 10:30-12:30
============================================================
  [DEBUG] Click calculation: slot=10.50-12.50, center=11.50, click_pct=28.12%
  [DEBUG] Viewport: 1920x1080, scrollY=0
  [DEBUG] Day grid: left=400, width=1505, right=1905
  [DEBUG] Click target: x=823, y=359 (target time: 10.50-12.50)
  Clicking at (823, 359) for B0.16 (center)...
  [DEBUG] Looking for 'Student booking provisional' button...
  Found 'Student booking provisional' button
  [DEBUG] Setting times: 10:30 to 12:30
  [DEBUG] Found time inputs, filling start time...
  [DEBUG] Filling end time...
  [DEBUG] Verified times: start=10:30, end=12:30
  [DEBUG] Checking for errors/conflicts on booking form...
  [DEBUG] Found 7 time patterns on page
  Error: Not allowed to book
  [DEBUG] Error message: You are not allowed to create or modify events in the past
  [DEBUG] go_back() called
  [DEBUG] Booking form visible: True
  [DEBUG] Clicking back button...
  [DEBUG] Back on calendar (location-day found)
  [DEBUG] Attempt 3/15: B0.23 10.50-12.50 (duration: 2.00h)

============================================================
Trying: B0.23 at 10:30-12:30
============================================================
  [DEBUG] Click calculation: slot=10.50-12.50, center=11.50, click_pct=28.12%
  [DEBUG] Viewport: 1920x1080, scrollY=0
  [DEBUG] Day grid: left=400, width=1505, right=1905
  [DEBUG] Click target: x=823, y=399 (target time: 10.50-12.50)
  Clicking at (823, 399) for B0.23 (center)...
  [DEBUG] Looking for 'Student booking provisional' button...
  Found 'Student booking provisional' button
  [DEBUG] Setting times: 10:30 to 12:30
  [DEBUG] Found time inputs, filling start time...
  [DEBUG] Filling end time...
  [DEBUG] Verified times: start=10:30, end=12:30
  [DEBUG] Checking for errors/conflicts on booking form...
  [DEBUG] Found 7 time patterns on page
  Error: Not allowed to book
  [DEBUG] Error message: You are not allowed to create or modify events in the past
  [DEBUG] go_back() called
  [DEBUG] Booking form visible: True
  [DEBUG] Clicking back button...
  [DEBUG] Back on calendar (location-day found)
  [DEBUG] Attempt 4/15: B1.16 12.00-13.00 (duration: 1.00h)

============================================================
Trying: B1.16 at 12:00-13:00
============================================================
  [DEBUG] Click calculation: slot=12.00-13.00, center=12.50, click_pct=34.38%
  [DEBUG] Viewport: 1920x1080, scrollY=309
  [DEBUG] Day grid: left=400, width=1505, right=1905
  [DEBUG] Click target: x=917, y=650 (target time: 12.00-13.00)
  Clicking at (917, 650) for B1.16 (center)...
  [DEBUG] Looking for 'Student booking provisional' button...
  Found 'Student booking provisional' button
  [DEBUG] Setting times: 12:00 to 13:00
  [DEBUG] Found time inputs, filling start time...
  [DEBUG] Filling end time...
  [DEBUG] Verified times: start=12:00, end=13:00
  [DEBUG] Checking for errors/conflicts on booking form...
  [DEBUG] Found 7 time patterns on page
  Error: Not allowed to book
  [DEBUG] Error message: You are not allowed to create or modify events in the past
  [DEBUG] go_back() called
  [DEBUG] Booking form visible: True
  [DEBUG] Clicking back button...
  [DEBUG] Back on calendar (location-day found)
  [DEBUG] Attempt 5/15: B0.13 12.00-14.00 (duration: 2.00h)

============================================================
Trying: B0.13 at 12:00-14:00
============================================================
  [DEBUG] Click calculation: slot=12.00-14.00, center=13.00, click_pct=37.50%
  [DEBUG] Viewport: 1920x1080, scrollY=0
  [DEBUG] Day grid: left=400, width=1505, right=1905
  [DEBUG] Click target: x=964, y=279 (target time: 12.00-14.00)
  Clicking at (964, 279) for B0.13 (center)...
  [DEBUG] Looking for 'Student booking provisional' button...
  Found 'Student booking provisional' button
  [DEBUG] Setting times: 12:00 to 14:00
  [DEBUG] Found time inputs, filling start time...
  [DEBUG] Filling end time...
  [DEBUG] Verified times: start=12:00, end=14:00
  [DEBUG] Checking for errors/conflicts on booking form...
  [DEBUG] Found 7 time patterns on page
  Error: Not allowed to book
  [DEBUG] Error message: You are not allowed to create or modify events in the past
  [DEBUG] go_back() called
  [DEBUG] Booking form visible: True
  [DEBUG] Clicking back button...
  [DEBUG] Back on calendar (location-day found)
  [DEBUG] Attempt 6/15: B1.20 12.25-13.50 (duration: 1.25h)

============================================================
Trying: B1.20 at 12:15-13:30
============================================================
  [DEBUG] Click calculation: slot=12.25-13.50, center=12.88, click_pct=36.72%
  [DEBUG] Viewport: 1920x1080, scrollY=309
  [DEBUG] Day grid: left=400, width=1505, right=1905
  [DEBUG] Click target: x=953, y=810 (target time: 12.25-13.50)
  Clicking at (953, 810) for B1.20 (center)...
  [DEBUG] Looking for 'Student booking provisional' button...
  Found 'Student booking provisional' button
  [DEBUG] Setting times: 12:15 to 13:30
  [DEBUG] Found time inputs, filling start time...
  [DEBUG] Filling end time...
  [DEBUG] Verified times: start=12:15, end=13:30
  [DEBUG] Checking for errors/conflicts on booking form...
  [DEBUG] Found 7 time patterns on page
  Error: Not allowed to book
  [DEBUG] Error message: You are not allowed to create or modify events in the past
  [DEBUG] go_back() called
  [DEBUG] Booking form visible: True
  [DEBUG] Clicking back button...
  [DEBUG] Back on calendar (location-day found)
  [DEBUG] Attempt 7/15: B0.14 12.50-14.50 (duration: 2.00h)

============================================================
Trying: B0.14 at 12:30-14:30
============================================================
  [DEBUG] Click calculation: slot=12.50-14.50, center=13.50, click_pct=40.62%
  [DEBUG] Viewport: 1920x1080, scrollY=0
  [DEBUG] Day grid: left=400, width=1505, right=1905
  [DEBUG] Click target: x=1011, y=319 (target time: 12.50-14.50)
  Clicking at (1011, 319) for B0.14 (center)...
  [DEBUG] Looking for 'Student booking provisional' button...
  Found 'Student booking provisional' button
  [DEBUG] Setting times: 12:30 to 14:30
  [DEBUG] Found time inputs, filling start time...
  [DEBUG] Filling end time...
  [DEBUG] Verified times: start=12:30, end=14:30
  [DEBUG] Checking for errors/conflicts on booking form...
  [DEBUG] Found 7 time patterns on page
  Error: Not allowed to book
  [DEBUG] Error message: You are not allowed to create or modify events in the past
  [DEBUG] go_back() called
  [DEBUG] Booking form visible: True
  [DEBUG] Clicking back button...
  [DEBUG] Back on calendar (location-day found)
  [DEBUG] Attempt 8/15: B1.14 13.00-15.00 (duration: 2.00h)

============================================================
Trying: B1.14 at 13:00-15:00
============================================================
  [DEBUG] Click calculation: slot=13.00-15.00, center=14.00, click_pct=43.75%
  [DEBUG] Viewport: 1920x1080, scrollY=309
  [DEBUG] Day grid: left=400, width=1505, right=1905
  [DEBUG] Click target: x=1058, y=570 (target time: 13.00-15.00)
  Clicking at (1058, 570) for B1.14 (center)...
  [DEBUG] Looking for 'Student booking provisional' button...
  Found 'Student booking provisional' button
  [DEBUG] Setting times: 13:00 to 15:00
  [DEBUG] Found time inputs, filling start time...
  [DEBUG] Filling end time...
  [DEBUG] Verified times: start=13:00, end=15:00
  [DEBUG] Checking for errors/conflicts on booking form...
  [DEBUG] Found 7 time patterns on page
  Error: Not allowed to book
  [DEBUG] Error message: You are not allowed to create or modify events in the past
  [DEBUG] go_back() called
  [DEBUG] Booking form visible: True
  [DEBUG] Clicking back button...
  [DEBUG] Back on calendar (location-day found)
  [DEBUG] Attempt 9/15: B1.17 13.00-14.00 (duration: 1.00h)

============================================================
Trying: B1.17 at 13:00-14:00
============================================================
  [DEBUG] Click calculation: slot=13.00-14.00, center=13.50, click_pct=40.62%
  [DEBUG] Viewport: 1920x1080, scrollY=309
  [DEBUG] Day grid: left=400, width=1505, right=1905
  [DEBUG] Click target: x=1011, y=690 (target time: 13.00-14.00)
  Clicking at (1011, 690) for B1.17 (center)...
  [DEBUG] Looking for 'Student booking provisional' button...
  Found 'Student booking provisional' button
  [DEBUG] Setting times: 13:00 to 14:00
  [DEBUG] WARNING: Time inputs not found! start=0, end=0
  [DEBUG] Checking for errors/conflicts on booking form...
  [DEBUG] Found 0 time patterns on page
  [DEBUG] Looking for Save button...
  [DEBUG] Save button not found: count=0, visible=N/A
  Save button not found
  [DEBUG] go_back() called
  [DEBUG] Booking form visible: False
  [DEBUG] go_back exception: Page.wait_for_selector: Timeout 5000ms exceeded.
Call log:
  - waiting for locator(".location-day") to be visible

  Warning: go_back issue (Page.wait_for_selector: Timeout 5000ms exceeded.
Call log:
  - waiting for locator(".location-day") to be visible
), trying Escape + browser back...
  [DEBUG] Attempt 10/15: B1.07 13.00-14.00 (duration: 1.00h)

============================================================
Trying: B1.07 at 13:00-14:00
============================================================
  [DEBUG] Click calculation: slot=13.00-14.00, center=13.50, click_pct=40.62%
  [DEBUG] Viewport: 1920x1080, scrollY=139
  [DEBUG] Day grid: left=400, width=1505, right=1905
  [DEBUG] Click target: x=1011, y=540 (target time: 13.00-14.00)
  Clicking at (1011, 540) for B1.07 (center)...
  [DEBUG] Looking for 'Student booking provisional' button...
  Found 'Student booking provisional' button
  [DEBUG] Setting times: 13:00 to 14:00
  [DEBUG] Found time inputs, filling start time...
  [DEBUG] Filling end time...
  [DEBUG] Verified times: start=13:00, end=14:00
  [DEBUG] Checking for errors/conflicts on booking form...
  [DEBUG] Found 7 time patterns on page
  Error: Not allowed to book
  [DEBUG] Error message: You are not allowed to create or modify events in the past
  [DEBUG] go_back() called
  [DEBUG] Booking form visible: True
  [DEBUG] Clicking back button...
  [DEBUG] Back on calendar (location-day found)
  [DEBUG] Attempt 11/15: B1.16 13.50-15.00 (duration: 1.50h)

============================================================
Trying: B1.16 at 13:30-15:00
============================================================
  [DEBUG] Click calculation: slot=13.50-15.00, center=14.25, click_pct=45.31%
  [DEBUG] Viewport: 1920x1080, scrollY=309
  [DEBUG] Day grid: left=400, width=1505, right=1905
  [DEBUG] Click target: x=1082, y=650 (target time: 13.50-15.00)
  Clicking at (1082, 650) for B1.16 (center)...
  [DEBUG] Looking for 'Student booking provisional' button...
  Found 'Student booking provisional' button
  [DEBUG] Setting times: 13:30 to 15:00
  [DEBUG] Found time inputs, filling start time...
  [DEBUG] Filling end time...
  [DEBUG] Verified times: start=13:30, end=15:00
  [DEBUG] Checking for errors/conflicts on booking form...
  [DEBUG] Found 7 time patterns on page
  Error: Not allowed to book
  [DEBUG] Error message: You are not allowed to create or modify events in the past
  [DEBUG] go_back() called
  [DEBUG] Booking form visible: True
  [DEBUG] Clicking back button...
  [DEBUG] Back on calendar (location-day found)
  [DEBUG] Attempt 12/15: B0.11 14.00-15.00 (duration: 1.00h)

============================================================
Trying: B0.11 at 14:00-15:00
============================================================
  [DEBUG] Click calculation: slot=14.00-15.00, center=14.50, click_pct=46.88%
  [DEBUG] Viewport: 1920x1080, scrollY=0
  [DEBUG] Day grid: left=400, width=1505, right=1905
  [DEBUG] Click target: x=1105, y=239 (target time: 14.00-15.00)
  Clicking at (1105, 239) for B0.11 (center)...
  [DEBUG] Looking for 'Student booking provisional' button...
  Found 'Student booking provisional' button
  [DEBUG] Setting times: 14:00 to 15:00
  [DEBUG] Found time inputs, filling start time...
  [DEBUG] Filling end time...
  [DEBUG] Verified times: start=14:00, end=15:00
  [DEBUG] Checking for errors/conflicts on booking form...
  [DEBUG] Found 7 time patterns on page
  Error: Not allowed to book
  [DEBUG] Error message: You are not allowed to create or modify events in the past
  [DEBUG] go_back() called
  [DEBUG] Booking form visible: True
  [DEBUG] Clicking back button...
  [DEBUG] Back on calendar (location-day found)
  [DEBUG] Attempt 13/15: B1.21 14.00-17.25 (duration: 3.25h)

============================================================
Trying: B1.21 at 14:00-16:00
============================================================
  [DEBUG] Click calculation: slot=14.00-16.00, center=15.00, click_pct=50.00%
  [DEBUG] Viewport: 1920x1080, scrollY=309
  [DEBUG] Day grid: left=400, width=1505, right=1905
  [DEBUG] Click target: x=1152, y=850 (target time: 14.00-16.00)
  Clicking at (1152, 850) for B1.21 (center)...
  [DEBUG] Looking for 'Student booking provisional' button...
  Found 'Student booking provisional' button
  [DEBUG] Setting times: 14:00 to 16:00
  [DEBUG] Found time inputs, filling start time...
  [DEBUG] Filling end time...
  [DEBUG] Verified times: start=14:00, end=16:00
  [DEBUG] Checking for errors/conflicts on booking form...
  [DEBUG] Found 7 time patterns on page
  Error: Not allowed to book
  [DEBUG] Error message: You are not allowed to create or modify events in the past
  [DEBUG] go_back() called
  [DEBUG] Booking form visible: True
  [DEBUG] Clicking back button...
  [DEBUG] Back on calendar (location-day found)
  [DEBUG] Attempt 14/15: B1.11 14.00-15.00 (duration: 1.00h)

============================================================
Trying: B1.11 at 14:00-15:00
============================================================
  [DEBUG] Click calculation: slot=14.00-15.00, center=14.50, click_pct=46.88%
  [DEBUG] Viewport: 1920x1080, scrollY=299
  [DEBUG] Day grid: left=400, width=1505, right=1905
  [DEBUG] Click target: x=1105, y=540 (target time: 14.00-15.00)
  Clicking at (1105, 540) for B1.11 (center)...
  [DEBUG] Looking for 'Student booking provisional' button...
  Found 'Student booking provisional' button
  [DEBUG] Setting times: 14:00 to 15:00
  [DEBUG] Found time inputs, filling start time...
  [DEBUG] Filling end time...
  [DEBUG] Verified times: start=14:00, end=15:00
  [DEBUG] Checking for errors/conflicts on booking form...
  [DEBUG] Found 7 time patterns on page
  Error: Not allowed to book
  [DEBUG] Error message: You are not allowed to create or modify events in the past
  [DEBUG] go_back() called
  [DEBUG] Booking form visible: True
  [DEBUG] Clicking back button...
  [DEBUG] Back on calendar (location-day found)
  [DEBUG] Attempt 15/15: B0.13 15.00-16.00 (duration: 1.00h)

============================================================
Trying: B0.13 at 15:00-16:00
============================================================
  [DEBUG] Click calculation: slot=15.00-16.00, center=15.50, click_pct=53.12%
  [DEBUG] Viewport: 1920x1080, scrollY=0
  [DEBUG] Day grid: left=400, width=1505, right=1905
  [DEBUG] Click target: x=1200, y=279 (target time: 15.00-16.00)
  Clicking at (1200, 279) for B0.13 (center)...
  [DEBUG] Looking for 'Student booking provisional' button...
  Found 'Student booking provisional' button
  [DEBUG] Setting times: 15:00 to 16:00
  [DEBUG] Found time inputs, filling start time...
  [DEBUG] Filling end time...
  [DEBUG] Verified times: start=15:00, end=16:00
  [DEBUG] Checking for errors/conflicts on booking form...
  [DEBUG] Found 7 time patterns on page
  Error: Not allowed to book
  [DEBUG] Error message: You are not allowed to create or modify events in the past
  [DEBUG] go_back() called
  [DEBUG] Booking form visible: True
  [DEBUG] Clicking back button...
  [DEBUG] Back on calendar (location-day found)

  Day summary: 0 bookings made, 15 attempts total

############################################################
# DAY 0: 2026-02-15 (Sunday)
############################################################
  [Smart redistribution] Current: 0.0h, Target: +3.5h, Max bookings: 2
  [DEBUG] Session stats: 2 bookings so far, peak for this day: 0/120min
  Navigating backward 1 day(s)...
  [DEBUG] Current URL: https://rwcmd.asimut.net/overview?locationGroupId=10...
  [DEBUG] Navigation complete, now on day 0
  [DEBUG] Slot scan time: 21:09:16
  Displayed date: Royal Welsh College of Music & Drama
  [DEBUG] Earliest slots for 7-day horizon rooms: {'B0.11': '07:30', 'B0.13': '07:30', 'B0.14': '07:30', 'B0.16': '07:30'}
  [DEBUG] Expected earliest (now - 7 days): ~21:09 on target date
  Found 9 potential slots
  [DEBUG] First 10 slots: [('B0.13', '21.00-22.25'), ('B1.14', '21.00-22.25'), ('B1.19', '21.00-22.25'), ('B0.11', '21.50-22.25'), ('B0.27', '21.50-22.25'), ('B0.16', '21.50-22.25'), ('B1.20', '21.50-22.25'), ('B1.15', '21.50-22.25'), ('B1.06', '21.75-22.25')]
  [DEBUG] Peak quota for 2026-02-15: 0/120 min used, 9999 min remaining
  [DEBUG] Strict mode: Filtered out 9 non-preferred slots
  [DEBUG] Starting booking attempts. Max per day: 2, slots available: 0
  [DEBUG] No more valid slots (all_slots=0, conflicts filtered all)
  No more valid slots available

  Day summary: 0 bookings made, 0 attempts total

============================================================
BOOKING COMPLETE
============================================================
Total bookings made: 2
Peak hours used: 0 minutes

All bookings:
  2026-02-20 B1.07 19:00-19:30
  2026-02-20 B1.20 20:00-20:30
============================================================
History saved: 2 bookings, 2 events
Notification sent: Booked 2 rooms

Keeping browser open for 30 seconds to verify...
============================================================ 
[15/02/2026 21:09:49.31] Booking run completed 
