[15/02/2026 21:28:02.37] Starting scheduled booking run... 
============================================================ 
============================================================
ASIMUT WEEK BOOKER
============================================================
Today: 2026-02-15
Booking for: 2026-02-15 to 2026-02-22
Mode: Visible browser
============================================================

============================================================
SCANNING MY AGENDA FOR EXISTING EVENTS
============================================================
  [DEBUG] Navigating to agenda page...
  [DEBUG] Agenda page loaded, URL: https://rwcmd.asimut.net/agenda...
  Scrolling until we reach 22 February 2026...
  [DEBUG] Found target date '22 February 2026' after 0 scrolls
  Final pass to capture all events (10 scrolls)...
  [DEBUG] Raw events extracted: 7

  Found 7 unique events in agenda (deduplicated from 7):
  [Tracker] Added reservation: 2026-02-16 20.00-22.00
  [R] 2026-02-16 (Monday): 20:00 - 22:00 in B1.07
  [Tracker] Added reservation: 2026-02-17 19.00-19.50
  [R] 2026-02-17 (Tuesday): 19:00 - 19:30 in B1.07
  [Tracker] Added reservation: 2026-02-17 20.00-20.50
  [R] 2026-02-17 (Tuesday): 20:00 - 20:30 in B1.20
  [Tracker] Added reservation: 2026-02-17 20.50-22.25
  [R] 2026-02-17 (Tuesday): 20:30 - 22:15 in B1.08
  [Tracker] Added conflict: 2026-02-18 14.00-16.00
      2026-02-18 (Wednesday): 14:00 - 16:00 in B0.08
  [Tracker] Added reservation: 2026-02-18 19.00-19.50
  [R] 2026-02-18 (Wednesday): 19:00 - 19:30 in B0.14
  [Tracker] Added conflict: 2026-02-18 19.50-21.50
      2026-02-18 (Wednesday): 19:30 - 21:30

  Total events: 7 (5 reservations, 2 other)

  Rolling quota: 5.2/28 hours this week
  [OK] Can book 22.8 more hours
============================================================

Navigating to practice rooms (AHC)...
  Currently showing: Unknown

  Disabled dates (will skip): ['2026-02-02', '2026-02-03', '2026-02-04', '2026-02-05', '2026-02-06', '2026-02-07', '2026-02-08', '2026-02-09']

  Time preferences: Prioritizing 09:00 - 21:00
  Strict mode: ON (only booking preferred times)

  Booking strategy: REVERSE ORDER (furthest dates first)

  Smart redistribution calculation:
    Enabled days: 8/8
    Remaining quota: 22.8h
    Ideal hours/day: 3.5h
    Current hours per day:
      2026-02-15 (Sun): 0.0h [needs +3.5h]
      2026-02-16 (Mon): 2.0h [needs +1.5h]
      2026-02-17 (Tue): 2.8h [needs +0.8h]
      2026-02-18 (Wed): 0.5h [needs +3.0h]
      2026-02-19 (Thu): 0.0h [needs +3.5h]
      2026-02-20 (Fri): 0.0h [needs +3.5h]
      2026-02-21 (Sat): 0.0h [needs +3.5h]
      2026-02-22 (Sun): 0.0h [needs +3.5h]

  Navigating to day 7 first (reverse order strategy)...

============================================================
CHECKING FOR HORIZON SNIPE OPPORTUNITIES (MULTI-DAY)
============================================================

  Scanning 3 horizon days for snipe candidates: [7, 5, 3]

    Scanning Day 7 (2026-02-22) for 7-day horizon rooms...
      No snipe candidates found for Day 7

    Scanning Day 5 (2026-02-20) for 5-day horizon rooms...
    Navigating backward 2 day(s) to Day 5...
      No snipe candidates found for Day 5

    Scanning Day 3 (2026-02-18) for 3-day horizon rooms...
    Navigating backward 2 day(s) to Day 3...
Traceback (most recent call last):
  File "C:\Users\loxty\Desktop\Repos\AsimutBooker\book_week.py", line 4409, in <module>
    main()
    ~~~~^^
  File "C:\Users\loxty\Desktop\Repos\AsimutBooker\book_week.py", line 3666, in main
    all_snipe_candidates, current_calendar_day = find_all_snipe_candidates_multi_day(
                                                 ~~~~~~~~~~~~~~~~~~~~~~~~~~~~~~~~~~~^
        page, tracker, time_prefs, current_calendar_day
        ^^^^^^^^^^^^^^^^^^^^^^^^^^^^^^^^^^^^^^^^^^^^^^^
    )
    ^
  File "C:\Users\loxty\Desktop\Repos\AsimutBooker\book_week.py", line 2647, in find_all_snipe_candidates_multi_day
    current_calendar_day = navigate_to_day(page, days_ahead, current_calendar_day)
  File "C:\Users\loxty\Desktop\Repos\AsimutBooker\book_week.py", line 2506, in navigate_to_day
    page.wait_for_timeout(500)
    ~~~~~~~~~~~~~~~~~~~~~^^^^^
  File "C:\Users\loxty\AppData\Roaming\Python\Python313\site-packages\playwright\sync_api\_generated.py", line 11536, in wait_for_timeout
    self._sync(self._impl_obj.wait_for_timeout(timeout=timeout))
    ~~~~~~~~~~^^^^^^^^^^^^^^^^^^^^^^^^^^^^^^^^^^^^^^^^^^^^^^^^^^
  File "C:\Users\loxty\AppData\Roaming\Python\Python313\site-packages\playwright\_impl\_sync_base.py", line 115, in _sync
    return task.result()
           ~~~~~~~~~~~^^
  File "C:\Users\loxty\AppData\Roaming\Python\Python313\site-packages\playwright\_impl\_page.py", line 1101, in wait_for_timeout
    await self._main_frame.wait_for_timeout(timeout)
  File "C:\Users\loxty\AppData\Roaming\Python\Python313\site-packages\playwright\_impl\_frame.py", line 862, in wait_for_timeout
    await self._channel.send("waitForTimeout", None, {"waitTimeout": timeout})
  File "C:\Users\loxty\AppData\Roaming\Python\Python313\site-packages\playwright\_impl\_connection.py", line 69, in send
    return await self._connection.wrap_api_call(
           ^^^^^^^^^^^^^^^^^^^^^^^^^^^^^^^^^^^^^
    ...<3 lines>...
    )
    ^
  File "C:\Users\loxty\AppData\Roaming\Python\Python313\site-packages\playwright\_impl\_connection.py", line 559, in wrap_api_call
    raise rewrite_error(error, f"{parsed_st['apiName']}: {error}") from None
playwright._impl._errors.TargetClosedError: Page.wait_for_timeout: Target page, context or browser has been closed
============================================================ 
[15/02/2026 21:28:41.18] Booking run completed 
