[15/02/2026 21:43:02.18] Starting scheduled booking run... 
============================================================ 
============================================================
ASIMUT WEEK BOOKER
============================================================
Today: 2026-02-15
Booking for: 2026-02-15 to 2026-02-22
Mode: Visible browser
============================================================

============================================================
SCANNING MY AGENDA FOR EXISTING EVENTS
============================================================
  [DEBUG] Navigating to agenda page...
  [DEBUG] Agenda page loaded, URL: https://rwcmd.asimut.net/agenda...
  Scrolling until we reach 22 February 2026...
  [DEBUG] Found target date '22 February 2026' after 0 scrolls
  Final pass to capture all events (10 scrolls)...
  [DEBUG] Raw events extracted: 7

  Found 7 unique events in agenda (deduplicated from 7):
  [Tracker] Added reservation: 2026-02-16 20.00-22.00
  [R] 2026-02-16 (Monday): 20:00 - 22:00 in B1.07
  [Tracker] Added reservation: 2026-02-17 19.00-19.50
  [R] 2026-02-17 (Tuesday): 19:00 - 19:30 in B1.07
  [Tracker] Added reservation: 2026-02-17 20.00-20.50
  [R] 2026-02-17 (Tuesday): 20:00 - 20:30 in B1.20
  [Tracker] Added reservation: 2026-02-17 20.50-22.25
  [R] 2026-02-17 (Tuesday): 20:30 - 22:15 in B1.08
  [Tracker] Added conflict: 2026-02-18 14.00-16.00
      2026-02-18 (Wednesday): 14:00 - 16:00 in B0.08
  [Tracker] Added reservation: 2026-02-18 19.00-19.50
  [R] 2026-02-18 (Wednesday): 19:00 - 19:30 in B0.14
  [Tracker] Added conflict: 2026-02-18 19.50-21.50
      2026-02-18 (Wednesday): 19:30 - 21:30

  Total events: 7 (5 reservations, 2 other)

  Rolling quota: 5.2/28 hours this week
  [OK] Can book 22.8 more hours
============================================================

Navigating to practice rooms (AHC)...
  Currently showing: Unknown

  Disabled dates (will skip): ['2026-02-02', '2026-02-03', '2026-02-04', '2026-02-05', '2026-02-06', '2026-02-07', '2026-02-08', '2026-02-09']

  Time preferences: Prioritizing 09:00 - 21:00
  Strict mode: ON (only booking preferred times)

  Booking strategy: REVERSE ORDER (furthest dates first)

  Smart redistribution calculation:
    Enabled days: 8/8
    Remaining quota: 22.8h
    Ideal hours/day: 3.5h
    Current hours per day:
      2026-02-15 (Sun): 0.0h [needs +3.5h]
      2026-02-16 (Mon): 2.0h [needs +1.5h]
      2026-02-17 (Tue): 2.8h [needs +0.8h]
      2026-02-18 (Wed): 0.5h [needs +3.0h]
      2026-02-19 (Thu): 0.0h [needs +3.5h]
      2026-02-20 (Fri): 0.0h [needs +3.5h]
      2026-02-21 (Sat): 0.0h [needs +3.5h]
      2026-02-22 (Sun): 0.0h [needs +3.5h]

  Navigating to day 7 first (reverse order strategy)...

============================================================
CHECKING FOR HORIZON SNIPE OPPORTUNITIES (MULTI-DAY)
============================================================

  Scanning 3 horizon days for snipe candidates: [7, 5, 3]

    Scanning Day 7 (2026-02-22) for 7-day horizon rooms...
      No snipe candidates found for Day 7

    Scanning Day 5 (2026-02-20) for 5-day horizon rooms...
    Navigating backward 2 day(s) to Day 5...
      No snipe candidates found for Day 5

    Scanning Day 3 (2026-02-18) for 3-day horizon rooms...
    Navigating backward 2 day(s) to Day 3...
      No snipe candidates found for Day 3

  Total snipe candidates found: 0
  No snipe candidates found (no slots becoming bookable within 3 minutes)
============================================================

============================================================
READY - Waiting for target time: 21:45
============================================================
Current time: 21:43:37
Seconds to wait: 82
  T-80s...
  T-70s...
  T-60s...
  T-50s...
  T-40s...
  T-30s...
  T-20s...
  T-10s...
  T-0s...

>>> TARGET TIME REACHED: 21:45:00 <<<
============================================================


============================================================
REFRESHING PAGE FOR UPDATED SLOT AVAILABILITY
============================================================
  [DEBUG] Pre-refresh time: 21:45:00.202
  [DEBUG] Current URL: https://rwcmd.asimut.net/overview?locationGroupId=10...
  [DEBUG] Calendar position before refresh: day 3
  [DEBUG] Post-refresh time: 21:45:02.682
  [DEBUG] Refresh took: 2.48s
  [DEBUG] Post-refresh URL: https://rwcmd.asimut.net/overview?locationGroupId=10...
  [DEBUG] Calendar position after refresh: day 3 (unchanged)
  [DEBUG] Could not extract slot times
============================================================

############################################################
# DAY 7: 2026-02-22 (Sunday)
############################################################
  [Smart redistribution] Current: 0.0h, Target: +3.5h, Max bookings: 2
  [DEBUG] Session stats: 0 bookings so far, peak for this day: 0/120min
  Navigating forward 4 day(s)...
  [DEBUG] Current URL: https://rwcmd.asimut.net/overview?locationGroupId=10...
  [DEBUG] Navigation complete, now on day 7
  [DEBUG] Slot scan time: 21:45:11
  Displayed date: Royal Welsh College of Music & Drama
  [DEBUG] Earliest slots for 7-day horizon rooms: {'B0.11': '07:30', 'B0.13': '07:30', 'B0.14': '07:30', 'B0.16': '07:30'}
  [DEBUG] Expected earliest (now - 7 days): ~21:45 on target date
  [DEBUG] Rooms skipped (not yet available): B0.23 (Available in 1.4d (horizon: 5d)), B0.27 (Available in 2.0d (horizon: 5d)), B0.29 (Available in 1.4d (horizon: 5d)), B1.06 (Available in 1.4d (horizon: 5d)), B1.07 (Available in 1.4d (horizon: 5d)), B1.08 (Available in 1.4d (horizon: 5d)), B1.09 (Available in 3.4d (horizon: 3d)), B1.10 (Available in 1.4d (horizon: 5d)), B1.11 (Available in 1.4d (horizon: 5d)), B1.14 (Available in 1.4d (horizon: 5d)), B1.15 (Available in 1.4d (horizon: 5d)), B1.16 (Available in 3.4d (horizon: 3d)), B1.17 (Available in 1.4d (horizon: 5d)), B1.18 (Available in 1.4d (horizon: 5d)), B1.19 (Available in 1.4d (horizon: 5d)), B1.20 (Available in 1.4d (horizon: 5d)), B1.21 (Available in 1.4d (horizon: 5d))
  Found 8 potential slots
  [DEBUG] First 10 slots: [('B0.11', '7.50-9.25'), ('B0.13', '7.50-8.50'), ('B0.16', '7.50-10.50'), ('B0.14', '21.00-22.25'), ('B0.11', '21.25-22.25'), ('B0.16', '21.25-22.25'), ('B0.14', '7.50-8.00'), ('B0.13', '21.50-22.25')]
  [DEBUG] Peak quota for 2026-02-22: 0/120 min used, 9999 min remaining
  [DEBUG] Strict mode: Filtered out 8 non-preferred slots
  [DEBUG] Starting booking attempts. Max per day: 2, slots available: 0
  [DEBUG] No more valid slots (all_slots=0, conflicts filtered all)
  No more valid slots available

  Day summary: 0 bookings made, 0 attempts total

############################################################
# DAY 6: 2026-02-21 (Saturday)
############################################################
  [Smart redistribution] Current: 0.0h, Target: +3.5h, Max bookings: 2
  [DEBUG] Session stats: 0 bookings so far, peak for this day: 0/120min
  Navigating backward 1 day(s)...
  [DEBUG] Current URL: https://rwcmd.asimut.net/overview?locationGroupId=10...
  [DEBUG] Navigation complete, now on day 6
  [DEBUG] Slot scan time: 21:45:14
  Displayed date: Royal Welsh College of Music & Drama
  [DEBUG] Earliest slots for 7-day horizon rooms: {'B0.11': '07:30', 'B0.13': '07:30', 'B0.14': '20:00', 'B0.16': '07:30'}
  [DEBUG] Expected earliest (now - 7 days): ~21:45 on target date
  [DEBUG] Rooms skipped (not yet available): B0.23 (Available in 9.7h (horizon: 5d)), B0.27 (Available in 22.2h (horizon: 5d)), B0.29 (Available in 9.7h (horizon: 5d)), B1.06 (Available in 9.7h (horizon: 5d)), B1.07 (Available in 9.7h (horizon: 5d)), B1.08 (Available in 9.7h (horizon: 5d)), B1.09 (Available in 2.4d (horizon: 3d)), B1.10 (Available in 9.7h (horizon: 5d)), B1.11 (Available in 9.7h (horizon: 5d)), B1.14 (Available in 9.7h (horizon: 5d)), B1.15 (Available in 9.7h (horizon: 5d)), B1.16 (Available in 2.4d (horizon: 3d)), B1.17 (Available in 9.7h (horizon: 5d)), B1.18 (Available in 9.7h (horizon: 5d)), B1.19 (Available in 9.7h (horizon: 5d)), B1.20 (Available in 9.7h (horizon: 5d)), B1.21 (Available in 9.7h (horizon: 5d))
  Found 9 potential slots
  [DEBUG] First 10 slots: [('B0.14', '20.00-22.25'), ('B0.16', '20.00-22.25'), ('B0.16', '11.50-12.00'), ('B0.13', '19.50-20.00'), ('B0.13', '21.00-22.25'), ('B0.11', '7.50-8.00'), ('B0.13', '7.50-8.00'), ('B0.16', '7.50-8.00'), ('B0.11', '21.50-22.25')]
  [DEBUG] Peak quota for 2026-02-21: 0/120 min used, 9999 min remaining
  [DEBUG] Strict mode: Filtered out 5 non-preferred slots
  [DEBUG] Starting booking attempts. Max per day: 2, slots available: 4
  [DEBUG] Attempt 1/15: B0.14 20.00-22.25 (duration: 2.25h)

============================================================
Trying: B0.14 at 20:00-22:00
============================================================
  [DEBUG] Click calculation: slot=20.00-22.00, center=21.00, click_pct=87.50%
  [DEBUG] Viewport: 1920x1080, scrollY=0
  [DEBUG] Day grid: left=400, width=1505, right=1905
  [DEBUG] Click target: x=1717, y=319 (target time: 20.00-22.00)
  Clicking at (1717, 319) for B0.14 (center)...
  [DEBUG] Got tooltip instead of menu: 21:00 in B0.14 (Practice: Grand Piano)...
  Clicking at (1732, 324) for B0.14 (offset right-bottom)...
  [DEBUG] No popup at offset right-bottom position
  Clicking at (1702, 314) for B0.14 (offset left-top)...
  [DEBUG] Got tooltip instead of menu: 20:45 in B0.14 (Practice: Grand Piano)...
  No booking popup found after trying multiple click positions - skipping
  [DEBUG] Attempt 2/15: B0.16 20.00-22.25 (duration: 2.25h)

============================================================
Trying: B0.16 at 20:00-22:00
============================================================
  [DEBUG] Click calculation: slot=20.00-22.00, center=21.00, click_pct=87.50%
  [DEBUG] Viewport: 1920x1080, scrollY=0
  [DEBUG] Day grid: left=400, width=1505, right=1905
  [DEBUG] Click target: x=1717, y=359 (target time: 20.00-22.00)
  Clicking at (1717, 359) for B0.16 (center)...
  [DEBUG] No popup at center position
  Clicking at (1732, 364) for B0.16 (offset right-bottom)...
  [DEBUG] Got tooltip instead of menu: 21:15 in B0.16 (Practice: Grand Piano)...
  Clicking at (1702, 354) for B0.16 (offset left-top)...
  [DEBUG] Looking for 'Student booking provisional' button...
  Found 'Student booking provisional' button
  [DEBUG] Setting times: 20:00 to 22:00
  [DEBUG] Found time inputs, filling start time...
  [DEBUG] Filling end time...
  [DEBUG] Verified times: start=20:00, end=22:00
  [DEBUG] Checking for errors/conflicts on booking form...
  [DEBUG] Found 8 time patterns on page
  Error: Conflicts with existing booking
  [DEBUG] go_back() called
  [DEBUG] Booking form visible: True
  [DEBUG] Clicking back button...
  [DEBUG] Back on calendar (location-day found)
  [DEBUG] Attempt 3/15: B0.16 11.50-12.00 (duration: 0.50h)

============================================================
Trying: B0.16 at 11:30-12:00
============================================================
  [DEBUG] Click calculation: slot=11.50-12.00, center=11.75, click_pct=29.69%
  [DEBUG] Viewport: 1920x1080, scrollY=0
  [DEBUG] Day grid: left=400, width=1505, right=1905
  [DEBUG] Click target: x=847, y=359 (target time: 11.50-12.00)
  Clicking at (847, 359) for B0.16 (center)...
  [DEBUG] Got tooltip instead of menu: 11:45 in B0.16 (Practice: Grand Piano)...
  Clicking at (862, 364) for B0.16 (offset right-bottom)...
  [DEBUG] No popup at offset right-bottom position
  Clicking at (832, 354) for B0.16 (offset left-top)...
  [DEBUG] Got tooltip instead of menu: 11:30 in B0.16 (Practice: Grand Piano)...
  No booking popup found after trying multiple click positions - skipping
  [DEBUG] Attempt 4/15: B0.13 19.50-20.00 (duration: 0.50h)

============================================================
Trying: B0.13 at 19:30-20:00
============================================================
  [DEBUG] Click calculation: slot=19.50-20.00, center=19.75, click_pct=79.69%
  [DEBUG] Viewport: 1920x1080, scrollY=0
  [DEBUG] Day grid: left=400, width=1505, right=1905
  [DEBUG] Click target: x=1599, y=279 (target time: 19.50-20.00)
  Clicking at (1599, 279) for B0.13 (center)...
  [DEBUG] No popup at center position
  Clicking at (1614, 284) for B0.13 (offset right-bottom)...
  [DEBUG] Got tooltip instead of menu: 20:00 in B0.13 (Practice: Grand Piano)...
  Clicking at (1584, 274) for B0.13 (offset left-top)...
  [DEBUG] Got tooltip instead of menu: 20:00 in B0.13 (Practice: Grand Piano)...
  No booking popup found after trying multiple click positions - skipping
  [DEBUG] No more valid slots (all_slots=0, conflicts filtered all)
  No more valid slots available

  Day summary: 0 bookings made, 4 attempts total

############################################################
# DAY 5: 2026-02-20 (Friday)
############################################################
  [Smart redistribution] Current: 0.0h, Target: +3.5h, Max bookings: 2
  [DEBUG] Session stats: 0 bookings so far, peak for this day: 0/120min
  Navigating backward 1 day(s)...
  [DEBUG] Current URL: https://rwcmd.asimut.net/overview?locationGroupId=10...
  [DEBUG] Navigation complete, now on day 5
  [DEBUG] Slot scan time: 21:45:54
  Displayed date: Royal Welsh College of Music & Drama
  [DEBUG] Earliest slots for 7-day horizon rooms: {'B0.11': '07:30', 'B0.13': '07:30', 'B0.14': '20:00', 'B0.16': '07:30'}
  [DEBUG] Expected earliest (now - 7 days): ~21:45 on target date
  [DEBUG] Rooms skipped (not yet available): B1.09 (Available in 1.4d (horizon: 3d)), B1.16 (Available in 1.4d (horizon: 3d))
  Found 36 potential slots
  [DEBUG] First 10 slots: [('B1.18', '18.00-22.25'), ('B1.10', '19.00-22.25'), ('B1.11', '19.00-22.25'), ('B1.06', '19.50-22.25'), ('B1.08', '19.50-22.25'), ('B0.14', '20.00-22.25'), ('B0.27', '20.00-22.25'), ('B1.14', '20.00-22.25'), ('B0.16', '20.00-22.25'), ('B1.20', '20.00-22.25')]
  [DEBUG] Peak quota for 2026-02-20: 0/120 min used, 120 min remaining
  [DEBUG] Strict mode: Filtered out 22 non-preferred slots
  [DEBUG] Starting booking attempts. Max per day: 2, slots available: 14
  [DEBUG] Attempt 1/15: B1.18 18.00-22.25 (duration: 4.25h)

============================================================
Trying: B1.18 at 18:00-20:00
============================================================
  [DEBUG] Click calculation: slot=18.00-20.00, center=19.00, click_pct=75.00%
  [DEBUG] Viewport: 1920x1080, scrollY=309
  [DEBUG] Day grid: left=400, width=1505, right=1905
  [DEBUG] Click target: x=1529, y=730 (target time: 18.00-20.00)
  Clicking at (1529, 730) for B1.18 (center)...
  [DEBUG] Got tooltip instead of menu: 19:00 in B1.18 (Practice: Grand Piano)...
  Clicking at (1544, 735) for B1.18 (offset right-bottom)...
  [DEBUG] No popup at offset right-bottom position
  Clicking at (1514, 725) for B1.18 (offset left-top)...
  [DEBUG] Got tooltip instead of menu: 18:45 in B1.18 (Practice: Grand Piano)...
  No booking popup found after trying multiple click positions - skipping
  [DEBUG] Attempt 2/15: B1.10 19.00-22.25 (duration: 3.25h)

============================================================
Trying: B1.10 at 19:00-21:00
============================================================
  [DEBUG] Click calculation: slot=19.00-21.00, center=20.00, click_pct=81.25%
  [DEBUG] Viewport: 1920x1080, scrollY=259
  [DEBUG] Day grid: left=400, width=1505, right=1905
  [DEBUG] Click target: x=1623, y=540 (target time: 19.00-21.00)
  Clicking at (1623, 540) for B1.10 (center)...
  [DEBUG] No popup at center position
  Clicking at (1638, 545) for B1.10 (offset right-bottom)...
  [DEBUG] Got tooltip instead of menu: 20:15 in B1.10 (Practice: Upright Piano)...
  Clicking at (1608, 535) for B1.10 (offset left-top)...
  [DEBUG] Click navigated directly to booking form
  [DEBUG] Click navigated directly to booking form
  [DEBUG] Setting times: 19:00 to 21:00
  [DEBUG] Found time inputs, filling start time...
  [DEBUG] Filling end time...
  [DEBUG] Verified times: start=19:00, end=21:00
  [DEBUG] Checking for errors/conflicts on booking form...
  [DEBUG] Found 9 time patterns on page
  Error: Conflicts with existing booking
  [Tracker] Added conflict: 2026-02-20 19.00-19.50
  [DEBUG] go_back() called
  [DEBUG] Booking form visible: True
  [DEBUG] Clicking back button...
  [DEBUG] Back on calendar (location-day found)
  [DEBUG] Attempt 3/15: B1.06 19.50-22.25 (duration: 2.75h)

============================================================
Trying: B1.06 at 19:30-21:30
============================================================
  [DEBUG] Click calculation: slot=19.50-21.50, center=20.50, click_pct=84.38%
  [DEBUG] Viewport: 1920x1080, scrollY=99
  [DEBUG] Day grid: left=400, width=1505, right=1905
  [DEBUG] Click target: x=1670, y=540 (target time: 19.50-21.50)
  Clicking at (1670, 540) for B1.06 (center)...
  [DEBUG] Got tooltip instead of menu: 20:30 in B1.06 (Practice: Upright Piano)...
  Clicking at (1685, 545) for B1.06 (offset right-bottom)...
  [DEBUG] No popup at offset right-bottom position
  Clicking at (1655, 535) for B1.06 (offset left-top)...
  [DEBUG] Got tooltip instead of menu: 20:15 in B1.06 (Practice: Upright Piano)...
  No booking popup found after trying multiple click positions - skipping
  [DEBUG] Attempt 4/15: B1.08 19.50-22.25 (duration: 2.75h)

============================================================
Trying: B1.08 at 19:30-21:30
============================================================
  [DEBUG] Click calculation: slot=19.50-21.50, center=20.50, click_pct=84.38%
  [DEBUG] Viewport: 1920x1080, scrollY=179
  [DEBUG] Day grid: left=400, width=1505, right=1905
  [DEBUG] Click target: x=1670, y=540 (target time: 19.50-21.50)
  Clicking at (1670, 540) for B1.08 (center)...
  [DEBUG] No popup at center position
  Clicking at (1685, 545) for B1.08 (offset right-bottom)...
  [DEBUG] Got tooltip instead of menu: 20:45 in B1.08 (Practice: Upright Piano)...
  Clicking at (1655, 535) for B1.08 (offset left-top)...
  [DEBUG] Looking for 'Student booking provisional' button...
  Found 'Student booking provisional' button
  [DEBUG] Setting times: 19:30 to 21:30
  [DEBUG] Found time inputs, filling start time...
  [DEBUG] Filling end time...
  [DEBUG] Verified times: start=19:30, end=21:30
  [DEBUG] Checking for errors/conflicts on booking form...
  [DEBUG] Found 8 time patterns on page
  Error: Conflicts with existing booking
  [DEBUG] go_back() called
  [DEBUG] Booking form visible: True
  [DEBUG] Clicking back button...
  [DEBUG] Back on calendar (location-day found)
  [DEBUG] Attempt 5/15: B0.14 20.00-22.25 (duration: 2.25h)

============================================================
Trying: B0.14 at 20:00-22:00
============================================================
  [DEBUG] Click calculation: slot=20.00-22.00, center=21.00, click_pct=87.50%
  [DEBUG] Viewport: 1920x1080, scrollY=0
  [DEBUG] Day grid: left=400, width=1505, right=1905
  [DEBUG] Click target: x=1717, y=319 (target time: 20.00-22.00)
  Clicking at (1717, 319) for B0.14 (center)...
  [DEBUG] Got tooltip instead of menu: 21:00 in B0.14 (Practice: Grand Piano)...
  Clicking at (1732, 324) for B0.14 (offset right-bottom)...
  [DEBUG] No popup at offset right-bottom position
  Clicking at (1702, 314) for B0.14 (offset left-top)...
  [DEBUG] Got tooltip instead of menu: 20:45 in B0.14 (Practice: Grand Piano)...
  No booking popup found after trying multiple click positions - skipping
  [DEBUG] Attempt 6/15: B0.27 20.00-22.25 (duration: 2.25h)

============================================================
Trying: B0.27 at 20:00-21:45 (HORIZON LIMITED)
  Will extend later: target 20:00-22:00
============================================================
  [DEBUG] Click calculation: slot=20.00-21.75, center=20.88, click_pct=86.72%
  [DEBUG] Viewport: 1920x1080, scrollY=0
  [DEBUG] Day grid: left=400, width=1505, right=1905
  [DEBUG] Click target: x=1705, y=479 (target time: 20.00-21.75)
  Clicking at (1705, 479) for B0.27 (center)...
  [DEBUG] No popup at center position
  Clicking at (1720, 484) for B0.27 (offset right-bottom)...
  [DEBUG] Got tooltip instead of menu: 21:00 in B0.27 (Practice: Grand Piano)...
  Clicking at (1690, 474) for B0.27 (offset left-top)...
  [DEBUG] Looking for 'Student booking provisional' button...
  Found 'Student booking provisional' button
  [DEBUG] Setting times: 20:00 to 21:45
  [DEBUG] Found time inputs, filling start time...
  [DEBUG] Filling end time...
  [DEBUG] Verified times: start=20:00, end=21:45
  [DEBUG] Checking for errors/conflicts on booking form...
  [DEBUG] Found 8 time patterns on page
  Error: Conflicts with existing booking
  [DEBUG] go_back() called
  [DEBUG] Booking form visible: True
  [DEBUG] Clicking back button...
  [DEBUG] Back on calendar (location-day found)
  [DEBUG] Attempt 7/15: B1.14 20.00-22.25 (duration: 2.25h)

============================================================
Trying: B1.14 at 20:00-21:45 (HORIZON LIMITED)
  Will extend later: target 20:00-22:00
============================================================
  [DEBUG] Click calculation: slot=20.00-21.75, center=20.88, click_pct=86.72%
  [DEBUG] Viewport: 1920x1080, scrollY=309
  [DEBUG] Day grid: left=400, width=1505, right=1905
  [DEBUG] Click target: x=1705, y=570 (target time: 20.00-21.75)
  Clicking at (1705, 570) for B1.14 (center)...
  [DEBUG] Got tooltip instead of menu: 20:45 in B1.14 (Practice: Grand Piano)...
  Clicking at (1720, 575) for B1.14 (offset right-bottom)...
  [DEBUG] No popup at offset right-bottom position
  Clicking at (1690, 565) for B1.14 (offset left-top)...
  [DEBUG] Got tooltip instead of menu: 20:45 in B1.14 (Practice: Grand Piano)...
  No booking popup found after trying multiple click positions - skipping
  [DEBUG] Attempt 8/15: B0.16 20.00-22.25 (duration: 2.25h)

============================================================
Trying: B0.16 at 20:00-22:00
============================================================
  [DEBUG] Click calculation: slot=20.00-22.00, center=21.00, click_pct=87.50%
  [DEBUG] Viewport: 1920x1080, scrollY=0
  [DEBUG] Day grid: left=400, width=1505, right=1905
  [DEBUG] Click target: x=1717, y=359 (target time: 20.00-22.00)
  Clicking at (1717, 359) for B0.16 (center)...
  [DEBUG] No popup at center position
  Clicking at (1732, 364) for B0.16 (offset right-bottom)...
  [DEBUG] Got tooltip instead of menu: 21:15 in B0.16 (Practice: Grand Piano)...
  Clicking at (1702, 354) for B0.16 (offset left-top)...
  [DEBUG] Looking for 'Student booking provisional' button...
  Found 'Student booking provisional' button
  [DEBUG] Setting times: 20:00 to 22:00
  [DEBUG] Found time inputs, filling start time...
  [DEBUG] Filling end time...
  [DEBUG] Verified times: start=20:00, end=22:00
  [DEBUG] Checking for errors/conflicts on booking form...
  [DEBUG] Found 8 time patterns on page
  Error: Conflicts with existing booking
  [DEBUG] go_back() called
  [DEBUG] Booking form visible: True
  [DEBUG] Clicking back button...
  [DEBUG] Back on calendar (location-day found)
  [DEBUG] Attempt 9/15: B1.20 20.00-22.25 (duration: 2.25h)

============================================================
Trying: B1.20 at 20:00-21:45 (HORIZON LIMITED)
  Will extend later: target 20:00-22:00
============================================================
  [DEBUG] Click calculation: slot=20.00-21.75, center=20.88, click_pct=86.72%
  [DEBUG] Viewport: 1920x1080, scrollY=309
  [DEBUG] Day grid: left=400, width=1505, right=1905
  [DEBUG] Click target: x=1705, y=810 (target time: 20.00-21.75)
  Clicking at (1705, 810) for B1.20 (center)...
  [DEBUG] Got tooltip instead of menu: 20:45 in B1.20 (Practice: Grand Piano)...
  Clicking at (1720, 815) for B1.20 (offset right-bottom)...
  [DEBUG] No popup at offset right-bottom position
  Clicking at (1690, 805) for B1.20 (offset left-top)...
  [DEBUG] Got tooltip instead of menu: 20:45 in B1.20 (Practice: Grand Piano)...
  No booking popup found after trying multiple click positions - skipping
  [DEBUG] Attempt 10/15: B1.07 20.00-22.25 (duration: 2.25h)

============================================================
Trying: B1.07 at 20:00-21:45 (HORIZON LIMITED)
  Will extend later: target 20:00-22:00
============================================================
  [DEBUG] Click calculation: slot=20.00-21.75, center=20.88, click_pct=86.72%
  [DEBUG] Viewport: 1920x1080, scrollY=139
  [DEBUG] Day grid: left=400, width=1505, right=1905
  [DEBUG] Click target: x=1705, y=540 (target time: 20.00-21.75)
  Clicking at (1705, 540) for B1.07 (center)...
  [DEBUG] No popup at center position
  Clicking at (1720, 545) for B1.07 (offset right-bottom)...
  [DEBUG] Got tooltip instead of menu: 21:00 in B1.07 (Practice: Upright Piano)...
  Clicking at (1690, 535) for B1.07 (offset left-top)...
  [DEBUG] Click navigated directly to booking form
  [DEBUG] Click navigated directly to booking form
  [DEBUG] Setting times: 20:00 to 21:45
  [DEBUG] Found time inputs, filling start time...
  [DEBUG] Filling end time...
  [DEBUG] Verified times: start=20:00, end=21:45
  [DEBUG] Checking for errors/conflicts on booking form...
  [DEBUG] Found 8 time patterns on page
  Error: Conflicts with existing booking
  [DEBUG] go_back() called
  [DEBUG] Booking form visible: True
  [DEBUG] Clicking back button...
  [DEBUG] Back on calendar (location-day found)
  [DEBUG] Attempt 11/15: B1.15 20.00-22.25 (duration: 2.25h)

============================================================
Trying: B1.15 at 20:00-21:45 (HORIZON LIMITED)
  Will extend later: target 20:00-22:00
============================================================
  [DEBUG] Click calculation: slot=20.00-21.75, center=20.88, click_pct=86.72%
  [DEBUG] Viewport: 1920x1080, scrollY=309
  [DEBUG] Day grid: left=400, width=1505, right=1905
  [DEBUG] Click target: x=1705, y=610 (target time: 20.00-21.75)
  Clicking at (1705, 610) for B1.15 (center)...
  [DEBUG] Got tooltip instead of menu: 20:45 in B1.15 (Practice: Grand Piano)...
  Clicking at (1720, 615) for B1.15 (offset right-bottom)...
  [DEBUG] No popup at offset right-bottom position
  Clicking at (1690, 605) for B1.15 (offset left-top)...
  [DEBUG] Got tooltip instead of menu: 20:45 in B1.15 (Practice: Grand Piano)...
  No booking popup found after trying multiple click positions - skipping
  [DEBUG] Attempt 12/15: B0.16 11.50-12.00 (duration: 0.50h)

============================================================
Trying: B0.16 at 11:30-12:00
============================================================
  [DEBUG] Click calculation: slot=11.50-12.00, center=11.75, click_pct=29.69%
  [DEBUG] Viewport: 1920x1080, scrollY=0
  [DEBUG] Day grid: left=400, width=1505, right=1905
  [DEBUG] Click target: x=847, y=359 (target time: 11.50-12.00)
  Clicking at (847, 359) for B0.16 (center)...
  [DEBUG] No popup at center position
  Clicking at (862, 364) for B0.16 (offset right-bottom)...
  [DEBUG] Got tooltip instead of menu: 12:00 in B0.16 (Practice: Grand Piano)...
  Clicking at (832, 354) for B0.16 (offset left-top)...
  [DEBUG] Looking for 'Student booking provisional' button...
  Found 'Student booking provisional' button
  [DEBUG] Setting times: 11:30 to 12:00
  [DEBUG] Found time inputs, filling start time...
  [DEBUG] Filling end time...
  [DEBUG] Verified times: start=11:30, end=12:00
  [DEBUG] Checking for errors/conflicts on booking form...
  [DEBUG] Found 7 time patterns on page
  [DEBUG] Looking for Save button...
  [DEBUG] Save button icon: 'check'
  [DEBUG] Save button at: x=350, y=508
  Clicking Save...
  [DEBUG] After save - form visible: N/A, URL: https://rwcmd.asimut.net/arrangement?eventId=34204...
  [Tracker] Added booking: B0.16 2026-02-20 11.50-12.00
  [Tracker] Total bookings: 1, Day hours: 0.5h, Peak: 30/120 min
  SUCCESS: Booked B0.16 11:30-12:00
  [DEBUG] Booking successful! Day total: 1, session total: 1
  [DEBUG] Navigating back to calendar...
  [DEBUG] go_back() called
  [DEBUG] Booking form visible: False
  [DEBUG] go_back exception: Page.wait_for_selector: Timeout 5000ms exceeded.
Call log:
  - waiting for locator(".location-day") to be visible

  Warning: go_back issue (Page.wait_for_selector: Timeout 5000ms exceeded.
Call log:
  - waiting for locator(".location-day") to be visible
), trying Escape + browser back...
  [DEBUG] Refreshing slot data after successful booking...
  [DEBUG] Raw slots from page: 60 (from 29 rooms)
  [DEBUG] Updated peak quota for 2026-02-20: 90 min remaining
  [DEBUG] Rebuilt slot list: 13 slots remaining
  [DEBUG] Attempt 13/15: B1.18 19.50-22.25 (duration: 2.75h)

============================================================
Trying: B1.18 at 19:30-21:30
============================================================
  [DEBUG] Click calculation: slot=19.50-21.50, center=20.50, click_pct=84.38%
  [DEBUG] Viewport: 1920x1080, scrollY=309
  [DEBUG] Day grid: left=400, width=1505, right=1905
  [DEBUG] Click target: x=1670, y=730 (target time: 19.50-21.50)
  Clicking at (1670, 730) for B1.18 (center)...
  [DEBUG] Got tooltip instead of menu: 20:30 in B1.18 (Practice: Grand Piano)...
  Clicking at (1685, 735) for B1.18 (offset right-bottom)...
  [DEBUG] No popup at offset right-bottom position
  Clicking at (1655, 725) for B1.18 (offset left-top)...
  [DEBUG] Got tooltip instead of menu: 20:15 in B1.18 (Practice: Grand Piano)...
  No booking popup found after trying multiple click positions - skipping
  [DEBUG] Attempt 14/15: B1.06 19.50-22.25 (duration: 2.75h)

============================================================
Trying: B1.06 at 19:30-21:30
============================================================
  [DEBUG] Click calculation: slot=19.50-21.50, center=20.50, click_pct=84.38%
  [DEBUG] Viewport: 1920x1080, scrollY=99
  [DEBUG] Day grid: left=400, width=1505, right=1905
  [DEBUG] Click target: x=1670, y=540 (target time: 19.50-21.50)
  Clicking at (1670, 540) for B1.06 (center)...
  [DEBUG] No popup at center position
  Clicking at (1685, 545) for B1.06 (offset right-bottom)...
  [DEBUG] Got tooltip instead of menu: 20:45 in B1.06 (Practice: Upright Piano)...
  Clicking at (1655, 535) for B1.06 (offset left-top)...
  [DEBUG] Click navigated directly to booking form
  [DEBUG] Click navigated directly to booking form
  [DEBUG] Setting times: 19:30 to 21:30
  [DEBUG] Found time inputs, filling start time...
  [DEBUG] Filling end time...
  [DEBUG] Verified times: start=19:30, end=21:30
  [DEBUG] Checking for errors/conflicts on booking form...
  [DEBUG] Found 8 time patterns on page
  Error: Conflicts with existing booking
  [DEBUG] go_back() called
  [DEBUG] Booking form visible: True
  [DEBUG] Clicking back button...
  [DEBUG] Back on calendar (location-day found)
  [DEBUG] Attempt 15/15: B1.08 19.50-22.25 (duration: 2.75h)

============================================================
Trying: B1.08 at 19:30-21:30
============================================================
  [DEBUG] Click calculation: slot=19.50-21.50, center=20.50, click_pct=84.38%
  [DEBUG] Viewport: 1920x1080, scrollY=179
  [DEBUG] Day grid: left=400, width=1505, right=1905
  [DEBUG] Click target: x=1670, y=540 (target time: 19.50-21.50)
  Clicking at (1670, 540) for B1.08 (center)...
  [DEBUG] Got tooltip instead of menu: 20:30 in B1.08 (Practice: Upright Piano)...
  Clicking at (1685, 545) for B1.08 (offset right-bottom)...
  [DEBUG] No popup at offset right-bottom position
  Clicking at (1655, 535) for B1.08 (offset left-top)...
  [DEBUG] Got tooltip instead of menu: 20:15 in B1.08 (Practice: Upright Piano)...
  No booking popup found after trying multiple click positions - skipping

  Day summary: 1 bookings made, 15 attempts total

############################################################
# DAY 4: 2026-02-19 (Thursday)
############################################################
  [Smart redistribution] Current: 0.0h, Target: +3.5h, Max bookings: 2
  [DEBUG] Session stats: 1 bookings so far, peak for this day: 0/120min
  Navigating backward 1 day(s)...
  [DEBUG] Current URL: https://rwcmd.asimut.net/overview?locationGroupId=10...
  [DEBUG] Navigation complete, now on day 4
  [DEBUG] Slot scan time: 21:48:40
  Displayed date: Royal Welsh College of Music & Drama
  [DEBUG] Earliest slots for 7-day horizon rooms: {'B0.11': '07:30', 'B0.13': '07:30', 'B0.14': '20:00', 'B0.16': '07:30'}
  [DEBUG] Expected earliest (now - 7 days): ~21:48 on target date
  [DEBUG] Rooms skipped (not yet available): B1.09 (Available in 9.7h (horizon: 3d)), B1.16 (Available in 9.7h (horizon: 3d))
  Found 35 potential slots
  [DEBUG] First 10 slots: [('B1.18', '18.00-22.25'), ('B1.10', '19.00-22.25'), ('B1.11', '19.00-22.25'), ('B1.06', '19.50-22.25'), ('B1.08', '19.50-22.25'), ('B0.14', '20.00-22.25'), ('B0.27', '20.00-22.25'), ('B1.14', '20.00-22.25'), ('B0.16', '20.00-22.25'), ('B1.20', '20.00-22.25')]
  [DEBUG] Peak quota for 2026-02-19: 0/120 min used, 120 min remaining
  [DEBUG] Strict mode: Filtered out 22 non-preferred slots
  [DEBUG] Starting booking attempts. Max per day: 2, slots available: 13
  [DEBUG] Attempt 1/15: B1.18 18.00-22.25 (duration: 4.25h)

============================================================
Trying: B1.18 at 18:00-20:00
============================================================
  [DEBUG] Click calculation: slot=18.00-20.00, center=19.00, click_pct=75.00%
  [DEBUG] Viewport: 1920x1080, scrollY=309
  [DEBUG] Day grid: left=400, width=1505, right=1905
  [DEBUG] Click target: x=1529, y=730 (target time: 18.00-20.00)
  Clicking at (1529, 730) for B1.18 (center)...
  [DEBUG] Got tooltip instead of menu: 19:00 in B1.18 (Practice: Grand Piano)...
  Clicking at (1544, 735) for B1.18 (offset right-bottom)...
  [DEBUG] No popup at offset right-bottom position
  Clicking at (1514, 725) for B1.18 (offset left-top)...
  [DEBUG] Got tooltip instead of menu: 18:45 in B1.18 (Practice: Grand Piano)...
  No booking popup found after trying multiple click positions - skipping
  [DEBUG] Attempt 2/15: B1.10 19.00-22.25 (duration: 3.25h)

============================================================
Trying: B1.10 at 19:00-21:00
============================================================
  [DEBUG] Click calculation: slot=19.00-21.00, center=20.00, click_pct=81.25%
  [DEBUG] Viewport: 1920x1080, scrollY=259
  [DEBUG] Day grid: left=400, width=1505, right=1905
  [DEBUG] Click target: x=1623, y=540 (target time: 19.00-21.00)
  Clicking at (1623, 540) for B1.10 (center)...
  [DEBUG] No popup at center position
  Clicking at (1638, 545) for B1.10 (offset right-bottom)...
  [DEBUG] Got tooltip instead of menu: 20:15 in B1.10 (Practice: Upright Piano)...
  Clicking at (1608, 535) for B1.10 (offset left-top)...
  [DEBUG] Click navigated directly to booking form
  [DEBUG] Click navigated directly to booking form
  [DEBUG] Setting times: 19:00 to 21:00
  [DEBUG] Found time inputs, filling start time...
  [DEBUG] Filling end time...
  [DEBUG] Verified times: start=19:00, end=21:00
  [DEBUG] Checking for errors/conflicts on booking form...
  [DEBUG] Found 9 time patterns on page
  Error: Conflicts with existing booking
  [Tracker] Added conflict: 2026-02-19 19.00-19.50
  [DEBUG] go_back() called
  [DEBUG] Booking form visible: True
  [DEBUG] Clicking back button...
  [DEBUG] Back on calendar (location-day found)
  [DEBUG] Attempt 3/15: B1.06 19.50-22.25 (duration: 2.75h)

============================================================
Trying: B1.06 at 19:30-21:30
============================================================
  [DEBUG] Click calculation: slot=19.50-21.50, center=20.50, click_pct=84.38%
  [DEBUG] Viewport: 1920x1080, scrollY=99
  [DEBUG] Day grid: left=400, width=1505, right=1905
  [DEBUG] Click target: x=1670, y=540 (target time: 19.50-21.50)
  Clicking at (1670, 540) for B1.06 (center)...
  [DEBUG] Got tooltip instead of menu: 20:30 in B1.06 (Practice: Upright Piano)...
  Clicking at (1685, 545) for B1.06 (offset right-bottom)...
  [DEBUG] No popup at offset right-bottom position
  Clicking at (1655, 535) for B1.06 (offset left-top)...
  [DEBUG] Got tooltip instead of menu: 20:15 in B1.06 (Practice: Upright Piano)...
  No booking popup found after trying multiple click positions - skipping
  [DEBUG] Attempt 4/15: B1.08 19.50-22.25 (duration: 2.75h)

============================================================
Trying: B1.08 at 19:30-21:30
============================================================
  [DEBUG] Click calculation: slot=19.50-21.50, center=20.50, click_pct=84.38%
  [DEBUG] Viewport: 1920x1080, scrollY=179
  [DEBUG] Day grid: left=400, width=1505, right=1905
  [DEBUG] Click target: x=1670, y=540 (target time: 19.50-21.50)
  Clicking at (1670, 540) for B1.08 (center)...
  [DEBUG] No popup at center position
  Clicking at (1685, 545) for B1.08 (offset right-bottom)...
  [DEBUG] Got tooltip instead of menu: 20:45 in B1.08 (Practice: Upright Piano)...
  Clicking at (1655, 535) for B1.08 (offset left-top)...
  [DEBUG] Looking for 'Student booking provisional' button...
  Found 'Student booking provisional' button
  [DEBUG] Setting times: 19:30 to 21:30
  [DEBUG] Found time inputs, filling start time...
  [DEBUG] Filling end time...
  [DEBUG] Verified times: start=19:30, end=21:30
  [DEBUG] Checking for errors/conflicts on booking form...
  [DEBUG] Found 8 time patterns on page
  Error: Conflicts with existing booking
  [DEBUG] go_back() called
  [DEBUG] Booking form visible: True
  [DEBUG] Clicking back button...
  [DEBUG] Back on calendar (location-day found)
  [DEBUG] Attempt 5/15: B0.14 20.00-22.25 (duration: 2.25h)

============================================================
Trying: B0.14 at 20:00-22:00
============================================================
  [DEBUG] Click calculation: slot=20.00-22.00, center=21.00, click_pct=87.50%
  [DEBUG] Viewport: 1920x1080, scrollY=0
  [DEBUG] Day grid: left=400, width=1505, right=1905
  [DEBUG] Click target: x=1717, y=319 (target time: 20.00-22.00)
  Clicking at (1717, 319) for B0.14 (center)...
  [DEBUG] Got tooltip instead of menu: 21:00 in B0.14 (Practice: Grand Piano)...
  Clicking at (1732, 324) for B0.14 (offset right-bottom)...
  [DEBUG] No popup at offset right-bottom position
  Clicking at (1702, 314) for B0.14 (offset left-top)...
  [DEBUG] Got tooltip instead of menu: 20:45 in B0.14 (Practice: Grand Piano)...
  No booking popup found after trying multiple click positions - skipping
  [DEBUG] Attempt 6/15: B0.27 20.00-22.25 (duration: 2.25h)

============================================================
Trying: B0.27 at 20:00-22:00
============================================================
  [DEBUG] Click calculation: slot=20.00-22.00, center=21.00, click_pct=87.50%
  [DEBUG] Viewport: 1920x1080, scrollY=0
  [DEBUG] Day grid: left=400, width=1505, right=1905
  [DEBUG] Click target: x=1717, y=479 (target time: 20.00-22.00)
  Clicking at (1717, 479) for B0.27 (center)...
  [DEBUG] No popup at center position
  Clicking at (1732, 484) for B0.27 (offset right-bottom)...
  [DEBUG] Got tooltip instead of menu: 21:15 in B0.27 (Practice: Grand Piano)...
  Clicking at (1702, 474) for B0.27 (offset left-top)...
  [DEBUG] Looking for 'Student booking provisional' button...
  Found 'Student booking provisional' button
  [DEBUG] Setting times: 20:00 to 22:00
  [DEBUG] Found time inputs, filling start time...
  [DEBUG] Filling end time...
  [DEBUG] Verified times: start=20:00, end=22:00
  [DEBUG] Checking for errors/conflicts on booking form...
  [DEBUG] Found 7 time patterns on page
  [DEBUG] Looking for Save button...
  [DEBUG] Save button icon: 'remove_circle'
  Save disabled (icon: remove_circle)
  [DEBUG] Rejection reason: Unknown reason
  [DEBUG] go_back() called
  [DEBUG] Booking form visible: True
  [DEBUG] Clicking back button...
  [DEBUG] Back on calendar (location-day found)
  [DEBUG] Attempt 7/15: B1.14 20.00-22.25 (duration: 2.25h)

============================================================
Trying: B1.14 at 20:00-22:00
============================================================
  [DEBUG] Click calculation: slot=20.00-22.00, center=21.00, click_pct=87.50%
  [DEBUG] Viewport: 1920x1080, scrollY=309
  [DEBUG] Day grid: left=400, width=1505, right=1905
  [DEBUG] Click target: x=1717, y=570 (target time: 20.00-22.00)
  Clicking at (1717, 570) for B1.14 (center)...
  [DEBUG] Got tooltip instead of menu: 21:00 in B1.14 (Practice: Grand Piano)...
  Clicking at (1732, 575) for B1.14 (offset right-bottom)...
  [DEBUG] No popup at offset right-bottom position
  Clicking at (1702, 565) for B1.14 (offset left-top)...
  [DEBUG] Got tooltip instead of menu: 20:45 in B1.14 (Practice: Grand Piano)...
  No booking popup found after trying multiple click positions - skipping
  [DEBUG] Attempt 8/15: B0.16 20.00-22.25 (duration: 2.25h)

============================================================
Trying: B0.16 at 20:00-22:00
============================================================
  [DEBUG] Click calculation: slot=20.00-22.00, center=21.00, click_pct=87.50%
  [DEBUG] Viewport: 1920x1080, scrollY=0
  [DEBUG] Day grid: left=400, width=1505, right=1905
  [DEBUG] Click target: x=1717, y=359 (target time: 20.00-22.00)
  Clicking at (1717, 359) for B0.16 (center)...
  [DEBUG] No popup at center position
  Clicking at (1732, 364) for B0.16 (offset right-bottom)...
  [DEBUG] Got tooltip instead of menu: 21:15 in B0.16 (Practice: Grand Piano)...
  Clicking at (1702, 354) for B0.16 (offset left-top)...
  [DEBUG] Looking for 'Student booking provisional' button...
  Found 'Student booking provisional' button
  [DEBUG] Setting times: 20:00 to 22:00
  [DEBUG] WARNING: Time inputs not found! start=0, end=0
  [DEBUG] Checking for errors/conflicts on booking form...
  [DEBUG] Found 0 time patterns on page
  [DEBUG] Looking for Save button...
  [DEBUG] Save button not found: count=0, visible=N/A
  Save button not found
  [DEBUG] go_back() called
  [DEBUG] Booking form visible: True
  [DEBUG] Clicking back button...
  [DEBUG] Back on calendar (location-day found)
  [DEBUG] Attempt 9/15: B1.20 20.00-22.25 (duration: 2.25h)

============================================================
Trying: B1.20 at 20:00-22:00
============================================================
  [DEBUG] Click calculation: slot=20.00-22.00, center=21.00, click_pct=87.50%
  [DEBUG] Viewport: 1920x1080, scrollY=309
  [DEBUG] Day grid: left=400, width=1505, right=1905
  [DEBUG] Click target: x=1717, y=810 (target time: 20.00-22.00)
  Clicking at (1717, 810) for B1.20 (center)...
  [DEBUG] Got tooltip instead of menu: 21:00 in B1.20 (Practice: Grand Piano)...
  Clicking at (1732, 815) for B1.20 (offset right-bottom)...
  [DEBUG] No popup at offset right-bottom position
  Clicking at (1702, 805) for B1.20 (offset left-top)...
  [DEBUG] Got tooltip instead of menu: 20:45 in B1.20 (Practice: Grand Piano)...
  No booking popup found after trying multiple click positions - skipping
  [DEBUG] Attempt 10/15: B1.07 20.00-22.25 (duration: 2.25h)

============================================================
Trying: B1.07 at 20:00-22:00
============================================================
  [DEBUG] Click calculation: slot=20.00-22.00, center=21.00, click_pct=87.50%
  [DEBUG] Viewport: 1920x1080, scrollY=139
  [DEBUG] Day grid: left=400, width=1505, right=1905
  [DEBUG] Click target: x=1717, y=540 (target time: 20.00-22.00)
  Clicking at (1717, 540) for B1.07 (center)...
  [DEBUG] No popup at center position
  Clicking at (1732, 545) for B1.07 (offset right-bottom)...
  [DEBUG] Got tooltip instead of menu: 21:15 in B1.07 (Practice: Upright Piano)...
  Clicking at (1702, 535) for B1.07 (offset left-top)...
  [DEBUG] Click navigated directly to booking form
  [DEBUG] Click navigated directly to booking form
  [DEBUG] Setting times: 20:00 to 22:00
  [DEBUG] Found time inputs, filling start time...
  [DEBUG] Filling end time...
  [DEBUG] Verified times: start=20:00, end=22:00
  [DEBUG] Checking for errors/conflicts on booking form...
  [DEBUG] Found 8 time patterns on page
  Error: Conflicts with existing booking
  [DEBUG] go_back() called
  [DEBUG] Booking form visible: True
  [DEBUG] Clicking back button...
  [DEBUG] Back on calendar (location-day found)
  [DEBUG] Attempt 11/15: B1.15 20.00-22.25 (duration: 2.25h)

============================================================
Trying: B1.15 at 20:00-22:00
============================================================
  [DEBUG] Click calculation: slot=20.00-22.00, center=21.00, click_pct=87.50%
  [DEBUG] Viewport: 1920x1080, scrollY=309
  [DEBUG] Day grid: left=400, width=1505, right=1905
  [DEBUG] Click target: x=1717, y=610 (target time: 20.00-22.00)
  Clicking at (1717, 610) for B1.15 (center)...
  [DEBUG] Got tooltip instead of menu: 21:00 in B1.15 (Practice: Grand Piano)...
  Clicking at (1732, 615) for B1.15 (offset right-bottom)...
  [DEBUG] No popup at offset right-bottom position
  Clicking at (1702, 605) for B1.15 (offset left-top)...
  [DEBUG] Got tooltip instead of menu: 20:45 in B1.15 (Practice: Grand Piano)...
  No booking popup found after trying multiple click positions - skipping
  [DEBUG] Attempt 12/15: B0.13 19.50-20.00 (duration: 0.50h)

============================================================
Trying: B0.13 at 19:30-20:00
============================================================
  [DEBUG] Click calculation: slot=19.50-20.00, center=19.75, click_pct=79.69%
  [DEBUG] Viewport: 1920x1080, scrollY=0
  [DEBUG] Day grid: left=400, width=1505, right=1905
  [DEBUG] Click target: x=1599, y=279 (target time: 19.50-20.00)
  Clicking at (1599, 279) for B0.13 (center)...
  [DEBUG] No popup at center position
  Clicking at (1614, 284) for B0.13 (offset right-bottom)...
  [DEBUG] Got tooltip instead of menu: 20:00 in B0.13 (Practice: Grand Piano)...
  Clicking at (1584, 274) for B0.13 (offset left-top)...
  [DEBUG] Looking for 'Student booking provisional' button...
  Found 'Student booking provisional' button
  [DEBUG] Setting times: 19:30 to 20:00
  [DEBUG] Found time inputs, filling start time...
  [DEBUG] Filling end time...
  [DEBUG] Verified times: start=19:30, end=20:00
  [DEBUG] Checking for errors/conflicts on booking form...
  [DEBUG] Found 8 time patterns on page
  Error: Conflicts with existing booking
  [DEBUG] go_back() called
  [DEBUG] Booking form visible: True
  [DEBUG] Clicking back button...
  [DEBUG] Back on calendar (location-day found)
  [DEBUG] No more valid slots (all_slots=1, conflicts filtered all)
  No more valid slots available

  Day summary: 0 bookings made, 12 attempts total

############################################################
# DAY 3: 2026-02-18 (Wednesday)
############################################################
  [Smart redistribution] Current: 0.5h, Target: +3.0h, Max bookings: 2
  [DEBUG] Session stats: 1 bookings so far, peak for this day: 0/120min
  Navigating backward 1 day(s)...
  [DEBUG] Current URL: https://rwcmd.asimut.net/overview?locationGroupId=10...
  [DEBUG] Navigation complete, now on day 3
  [DEBUG] Slot scan time: 21:51:17
  Displayed date: Royal Welsh College of Music & Drama
  [DEBUG] Earliest slots for 7-day horizon rooms: {'B0.11': '07:30', 'B0.13': '07:30', 'B0.14': '07:30', 'B0.16': '07:30'}
  [DEBUG] Expected earliest (now - 7 days): ~21:51 on target date
  Found 38 potential slots
  [DEBUG] First 10 slots: [('B1.07', '20.50-22.25'), ('B0.14', '10.00-10.50'), ('B0.29', '7.50-9.00'), ('B1.14', '7.50-8.50'), ('B0.16', '7.50-9.00'), ('B1.20', '7.50-8.50'), ('B1.21', '7.50-9.00'), ('B1.09', '21.00-22.25'), ('B1.14', '21.00-22.25'), ('B1.20', '21.00-22.25')]
  [DEBUG] Peak quota for 2026-02-18: 0/120 min used, 120 min remaining
  [DEBUG] Known conflicts for this day: ['14.00-16.00', '19.00-19.50', '19.50-21.50']
  [DEBUG] Slot adjustment: 0 conflict-removed, 0 removed, 6 adjusted, 0 peak-adjusted, 0 weekly-adjusted
  [DEBUG] Strict mode: Filtered out 37 non-preferred slots
  [DEBUG] Starting booking attempts. Max per day: 2, slots available: 1
  [DEBUG] Attempt 1/15: B0.14 10.00-10.50 (duration: 0.50h)

============================================================
Trying: B0.14 at 10:00-10:30
============================================================
  [DEBUG] Click calculation: slot=10.00-10.50, center=10.25, click_pct=20.31%
  [DEBUG] Viewport: 1920x1080, scrollY=0
  [DEBUG] Day grid: left=400, width=1505, right=1905
  [DEBUG] Click target: x=706, y=319 (target time: 10.00-10.50)
  Clicking at (706, 319) for B0.14 (center)...
  [DEBUG] Got tooltip instead of menu: 10:15 in B0.14 (Practice: Grand Piano)...
  Clicking at (721, 324) for B0.14 (offset right-bottom)...
  [DEBUG] No popup at offset right-bottom position
  Clicking at (691, 314) for B0.14 (offset left-top)...
  [DEBUG] Got tooltip instead of menu: 10:00 in B0.14 (Practice: Grand Piano)...
  No booking popup found after trying multiple click positions - skipping
  [DEBUG] No more valid slots (all_slots=0, conflicts filtered all)
  No more valid slots available

  Day summary: 0 bookings made, 1 attempts total

############################################################
# DAY 2: 2026-02-17 (Tuesday)
############################################################
  [Smart redistribution] Current: 2.8h, Target: +0.8h, Max bookings: 1
  [DEBUG] Session stats: 1 bookings so far, peak for this day: 0/120min
  Navigating backward 1 day(s)...
  [DEBUG] Current URL: https://rwcmd.asimut.net/overview?locationGroupId=10...
  [DEBUG] Navigation complete, now on day 2
  [DEBUG] Slot scan time: 21:51:28
  Displayed date: Royal Welsh College of Music & Drama
  [DEBUG] Earliest slots for 7-day horizon rooms: {'B0.11': '07:30', 'B0.13': '07:30', 'B0.14': '07:30', 'B0.16': '07:30'}
  [DEBUG] Expected earliest (now - 7 days): ~21:51 on target date
  Found 38 potential slots
  [DEBUG] First 10 slots: [('B1.07', '20.50-22.25'), ('B0.14', '10.00-10.50'), ('B0.29', '7.50-9.00'), ('B1.14', '7.50-8.50'), ('B0.16', '7.50-9.00'), ('B1.20', '7.50-8.50'), ('B1.21', '7.50-9.00'), ('B1.09', '21.00-22.25'), ('B1.14', '21.00-22.25'), ('B1.20', '21.00-22.25')]
  [DEBUG] Peak quota for 2026-02-17: 0/120 min used, 120 min remaining
  [DEBUG] Known conflicts for this day: ['19.00-19.50', '20.00-20.50', '20.50-22.25']
  [DEBUG] Slot adjustment: 17 conflict-removed, 0 removed, 0 adjusted, 0 peak-adjusted, 0 weekly-adjusted
  [DEBUG] Strict mode: Filtered out 20 non-preferred slots
  [DEBUG] Starting booking attempts. Max per day: 1, slots available: 1
  [DEBUG] Attempt 1/15: B0.14 10.00-10.50 (duration: 0.50h)

============================================================
Trying: B0.14 at 10:00-10:30
============================================================
  [DEBUG] Click calculation: slot=10.00-10.50, center=10.25, click_pct=20.31%
  [DEBUG] Viewport: 1920x1080, scrollY=0
  [DEBUG] Day grid: left=400, width=1505, right=1905
  [DEBUG] Click target: x=706, y=319 (target time: 10.00-10.50)
  Clicking at (706, 319) for B0.14 (center)...
  [DEBUG] Got tooltip instead of menu: 10:15 in B0.14 (Practice: Grand Piano)...
  Clicking at (721, 324) for B0.14 (offset right-bottom)...
  [DEBUG] No popup at offset right-bottom position
  Clicking at (691, 314) for B0.14 (offset left-top)...
  [DEBUG] Got tooltip instead of menu: 10:00 in B0.14 (Practice: Grand Piano)...
  No booking popup found after trying multiple click positions - skipping
  [DEBUG] No more valid slots (all_slots=0, conflicts filtered all)
  No more valid slots available

  Day summary: 0 bookings made, 1 attempts total

############################################################
# DAY 1: 2026-02-16 (Monday)
############################################################
  [Smart redistribution] Current: 2.0h, Target: +1.5h, Max bookings: 1
  [DEBUG] Session stats: 1 bookings so far, peak for this day: 0/120min
  Navigating backward 1 day(s)...
  [DEBUG] Current URL: https://rwcmd.asimut.net/overview?locationGroupId=10...
  [DEBUG] Navigation complete, now on day 1
  [DEBUG] Slot scan time: 21:51:39
  Displayed date: Royal Welsh College of Music & Drama
  [DEBUG] Earliest slots for 7-day horizon rooms: {'B0.11': '07:30', 'B0.13': '07:30', 'B0.14': '07:30', 'B0.16': '07:30'}
  [DEBUG] Expected earliest (now - 7 days): ~21:51 on target date
  Found 38 potential slots
  [DEBUG] First 10 slots: [('B1.07', '20.50-22.25'), ('B0.14', '10.00-10.50'), ('B0.29', '7.50-9.00'), ('B1.14', '7.50-8.50'), ('B0.16', '7.50-9.00'), ('B1.20', '7.50-8.50'), ('B1.21', '7.50-9.00'), ('B1.09', '21.00-22.25'), ('B1.14', '21.00-22.25'), ('B1.20', '21.00-22.25')]
  [DEBUG] Peak quota for 2026-02-16: 0/120 min used, 120 min remaining
  [DEBUG] Known conflicts for this day: ['20.00-22.00']
  [DEBUG] Slot adjustment: 17 conflict-removed, 0 removed, 0 adjusted, 0 peak-adjusted, 0 weekly-adjusted
  [DEBUG] Strict mode: Filtered out 20 non-preferred slots
  [DEBUG] Starting booking attempts. Max per day: 1, slots available: 1
  [DEBUG] Attempt 1/15: B0.14 10.00-10.50 (duration: 0.50h)

============================================================
Trying: B0.14 at 10:00-10:30
============================================================
  [DEBUG] Click calculation: slot=10.00-10.50, center=10.25, click_pct=20.31%
  [DEBUG] Viewport: 1920x1080, scrollY=0
  [DEBUG] Day grid: left=400, width=1505, right=1905
  [DEBUG] Click target: x=706, y=319 (target time: 10.00-10.50)
  Clicking at (706, 319) for B0.14 (center)...
  [DEBUG] Got tooltip instead of menu: 10:15 in B0.14 (Practice: Grand Piano)...
  Clicking at (721, 324) for B0.14 (offset right-bottom)...
  [DEBUG] No popup at offset right-bottom position
  Clicking at (691, 314) for B0.14 (offset left-top)...
  [DEBUG] Got tooltip instead of menu: 10:00 in B0.14 (Practice: Grand Piano)...
  No booking popup found after trying multiple click positions - skipping
  [DEBUG] No more valid slots (all_slots=0, conflicts filtered all)
  No more valid slots available

  Day summary: 0 bookings made, 1 attempts total

############################################################
# DAY 0: 2026-02-15 (Sunday)
############################################################
  [Smart redistribution] Current: 0.0h, Target: +3.5h, Max bookings: 2
  [DEBUG] Session stats: 1 bookings so far, peak for this day: 0/120min
  Navigating backward 1 day(s)...
  [DEBUG] Current URL: https://rwcmd.asimut.net/overview?locationGroupId=10...
  [DEBUG] Navigation complete, now on day 0
  [DEBUG] Slot scan time: 21:51:50
  Displayed date: Royal Welsh College of Music & Drama
  [DEBUG] Earliest slots for 7-day horizon rooms: {'B0.11': '07:30', 'B0.13': '07:30', 'B0.14': '07:30', 'B0.16': '07:30'}
  [DEBUG] Expected earliest (now - 7 days): ~21:51 on target date
  Found 3 potential slots
  [DEBUG] First 10 slots: [('B0.11', '21.75-22.25'), ('B0.27', '21.75-22.25'), ('B1.17', '21.75-22.25')]
  [DEBUG] Peak quota for 2026-02-15: 0/120 min used, 9999 min remaining
  [DEBUG] Strict mode: Filtered out 3 non-preferred slots
  [DEBUG] Starting booking attempts. Max per day: 2, slots available: 0
  [DEBUG] No more valid slots (all_slots=0, conflicts filtered all)
  No more valid slots available

  Day summary: 0 bookings made, 0 attempts total

============================================================
BOOKING COMPLETE
============================================================
Total bookings made: 1
Peak hours used (per day):
  2026-02-20: 30/120 min

All bookings:
  2026-02-20 B0.16 11:30-12:00
============================================================
History saved: 1 bookings, 7 events
Notification sent: Booked 1 room

Keeping browser open for 30 seconds to verify...
============================================================ 
[15/02/2026 21:52:21.22] Booking run completed 
