[07/02/2026 14:43:51.35] Starting scheduled booking run... 
============================================================ 
============================================================
ASIMUT WEEK BOOKER
============================================================
Today: 2026-02-07
Booking for: 2026-02-07 to 2026-02-14
Mode: Visible browser
============================================================

============================================================
SCANNING MY AGENDA FOR EXISTING EVENTS
============================================================
  [DEBUG] Navigating to agenda page...
  [DEBUG] Agenda page loaded, URL: https://rwcmd.asimut.net/agenda...
  Scrolling until we reach 14 February 2026...
  [DEBUG] Found target date '14 February 2026' after 2 scrolls
  Final pass to capture all events (10 scrolls)...
  [DEBUG] Raw events extracted: 23

  Found 23 unique events in agenda (deduplicated from 23):
  [Tracker] Added reservation: 2026-02-07 15.75-16.25
  [R] 2026-02-07 (Saturday): 15:45 - 16:15 in B1.17
  [Tracker] Added reservation: 2026-02-07 16.50-17.25
  [R] 2026-02-07 (Saturday): 16:30 - 17:15 in B1.06
  [Tracker] Added reservation: 2026-02-08 9.50-10.25
  [R] 2026-02-08 (Sunday): 09:30 - 10:15 in B0.13
  [Tracker] Added reservation: 2026-02-08 10.25-10.75
  [R] 2026-02-08 (Sunday): 10:15 - 10:45 in B1.14
  [Tracker] Added conflict: 2026-02-08 11.00-13.00
      2026-02-08 (Sunday): 11:00 - 13:00
  [Tracker] Added reservation: 2026-02-08 14.00-14.50
  [R] 2026-02-08 (Sunday): 14:00 - 14:30 in B1.18
  [Tracker] Added conflict: 2026-02-08 14.50-17.50
      2026-02-08 (Sunday): 14:30 - 17:30
  [Tracker] Added reservation: 2026-02-09 9.75-11.25 (+90min peak)
  [R] 2026-02-09 (Monday): 09:45 - 11:15 in B0.13
  [Tracker] Added reservation: 2026-02-09 12.25-12.75 (+30min peak)
  [R] 2026-02-09 (Monday): 12:15 - 12:45 in B0.14
  [Tracker] Added reservation: 2026-02-09 20.00-22.00
  [R] 2026-02-09 (Monday): 20:00 - 22:00 in B0.16
  [Tracker] Added reservation: 2026-02-10 9.00-10.00 (+60min peak)
  [R] 2026-02-10 (Tuesday): 09:00 - 10:00 in B0.16
  [Tracker] Added conflict: 2026-02-10 11.25-13.00
      2026-02-10 (Tuesday): 11:15 - 13:00
  [Tracker] Added conflict: 2026-02-10 13.00-14.00
      2026-02-10 (Tuesday): 13:00 - 14:00
  [Tracker] Added reservation: 2026-02-10 15.50-16.00 (+30min peak)
  [R] 2026-02-10 (Tuesday): 15:30 - 16:00 in B1.18
  [Tracker] Added reservation: 2026-02-10 17.00-17.50
  [R] 2026-02-10 (Tuesday): 17:00 - 17:30 in B1.11
  [Tracker] Added reservation: 2026-02-10 17.50-18.00
  [R] 2026-02-10 (Tuesday): 17:30 - 18:00 in B0.23
  [Tracker] Added conflict: 2026-02-10 18.00-21.00
      2026-02-10 (Tuesday): 18:00 - 21:00 in B0.08
  [Tracker] Added conflict: 2026-02-11 16.00-17.50
      2026-02-11 (Wednesday): 16:00 - 17:30 in B0.03
  [Tracker] Added conflict: 2026-02-12 10.00-11.00
      2026-02-12 (Thursday): 10:00 - 11:00 in B1.09
  [Tracker] Added conflict: 2026-02-12 17.00-18.00
      2026-02-12 (Thursday): 17:00 - 18:00 in B0.03
  [Tracker] Added reservation: 2026-02-12 20.00-22.00
  [R] 2026-02-12 (Thursday): 20:00 - 22:00 in B0.11
  [Tracker] Added reservation: 2026-02-13 17.00-18.00
  [R] 2026-02-13 (Friday): 17:00 - 18:00 in B0.16
  [Tracker] Added reservation: 2026-02-13 19.25-20.25
  [R] 2026-02-13 (Friday): 19:15 - 20:15 in B0.14

  Total events: 23 (15 reservations, 8 other)

  Rolling quota: 13.5/28 hours this week
  [OK] Can book 14.5 more hours
  Peak hours from existing reservations:
    2026-02-09: 120/120 min
    2026-02-10: 90/120 min
============================================================

Navigating to practice rooms (AHC)...
  Currently showing: Unknown

  Disabled dates (will skip): ['2026-02-02', '2026-02-03', '2026-02-04', '2026-02-05', '2026-02-06', '2026-02-07', '2026-02-08', '2026-02-09']

  Time preferences: Prioritizing 09:00 - 21:00
  Strict mode: ON (only booking preferred times)

  Booking strategy: REVERSE ORDER (furthest dates first)

  Smart redistribution calculation:
    Enabled days: 5/8
    Remaining quota: 14.5h
    Ideal hours/day: 5.6h
    Current hours per day:
      2026-02-10 (Tue): 2.5h [needs +3.1h]
      2026-02-11 (Wed): 0.0h [needs +5.6h]
      2026-02-12 (Thu): 2.0h [needs +3.6h]
      2026-02-13 (Fri): 2.0h [needs +3.6h]
      2026-02-14 (Sat): 0.0h [needs +5.6h]

  Navigating to day 7 first (reverse order strategy)...

============================================================
CHECKING FOR HORIZON SNIPE OPPORTUNITIES (MULTI-DAY)
============================================================

  Found 9 pending extension(s) - will skip conflicting snipe candidates

  Scanning 3 horizon days for snipe candidates: [7, 5, 3]

    Scanning Day 7 (2026-02-14) for 7-day horizon rooms...
      No snipe candidates found for Day 7

    Scanning Day 5 (2026-02-12) for 5-day horizon rooms...
    Navigating backward 2 day(s) to Day 5...
      No snipe candidates found for Day 5

    Scanning Day 3 (2026-02-10) for 3-day horizon rooms...
    Navigating backward 2 day(s) to Day 3...
      No snipe candidates found for Day 3

  Total snipe candidates found: 0
  No snipe candidates found (no slots becoming bookable within 3 minutes)
============================================================

============================================================
READY - Waiting for target time: 14:45
============================================================
Current time: 14:44:47
Seconds to wait: 12
  T-10s...
  T-0s...

>>> TARGET TIME REACHED: 14:45:00 <<<
============================================================


============================================================
REFRESHING PAGE FOR UPDATED SLOT AVAILABILITY
============================================================
  [DEBUG] Pre-refresh time: 14:45:00.298
  [DEBUG] Current URL: https://rwcmd.asimut.net/overview?locationGroupId=10...
  [DEBUG] Calendar position before refresh: day 3
  [DEBUG] Post-refresh time: 14:45:03.409
  [DEBUG] Refresh took: 3.11s
  [DEBUG] Post-refresh URL: https://rwcmd.asimut.net/overview?locationGroupId=10...
  [DEBUG] Calendar position after refresh: day 3 (unchanged)
  [DEBUG] Could not extract slot times
============================================================

============================================================
PROCESSING BOOKING EXTENSIONS
============================================================
Found 9 potentially extendable booking(s)

============================================================
EXTENDING BOOKING: B0.13 on 2026-02-12
  Current: 19:30 - 20:00
  Target:  19:30 - 21:30
============================================================
  Editing reservation: B0.13 on 2026-02-12
    Current: 19:30-20:00
    New end: 21:30
    Error editing reservation: Page.goto: net::ERR_NETWORK_IO_SUSPENDED at https://rwcmd.asimut.net/agenda
Call log:
  - navigating to "https://rwcmd.asimut.net/agenda", waiting until "networkidle"

  Skipped B0.13 2026-02-12 19:30: Edit operation failed

============================================================
EXTENDING BOOKING: B0.16 on 2026-02-12
  Current: 19:45 - 20:15
  Target:  19:45 - 21:45
============================================================
  Editing reservation: B0.16 on 2026-02-12
    Current: 19:45-20:15
    New end: 21:45
    Error editing reservation: Page.goto: net::ERR_NETWORK_IO_SUSPENDED at https://rwcmd.asimut.net/agenda
Call log:
  - navigating to "https://rwcmd.asimut.net/agenda", waiting until "networkidle"

  Skipped B0.16 2026-02-12 19:45: Edit operation failed

============================================================
EXTENDING BOOKING: B0.16 on 2026-02-12
  Current: 20:00 - 20:30
  Target:  20:00 - 22:00
============================================================
  Editing reservation: B0.16 on 2026-02-12
    Current: 20:00-20:30
    New end: 22:00
    Error editing reservation: Page.goto: net::ERR_NETWORK_IO_SUSPENDED at https://rwcmd.asimut.net/agenda
Call log:
  - navigating to "https://rwcmd.asimut.net/agenda", waiting until "networkidle"

  Skipped B0.16 2026-02-12 20:00: Edit operation failed

============================================================^C