[07/02/2026 15:13:02.52] Starting scheduled booking run... 
============================================================ 
============================================================
ASIMUT WEEK BOOKER
============================================================
Today: 2026-02-07
Booking for: 2026-02-07 to 2026-02-14
Mode: Visible browser
============================================================

============================================================
SCANNING MY AGENDA FOR EXISTING EVENTS
============================================================
  [DEBUG] Navigating to agenda page...
  [DEBUG] Agenda page loaded, URL: https://rwcmd.asimut.net/agenda...
  Scrolling until we reach 14 February 2026...
  [DEBUG] Found target date '14 February 2026' after 1 scrolls
  Final pass to capture all events (10 scrolls)...
  [DEBUG] Raw events extracted: 23

  Found 23 unique events in agenda (deduplicated from 23):
  [Tracker] Added reservation: 2026-02-07 15.75-16.25
  [R] 2026-02-07 (Saturday): 15:45 - 16:15 in B1.17
  [Tracker] Added reservation: 2026-02-07 16.50-17.25
  [R] 2026-02-07 (Saturday): 16:30 - 17:15 in B1.06
  [Tracker] Added reservation: 2026-02-08 9.50-10.25
  [R] 2026-02-08 (Sunday): 09:30 - 10:15 in B0.13
  [Tracker] Added reservation: 2026-02-08 10.25-10.75
  [R] 2026-02-08 (Sunday): 10:15 - 10:45 in B1.14
  [Tracker] Added conflict: 2026-02-08 11.00-13.00
      2026-02-08 (Sunday): 11:00 - 13:00
  [Tracker] Added reservation: 2026-02-08 14.00-14.50
  [R] 2026-02-08 (Sunday): 14:00 - 14:30 in B1.18
  [Tracker] Added conflict: 2026-02-08 14.50-17.50
      2026-02-08 (Sunday): 14:30 - 17:30
  [Tracker] Added reservation: 2026-02-09 9.75-11.25 (+90min peak)
  [R] 2026-02-09 (Monday): 09:45 - 11:15 in B0.13
  [Tracker] Added reservation: 2026-02-09 12.25-12.75 (+30min peak)
  [R] 2026-02-09 (Monday): 12:15 - 12:45 in B0.14
  [Tracker] Added reservation: 2026-02-09 20.00-22.00
  [R] 2026-02-09 (Monday): 20:00 - 22:00 in B0.16
  [Tracker] Added reservation: 2026-02-10 9.00-10.00 (+60min peak)
  [R] 2026-02-10 (Tuesday): 09:00 - 10:00 in B0.16
  [Tracker] Added conflict: 2026-02-10 11.25-13.00
      2026-02-10 (Tuesday): 11:15 - 13:00
  [Tracker] Added conflict: 2026-02-10 13.00-14.00
      2026-02-10 (Tuesday): 13:00 - 14:00
  [Tracker] Added reservation: 2026-02-10 15.50-16.00 (+30min peak)
  [R] 2026-02-10 (Tuesday): 15:30 - 16:00 in B1.18
  [Tracker] Added reservation: 2026-02-10 17.00-17.50
  [R] 2026-02-10 (Tuesday): 17:00 - 17:30 in B1.11
  [Tracker] Added reservation: 2026-02-10 17.50-18.00
  [R] 2026-02-10 (Tuesday): 17:30 - 18:00 in B0.23
  [Tracker] Added conflict: 2026-02-10 18.00-21.00
      2026-02-10 (Tuesday): 18:00 - 21:00 in B0.08
  [Tracker] Added conflict: 2026-02-11 16.00-17.50
      2026-02-11 (Wednesday): 16:00 - 17:30 in B0.03
  [Tracker] Added conflict: 2026-02-12 10.00-11.00
      2026-02-12 (Thursday): 10:00 - 11:00 in B1.09
  [Tracker] Added conflict: 2026-02-12 17.00-18.00
      2026-02-12 (Thursday): 17:00 - 18:00 in B0.03
  [Tracker] Added reservation: 2026-02-12 20.00-22.00
  [R] 2026-02-12 (Thursday): 20:00 - 22:00 in B0.11
  [Tracker] Added reservation: 2026-02-13 17.00-18.00
  [R] 2026-02-13 (Friday): 17:00 - 18:00 in B0.16
  [Tracker] Added reservation: 2026-02-13 19.25-20.25
  [R] 2026-02-13 (Friday): 19:15 - 20:15 in B0.14

  Total events: 23 (15 reservations, 8 other)

  Rolling quota: 13.5/28 hours this week
  [OK] Can book 14.5 more hours
  Peak hours from existing reservations:
    2026-02-09: 120/120 min
    2026-02-10: 90/120 min
============================================================

Navigating to practice rooms (AHC)...
  Currently showing: Unknown

  Disabled dates (will skip): ['2026-02-02', '2026-02-03', '2026-02-04', '2026-02-05', '2026-02-06', '2026-02-07', '2026-02-08', '2026-02-09']

  Time preferences: Prioritizing 09:00 - 21:00
  Strict mode: ON (only booking preferred times)

  Booking strategy: REVERSE ORDER (furthest dates first)

  Smart redistribution calculation:
    Enabled days: 5/8
    Remaining quota: 14.5h
    Ideal hours/day: 5.6h
    Current hours per day:
      2026-02-10 (Tue): 2.5h [needs +3.1h]
      2026-02-11 (Wed): 0.0h [needs +5.6h]
      2026-02-12 (Thu): 2.0h [needs +3.6h]
      2026-02-13 (Fri): 2.0h [needs +3.6h]
      2026-02-14 (Sat): 0.0h [needs +5.6h]

  Navigating to day 7 first (reverse order strategy)...

============================================================
CHECKING FOR HORIZON SNIPE OPPORTUNITIES (MULTI-DAY)
============================================================

  Found 9 pending extension(s) - will skip conflicting snipe candidates

  Scanning 3 horizon days for snipe candidates: [7, 5, 3]

    Scanning Day 7 (2026-02-14) for 7-day horizon rooms...
      No snipe candidates found for Day 7

    Scanning Day 5 (2026-02-12) for 5-day horizon rooms...
    Navigating backward 2 day(s) to Day 5...
      No snipe candidates found for Day 5

    Scanning Day 3 (2026-02-10) for 3-day horizon rooms...
    Navigating backward 2 day(s) to Day 3...
      No snipe candidates found for Day 3

  Total snipe candidates found: 0
  No snipe candidates found (no slots becoming bookable within 3 minutes)
============================================================

============================================================
READY - Waiting for target time: 15:15
============================================================
Current time: 15:13:38
Seconds to wait: 82
  T-80s...
  T-70s...
  T-60s...
  T-50s...
  T-40s...
  T-30s...
  T-20s...
  T-10s...
  T-0s...

>>> TARGET TIME REACHED: 15:15:00 <<<
============================================================


============================================================
REFRESHING PAGE FOR UPDATED SLOT AVAILABILITY
============================================================
  [DEBUG] Pre-refresh time: 15:15:00.146
  [DEBUG] Current URL: https://rwcmd.asimut.net/overview?locationGroupId=10...
  [DEBUG] Calendar position before refresh: day 3
  [DEBUG] Post-refresh time: 15:15:02.579
  [DEBUG] Refresh took: 2.43s
  [DEBUG] Post-refresh URL: https://rwcmd.asimut.net/overview?locationGroupId=10...
  [DEBUG] Calendar position after refresh: day 3 (unchanged)
  [DEBUG] Could not extract slot times
============================================================

============================================================
PROCESSING BOOKING EXTENSIONS
============================================================
Found 9 potentially extendable booking(s)

============================================================
EXTENDING BOOKING: B0.13 on 2026-02-12
  Current: 19:30 - 20:00
  Target:  19:30 - 21:30
============================================================
  Editing reservation: B0.13 on 2026-02-12
    Current: 19:30-20:00
    New end: 21:30
    Not found in visible area, scrolling...
    Could not find event card for B0.13 2026-02-12 19:30
  Skipped B0.13 2026-02-12 19:30: Edit operation failed

============================================================
EXTENDING BOOKING: B0.16 on 2026-02-12
  Current: 19:45 - 20:15
  Target:  19:45 - 21:45
============================================================
  Editing reservation: B0.16 on 2026-02-12
    Current: 19:45-20:15
    New end: 21:45
    Not found in visible area, scrolling...
    Could not find event card for B0.16 2026-02-12 19:45
  Skipped B0.16 2026-02-12 19:45: Edit operation failed

============================================================
EXTENDING BOOKING: B0.16 on 2026-02-12
  Current: 20:00 - 20:30
  Target:  20:00 - 22:00
============================================================
  Editing reservation: B0.16 on 2026-02-12
    Current: 20:00-20:30
    New end: 22:00
    Not found in visible area, scrolling...
    Could not find event card for B0.16 2026-02-12 20:00
  Skipped B0.16 2026-02-12 20:00: Edit operation failed

============================================================
EXTENDING BOOKING: B0.13 on 2026-02-12
  Current: 20:15 - 20:45
  Target:  20:15 - 22:15
============================================================
  Editing reservation: B0.13 on 2026-02-12
    Current: 20:15-20:45
    New end: 22:15
    Not found in visible area, scrolling...
    Could not find event card for B0.13 2026-02-12 20:15
  Skipped B0.13 2026-02-12 20:15: Edit operation failed

============================================================
EXTENDING BOOKING: B0.11 on 2026-02-13
  Current: 19:15 - 19:45
  Target:  19:15 - 21:15
============================================================
  Editing reservation: B0.11 on 2026-02-13
    Current: 19:15-19:45
    New end: 21:15
    Not found in visible area, scrolling...
    Could not find event card for B0.11 2026-02-13 19:15
  Skipped B0.11 2026-02-13 19:15: Edit operation failed

============================================================
EXTENDING BOOKING: B0.14 on 2026-02-13
  Current: 19:15 - 20:15
  Target:  19:15 - 21:15
============================================================
  Editing reservation: B0.14 on 2026-02-13
    Current: 19:15-20:15
    New end: 21:15
    Not found in visible area, scrolling...
    Found matching event card (panel #58)
    SUCCESS: Extended to 21:15
  [Tracker] Added 1.00h extension to quota (14.5/28h)
  [Tracker] Updated reservation_ranges: B0.14 now ends at 21:15

============================================================
EXTENDING BOOKING: B1.17 on 2026-02-11
  Current: 19:30 - 20:00
  Target:  19:30 - 21:30
============================================================
  Editing reservation: B1.17 on 2026-02-11
    Current: 19:30-20:00
    New end: 21:30
    Not found in visible area, scrolling...
    Could not find event card for B1.17 2026-02-11 19:30
  Skipped B1.17 2026-02-11 19:30: Edit operation failed

============================================================
EXTENDING BOOKING: B1.08 on 2026-02-11
  Current: 19:30 - 20:00
  Target:  19:30 - 21:30
============================================================
  Editing reservation: B1.08 on 2026-02-11
    Current: 19:30-20:00
    New end: 21:30
    Not found in visible area, scrolling...
    Could not find event card for B1.08 2026-02-11 19:30
  Skipped B1.08 2026-02-11 19:30: Edit operation failed

============================================================
EXTENDING BOOKING: B1.20 on 2026-02-11
  Current: 19:45 - 20:15
  Target:  19:45 - 21:45
============================================================
  Editing reservation: B1.20 on 2026-02-11
    Current: 19:45-20:15
    New end: 21:45
    Not found in visible area, scrolling...
    Could not find event card for B1.20 2026-02-11 19:45
  Skipped B1.20 2026-02-11 19:45: Edit operation failed

Extended 1 booking(s)
============================================================

Navigating back to practice rooms...

############################################################
# DAY 7: 2026-02-14 (Saturday)
############################################################
  [Smart redistribution] Current: 0.0h, Target: +5.6h, Max bookings: 3
  [DEBUG] Session stats: 1 bookings so far, peak for this day: 0/120min
  Navigating forward 7 day(s)...
  [DEBUG] Current URL: https://rwcmd.asimut.net/overview?locationGroupId=10...
  [DEBUG] Navigation complete, now on day 7
  [DEBUG] Slot scan time: 15:16:29
  Displayed date: Royal Welsh College of Music & Drama
  [DEBUG] Earliest slots for 7-day horizon rooms: {'B0.11': '08:00', 'B0.13': '08:00', 'B0.14': '08:00', 'B0.16': '08:00'}
  [DEBUG] Expected earliest (now - 7 days): ~15:16 on target date
  [DEBUG] Rooms skipped (not yet available): B0.23 (Available in 1.7d (horizon: 5d)), B0.27 (Available in 1.7d (horizon: 5d)), B0.29 (Available in 1.7d (horizon: 5d)), B1.06 (Available in 1.7d (horizon: 5d)), B1.07 (Available in 1.7d (horizon: 5d)), B1.08 (Available in 1.7d (horizon: 5d)), B1.09 (Available in 3.7d (horizon: 3d)), B1.10 (Available in 1.7d (horizon: 5d)), B1.11 (Available in 1.7d (horizon: 5d)), B1.14 (Available in 1.7d (horizon: 5d)), B1.15 (Available in 1.7d (horizon: 5d)), B1.16 (Available in 3.7d (horizon: 3d)), B1.17 (Available in 1.7d (horizon: 5d)), B1.18 (Available in 1.7d (horizon: 5d)), B1.19 (Available in 1.7d (horizon: 5d)), B1.20 (Available in 1.7d (horizon: 5d)), B1.21 (Available in 1.7d (horizon: 5d))
  Found 10 potential slots
  [DEBUG] First 10 slots: [('B0.14', '14.50-17.25'), ('B0.13', '15.00-17.25'), ('B0.11', '15.25-17.25'), ('B0.16', '15.25-17.25'), ('B0.14', '12.50-13.00'), ('B0.16', '13.50-14.00'), ('B0.11', '8.00-9.00'), ('B0.13', '8.00-12.50'), ('B0.14', '8.00-10.50'), ('B0.16', '8.00-12.00')]
  [DEBUG] Peak quota for 2026-02-14: 0/120 min used, 9999 min remaining
  [DEBUG] Strict mode: Filtered out 4 non-preferred slots
  [DEBUG] Starting booking attempts. Max per day: 3, slots available: 6
  [DEBUG] Attempt 1/15: B0.14 14.50-17.25 (duration: 2.75h)

============================================================
Trying: B0.14 at 14:30-15:15 (HORIZON LIMITED)
  Will extend later: target 14:30-16:30
============================================================
  [DEBUG] Click calculation: slot=14.50-15.25, center=14.88, click_pct=49.22%
  [DEBUG] Viewport: 1920x1080, scrollY=0
  [DEBUG] Day grid: left=400, width=1505, right=1905
  [DEBUG] Click target: x=1141, y=319 (target time: 14.50-15.25)
  Clicking at (1141, 319) for B0.14 (center)...
  [DEBUG] Looking for 'Student booking provisional' button...
  Found 'Student booking provisional' button
  [DEBUG] Setting times: 14:30 to 15:15
  [DEBUG] Found time inputs, filling start time...
  [DEBUG] Filling end time...
  [DEBUG] Verified times: start=14:30, end=15:15
  [DEBUG] Checking for errors/conflicts on booking form...
  [DEBUG] Found 7 time patterns on page
  [DEBUG] Looking for Save button...
  [DEBUG] Save button icon: 'check'
  [DEBUG] Save button at: x=350, y=508
  Clicking Save...
  [DEBUG] After save - form visible: N/A, URL: https://rwcmd.asimut.net/arrangement?eventId=33692...
  [Tracker] Added booking: B0.14 2026-02-14 14.50-15.25
  [Tracker] Total bookings: 1, Day hours: 0.8h, Peak: 0/120 min
  SUCCESS: Booked B0.14 14:30-15:15
  [EXTEND] Saved for extension: B0.14 2026-02-14 14:30->16:30
  [DEBUG] Booking successful! Day total: 1, session total: 2
  [DEBUG] Navigating back to calendar...
  [DEBUG] go_back() called
  [DEBUG] Booking form visible: False
  [DEBUG] go_back exception: Page.wait_for_selector: Timeout 5000ms exceeded.
Call log:
  - waiting for locator(".location-day") to be visible

  Warning: go_back issue (Page.wait_for_selector: Timeout 5000ms exceeded.
Call log:
  - waiting for locator(".location-day") to be visible
), trying Escape + browser back...
  [DEBUG] Refreshing slot data after successful booking...
  [DEBUG] Raw slots from page: 35 (from 29 rooms)
  [DEBUG] Updated peak quota for 2026-02-14: 9999 min remaining
  [DEBUG] Rebuilt slot list: 6 slots remaining
  [DEBUG] Attempt 2/15: B0.11 15.25-17.25 (duration: 2.00h)
  Skipping B0.11 15:15: Only 0min past horizon (need 30min, wait 30min)
    [DEBUG] Horizon calc: now=15:16:56, slot=2026-02-14 15:15, available_from=2026-02-07 15:15, mins_since=1.9
  [DEBUG] Attempt 3/15: B0.13 15.25-17.25 (duration: 2.00h)
  Skipping B0.13 15:15: Only 0min past horizon (need 30min, wait 30min)
    [DEBUG] Horizon calc: now=15:16:56, slot=2026-02-14 15:15, available_from=2026-02-07 15:15, mins_since=1.9
  [DEBUG] Attempt 4/15: B0.14 15.25-17.25 (duration: 2.00h)
  Skipping B0.14 15:15: Only 0min past horizon (need 30min, wait 30min)
    [DEBUG] Horizon calc: now=15:16:56, slot=2026-02-14 15:15, available_from=2026-02-07 15:15, mins_since=1.9
  [DEBUG] Attempt 5/15: B0.16 15.25-17.25 (duration: 2.00h)
  Skipping B0.16 15:15: Only 0min past horizon (need 30min, wait 30min)
    [DEBUG] Horizon calc: now=15:16:56, slot=2026-02-14 15:15, available_from=2026-02-07 15:15, mins_since=1.9
  [DEBUG] Attempt 6/15: B0.14 12.50-13.00 (duration: 0.50h)

============================================================
Trying: B0.14 at 12:30-13:00
============================================================
  [DEBUG] Click calculation: slot=12.50-13.00, center=12.75, click_pct=35.94%
  [DEBUG] Viewport: 1920x1080, scrollY=0
  [DEBUG] Day grid: left=400, width=1505, right=1905
  [DEBUG] Click target: x=941, y=319 (target time: 12.50-13.00)
  Clicking at (941, 319) for B0.14 (center)...
  [DEBUG] Looking for 'Student booking provisional' button...
  Found 'Student booking provisional' button
  [DEBUG] Setting times: 12:30 to 13:00
  [DEBUG] Found time inputs, filling start time...
  [DEBUG] Filling end time...
  [DEBUG] Verified times: start=12:30, end=13:00
  [DEBUG] Checking for errors/conflicts on booking form...
  [DEBUG] Found 7 time patterns on page
  [DEBUG] Looking for Save button...
  [DEBUG] Save button icon: 'check'
  [DEBUG] Save button at: x=350, y=508
  Clicking Save...
  [DEBUG] After save - form visible: N/A, URL: https://rwcmd.asimut.net/arrangement?eventId=33692...
  [Tracker] Added booking: B0.14 2026-02-14 12.50-13.00
  [Tracker] Total bookings: 2, Day hours: 1.2h, Peak: 0/120 min
  SUCCESS: Booked B0.14 12:30-13:00
  [DEBUG] Booking successful! Day total: 2, session total: 3
  [DEBUG] Navigating back to calendar...
  [DEBUG] go_back() called
  [DEBUG] Booking form visible: False
  [DEBUG] go_back exception: Page.wait_for_selector: Timeout 5000ms exceeded.
Call log:
  - waiting for locator(".location-day") to be visible

  Warning: go_back issue (Page.wait_for_selector: Timeout 5000ms exceeded.
Call log:
  - waiting for locator(".location-day") to be visible
), trying Escape + browser back...
  [DEBUG] Refreshing slot data after successful booking...
  [DEBUG] Raw slots from page: 34 (from 29 rooms)
  [DEBUG] Updated peak quota for 2026-02-14: 9999 min remaining
  [DEBUG] Rebuilt slot list: 5 slots remaining
  [DEBUG] Attempt 7/15: B0.11 15.25-17.25 (duration: 2.00h)
  Skipping B0.11 15:15: Only 0min past horizon (need 30min, wait 30min)
    [DEBUG] Horizon calc: now=15:17:22, slot=2026-02-14 15:15, available_from=2026-02-07 15:15, mins_since=2.4
  [DEBUG] Attempt 8/15: B0.13 15.25-17.25 (duration: 2.00h)
  Skipping B0.13 15:15: Only 0min past horizon (need 30min, wait 30min)
    [DEBUG] Horizon calc: now=15:17:22, slot=2026-02-14 15:15, available_from=2026-02-07 15:15, mins_since=2.4
  [DEBUG] Attempt 9/15: B0.14 15.25-17.25 (duration: 2.00h)
  Skipping B0.14 15:15: Only 0min past horizon (need 30min, wait 30min)
    [DEBUG] Horizon calc: now=15:17:22, slot=2026-02-14 15:15, available_from=2026-02-07 15:15, mins_since=2.4
  [DEBUG] Attempt 10/15: B0.16 15.25-17.25 (duration: 2.00h)
  Skipping B0.16 15:15: Only 0min past horizon (need 30min, wait 30min)
    [DEBUG] Horizon calc: now=15:17:22, slot=2026-02-14 15:15, available_from=2026-02-07 15:15, mins_since=2.4
  [DEBUG] Attempt 11/15: B0.16 13.50-14.00 (duration: 0.50h)

============================================================
Trying: B0.16 at 13:30-14:00
============================================================
  [DEBUG] Click calculation: slot=13.50-14.00, center=13.75, click_pct=42.19%
  [DEBUG] Viewport: 1920x1080, scrollY=0
  [DEBUG] Day grid: left=400, width=1505, right=1905
  [DEBUG] Click target: x=1035, y=359 (target time: 13.50-14.00)
  Clicking at (1035, 359) for B0.16 (center)...
  [DEBUG] Looking for 'Student booking provisional' button...
  Found 'Student booking provisional' button
  [DEBUG] Setting times: 13:30 to 14:00
  [DEBUG] Found time inputs, filling start time...
  [DEBUG] Filling end time...
  [DEBUG] Verified times: start=13:30, end=14:00
  [DEBUG] Checking for errors/conflicts on booking form...
  [DEBUG] Found 7 time patterns on page
  [DEBUG] Looking for Save button...
  [DEBUG] Save button icon: 'check'
  [DEBUG] Save button at: x=350, y=508
  Clicking Save...
  [DEBUG] After save - form visible: N/A, URL: https://rwcmd.asimut.net/arrangement?eventId=33692...
  [Tracker] Added booking: B0.16 2026-02-14 13.50-14.00
  [Tracker] Total bookings: 3, Day hours: 1.8h, Peak: 0/120 min
  SUCCESS: Booked B0.16 13:30-14:00
  [DEBUG] Booking successful! Day total: 3, session total: 4
  [DEBUG] Navigating back to calendar...
  [DEBUG] go_back() called
  [DEBUG] Booking form visible: False
  [DEBUG] go_back exception: Page.wait_for_selector: Timeout 5000ms exceeded.
Call log:
  - waiting for locator(".location-day") to be visible

  Warning: go_back issue (Page.wait_for_selector: Timeout 5000ms exceeded.
Call log:
  - waiting for locator(".location-day") to be visible
), trying Escape + browser back...
  [DEBUG] Refreshing slot data after successful booking...
  [DEBUG] Raw slots from page: 33 (from 29 rooms)
  [DEBUG] Updated peak quota for 2026-02-14: 9999 min remaining
  [DEBUG] Rebuilt slot list: 4 slots remaining

  Day summary: 3 bookings made, 11 attempts total

############################################################
# DAY 6: 2026-02-13 (Friday)
############################################################
  [Smart redistribution] Current: 2.0h, Target: +3.6h, Max bookings: 2
  [DEBUG] Session stats: 4 bookings so far, peak for this day: 0/120min
  Navigating backward 1 day(s)...
  [DEBUG] Current URL: https://rwcmd.asimut.net/overview?locationGroupId=10...
  [DEBUG] Navigation complete, now on day 6
  [DEBUG] Slot scan time: 15:17:51
  Displayed date: Royal Welsh College of Music & Drama
  [DEBUG] Earliest slots for 7-day horizon rooms: {'B0.11': '07:30', 'B0.13': '07:30', 'B0.14': '07:30', 'B0.16': '07:30'}
  [DEBUG] Expected earliest (now - 7 days): ~15:17 on target date
  [DEBUG] Rooms skipped (not yet available): B0.23 (Available in 16.2h (horizon: 5d)), B0.27 (Available in 16.2h (horizon: 5d)), B0.29 (Available in 16.2h (horizon: 5d)), B1.06 (Available in 16.2h (horizon: 5d)), B1.07 (Available in 16.2h (horizon: 5d)), B1.08 (Available in 16.2h (horizon: 5d)), B1.09 (Available in 2.7d (horizon: 3d)), B1.10 (Available in 16.2h (horizon: 5d)), B1.11 (Available in 16.2h (horizon: 5d)), B1.14 (Available in 16.2h (horizon: 5d)), B1.15 (Available in 16.2h (horizon: 5d)), B1.16 (Available in 2.7d (horizon: 3d)), B1.17 (Available in 16.2h (horizon: 5d)), B1.18 (Available in 16.2h (horizon: 5d)), B1.19 (Available in 16.2h (horizon: 5d)), B1.20 (Available in 16.2h (horizon: 5d)), B1.21 (Available in 16.2h (horizon: 5d))
  Found 8 potential slots
  [DEBUG] First 10 slots: [('B0.14', '7.50-9.50'), ('B0.13', '21.00-22.25'), ('B0.14', '21.25-22.25'), ('B0.11', '7.50-8.00'), ('B0.13', '7.50-8.00'), ('B0.16', '7.50-8.25'), ('B0.11', '21.50-22.25'), ('B0.16', '21.50-22.25')]
  [DEBUG] Peak quota for 2026-02-13: 0/120 min used, 120 min remaining
  [DEBUG] Known conflicts for this day: ['17.00-18.00', '19.25-20.25']
  [DEBUG] Slot adjustment: 1 conflict-removed, 0 removed, 0 adjusted, 0 peak-adjusted, 0 weekly-adjusted
  [DEBUG] Strict mode: Filtered out 7 non-preferred slots
  [DEBUG] Starting booking attempts. Max per day: 2, slots available: 0
  [DEBUG] No more valid slots (all_slots=0, conflicts filtered all)
  No more valid slots available

  Day summary: 0 bookings made, 0 attempts total

############################################################
# DAY 5: 2026-02-12 (Thursday)
############################################################
  [Smart redistribution] Current: 2.0h, Target: +3.6h, Max bookings: 2
  [DEBUG] Session stats: 4 bookings so far, peak for this day: 0/120min
  Navigating backward 1 day(s)...
  [DEBUG] Current URL: https://rwcmd.asimut.net/overview?locationGroupId=10...
  [DEBUG] Navigation complete, now on day 5
  [DEBUG] Slot scan time: 15:17:54
  Displayed date: Royal Welsh College of Music & Drama
  [DEBUG] Earliest slots for 7-day horizon rooms: {'B0.11': '07:30', 'B0.13': '07:30', 'B0.14': '07:30', 'B0.16': '07:30'}
  [DEBUG] Expected earliest (now - 7 days): ~15:17 on target date
  [DEBUG] Rooms skipped (not yet available): B0.23 (Available in 42min (horizon: 5d)), B0.27 (Available in 1.7h (horizon: 5d)), B0.29 (Available in 2.7h (horizon: 5d)), B1.06 (Available in 2.7h (horizon: 5d)), B1.07 (Available in 1.7h (horizon: 5d)), B1.08 (Available in 1.7h (horizon: 5d)), B1.09 (Available in 1.7d (horizon: 3d)), B1.10 (Available in 2.7h (horizon: 5d)), B1.11 (Available in 1.7h (horizon: 5d)), B1.14 (Available in 2.7h (horizon: 5d)), B1.15 (Available in 2.7h (horizon: 5d)), B1.16 (Available in 1.7d (horizon: 3d)), B1.17 (Available in 2.7h (horizon: 5d)), B1.18 (Available in 2.7h (horizon: 5d)), B1.19 (Available in 2.7h (horizon: 5d)), B1.20 (Available in 2.7h (horizon: 5d)), B1.21 (Available in 2.7h (horizon: 5d))
  Found 24 potential slots
  [DEBUG] First 10 slots: [('B1.14', '15.00-16.00'), ('B1.08', '15.00-16.00'), ('B1.15', '9.50-10.00'), ('B0.29', '7.50-9.00'), ('B0.13', '7.50-9.00'), ('B0.27', '7.50-9.00'), ('B1.14', '7.50-8.50'), ('B1.17', '7.50-9.00'), ('B0.16', '7.50-9.00'), ('B1.20', '7.50-8.50')]
  [DEBUG] Peak quota for 2026-02-12: 0/120 min used, 120 min remaining
  [DEBUG] Known conflicts for this day: ['10.00-11.00', '17.00-18.00', '20.00-22.00']
  [DEBUG] Slot adjustment: 2 conflict-removed, 0 removed, 0 adjusted, 0 peak-adjusted, 0 weekly-adjusted
  [DEBUG] Strict mode: Filtered out 19 non-preferred slots
  [DEBUG] Starting booking attempts. Max per day: 2, slots available: 3
  [DEBUG] Attempt 1/15: B1.14 15.00-16.00 (duration: 1.00h)
  Skipping B1.14 15:00: Only 15min past horizon (need 30min, wait 15min)
    [DEBUG] Horizon calc: now=15:17:54, slot=2026-02-12 15:00, available_from=2026-02-07 15:00, mins_since=17.9
  [DEBUG] Attempt 2/15: B1.08 15.00-16.00 (duration: 1.00h)
  Skipping B1.08 15:00: Only 15min past horizon (need 30min, wait 15min)
    [DEBUG] Horizon calc: now=15:17:54, slot=2026-02-12 15:00, available_from=2026-02-07 15:00, mins_since=17.9
  [DEBUG] Attempt 3/15: B1.15 9.50-10.00 (duration: 0.50h)

============================================================
Trying: B1.15 at 09:30-10:00
============================================================
  [DEBUG] Click calculation: slot=9.50-10.00, center=9.75, click_pct=17.19%
  [DEBUG] Viewport: 1920x1080, scrollY=309
  [DEBUG] Day grid: left=400, width=1505, right=1905
  [DEBUG] Click target: x=659, y=610 (target time: 9.50-10.00)
  Clicking at (659, 610) for B1.15 (center)...
  [DEBUG] Looking for 'Student booking provisional' button...
  Found 'Student booking provisional' button
  [DEBUG] Setting times: 09:30 to 10:00
  [DEBUG] Found time inputs, filling start time...
  [DEBUG] Filling end time...
  [DEBUG] Verified times: start=09:30, end=10:00
  [DEBUG] Checking for errors/conflicts on booking form...
  [DEBUG] Found 7 time patterns on page
  [DEBUG] Looking for Save button...
  [DEBUG] Save button icon: 'check'
  [DEBUG] Save button at: x=350, y=508
  Clicking Save...
  [DEBUG] After save - form visible: N/A, URL: https://rwcmd.asimut.net/arrangement?eventId=33692...
  [Tracker] Added booking: B1.15 2026-02-12 9.50-10.00
  [Tracker] Total bookings: 4, Day hours: 2.5h, Peak: 30/120 min
  SUCCESS: Booked B1.15 09:30-10:00
  [DEBUG] Booking successful! Day total: 1, session total: 5
  [DEBUG] Navigating back to calendar...
  [DEBUG] go_back() called
  [DEBUG] Booking form visible: False
  [DEBUG] go_back exception: Page.wait_for_selector: Timeout 5000ms exceeded.
Call log:
  - waiting for locator(".location-day") to be visible

  Warning: go_back issue (Page.wait_for_selector: Timeout 5000ms exceeded.
Call log:
  - waiting for locator(".location-day") to be visible
), trying Escape + browser back...
  [DEBUG] Refreshing slot data after successful booking...
  [DEBUG] Raw slots from page: 64 (from 29 rooms)
  [DEBUG] Updated peak quota for 2026-02-12: 90 min remaining
  [DEBUG] Rebuilt slot list: 2 slots remaining
  [DEBUG] Attempt 4/15: B1.14 15.00-16.00 (duration: 1.00h)
  Skipping B1.14 15:00: Only 15min past horizon (need 30min, wait 15min)
    [DEBUG] Horizon calc: now=15:18:20, slot=2026-02-12 15:00, available_from=2026-02-07 15:00, mins_since=18.3
  [DEBUG] Attempt 5/15: B1.08 15.00-16.00 (duration: 1.00h)
  Skipping B1.08 15:00: Only 15min past horizon (need 30min, wait 15min)
    [DEBUG] Horizon calc: now=15:18:20, slot=2026-02-12 15:00, available_from=2026-02-07 15:00, mins_since=18.3
  [DEBUG] No more valid slots (all_slots=0, conflicts filtered all)
  No more valid slots available

  Day summary: 1 bookings made, 5 attempts total

############################################################
# DAY 4: 2026-02-11 (Wednesday)
############################################################
  [Smart redistribution] Current: 0.0h, Target: +5.6h, Max bookings: 3
  [DEBUG] Session stats: 5 bookings so far, peak for this day: 0/120min
  Navigating backward 1 day(s)...
  [DEBUG] Current URL: https://rwcmd.asimut.net/overview?locationGroupId=10...
  [DEBUG] Navigation complete, now on day 4
  [DEBUG] Slot scan time: 15:18:23
  Displayed date: Royal Welsh College of Music & Drama
  [DEBUG] Earliest slots for 7-day horizon rooms: {'B0.11': '07:30', 'B0.13': '07:30', 'B0.14': '07:30', 'B0.16': '07:30'}
  [DEBUG] Expected earliest (now - 7 days): ~15:18 on target date
  [DEBUG] Rooms skipped (not yet available): B1.09 (Available in 16.2h (horizon: 3d)), B1.16 (Available in 16.2h (horizon: 3d))
  Found 36 potential slots
  [DEBUG] First 10 slots: [('B1.10', '19.00-22.25'), ('B1.07', '19.50-22.25'), ('B1.08', '20.00-22.25'), ('B1.11', '20.00-22.25'), ('B0.23', '9.50-10.00'), ('B1.06', '16.50-17.25'), ('B0.14', '7.50-9.25'), ('B1.14', '7.50-8.50'), ('B0.16', '7.50-9.00'), ('B1.21', '7.50-9.00')]
  [DEBUG] Peak quota for 2026-02-11: 0/120 min used, 120 min remaining
  [DEBUG] Known conflicts for this day: ['16.00-17.50']
  [DEBUG] Slot adjustment: 1 conflict-removed, 0 removed, 0 adjusted, 0 peak-adjusted, 0 weekly-adjusted
  [DEBUG] Strict mode: Filtered out 30 non-preferred slots
  [DEBUG] Starting booking attempts. Max per day: 3, slots available: 5
  [DEBUG] Attempt 1/15: B1.10 19.00-22.25 (duration: 3.25h)

============================================================
Trying: B1.10 at 19:00-21:00
============================================================
  [DEBUG] Click calculation: slot=19.00-21.00, center=20.00, click_pct=81.25%
  [DEBUG] Viewport: 1920x1080, scrollY=259
  [DEBUG] Day grid: left=400, width=1505, right=1905
  [DEBUG] Click target: x=1623, y=540 (target time: 19.00-21.00)
  Clicking at (1623, 540) for B1.10 (center)...
  [DEBUG] Looking for 'Student booking provisional' button...
  Found 'Student booking provisional' button
  [DEBUG] Setting times: 19:00 to 21:00
  [DEBUG] Found time inputs, filling start time...
  [DEBUG] Filling end time...
  [DEBUG] Verified times: start=19:00, end=21:00
  [DEBUG] Checking for errors/conflicts on booking form...
  [DEBUG] Found 7 time patterns on page
  [DEBUG] Looking for Save button...
  [DEBUG] Save button icon: 'check'
  [DEBUG] Save button at: x=350, y=508
  Clicking Save...
  [DEBUG] After save - form visible: N/A, URL: https://rwcmd.asimut.net/arrangement?eventId=33692...
  [Tracker] Added booking: B1.10 2026-02-11 19.00-21.00
  [Tracker] Total bookings: 5, Day hours: 2.0h, Peak: 0/120 min
  SUCCESS: Booked B1.10 19:00-21:00
  [DEBUG] Booking successful! Day total: 1, session total: 6
  [DEBUG] Navigating back to calendar...
  [DEBUG] go_back() called
  [DEBUG] Booking form visible: False
  [DEBUG] go_back exception: Page.wait_for_selector: Timeout 5000ms exceeded.
Call log:
  - waiting for locator(".location-day") to be visible

  Warning: go_back issue (Page.wait_for_selector: Timeout 5000ms exceeded.
Call log:
  - waiting for locator(".location-day") to be visible
), trying Escape + browser back...
  [DEBUG] Refreshing slot data after successful booking...
  [DEBUG] Raw slots from page: 66 (from 29 rooms)
  [DEBUG] Updated peak quota for 2026-02-11: 120 min remaining
  [DEBUG] Rebuilt slot list: 1 slots remaining
  [DEBUG] Attempt 2/15: B0.23 9.50-10.00 (duration: 0.50h)

============================================================
Trying: B0.23 at 09:30-10:00
============================================================
  [DEBUG] Click calculation: slot=9.50-10.00, center=9.75, click_pct=17.19%
  [DEBUG] Viewport: 1920x1080, scrollY=0
  [DEBUG] Day grid: left=400, width=1505, right=1905
  [DEBUG] Click target: x=659, y=399 (target time: 9.50-10.00)
  Clicking at (659, 399) for B0.23 (center)...
  [DEBUG] Looking for 'Student booking provisional' button...
  Found 'Student booking provisional' button
  [DEBUG] Setting times: 09:30 to 10:00
  [DEBUG] Found time inputs, filling start time...
  [DEBUG] Filling end time...
  [DEBUG] Verified times: start=09:30, end=10:00
  [DEBUG] Checking for errors/conflicts on booking form...
  [DEBUG] Found 7 time patterns on page
  [DEBUG] Looking for Save button...
  [DEBUG] Save button icon: 'check'
  [DEBUG] Save button at: x=350, y=508
  Clicking Save...
  [DEBUG] After save - form visible: N/A, URL: https://rwcmd.asimut.net/arrangement?eventId=33692...
  [Tracker] Added booking: B0.23 2026-02-11 9.50-10.00
  [Tracker] Total bookings: 6, Day hours: 2.5h, Peak: 30/120 min
  SUCCESS: Booked B0.23 09:30-10:00
  [DEBUG] Booking successful! Day total: 2, session total: 7
  [DEBUG] Navigating back to calendar...
  [DEBUG] go_back() called
  [DEBUG] Booking form visible: False
  [DEBUG] go_back exception: Page.wait_for_selector: Timeout 5000ms exceeded.
Call log:
  - waiting for locator(".location-day") to be visible

  Warning: go_back issue (Page.wait_for_selector: Timeout 5000ms exceeded.
Call log:
  - waiting for locator(".location-day") to be visible
), trying Escape + browser back...
  [DEBUG] Refreshing slot data after successful booking...
  [DEBUG] Raw slots from page: 65 (from 29 rooms)
  [DEBUG] Updated peak quota for 2026-02-11: 90 min remaining
  [DEBUG] Rebuilt slot list: 0 slots remaining
  [DEBUG] No more valid slots (all_slots=0, conflicts filtered all)
  No more valid slots available

  Day summary: 2 bookings made, 2 attempts total

############################################################
# DAY 3: 2026-02-10 (Tuesday)
############################################################
  [Smart redistribution] Current: 2.5h, Target: +3.1h, Max bookings: 2
  [DEBUG] Session stats: 7 bookings so far, peak for this day: 90/120min
  Navigating backward 1 day(s)...
  [DEBUG] Current URL: https://rwcmd.asimut.net/overview?locationGroupId=10...
  [DEBUG] Navigation complete, now on day 3
  [DEBUG] Slot scan time: 15:19:19
  Displayed date: Royal Welsh College of Music & Drama
  [DEBUG] Earliest slots for 7-day horizon rooms: {'B0.11': '07:30', 'B0.13': '07:30', 'B0.14': '07:30', 'B0.16': '07:30'}
  [DEBUG] Expected earliest (now - 7 days): ~15:19 on target date
  [DEBUG] Rooms skipped (not yet available): B1.09 (Available in 55min (horizon: 3d)), B1.16 (Available in 10min (horizon: 3d))
  Found 39 potential slots
  [DEBUG] First 10 slots: [('B1.08', '18.25-22.25'), ('B1.06', '18.50-22.25'), ('B0.23', '19.00-22.25'), ('B1.07', '19.25-22.25'), ('B1.11', '19.50-22.25'), ('B1.19', '20.50-22.25'), ('B1.10', '20.50-22.25'), ('B0.16', '20.75-22.25'), ('B1.10', '13.00-13.50'), ('B0.16', '18.75-19.25')]
  [DEBUG] Peak quota for 2026-02-10: 90/120 min used, 30 min remaining
  [DEBUG] Known conflicts for this day: ['9.00-10.00', '11.25-13.00', '13.00-14.00', '15.50-16.00', '17.00-17.50', '17.50-18.00', '18.00-21.00']
  [DEBUG] Slot adjustment: 6 conflict-removed, 0 removed, 11 adjusted, 0 peak-adjusted, 0 weekly-adjusted
  [DEBUG] Strict mode: Filtered out 33 non-preferred slots
  [DEBUG] Starting booking attempts. Max per day: 2, slots available: 0
  [DEBUG] No more valid slots (all_slots=0, conflicts filtered all)
  No more valid slots available

  Day summary: 0 bookings made, 0 attempts total

============================================================
BOOKING COMPLETE
============================================================
Total bookings made: 7
Peak hours used (per day):
  2026-02-09: 120/120 min
  2026-02-10: 90/120 min
  2026-02-11: 30/120 min
  2026-02-12: 30/120 min

All bookings:
  2026-02-14 B0.14 14:30-15:15
  2026-02-14 B0.14 12:30-13:00
  2026-02-14 B0.16 13:30-14:00
  2026-02-12 B1.15 09:30-10:00
  2026-02-11 B1.10 19:00-21:00
  2026-02-11 B0.23 09:30-10:00
============================================================
History saved: 7 bookings, 23 events
Notification sent: Booked 7 rooms

Keeping browser open for 30 seconds to verify...
============================================================ 
[07/02/2026 15:19:51.73] Booking run completed 
