[11/02/2026 12:10:43.13] Starting scheduled booking run... 
============================================================ 
============================================================
ASIMUT WEEK BOOKER
============================================================
Today: 2026-02-11
Booking for: 2026-02-11 to 2026-02-18
Mode: Visible browser
============================================================

============================================================
SCANNING MY AGENDA FOR EXISTING EVENTS
============================================================
  [DEBUG] Navigating to agenda page...
  [DEBUG] Agenda page loaded, URL: https://rwcmd.asimut.net/agenda...
  Scrolling until we reach 18 February 2026...
Traceback (most recent call last):
  File "C:\Users\loxty\Desktop\Repos\AsimutBooker\book_week.py", line 4409, in <module>
    main()
    ~~~~^^
  File "C:\Users\loxty\Desktop\Repos\AsimutBooker\book_week.py", line 3508, in main
    events_detected, all_reservations = scan_agenda(page, tracker, today)
                                        ~~~~~~~~~~~^^^^^^^^^^^^^^^^^^^^^^
  File "C:\Users\loxty\Desktop\Repos\AsimutBooker\book_week.py", line 3050, in scan_agenda
    page.wait_for_timeout(1000)  # Wait longer for lazy loading
    ~~~~~~~~~~~~~~~~~~~~~^^^^^^
  File "C:\Users\loxty\AppData\Roaming\Python\Python313\site-packages\playwright\sync_api\_generated.py", line 11536, in wait_for_timeout
    self._sync(self._impl_obj.wait_for_timeout(timeout=timeout))
    ~~~~~~~~~~^^^^^^^^^^^^^^^^^^^^^^^^^^^^^^^^^^^^^^^^^^^^^^^^^^
  File "C:\Users\loxty\AppData\Roaming\Python\Python313\site-packages\playwright\_impl\_sync_base.py", line 115, in _sync
    return task.result()
           ~~~~~~~~~~~^^
  File "C:\Users\loxty\AppData\Roaming\Python\Python313\site-packages\playwright\_impl\_page.py", line 1101, in wait_for_timeout
    await self._main_frame.wait_for_timeout(timeout)
  File "C:\Users\loxty\AppData\Roaming\Python\Python313\site-packages\playwright\_impl\_frame.py", line 862, in wait_for_timeout
    await self._channel.send("waitForTimeout", None, {"waitTimeout": timeout})
  File "C:\Users\loxty\AppData\Roaming\Python\Python313\site-packages\playwright\_impl\_connection.py", line 69, in send
    return await self._connection.wrap_api_call(
           ^^^^^^^^^^^^^^^^^^^^^^^^^^^^^^^^^^^^^
    ...<3 lines>...
    )
    ^
  File "C:\Users\loxty\AppData\Roaming\Python\Python313\site-packages\playwright\_impl\_connection.py", line 559, in wrap_api_call
    raise rewrite_error(error, f"{parsed_st['apiName']}: {error}") from None
playwright._impl._errors.TargetClosedError: Page.wait_for_timeout: Target page, context or browser has been closed
============================================================ 
[11/02/2026 12:11:12.37] Booking run completed 
