[08/02/2026 12:13:02.94] Starting scheduled booking run... 
============================================================ 
============================================================
ASIMUT WEEK BOOKER
============================================================
Today: 2026-02-08
Booking for: 2026-02-08 to 2026-02-15
Mode: Visible browser
============================================================

============================================================
SCANNING MY AGENDA FOR EXISTING EVENTS
============================================================
  [DEBUG] Navigating to agenda page...
  [DEBUG] Agenda page loaded, URL: https://rwcmd.asimut.net/agenda...
  Scrolling until we reach 15 February 2026...
  [DEBUG] Found target date '15 February 2026' after 2 scrolls
  Final pass to capture all events (10 scrolls)...
  [DEBUG] Raw events extracted: 28

  Found 28 unique events in agenda (deduplicated from 28):
  [Tracker] Added conflict: 2026-02-08 11.00-13.00
      2026-02-08 (Sunday): 11:00 - 13:00
  [Tracker] Added reservation: 2026-02-08 14.00-14.50
  [R] 2026-02-08 (Sunday): 14:00 - 14:30 in B1.18
  [Tracker] Added conflict: 2026-02-08 14.50-17.50
      2026-02-08 (Sunday): 14:30 - 17:30
  [Tracker] Added reservation: 2026-02-09 9.75-11.25 (+90min peak)
  [R] 2026-02-09 (Monday): 09:45 - 11:15 in B0.13
  [Tracker] Added reservation: 2026-02-09 12.25-12.75 (+30min peak)
  [R] 2026-02-09 (Monday): 12:15 - 12:45 in B0.14
  [Tracker] Added reservation: 2026-02-09 20.00-22.00
  [R] 2026-02-09 (Monday): 20:00 - 22:00 in B0.16
  [Tracker] Added reservation: 2026-02-10 9.00-10.00 (+60min peak)
  [R] 2026-02-10 (Tuesday): 09:00 - 10:00 in B0.16
  [Tracker] Added conflict: 2026-02-10 11.25-13.00
      2026-02-10 (Tuesday): 11:15 - 13:00
  [Tracker] Added conflict: 2026-02-10 13.00-14.00
      2026-02-10 (Tuesday): 13:00 - 14:00
  [Tracker] Added reservation: 2026-02-10 15.50-16.00 (+30min peak)
  [R] 2026-02-10 (Tuesday): 15:30 - 16:00 in B1.18
  [Tracker] Added reservation: 2026-02-10 17.00-17.50
  [R] 2026-02-10 (Tuesday): 17:00 - 17:30 in B1.11
  [Tracker] Added reservation: 2026-02-10 17.50-18.00
  [R] 2026-02-10 (Tuesday): 17:30 - 18:00 in B0.23
  [Tracker] Added conflict: 2026-02-10 18.00-21.00
      2026-02-10 (Tuesday): 18:00 - 21:00 in B0.08
  [Tracker] Added reservation: 2026-02-11 9.50-10.00 (+30min peak)
  [R] 2026-02-11 (Wednesday): 09:30 - 10:00 in B0.23
  [Tracker] Added conflict: 2026-02-11 16.00-17.50
      2026-02-11 (Wednesday): 16:00 - 17:30 in B0.03
  [Tracker] Added reservation: 2026-02-11 19.00-21.00
  [R] 2026-02-11 (Wednesday): 19:00 - 21:00 in B1.10
  [Tracker] Added reservation: 2026-02-12 9.50-10.00 (+30min peak)
  [R] 2026-02-12 (Thursday): 09:30 - 10:00 in B1.15
  [Tracker] Added conflict: 2026-02-12 10.00-11.00
      2026-02-12 (Thursday): 10:00 - 11:00 in B1.09
  [Tracker] Added conflict: 2026-02-12 17.00-18.00
      2026-02-12 (Thursday): 17:00 - 18:00 in B0.03
  [Tracker] Added reservation: 2026-02-12 18.00-20.00
  [R] 2026-02-12 (Thursday): 18:00 - 20:00 in B1.06
  [Tracker] Added reservation: 2026-02-12 20.00-22.00
  [R] 2026-02-12 (Thursday): 20:00 - 22:00 in B0.11
  [Tracker] Added reservation: 2026-02-13 17.00-18.00
  [R] 2026-02-13 (Friday): 17:00 - 18:00 in B0.16
  [Tracker] Added reservation: 2026-02-13 19.25-21.25
  [R] 2026-02-13 (Friday): 19:15 - 21:15 in B0.14
  [Tracker] Added reservation: 2026-02-14 12.00-12.50
  [R] 2026-02-14 (Saturday): 12:00 - 12:30 in B0.13
  [Tracker] Added reservation: 2026-02-14 12.50-13.00
  [R] 2026-02-14 (Saturday): 12:30 - 13:00 in B0.14
  [Tracker] Added reservation: 2026-02-14 13.50-14.00
  [R] 2026-02-14 (Saturday): 13:30 - 14:00 in B0.16
  [Tracker] Added reservation: 2026-02-14 14.50-16.50
  [R] 2026-02-14 (Saturday): 14:30 - 16:30 in B0.14
  [Tracker] Added reservation: 2026-02-14 16.75-17.25
  [R] 2026-02-14 (Saturday): 16:45 - 17:15 in B0.11

  Total events: 28 (20 reservations, 8 other)

  Rolling quota: 21.0/28 hours this week
  [OK] Can book 7.0 more hours
  Peak hours from existing reservations:
    2026-02-09: 120/120 min
    2026-02-10: 90/120 min
    2026-02-11: 30/120 min
    2026-02-12: 30/120 min
============================================================

Navigating to practice rooms (AHC)...
  Currently showing: Unknown

  Disabled dates (will skip): ['2026-02-02', '2026-02-03', '2026-02-04', '2026-02-05', '2026-02-06', '2026-02-07', '2026-02-08', '2026-02-09']

  Time preferences: Prioritizing 09:00 - 21:00
  Strict mode: ON (only booking preferred times)

  Booking strategy: REVERSE ORDER (furthest dates first)

  Smart redistribution calculation:
    Enabled days: 6/8
    Remaining quota: 7.0h
    Ideal hours/day: 4.7h
    Current hours per day:
      2026-02-10 (Tue): 2.5h [needs +2.2h]
      2026-02-11 (Wed): 2.5h [needs +2.2h]
      2026-02-12 (Thu): 4.5h [needs +0.2h]
      2026-02-13 (Fri): 3.0h [needs +1.7h]
      2026-02-14 (Sat): 4.0h [needs +0.7h]
      2026-02-15 (Sun): 0.0h [needs +4.7h]

  Navigating to day 7 first (reverse order strategy)...

============================================================
CHECKING FOR HORIZON SNIPE OPPORTUNITIES (MULTI-DAY)
============================================================

  Found 16 pending extension(s) - will skip conflicting snipe candidates

  Scanning 3 horizon days for snipe candidates: [7, 5, 3]

    Scanning Day 7 (2026-02-15) for 7-day horizon rooms...
      No snipe candidates found for Day 7

    Scanning Day 5 (2026-02-13) for 5-day horizon rooms...
    Navigating backward 2 day(s) to Day 5...
      Found: B1.18 at 11.75, bookable in 74s

    Scanning Day 3 (2026-02-11) for 3-day horizon rooms...
    Navigating backward 2 day(s) to Day 3...
      No snipe candidates found for Day 3

  Total snipe candidates found: 1
  Snipe order (furthest day first, then by room priority):
    1. Day 5 - B1.18 at 11.75 (bookable in 74s)

  Positioning for first snipe...
    Navigating forward 2 day(s) to Day 5...

  Ready to snipe 1 candidate(s)
  First snipe: B1.18 at 11.75 (Day 5)
  Bookable at: 12:15:00

  [SNIPE 1/1] Attempting B1.18 at 11.75 (Day 5)

============================================================
HORIZON SNIPE: B1.18 at 11:45-12:15
============================================================
  Slot becomes bookable at: 12:15:00
  Current time: 12:13:49
  Seconds until bookable: 70.5
  Strategy: Open form now, wait, click Save at exact moment

  [SNIPE] Step 1: Opening booking form...
  [SNIPE] Clicking at (870, 730)...
  [SNIPE] Found booking type button, clicking...
  [SNIPE] Step 2: Pre-filling times (11:45 to 12:15)...
  [SNIPE] Times set: 11:45 to 12:15
  [SNIPE] Step 3: Locating Save button...
  [SNIPE] Save button located at (575, 399)

  [SNIPE] Step 4: Waiting for bookable moment...
  [SNIPE] Waiting 68.2 seconds...
  [SNIPE] T-29s...
  [SNIPE] T-28s...
  [SNIPE] T-27s...
  [SNIPE] T-26s...
  [SNIPE] T-25s...
  [SNIPE] T-24s...
  [SNIPE] T-23s...
  [SNIPE] T-22s...
  [SNIPE] T-21s...
  [SNIPE] T-20s...
  [SNIPE] T-19s...
  [SNIPE] T-18s...
  [SNIPE] T-17s...
  [SNIPE] T-16s...
  [SNIPE] T-15s...
  [SNIPE] T-14s...
  [SNIPE] T-13s...
  [SNIPE] T-12s...
  [SNIPE] T-11s...
  [SNIPE] T-10s...
  [SNIPE] T-9.1s...
  [SNIPE] T-9.0s...
  [SNIPE] T-8.9s...
  [SNIPE] T-8.8s...
  [SNIPE] T-8.7s...
  [SNIPE] T-8.6s...
  [SNIPE] T-8.5s...
  [SNIPE] T-8.4s...
  [SNIPE] T-8.3s...
  [SNIPE] T-8.2s...
  [SNIPE] T-8.1s...
  [SNIPE] T-8.0s...
  [SNIPE] T-7.9s...
  [SNIPE] T-7.8s...
  [SNIPE] T-7.7s...
  [SNIPE] T-7.6s...
  [SNIPE] T-7.5s...
  [SNIPE] T-7.4s...
  [SNIPE] T-7.3s...
  [SNIPE] T-7.2s...
  [SNIPE] T-7.1s...
  [SNIPE] T-7.0s...
  [SNIPE] T-6.9s...
  [SNIPE] T-6.8s...
  [SNIPE] T-6.7s...
  [SNIPE] T-6.6s...
  [SNIPE] T-6.5s...
  [SNIPE] T-6.4s...
  [SNIPE] T-6.3s...
  [SNIPE] T-6.2s...
  [SNIPE] T-6.1s...
  [SNIPE] T-6.0s...
  [SNIPE] T-5.9s...
  [SNIPE] T-5.8s...
  [SNIPE] T-5.7s...
  [SNIPE] T-5.6s...
  [SNIPE] T-5.5s...
  [SNIPE] T-5.4s...
  [SNIPE] T-5.3s...
  [SNIPE] T-5.2s...
  [SNIPE] T-5.1s...
  [SNIPE] T-5.0s...
  [SNIPE] T-4.9s...
  [SNIPE] T-4.8s...
  [SNIPE] T-4.7s...
  [SNIPE] T-4.6s...
  [SNIPE] T-4.5s...
  [SNIPE] T-4.4s...
  [SNIPE] T-4.3s...
  [SNIPE] T-4.2s...
  [SNIPE] T-4.1s...
  [SNIPE] T-4.0s...
  [SNIPE] T-3.9s...
  [SNIPE] T-3.8s...
  [SNIPE] T-3.7s...
  [SNIPE] T-3.6s...
  [SNIPE] T-3.5s...
  [SNIPE] T-3.4s...
  [SNIPE] T-3.3s...
  [SNIPE] T-3.2s...
  [SNIPE] T-3.1s...
  [SNIPE] T-3.0s...
  [SNIPE] T-2.9s...
  [SNIPE] T-2.8s...
  [SNIPE] T-2.7s...
  [SNIPE] T-2.6s...
  [SNIPE] T-2.5s...
  [SNIPE] T-2.4s...
  [SNIPE] T-2.3s...
  [SNIPE] T-2.2s...
  [SNIPE] T-2.1s...
  [SNIPE] T-2.0s...
  [SNIPE] T-1.9s...
  [SNIPE] T-1.8s...
  [SNIPE] T-1.7s...
  [SNIPE] T-1.6s...
  [SNIPE] T-1.5s...
  [SNIPE] T-1.4s...
  [SNIPE] T-1.3s...
  [SNIPE] T-1.2s...
  [SNIPE] T-1.1s...
  [SNIPE] T-1.0s...
  [SNIPE] T-0.9s...
  [SNIPE] T-0.8s...
  [SNIPE] T-0.7s...
  [SNIPE] T-0.6s...
  [SNIPE] T-0.5s...
  [SNIPE] T-0.4s...
  [SNIPE] T-0.3s...
  [SNIPE] T-0.2s...
  [SNIPE] T-0.1s...
  [SNIPE] T-0.0s...
  [SNIPE] Adding 1 second safety buffer...

  >>> CLICKING SAVE NOW: 12:15:01.097 <<<
  [SNIPE] SUCCESS! Booked at 12:15:03.492
  [SNIPE] Latency from bookable time: 3493ms
  [Tracker] Added booking: B1.18 2026-02-13 11.75-12.25
  [Tracker] Total bookings: 1, Day hours: 3.5h, Peak: 30/120 min
  SUCCESS: Booked B1.18 11:45-12:15
  [EXTEND] Saved for extension: B1.18 2026-02-13 11:45->13:45
  [EXTEND] Marked for extension: target 11:45-13:45
    [SNIPE 1] SUCCESS!
  [DEBUG] go_back() called
  [DEBUG] Booking form visible: True
  [DEBUG] Clicking back button...
  [DEBUG] Back on calendar (location-day found)

  Snipe phase complete: 1/1 successful

  Returning to Day 7 for normal booking flow...
    Navigating forward 2 day(s) to Day 7...
============================================================
Target time 12:15 already passed, proceeding immediately

============================================================
REFRESHING PAGE FOR UPDATED SLOT AVAILABILITY
============================================================
  [DEBUG] Pre-refresh time: 12:15:08.608
  [DEBUG] Current URL: https://rwcmd.asimut.net/overview?locationGroupId=10...
  [DEBUG] Calendar position before refresh: day 7
  [DEBUG] Post-refresh time: 12:15:11.455
  [DEBUG] Refresh took: 2.85s
  [DEBUG] Post-refresh URL: https://rwcmd.asimut.net/overview?locationGroupId=10...
  [DEBUG] Calendar position after refresh: day 7 (unchanged)
  [DEBUG] Could not extract slot times
============================================================

============================================================
PROCESSING BOOKING EXTENSIONS
============================================================
Found 17 potentially extendable booking(s)

============================================================
EXTENDING BOOKING: B0.13 on 2026-02-12
  Current: 19:30 - 20:00
  Target:  19:30 - 21:30
============================================================
  Editing reservation: B0.13 on 2026-02-12
    Current: 19:30-20:00
    New end: 21:30
    Not found in visible area, scrolling...
    Could not find event card for B0.13 2026-02-12 19:30
  Skipped B0.13 2026-02-12 19:30: Edit operation failed

============================================================
EXTENDING BOOKING: B0.16 on 2026-02-12
  Current: 19:45 - 20:15
  Target:  19:45 - 21:45
============================================================
  Editing reservation: B0.16 on 2026-02-12
    Current: 19:45-20:15
    New end: 21:45
    Not found in visible area, scrolling...
    Could not find event card for B0.16 2026-02-12 19:45
  Skipped B0.16 2026-02-12 19:45: Edit operation failed

============================================================
EXTENDING BOOKING: B0.16 on 2026-02-12
  Current: 20:00 - 20:30
  Target:  20:00 - 22:00
============================================================
  Editing reservation: B0.16 on 2026-02-12
    Current: 20:00-20:30
    New end: 22:00
    Not found in visible area, scrolling...
    Could not find event card for B0.16 2026-02-12 20:00
  Skipped B0.16 2026-02-12 20:00: Edit operation failed

============================================================
EXTENDING BOOKING: B0.13 on 2026-02-12
  Current: 20:15 - 20:45
  Target:  20:15 - 22:15
============================================================
  Editing reservation: B0.13 on 2026-02-12
    Current: 20:15-20:45
    New end: 22:15
    Not found in visible area, scrolling...
    Could not find event card for B0.13 2026-02-12 20:15
  Skipped B0.13 2026-02-12 20:15: Edit operation failed

============================================================
EXTENDING BOOKING: B0.11 on 2026-02-13
  Current: 19:15 - 19:45
  Target:  19:15 - 21:15
============================================================
  Editing reservation: B0.11 on 2026-02-13
    Current: 19:15-19:45
    New end: 21:15
    Not found in visible area, scrolling...
    Could not find event card for B0.11 2026-02-13 19:15
  Skipped B0.11 2026-02-13 19:15: Edit operation failed

============================================================
EXTENDING BOOKING: B1.17 on 2026-02-11
  Current: 19:30 - 20:00
  Target:  19:30 - 21:30
============================================================
  Editing reservation: B1.17 on 2026-02-11
    Current: 19:30-20:00
    New end: 21:30
    Not found in visible area, scrolling...
    Could not find event card for B1.17 2026-02-11 19:30
  Skipped B1.17 2026-02-11 19:30: Edit operation failed

============================================================
EXTENDING BOOKING: B1.08 on 2026-02-11
  Current: 19:30 - 20:00
  Target:  19:30 - 21:30
============================================================
  Editing reservation: B1.08 on 2026-02-11
    Current: 19:30-20:00
    New end: 21:30
    Not found in visible area, scrolling...
    Could not find event card for B1.08 2026-02-11 19:30
  Skipped B1.08 2026-02-11 19:30: Edit operation failed

============================================================
EXTENDING BOOKING: B1.20 on 2026-02-11
  Current: 19:45 - 20:15
  Target:  19:45 - 21:45
============================================================
  Editing reservation: B1.20 on 2026-02-11
    Current: 19:45-20:15
    New end: 21:45
    Not found in visible area, scrolling...
    Could not find event card for B1.20 2026-02-11 19:45
  Skipped B1.20 2026-02-11 19:45: Edit operation failed

============================================================
EXTENDING BOOKING: B1.14 on 2026-02-12
  Current: 15:00 - 15:30
  Target:  15:00 - 16:00
============================================================
  Editing reservation: B1.14 on 2026-02-12
    Current: 15:00-15:30
    New end: 16:00
    Not found in visible area, scrolling...
    Could not find event card for B1.14 2026-02-12 15:00
  Skipped B1.14 2026-02-12 15:00: Edit operation failed

============================================================
EXTENDING BOOKING: B1.08 on 2026-02-12
  Current: 15:00 - 15:30
  Target:  15:00 - 16:00
============================================================
  Editing reservation: B1.08 on 2026-02-12
    Current: 15:00-15:30
    New end: 16:00
    Not found in visible area, scrolling...
    Could not find event card for B1.08 2026-02-12 15:00
  Skipped B1.08 2026-02-12 15:00: Edit operation failed

============================================================
EXTENDING BOOKING: B0.23 on 2026-02-12
  Current: 16:00 - 16:30
  Target:  16:00 - 18:00
============================================================
  Editing reservation: B0.23 on 2026-02-12
    Current: 16:00-16:30
    New end: 18:00
    Not found in visible area, scrolling...
    Could not find event card for B0.23 2026-02-12 16:00
  Skipped B0.23 2026-02-12 16:00: Edit operation failed

============================================================
EXTENDING BOOKING: B0.29 on 2026-02-12
  Current: 18:00 - 18:30
  Target:  18:00 - 20:00
============================================================
  Editing reservation: B0.29 on 2026-02-12
    Current: 18:00-18:30
    New end: 20:00
    Not found in visible area, scrolling...
    Could not find event card for B0.29 2026-02-12 18:00
  Skipped B0.29 2026-02-12 18:00: Edit operation failed

============================================================
EXTENDING BOOKING: B1.14 on 2026-02-12
  Current: 18:00 - 18:30
  Target:  18:00 - 20:00
============================================================
  Editing reservation: B1.14 on 2026-02-12
    Current: 18:00-18:30
    New end: 20:00
    Not found in visible area, scrolling...
    Could not find event card for B1.14 2026-02-12 18:00
  Skipped B1.14 2026-02-12 18:00: Edit operation failed

============================================================
EXTENDING BOOKING: B1.20 on 2026-02-12
  Current: 18:00 - 18:30
  Target:  18:00 - 20:00
============================================================
  Editing reservation: B1.20 on 2026-02-12
    Current: 18:00-18:30
    New end: 20:00
    Not found in visible area, scrolling...
    Could not find event card for B1.20 2026-02-12 18:00
  Skipped B1.20 2026-02-12 18:00: Edit operation failed

============================================================
EXTENDING BOOKING: B1.21 on 2026-02-12
  Current: 18:00 - 18:30
  Target:  18:00 - 20:00
============================================================
  Editing reservation: B1.21 on 2026-02-12
    Current: 18:00-18:30
    New end: 20:00
    Not found in visible area, scrolling...
    Could not find event card for B1.21 2026-02-12 18:00
  Skipped B1.21 2026-02-12 18:00: Edit operation failed

============================================================
EXTENDING BOOKING: B1.10 on 2026-02-12
  Current: 18:00 - 18:30
  Target:  18:00 - 20:00
============================================================
  Editing reservation: B1.10 on 2026-02-12
    Current: 18:00-18:30
    New end: 20:00
    Not found in visible area, scrolling...
    Could not find event card for B1.10 2026-02-12 18:00
  Skipped B1.10 2026-02-12 18:00: Edit operation failed
  Skipped B1.18 2026-02-13 11:45: Only 0min extension possible (need 15min)
============================================================

Navigating back to practice rooms...

############################################################
# DAY 7: 2026-02-15 (Sunday)
############################################################
  [Smart redistribution] Current: 0.0h, Target: +4.7h, Max bookings: 2
  [DEBUG] Session stats: 1 bookings so far, peak for this day: 0/120min
  Navigating forward 7 day(s)...
  [DEBUG] Current URL: https://rwcmd.asimut.net/overview?locationGroupId=10...
  [DEBUG] Navigation complete, now on day 7
  [DEBUG] Slot scan time: 12:17:19
  Displayed date: Royal Welsh College of Music & Drama
  [DEBUG] Earliest slots for 7-day horizon rooms: {'B0.11': '09:30', 'B0.13': '09:30', 'B0.14': '10:30', 'B0.16': '09:30'}
  [DEBUG] Expected earliest (now - 7 days): ~12:17 on target date
  [DEBUG] Rooms skipped (not yet available): B0.23 (Available in 1.9d (horizon: 5d)), B0.27 (Available in 1.9d (horizon: 5d)), B0.29 (Available in 1.9d (horizon: 5d)), B1.06 (Available in 1.9d (horizon: 5d)), B1.07 (Available in 1.9d (horizon: 5d)), B1.08 (Available in 1.9d (horizon: 5d)), B1.09 (Available in 3.9d (horizon: 3d)), B1.10 (Available in 1.9d (horizon: 5d)), B1.11 (Available in 1.9d (horizon: 5d)), B1.14 (Available in 1.9d (horizon: 5d)), B1.15 (Available in 1.9d (horizon: 5d)), B1.16 (Available in 3.9d (horizon: 3d)), B1.17 (Available in 1.9d (horizon: 5d)), B1.18 (Available in 1.9d (horizon: 5d)), B1.19 (Available in 1.9d (horizon: 5d)), B1.20 (Available in 1.9d (horizon: 5d)), B1.21 (Available in 1.9d (horizon: 5d))
  Found 6 potential slots
  [DEBUG] First 10 slots: [('B0.11', '9.50-16.25'), ('B0.13', '9.50-11.50'), ('B0.16', '9.50-16.25'), ('B0.14', '10.50-11.75'), ('B0.13', '12.00-16.25'), ('B0.14', '12.25-16.25')]
  [DEBUG] Peak quota for 2026-02-15: 0/120 min used, 9999 min remaining
  [DEBUG] Slot adjustment: 0 conflict-removed, 0 removed, 2 adjusted, 0 peak-adjusted, 2 weekly-adjusted
  [DEBUG] Starting booking attempts. Max per day: 2, slots available: 6
  [DEBUG] Attempt 1/15: B0.11 9.50-16.00 (duration: 6.50h)

============================================================
Trying: B0.11 at 09:30-11:30
============================================================
  [DEBUG] Click calculation: slot=9.50-11.50, center=10.50, click_pct=21.88%
  [DEBUG] Viewport: 1920x1080, scrollY=0
  [DEBUG] Day grid: left=400, width=1505, right=1905
  [DEBUG] Click target: x=729, y=239 (target time: 9.50-11.50)
  Clicking at (729, 239) for B0.11 (center)...
  [DEBUG] Looking for 'Student booking provisional' button...
  Found 'Student booking provisional' button
  [DEBUG] Setting times: 09:30 to 11:30
  [DEBUG] Found time inputs, filling start time...
  [DEBUG] Filling end time...
  [DEBUG] Verified times: start=09:30, end=11:30
  [DEBUG] Checking for errors/conflicts on booking form...
  [DEBUG] Found 7 time patterns on page
  [DEBUG] Looking for Save button...
  [DEBUG] Save button icon: 'check'
  [DEBUG] Save button at: x=350, y=508
  Clicking Save...
  [DEBUG] After save - form visible: N/A, URL: https://rwcmd.asimut.net/arrangement?eventId=33695...
  [Tracker] Added booking: B0.11 2026-02-15 9.50-11.50
  [Tracker] Total bookings: 2, Day hours: 2.0h, Peak: 0/120 min
  SUCCESS: Booked B0.11 09:30-11:30
  [DEBUG] Booking successful! Day total: 1, session total: 2
  [DEBUG] Navigating back to calendar...
  [DEBUG] go_back() called
  [DEBUG] Booking form visible: False
  [DEBUG] go_back exception: Page.wait_for_selector: Timeout 5000ms exceeded.
Call log:
  - waiting for locator(".location-day") to be visible

  Warning: go_back issue (Page.wait_for_selector: Timeout 5000ms exceeded.
Call log:
  - waiting for locator(".location-day") to be visible
), trying Escape + browser back...
  [DEBUG] Refreshing slot data after successful booking...
  [DEBUG] Raw slots from page: 31 (from 29 rooms)
  [DEBUG] Updated peak quota for 2026-02-15: 9999 min remaining
  [DEBUG] Rebuilt slot list: 4 slots remaining
  [DEBUG] Attempt 2/15: B0.11 11.50-16.00 (duration: 4.50h)

============================================================
Trying: B0.11 at 11:30-12:15 (HORIZON LIMITED)
  Will extend later: target 11:30-13:30
============================================================
  [DEBUG] Click calculation: slot=11.50-12.25, center=11.88, click_pct=30.47%
  [DEBUG] Viewport: 1920x1080, scrollY=0
  [DEBUG] Day grid: left=400, width=1505, right=1905
  [DEBUG] Click target: x=859, y=239 (target time: 11.50-12.25)
  Clicking at (859, 239) for B0.11 (center)...
  [DEBUG] Looking for 'Student booking provisional' button...
  Found 'Student booking provisional' button
  [DEBUG] Setting times: 11:30 to 12:15
  [DEBUG] Found time inputs, filling start time...
  [DEBUG] Filling end time...
  [DEBUG] Verified times: start=11:30, end=12:15
  [DEBUG] Checking for errors/conflicts on booking form...
  [DEBUG] Found 7 time patterns on page
  [DEBUG] Looking for Save button...
  [DEBUG] Save button icon: 'remove_circle'
  Save disabled (icon: remove_circle)
  [DEBUG] Rejection reason: remove_circle Your booking is too close to another of your bookings in the same location. Please ext
  [DEBUG] go_back() called
  [DEBUG] Booking form visible: True
  [DEBUG] Clicking back button...
  [DEBUG] Back on calendar (location-day found)
  [DEBUG] Attempt 3/15: B0.16 11.50-16.00 (duration: 4.50h)

============================================================
Trying: B0.16 at 11:30-12:15 (HORIZON LIMITED)
  Will extend later: target 11:30-13:30
============================================================
  [DEBUG] Click calculation: slot=11.50-12.25, center=11.88, click_pct=30.47%
  [DEBUG] Viewport: 1920x1080, scrollY=0
  [DEBUG] Day grid: left=400, width=1505, right=1905
  [DEBUG] Click target: x=859, y=359 (target time: 11.50-12.25)
  Clicking at (859, 359) for B0.16 (center)...
  [DEBUG] Looking for 'Student booking provisional' button...
  Found 'Student booking provisional' button
  [DEBUG] Setting times: 11:30 to 12:15
  [DEBUG] Found time inputs, filling start time...
  [DEBUG] Filling end time...
  [DEBUG] Verified times: start=11:30, end=12:15
  [DEBUG] Checking for errors/conflicts on booking form...
  [DEBUG] Found 7 time patterns on page
  [DEBUG] Looking for Save button...
  [DEBUG] Save button icon: 'check'
  [DEBUG] Save button at: x=350, y=508
  Clicking Save...
  [DEBUG] After save - form visible: N/A, URL: https://rwcmd.asimut.net/arrangement?eventId=33695...
  [Tracker] Added booking: B0.16 2026-02-15 11.50-12.25
  [Tracker] Total bookings: 3, Day hours: 2.8h, Peak: 0/120 min
  SUCCESS: Booked B0.16 11:30-12:15
  [EXTEND] Saved for extension: B0.16 2026-02-15 11:30->13:30
  [DEBUG] Booking successful! Day total: 2, session total: 3
  [DEBUG] Navigating back to calendar...
  [DEBUG] go_back() called
  [DEBUG] Booking form visible: False
  [DEBUG] go_back exception: Page.wait_for_selector: Timeout 5000ms exceeded.
Call log:
  - waiting for locator(".location-day") to be visible

  Warning: go_back issue (Page.wait_for_selector: Timeout 5000ms exceeded.
Call log:
  - waiting for locator(".location-day") to be visible
), trying Escape + browser back...
  [DEBUG] Refreshing slot data after successful booking...
  [DEBUG] Raw slots from page: 32 (from 29 rooms)
  [DEBUG] Updated peak quota for 2026-02-15: 9999 min remaining
  [DEBUG] Rebuilt slot list: 4 slots remaining

  Day summary: 2 bookings made, 3 attempts total

############################################################
# DAY 6: 2026-02-14 (Saturday)
############################################################
  [Smart redistribution] Current: 4.0h, Target: +0.7h, Max bookings: 1
  [DEBUG] Session stats: 3 bookings so far, peak for this day: 0/120min
  Navigating backward 1 day(s)...
  [DEBUG] Current URL: https://rwcmd.asimut.net/overview?locationGroupId=10...
  [DEBUG] Navigation complete, now on day 6
  [DEBUG] Slot scan time: 12:18:09
  Displayed date: Royal Welsh College of Music & Drama
  [DEBUG] Earliest slots for 7-day horizon rooms: {'B0.11': '08:00', 'B0.13': '08:00', 'B0.14': '08:00', 'B0.16': '08:00'}
  [DEBUG] Expected earliest (now - 7 days): ~12:18 on target date
  [DEBUG] Rooms skipped (not yet available): B0.23 (Available in 19.7h (horizon: 5d)), B0.27 (Available in 19.7h (horizon: 5d)), B0.29 (Available in 19.7h (horizon: 5d)), B1.06 (Available in 19.7h (horizon: 5d)), B1.07 (Available in 19.7h (horizon: 5d)), B1.08 (Available in 19.7h (horizon: 5d)), B1.09 (Available in 2.8d (horizon: 3d)), B1.10 (Available in 19.7h (horizon: 5d)), B1.11 (Available in 19.7h (horizon: 5d)), B1.14 (Available in 19.7h (horizon: 5d)), B1.15 (Available in 19.7h (horizon: 5d)), B1.16 (Available in 2.8d (horizon: 3d)), B1.17 (Available in 19.7h (horizon: 5d)), B1.18 (Available in 19.7h (horizon: 5d)), B1.19 (Available in 19.7h (horizon: 5d)), B1.20 (Available in 19.7h (horizon: 5d)), B1.21 (Available in 19.7h (horizon: 5d))
  Found 5 potential slots
  [DEBUG] First 10 slots: [('B0.14', '16.50-17.25'), ('B0.11', '8.00-9.00'), ('B0.13', '8.00-10.00'), ('B0.14', '8.00-10.50'), ('B0.16', '8.00-12.00')]
  [DEBUG] Peak quota for 2026-02-14: 0/120 min used, 9999 min remaining
  [DEBUG] Known conflicts for this day: ['12.00-12.50', '12.50-13.00', '13.50-14.00', '14.50-16.50', '16.75-17.25']
  [DEBUG] Slot adjustment: 1 conflict-removed, 0 removed, 1 adjusted, 0 peak-adjusted, 1 weekly-adjusted
  [DEBUG] Strict mode: Filtered out 4 non-preferred slots
  [DEBUG] Starting booking attempts. Max per day: 1, slots available: 0
  [DEBUG] No more valid slots (all_slots=0, conflicts filtered all)
  No more valid slots available

  Day summary: 0 bookings made, 0 attempts total

############################################################
# DAY 5: 2026-02-13 (Friday)
############################################################
  [Smart redistribution] Current: 3.5h, Target: +1.2h, Max bookings: 1
  [DEBUG] Session stats: 3 bookings so far, peak for this day: 30/120min
  Navigating backward 1 day(s)...
  [DEBUG] Current URL: https://rwcmd.asimut.net/overview?locationGroupId=10...
  [DEBUG] Navigation complete, now on day 5
  [DEBUG] Slot scan time: 12:18:12
  Displayed date: Royal Welsh College of Music & Drama
  [DEBUG] Earliest slots for 7-day horizon rooms: {'B0.11': '07:30', 'B0.13': '07:30', 'B0.14': '07:30', 'B0.16': '07:30'}
  [DEBUG] Expected earliest (now - 7 days): ~12:18 on target date
  [DEBUG] Rooms skipped (not yet available): B0.23 (Available in 11min (horizon: 5d)), B0.27 (Available in 5.7h (horizon: 5d)), B0.29 (Available in 3.7h (horizon: 5d)), B1.06 (Available in 4.2h (horizon: 5d)), B1.07 (Available in 4.7h (horizon: 5d)), B1.08 (Available in 1.7h (horizon: 5d)), B1.09 (Available in 1.8d (horizon: 3d)), B1.11 (Available in 4.7h (horizon: 5d)), B1.14 (Available in 5.2h (horizon: 5d)), B1.15 (Available in 4.7h (horizon: 5d)), B1.16 (Available in 1.8d (horizon: 3d)), B1.17 (Available in 3.7h (horizon: 5d)), B1.18 (Available in 7.7h (horizon: 5d)), B1.19 (Available in 2.7h (horizon: 5d)), B1.20 (Available in 1.2h (horizon: 5d)), B1.21 (Available in 4.7h (horizon: 5d))
  Found 27 potential slots
  [DEBUG] First 10 slots: [('B1.18', '11.75-14.00'), ('B1.20', '11.00-11.50'), ('B1.19', '11.00-11.75'), ('B1.20', '12.00-12.50'), ('B0.29', '7.50-9.00'), ('B0.14', '7.50-9.50'), ('B0.27', '7.50-9.50'), ('B1.14', '7.50-8.75'), ('B1.17', '7.50-9.00'), ('B1.20', '7.50-9.00')]
  [DEBUG] Peak quota for 2026-02-13: 30/120 min used, 90 min remaining
  [DEBUG] Known conflicts for this day: ['17.00-18.00', '19.25-21.25', '11.75-12.25']
Traceback (most recent call last):
  File "C:\Users\loxty\Desktop\Repos\AsimutBooker\book_week.py", line 4409, in <module>
    main()
    ~~~~^^
  File "C:\Users\loxty\Desktop\Repos\AsimutBooker\book_week.py", line 4140, in main
    room_blocked = tracker.get_same_room_blocked_ranges(target_date, s['room'])
  File "C:\Users\loxty\Desktop\Repos\AsimutBooker\book_week.py", line 1785, in get_same_room_blocked_ranges
    if b_room == room and b_date.date() == date.date():
                          ^^^^^^^^^^^
AttributeError: 'datetime.date' object has no attribute 'date'
============================================================ 
[08/02/2026 12:18:13.61] Booking run completed 
