[08/02/2026 14:13:02.44] Starting scheduled booking run... 
============================================================ 
============================================================
ASIMUT WEEK BOOKER
============================================================
Today: 2026-02-08
Booking for: 2026-02-08 to 2026-02-15
Mode: Visible browser
============================================================

============================================================
SCANNING MY AGENDA FOR EXISTING EVENTS
============================================================
  [DEBUG] Navigating to agenda page...
  [DEBUG] Agenda page loaded, URL: https://rwcmd.asimut.net/agenda...
  Scrolling until we reach 15 February 2026...
  [DEBUG] Found target date '15 February 2026' after 2 scrolls
  Final pass to capture all events (10 scrolls)...
  [DEBUG] Raw events extracted: 30

  Found 30 unique events in agenda (deduplicated from 30):
  [Tracker] Added conflict: 2026-02-08 11.00-13.00
      2026-02-08 (Sunday): 11:00 - 13:00
  [Tracker] Added conflict: 2026-02-08 14.50-17.50
      2026-02-08 (Sunday): 14:30 - 17:30
  [Tracker] Added reservation: 2026-02-09 9.75-11.25 (+90min peak)
  [R] 2026-02-09 (Monday): 09:45 - 11:15 in B0.13
  [Tracker] Added reservation: 2026-02-09 12.25-12.75 (+30min peak)
  [R] 2026-02-09 (Monday): 12:15 - 12:45 in B0.14
  [Tracker] Added reservation: 2026-02-09 20.00-22.00
  [R] 2026-02-09 (Monday): 20:00 - 22:00 in B0.16
  [Tracker] Added reservation: 2026-02-10 9.00-10.00 (+60min peak)
  [R] 2026-02-10 (Tuesday): 09:00 - 10:00 in B0.16
  [Tracker] Added conflict: 2026-02-10 11.25-13.00
      2026-02-10 (Tuesday): 11:15 - 13:00
  [Tracker] Added conflict: 2026-02-10 13.00-14.00
      2026-02-10 (Tuesday): 13:00 - 14:00
  [Tracker] Added reservation: 2026-02-10 15.50-16.00 (+30min peak)
  [R] 2026-02-10 (Tuesday): 15:30 - 16:00 in B1.18
  [Tracker] Added reservation: 2026-02-10 17.00-17.50
  [R] 2026-02-10 (Tuesday): 17:00 - 17:30 in B1.11
  [Tracker] Added reservation: 2026-02-10 17.50-18.00
  [R] 2026-02-10 (Tuesday): 17:30 - 18:00 in B0.23
  [Tracker] Added conflict: 2026-02-10 18.00-21.00
      2026-02-10 (Tuesday): 18:00 - 21:00 in B0.08
  [Tracker] Added reservation: 2026-02-11 9.50-10.00 (+30min peak)
  [R] 2026-02-11 (Wednesday): 09:30 - 10:00 in B0.23
  [Tracker] Added conflict: 2026-02-11 16.00-17.50
      2026-02-11 (Wednesday): 16:00 - 17:30 in B0.03
  [Tracker] Added reservation: 2026-02-11 19.00-21.00
  [R] 2026-02-11 (Wednesday): 19:00 - 21:00 in B1.10
  [Tracker] Added reservation: 2026-02-12 9.50-10.00 (+30min peak)
  [R] 2026-02-12 (Thursday): 09:30 - 10:00 in B1.15
  [Tracker] Added conflict: 2026-02-12 10.00-11.00
      2026-02-12 (Thursday): 10:00 - 11:00 in B1.09
  [Tracker] Added conflict: 2026-02-12 17.00-18.00
      2026-02-12 (Thursday): 17:00 - 18:00 in B0.03
  [Tracker] Added reservation: 2026-02-12 18.00-20.00
  [R] 2026-02-12 (Thursday): 18:00 - 20:00 in B1.06
  [Tracker] Added reservation: 2026-02-12 20.00-22.00
  [R] 2026-02-12 (Thursday): 20:00 - 22:00 in B0.11
  [Tracker] Added reservation: 2026-02-13 10.75-12.00 (+75min peak)
  [R] 2026-02-13 (Friday): 10:45 - 12:00 in B1.18
  [Tracker] Added reservation: 2026-02-13 17.00-18.00
  [R] 2026-02-13 (Friday): 17:00 - 18:00 in B0.16
  [Tracker] Added reservation: 2026-02-13 19.25-21.25
  [R] 2026-02-13 (Friday): 19:15 - 21:15 in B0.14
  [Tracker] Added reservation: 2026-02-14 12.00-12.50
  [R] 2026-02-14 (Saturday): 12:00 - 12:30 in B0.13
  [Tracker] Added reservation: 2026-02-14 12.50-13.00
  [R] 2026-02-14 (Saturday): 12:30 - 13:00 in B0.14
  [Tracker] Added reservation: 2026-02-14 13.50-14.00
  [R] 2026-02-14 (Saturday): 13:30 - 14:00 in B0.16
  [Tracker] Added reservation: 2026-02-14 14.50-16.50
  [R] 2026-02-14 (Saturday): 14:30 - 16:30 in B0.14
  [Tracker] Added reservation: 2026-02-14 16.75-17.25
  [R] 2026-02-14 (Saturday): 16:45 - 17:15 in B0.11
  [Tracker] Added reservation: 2026-02-15 9.50-11.50
  [R] 2026-02-15 (Sunday): 09:30 - 11:30 in B0.11
  [Tracker] Added reservation: 2026-02-15 11.50-13.00
  [R] 2026-02-15 (Sunday): 11:30 - 13:00 in B0.16

  Total events: 30 (22 reservations, 8 other)

  Rolling quota: 25.2/28 hours this week
  [OK] Can book 2.8 more hours
  Peak hours from existing reservations:
    2026-02-09: 120/120 min
    2026-02-10: 90/120 min
    2026-02-11: 30/120 min
    2026-02-12: 30/120 min
    2026-02-13: 75/120 min
============================================================

Navigating to practice rooms (AHC)...
Traceback (most recent call last):
  File "C:\Users\loxty\Desktop\Repos\AsimutBooker\book_week.py", line 4409, in <module>
    main()
    ~~~~^^
  File "C:\Users\loxty\Desktop\Repos\AsimutBooker\book_week.py", line 3551, in main
    page.goto("https://rwcmd.asimut.net/overview?locationGroupId=10", wait_until="networkidle")
    ~~~~~~~~~^^^^^^^^^^^^^^^^^^^^^^^^^^^^^^^^^^^^^^^^^^^^^^^^^^^^^^^^^^^^^^^^^^^^^^^^^^^^^^^^^^
  File "C:\Users\loxty\AppData\Roaming\Python\Python313\site-packages\playwright\sync_api\_generated.py", line 9054, in goto
    self._sync(
    ~~~~~~~~~~^
        self._impl_obj.goto(
        ^^^^^^^^^^^^^^^^^^^^
            url=url, timeout=timeout, waitUntil=wait_until, referer=referer
            ^^^^^^^^^^^^^^^^^^^^^^^^^^^^^^^^^^^^^^^^^^^^^^^^^^^^^^^^^^^^^^^
        )
        ^
    )
    ^
  File "C:\Users\loxty\AppData\Roaming\Python\Python313\site-packages\playwright\_impl\_sync_base.py", line 115, in _sync
    return task.result()
           ~~~~~~~~~~~^^
  File "C:\Users\loxty\AppData\Roaming\Python\Python313\site-packages\playwright\_impl\_page.py", line 552, in goto
    return await self._main_frame.goto(**locals_to_params(locals()))
           ^^^^^^^^^^^^^^^^^^^^^^^^^^^^^^^^^^^^^^^^^^^^^^^^^^^^^^^^^
  File "C:\Users\loxty\AppData\Roaming\Python\Python313\site-packages\playwright\_impl\_frame.py", line 153, in goto
    await self._channel.send(
        "goto", self._navigation_timeout, locals_to_params(locals())
    )
  File "C:\Users\loxty\AppData\Roaming\Python\Python313\site-packages\playwright\_impl\_connection.py", line 69, in send
    return await self._connection.wrap_api_call(
           ^^^^^^^^^^^^^^^^^^^^^^^^^^^^^^^^^^^^^
    ...<3 lines>...
    )
    ^
  File "C:\Users\loxty\AppData\Roaming\Python\Python313\site-packages\playwright\_impl\_connection.py", line 559, in wrap_api_call
    raise rewrite_error(error, f"{parsed_st['apiName']}: {error}") from None
playwright._impl._errors.Error: Page.goto: net::ERR_INTERNET_DISCONNECTED at https://rwcmd.asimut.net/overview?locationGroupId=10
Call log:
  - navigating to "https://rwcmd.asimut.net/overview?locationGroupId=10", waiting until "networkidle"

============================================================ 
[08/02/2026 14:13:27.23] Booking run completed 
