[22/02/2026 19:48:31.72] Starting scheduled booking run... 
============================================================ 
============================================================
ASIMUT WEEK BOOKER
============================================================
Today: 2026-02-22
Booking for: 2026-02-22 to 2026-03-01
Mode: Visible browser
============================================================

============================================================
SCANNING MY AGENDA FOR EXISTING EVENTS
============================================================
  [DEBUG] Navigating to agenda page...
  [DEBUG] Agenda page loaded, URL: https://rwcmd.asimut.net/agenda...
  Scrolling until we reach 1 March 2026...
  [DEBUG] Found target date '1 March 2026' after 0 scrolls
  Final pass to capture all events (10 scrolls)...
  [DEBUG] Raw events extracted: 9

  Found 9 unique events in agenda (deduplicated from 9):
  [Tracker] Added reservation: 2026-02-23 12.00-13.00 (+60min peak)
  [R] 2026-02-23 (Monday): 12:00 - 13:00 in B0.16
  [Tracker] Added reservation: 2026-02-23 19.75-21.75
  [R] 2026-02-23 (Monday): 19:45 - 21:45 in B1.07
  [Tracker] Added conflict: 2026-02-24 11.25-13.00
      2026-02-24 (Tuesday): 11:15 - 13:00
  [Tracker] Added conflict: 2026-02-24 13.00-14.00
      2026-02-24 (Tuesday): 13:00 - 14:00
  [Tracker] Added conflict: 2026-02-25 16.00-17.50
      2026-02-25 (Wednesday): 16:00 - 17:30
  [Tracker] Added conflict: 2026-02-26 11.25-13.00
      2026-02-26 (Thursday): 11:15 - 13:00
  [Tracker] Added conflict: 2026-02-26 15.00-16.00
      2026-02-26 (Thursday): 15:00 - 16:00 in B1.08
  [Tracker] Added conflict: 2026-02-26 17.00-18.00
      2026-02-26 (Thursday): 17:00 - 18:00 in B1.11
  [Tracker] Added conflict: 2026-02-27 11.00-13.00
      2026-02-27 (Friday): 11:00 - 13:00

  Total events: 9 (2 reservations, 7 other)

  Rolling quota: 3.0/28 hours this week
  [OK] Can book 25.0 more hours
  Peak hours from existing reservations:
    2026-02-23: 60/120 min
============================================================

Navigating to practice rooms (AHC)...
  Currently showing: Unknown

  Disabled dates (will skip): ['2026-02-02', '2026-02-03', '2026-02-04', '2026-02-05', '2026-02-06', '2026-02-07', '2026-02-08', '2026-02-09']

  Time preferences: Prioritizing 09:00 - 21:00
  Strict mode: ON (only booking preferred times)

  Booking strategy: REVERSE ORDER (furthest dates first)

  Smart redistribution calculation:
    Enabled days: 8/8
    Remaining quota: 25.0h
    Ideal hours/day: 3.5h
    Current hours per day:
      2026-02-22 (Sun): 0.0h [needs +3.5h]
      2026-02-23 (Mon): 3.0h [needs +0.5h]
      2026-02-24 (Tue): 0.0h [needs +3.5h]
      2026-02-25 (Wed): 0.0h [needs +3.5h]
      2026-02-26 (Thu): 0.0h [needs +3.5h]
      2026-02-27 (Fri): 0.0h [needs +3.5h]
      2026-02-28 (Sat): 0.0h [needs +3.5h]
      2026-03-01 (Sun): 0.0h [needs +3.5h]

  Navigating to day 7 first (reverse order strategy)...
  [DEBUG] Forward navigation step 7 failed

============================================================
CHECKING FOR HORIZON SNIPE OPPORTUNITIES (MULTI-DAY)
============================================================

  Found 2 pending extension(s) - will skip conflicting snipe candidates

  Scanning 3 horizon days for snipe candidates: [7, 5, 3]

    Scanning Day 7 (2026-03-01) for 7-day horizon rooms...
Traceback (most recent call last):
  File "C:\Users\loxty\Desktop\Repos\AsimutBooker\book_week.py", line 4409, in <module>
    main()
    ~~~~^^
  File "C:\Users\loxty\Desktop\Repos\AsimutBooker\book_week.py", line 3666, in main
    all_snipe_candidates, current_calendar_day = find_all_snipe_candidates_multi_day(
                                                 ~~~~~~~~~~~~~~~~~~~~~~~~~~~~~~~~~~~^
        page, tracker, time_prefs, current_calendar_day
        ^^^^^^^^^^^^^^^^^^^^^^^^^^^^^^^^^^^^^^^^^^^^^^^
    )
    ^
  File "C:\Users\loxty\Desktop\Repos\AsimutBooker\book_week.py", line 2648, in find_all_snipe_candidates_multi_day
    page.wait_for_timeout(500)  # Wait for calendar to update
    ~~~~~~~~~~~~~~~~~~~~~^^^^^
  File "C:\Users\loxty\AppData\Roaming\Python\Python313\site-packages\playwright\sync_api\_generated.py", line 11536, in wait_for_timeout
    self._sync(self._impl_obj.wait_for_timeout(timeout=timeout))
    ~~~~~~~~~~^^^^^^^^^^^^^^^^^^^^^^^^^^^^^^^^^^^^^^^^^^^^^^^^^^
  File "C:\Users\loxty\AppData\Roaming\Python\Python313\site-packages\playwright\_impl\_sync_base.py", line 115, in _sync
    return task.result()
           ~~~~~~~~~~~^^
  File "C:\Users\loxty\AppData\Roaming\Python\Python313\site-packages\playwright\_impl\_page.py", line 1101, in wait_for_timeout
    await self._main_frame.wait_for_timeout(timeout)
  File "C:\Users\loxty\AppData\Roaming\Python\Python313\site-packages\playwright\_impl\_frame.py", line 862, in wait_for_timeout
    await self._channel.send("waitForTimeout", None, {"waitTimeout": timeout})
  File "C:\Users\loxty\AppData\Roaming\Python\Python313\site-packages\playwright\_impl\_connection.py", line 69, in send
    return await self._connection.wrap_api_call(
           ^^^^^^^^^^^^^^^^^^^^^^^^^^^^^^^^^^^^^
    ...<3 lines>...
    )
    ^
  File "C:\Users\loxty\AppData\Roaming\Python\Python313\site-packages\playwright\_impl\_connection.py", line 559, in wrap_api_call
    raise rewrite_error(error, f"{parsed_st['apiName']}: {error}") from None
playwright._impl._errors.TargetClosedError: Page.wait_for_timeout: Target page, context or browser has been closed
============================================================ 
[22/02/2026 19:49:23.17] Booking run completed 
