[19/02/2026 16:13:03.31] Starting scheduled booking run... 
============================================================ 
============================================================
ASIMUT WEEK BOOKER
============================================================
Today: 2026-02-19
Booking for: 2026-02-19 to 2026-02-26
Mode: Visible browser
============================================================

============================================================
SCANNING MY AGENDA FOR EXISTING EVENTS
============================================================
  [DEBUG] Navigating to agenda page...
  [DEBUG] Agenda page loaded, URL: https://rwcmd.asimut.net/agenda...
  Scrolling until we reach 26 February 2026...
  [DEBUG] Found target date '26 February 2026' after 0 scrolls
  Final pass to capture all events (10 scrolls)...
  [DEBUG] Raw events extracted: 14

  Found 14 unique events in agenda (deduplicated from 14):
  [Tracker] Added reservation: 2026-02-19 18.00-20.00
  [R] 2026-02-19 (Thursday): 18:00 - 20:00 in B1.07
  [Tracker] Added reservation: 2026-02-20 11.00-12.00 (+60min peak)
  [R] 2026-02-20 (Friday): 11:00 - 12:00 in B1.08
  [Tracker] Added reservation: 2026-02-20 12.00-13.00 (+60min peak)
  [R] 2026-02-20 (Friday): 12:00 - 13:00 in B1.11
  [Tracker] Added reservation: 2026-02-21 10.00-12.00
  [R] 2026-02-21 (Saturday): 10:00 - 12:00 in B1.21
  [Tracker] Added reservation: 2026-02-21 12.00-13.00
  [R] 2026-02-21 (Saturday): 12:00 - 13:00 in B0.11
  [Tracker] Added reservation: 2026-02-22 9.50-11.50
  [R] 2026-02-22 (Sunday): 09:30 - 11:30 in B0.11
  [Tracker] Added reservation: 2026-02-22 15.00-16.25
  [R] 2026-02-22 (Sunday): 15:00 - 16:15 in B0.14
  [Tracker] Added reservation: 2026-02-23 12.00-13.00 (+60min peak)
  [R] 2026-02-23 (Monday): 12:00 - 13:00 in B0.16
  [Tracker] Added conflict: 2026-02-24 11.25-13.00
      2026-02-24 (Tuesday): 11:15 - 13:00
  [Tracker] Added conflict: 2026-02-24 13.00-14.00
      2026-02-24 (Tuesday): 13:00 - 14:00
  [Tracker] Added conflict: 2026-02-25 16.00-17.50
      2026-02-25 (Wednesday): 16:00 - 17:30
  [Tracker] Added conflict: 2026-02-26 14.00-18.00
      2026-02-26 (Thursday): 14:00 - 18:00
  [Tracker] Added conflict: 2026-02-26 15.00-16.00
      2026-02-26 (Thursday): 15:00 - 16:00 in B1.08
  [Tracker] Added conflict: 2026-02-26 17.00-18.00
      2026-02-26 (Thursday): 17:00 - 18:00 in B1.11

  Total events: 14 (8 reservations, 6 other)

  Rolling quota: 11.2/28 hours this week
  [OK] Can book 16.8 more hours
  Peak hours from existing reservations:
    2026-02-20: 120/120 min
    2026-02-23: 60/120 min
============================================================

Navigating to practice rooms (AHC)...
  Currently showing: Unknown

  Disabled dates (will skip): ['2026-02-02', '2026-02-03', '2026-02-04', '2026-02-05', '2026-02-06', '2026-02-07', '2026-02-08', '2026-02-09']

  Time preferences: Prioritizing 09:00 - 21:00
  Strict mode: ON (only booking preferred times)

  Booking strategy: REVERSE ORDER (furthest dates first)

  Smart redistribution calculation:
    Enabled days: 8/8
    Remaining quota: 16.8h
    Ideal hours/day: 3.5h
    Current hours per day:
      2026-02-19 (Thu): 2.0h [needs +1.5h]
      2026-02-20 (Fri): 2.0h [needs +1.5h]
      2026-02-21 (Sat): 3.0h [needs +0.5h]
      2026-02-22 (Sun): 3.2h [needs +0.2h]
      2026-02-23 (Mon): 1.0h [needs +2.5h]
      2026-02-24 (Tue): 0.0h [needs +3.5h]
      2026-02-25 (Wed): 0.0h [needs +3.5h]
      2026-02-26 (Thu): 0.0h [needs +3.5h]

  Navigating to day 7 first (reverse order strategy)...

============================================================
CHECKING FOR HORIZON SNIPE OPPORTUNITIES (MULTI-DAY)
============================================================

  Found 3 pending extension(s) - will skip conflicting snipe candidates

  Scanning 3 horizon days for snipe candidates: [7, 5, 3]

    Scanning Day 7 (2026-02-26) for 7-day horizon rooms...
      Skipping B0.11 at 15.75: Overlaps with your existing reservation
      No snipe candidates found for Day 7

    Scanning Day 5 (2026-02-24) for 5-day horizon rooms...
    Navigating backward 2 day(s) to Day 5...
      No snipe candidates found for Day 5

    Scanning Day 3 (2026-02-22) for 3-day horizon rooms...
    Navigating backward 2 day(s) to Day 3...
      Skipping B1.16 at 15.75: Overlaps with your existing reservation
      No snipe candidates found for Day 3

  Total snipe candidates found: 0
  No snipe candidates found (no slots becoming bookable within 3 minutes)
============================================================

============================================================
READY - Waiting for target time: 16:15
============================================================
Current time: 16:13:37
Seconds to wait: 82
  T-80s...
  T-70s...
  T-60s...
  T-50s...
  T-40s...
  T-30s...
  T-20s...
  T-10s...
  T-0s...

>>> TARGET TIME REACHED: 16:15:00 <<<
============================================================


============================================================
REFRESHING PAGE FOR UPDATED SLOT AVAILABILITY
============================================================
  [DEBUG] Pre-refresh time: 16:15:00.403
  [DEBUG] Current URL: https://rwcmd.asimut.net/overview?locationGroupId=10...
  [DEBUG] Calendar position before refresh: day 3
  [DEBUG] Post-refresh time: 16:15:03.013
  [DEBUG] Refresh took: 2.61s
  [DEBUG] Post-refresh URL: https://rwcmd.asimut.net/overview?locationGroupId=10...
  [DEBUG] Calendar position after refresh: day 3 (unchanged)
  [DEBUG] Could not extract slot times
============================================================

============================================================
PROCESSING BOOKING EXTENSIONS
============================================================
Found 3 potentially extendable booking(s)

============================================================
EXTENDING BOOKING: B0.14 on 2026-02-23
  Current: 12:30 - 13:00
  Target:  12:30 - 14:00
============================================================
  Editing reservation: B0.14 on 2026-02-23
    Current: 12:30-13:00
    New end: 14:00
    Not found in visible area, scrolling...
    Could not find event card for B0.14 2026-02-23 12:30
  Skipped B0.14 2026-02-23 12:30: Edit operation failed

============================================================
EXTENDING BOOKING: B0.16 on 2026-02-23
  Current: 12:30 - 13:00
  Target:  12:30 - 14:00
============================================================
  Editing reservation: B0.16 on 2026-02-23
    Current: 12:30-13:00
    New end: 14:00
    Not found in visible area, scrolling...
    Could not find event card for B0.16 2026-02-23 12:30
  Skipped B0.16 2026-02-23 12:30: Edit operation failed

============================================================
EXTENDING BOOKING: B0.27 on 2026-02-21
  Current: 12:30 - 13:00
  Target:  12:30 - 14:30
============================================================
  Editing reservation: B0.27 on 2026-02-21
    Current: 12:30-13:00
    New end: 14:30
    Not found in visible area, scrolling...
    Could not find event card for B0.27 2026-02-21 12:30
  Skipped B0.27 2026-02-21 12:30: Edit operation failed
============================================================

Navigating back to practice rooms...

############################################################
# DAY 7: 2026-02-26 (Thursday)
############################################################
  [Smart redistribution] Current: 0.0h, Target: +3.5h, Max bookings: 2
  [DEBUG] Session stats: 0 bookings so far, peak for this day: 0/120min
  Navigating forward 7 day(s)...
  [DEBUG] Current URL: https://rwcmd.asimut.net/overview?locationGroupId=10...
  [DEBUG] Navigation complete, now on day 7
  [DEBUG] Slot scan time: 16:15:41
  Displayed date: Royal Welsh College of Music & Drama
  [DEBUG] Earliest slots for 7-day horizon rooms: {'B0.11': '07:30', 'B0.13': '07:30', 'B0.14': '07:30', 'B0.16': '07:30'}
  [DEBUG] Expected earliest (now - 7 days): ~16:15 on target date
  [DEBUG] Rooms skipped (not yet available): B0.13 (Available in 1.7h (horizon: 7d)), B0.14 (Available in 1.7h (horizon: 7d)), B0.16 (Available in 1.7h (horizon: 7d)), B0.23 (Available in 1.6d (horizon: 5d)), B0.27 (Available in 1.6d (horizon: 5d)), B0.29 (Available in 1.6d (horizon: 5d)), B1.06 (Available in 1.6d (horizon: 5d)), B1.07 (Available in 1.6d (horizon: 5d)), B1.08 (Available in 1.6d (horizon: 5d)), B1.09 (Available in 3.6d (horizon: 3d)), B1.10 (Available in 1.6d (horizon: 5d)), B1.11 (Available in 1.6d (horizon: 5d)), B1.14 (Available in 1.6d (horizon: 5d)), B1.15 (Available in 1.6d (horizon: 5d)), B1.16 (Available in 3.6d (horizon: 3d)), B1.17 (Available in 1.6d (horizon: 5d)), B1.18 (Available in 1.6d (horizon: 5d)), B1.19 (Available in 1.6d (horizon: 5d)), B1.20 (Available in 1.6d (horizon: 5d)), B1.21 (Available in 1.6d (horizon: 5d))
  Found 5 potential slots
  [DEBUG] First 10 slots: [('B0.11', '16.25-22.25'), ('B0.11', '7.50-9.00'), ('B0.13', '7.50-9.00'), ('B0.14', '7.50-8.50'), ('B0.16', '7.50-9.00')]
  [DEBUG] Peak quota for 2026-02-26: 0/120 min used, 120 min remaining
  [DEBUG] Known conflicts for this day: ['14.00-18.00', '15.00-16.00', '17.00-18.00']
  [DEBUG] Slot adjustment: 0 conflict-removed, 0 removed, 1 adjusted, 0 peak-adjusted, 0 weekly-adjusted
  [DEBUG] Strict mode: Filtered out 4 non-preferred slots
  [DEBUG] Starting booking attempts. Max per day: 2, slots available: 1
  [DEBUG] Attempt 1/15: B0.11 18.00-22.25 (duration: 4.25h)
  Skipping B0.11 18:00: Only -105min past horizon (need 30min, wait 135min)
    [DEBUG] Horizon calc: now=16:15:41, slot=2026-02-26 18:00, available_from=2026-02-19 18:00, mins_since=-104.3
  [DEBUG] No more valid slots (all_slots=0, conflicts filtered all)
  No more valid slots available

  Day summary: 0 bookings made, 1 attempts total

############################################################
# DAY 6: 2026-02-25 (Wednesday)
############################################################
  [Smart redistribution] Current: 0.0h, Target: +3.5h, Max bookings: 2
  [DEBUG] Session stats: 0 bookings so far, peak for this day: 0/120min
  Navigating backward 1 day(s)...
  [DEBUG] Current URL: https://rwcmd.asimut.net/overview?locationGroupId=10...
  [DEBUG] Navigation complete, now on day 6
  [DEBUG] Slot scan time: 16:15:44
  Displayed date: Royal Welsh College of Music & Drama
  [DEBUG] Earliest slots for 7-day horizon rooms: {'B0.11': '07:30', 'B0.13': '07:30', 'B0.14': '07:30', 'B0.16': '07:30'}
  [DEBUG] Expected earliest (now - 7 days): ~16:15 on target date
  [DEBUG] Rooms skipped (not yet available): B0.23 (Available in 15.2h (horizon: 5d)), B0.27 (Available in 15.2h (horizon: 5d)), B0.29 (Available in 15.2h (horizon: 5d)), B1.06 (Available in 15.2h (horizon: 5d)), B1.07 (Available in 15.2h (horizon: 5d)), B1.08 (Available in 15.2h (horizon: 5d)), B1.09 (Available in 2.6d (horizon: 3d)), B1.10 (Available in 15.2h (horizon: 5d)), B1.11 (Available in 15.2h (horizon: 5d)), B1.14 (Available in 15.2h (horizon: 5d)), B1.15 (Available in 15.2h (horizon: 5d)), B1.16 (Available in 2.6d (horizon: 3d)), B1.17 (Available in 15.2h (horizon: 5d)), B1.18 (Available in 15.2h (horizon: 5d)), B1.19 (Available in 15.2h (horizon: 5d)), B1.20 (Available in 15.2h (horizon: 5d)), B1.21 (Available in 15.2h (horizon: 5d))
  Found 8 potential slots
  [DEBUG] First 10 slots: [('B0.13', '20.75-22.25'), ('B0.11', '7.50-9.50'), ('B0.13', '7.50-9.00'), ('B0.14', '7.50-9.00'), ('B0.16', '7.50-10.00'), ('B0.11', '21.00-22.25'), ('B0.14', '21.25-22.25'), ('B0.16', '21.50-22.25')]
  [DEBUG] Peak quota for 2026-02-25: 0/120 min used, 120 min remaining
  [DEBUG] Known conflicts for this day: ['16.00-17.50']
  [DEBUG] Strict mode: Filtered out 7 non-preferred slots
  [DEBUG] Starting booking attempts. Max per day: 2, slots available: 1
  [DEBUG] Attempt 1/15: B0.13 20.75-22.25 (duration: 1.50h)

============================================================
Trying: B0.13 at 20:45-22:15
============================================================
  [DEBUG] Click calculation: slot=20.75-22.25, center=21.50, click_pct=90.62%
  [DEBUG] Viewport: 1920x1080, scrollY=0
  [DEBUG] Day grid: left=400, width=1505, right=1905
  [DEBUG] Click target: x=1764, y=279 (target time: 20.75-22.25)
  Clicking at (1764, 279) for B0.13 (center)...
  [DEBUG] Got tooltip instead of menu: 21:30 in B0.13 (Practice: Grand Piano)...
  Clicking at (1779, 284) for B0.13 (offset right-bottom)...
  [DEBUG] No popup at offset right-bottom position
  Clicking at (1749, 274) for B0.13 (offset left-top)...
  [DEBUG] Got tooltip instead of menu: 21:15 in B0.13 (Practice: Grand Piano)...
  No booking popup found after trying multiple click positions - skipping
  [DEBUG] No more valid slots (all_slots=0, conflicts filtered all)
  No more valid slots available

  Day summary: 0 bookings made, 1 attempts total

############################################################
# DAY 5: 2026-02-24 (Tuesday)
############################################################
  [Smart redistribution] Current: 0.0h, Target: +3.5h, Max bookings: 2
  [DEBUG] Session stats: 0 bookings so far, peak for this day: 0/120min
  Navigating backward 1 day(s)...
  [DEBUG] Current URL: https://rwcmd.asimut.net/overview?locationGroupId=10...
  [DEBUG] Navigation complete, now on day 5
  [DEBUG] Slot scan time: 16:15:55
  Displayed date: Royal Welsh College of Music & Drama
  [DEBUG] Earliest slots for 7-day horizon rooms: {'B0.11': '07:30', 'B0.13': '07:30', 'B0.14': '07:30', 'B0.16': '07:30'}
  [DEBUG] Expected earliest (now - 7 days): ~16:15 on target date
  [DEBUG] Rooms skipped (not yet available): B0.23 (Available in 2.7h (horizon: 5d)), B0.27 (Available in 2.2h (horizon: 5d)), B0.29 (Available in 2.7h (horizon: 5d)), B1.06 (Available in 4.7h (horizon: 5d)), B1.07 (Available in 4.7h (horizon: 5d)), B1.09 (Available in 1.6d (horizon: 3d)), B1.10 (Available in 3.2h (horizon: 5d)), B1.11 (Available in 1.2h (horizon: 5d)), B1.14 (Available in 1.5h (horizon: 5d)), B1.15 (Available in 1.7h (horizon: 5d)), B1.16 (Available in 1.6d (horizon: 3d)), B1.18 (Available in 44min (horizon: 5d)), B1.19 (Available in 1.7h (horizon: 5d)), B1.20 (Available in 3.2h (horizon: 5d)), B1.21 (Available in 4.7h (horizon: 5d))
  Found 32 potential slots
  [DEBUG] First 10 slots: [('B1.20', '10.00-11.00'), ('B1.11', '13.00-14.00'), ('B0.23', '13.00-14.00'), ('B1.17', '15.50-22.25'), ('B1.19', '16.00-17.25'), ('B1.08', '16.00-22.25'), ('B0.13', '20.75-22.25'), ('B1.08', '13.00-13.50'), ('B1.17', '13.50-14.00'), ('B1.10', '16.00-16.50')]
  [DEBUG] Peak quota for 2026-02-24: 0/120 min used, 120 min remaining
  [DEBUG] Known conflicts for this day: ['11.25-13.00', '13.00-14.00']
  [DEBUG] Slot adjustment: 4 conflict-removed, 0 removed, 0 adjusted, 0 peak-adjusted, 0 weekly-adjusted
  [DEBUG] Strict mode: Filtered out 22 non-preferred slots
  [DEBUG] Starting booking attempts. Max per day: 2, slots available: 6
  [DEBUG] Attempt 1/15: B1.20 10.00-11.00 (duration: 1.00h)

============================================================
Trying: B1.20 at 10:00-11:00
============================================================
  [DEBUG] Click calculation: slot=10.00-11.00, center=10.50, click_pct=21.88%
  [DEBUG] Viewport: 1920x1080, scrollY=309
  [DEBUG] Day grid: left=400, width=1505, right=1905
  [DEBUG] Click target: x=729, y=810 (target time: 10.00-11.00)
  Clicking at (729, 810) for B1.20 (center)...
  [DEBUG] Got tooltip instead of menu: 10:30 in B1.20 (Practice: Grand Piano)...
  Clicking at (744, 815) for B1.20 (offset right-bottom)...
  [DEBUG] No popup at offset right-bottom position
  Clicking at (714, 805) for B1.20 (offset left-top)...
  [DEBUG] Got tooltip instead of menu: 10:15 in B1.20 (Practice: Grand Piano)...
  No booking popup found after trying multiple click positions - skipping
  [DEBUG] Attempt 2/15: B1.17 15.50-22.25 (duration: 6.75h)

============================================================
Trying: B1.17 at 15:30-16:15 (HORIZON LIMITED)
  Will extend later: target 15:30-17:30
============================================================
  [DEBUG] Click calculation: slot=15.50-16.25, center=15.88, click_pct=55.47%
  [DEBUG] Viewport: 1920x1080, scrollY=309
  [DEBUG] Day grid: left=400, width=1505, right=1905
  [DEBUG] Click target: x=1235, y=690 (target time: 15.50-16.25)
  Clicking at (1235, 690) for B1.17 (center)...
  [DEBUG] No popup at center position
  Clicking at (1250, 695) for B1.17 (offset right-bottom)...
  [DEBUG] Got tooltip instead of menu: 16:00 in B1.17 (Practice: Grand Piano)...
  Clicking at (1220, 685) for B1.17 (offset left-top)...
  [DEBUG] Click navigated directly to booking form
  [DEBUG] Click navigated directly to booking form
  [DEBUG] Setting times: 15:30 to 16:15
  [DEBUG] Found time inputs, filling start time...
  [DEBUG] Filling end time...
  [DEBUG] Verified times: start=15:30, end=16:15
  [DEBUG] Checking for errors/conflicts on booking form...
  [DEBUG] Found 8 time patterns on page
  Error: Not allowed to book
  [DEBUG] Error message: You are not allowed to create or modify bookings in B1.17 that end later than 24/2/26 16:16
  [DEBUG] go_back() called
  [DEBUG] Booking form visible: True
  [DEBUG] Clicking back button...
  [DEBUG] Back on calendar (location-day found)
  [DEBUG] Attempt 3/15: B1.19 16.00-17.25 (duration: 1.25h)
  Skipping B1.19 16:00: Only 15min past horizon (need 30min, wait 15min)
    [DEBUG] Horizon calc: now=16:16:13, slot=2026-02-24 16:00, available_from=2026-02-19 16:00, mins_since=16.2
  [DEBUG] Attempt 4/15: B1.08 16.00-22.25 (duration: 6.25h)
  Skipping B1.08 16:00: Only 15min past horizon (need 30min, wait 15min)
    [DEBUG] Horizon calc: now=16:16:13, slot=2026-02-24 16:00, available_from=2026-02-19 16:00, mins_since=16.2
  [DEBUG] Attempt 5/15: B0.13 20.75-22.25 (duration: 1.50h)

============================================================
Trying: B0.13 at 20:45-22:15
============================================================
  [DEBUG] Click calculation: slot=20.75-22.25, center=21.50, click_pct=90.62%
  [DEBUG] Viewport: 1920x1080, scrollY=0
  [DEBUG] Day grid: left=400, width=1505, right=1905
  [DEBUG] Click target: x=1764, y=279 (target time: 20.75-22.25)
  Clicking at (1764, 279) for B0.13 (center)...
  [DEBUG] Got tooltip instead of menu: 21:30 in B0.13 (Practice: Grand Piano)...
  Clicking at (1779, 284) for B0.13 (offset right-bottom)...
  [DEBUG] No popup at offset right-bottom position
  Clicking at (1749, 274) for B0.13 (offset left-top)...
  [DEBUG] Got tooltip instead of menu: 21:15 in B0.13 (Practice: Grand Piano)...
  No booking popup found after trying multiple click positions - skipping
  [DEBUG] Attempt 6/15: B1.10 16.00-16.50 (duration: 0.50h)
  Skipping B1.10 16:00: Only 15min past horizon (need 30min, wait 15min)
    [DEBUG] Horizon calc: now=16:16:22, slot=2026-02-24 16:00, available_from=2026-02-19 16:00, mins_since=16.4
  [DEBUG] No more valid slots (all_slots=0, conflicts filtered all)
  No more valid slots available

  Day summary: 0 bookings made, 6 attempts total

############################################################
# DAY 4: 2026-02-23 (Monday)
############################################################
  [Smart redistribution] Current: 1.0h, Target: +2.5h, Max bookings: 1
  [DEBUG] Session stats: 0 bookings so far, peak for this day: 60/120min
  Navigating backward 1 day(s)...
  [DEBUG] Current URL: https://rwcmd.asimut.net/overview?locationGroupId=10...
  [DEBUG] Navigation complete, now on day 4
  [DEBUG] Slot scan time: 16:16:24
  Displayed date: Royal Welsh College of Music & Drama
  [DEBUG] Earliest slots for 7-day horizon rooms: {'B0.11': '07:30', 'B0.13': '07:30', 'B0.14': '07:30', 'B0.16': '07:30'}
  [DEBUG] Expected earliest (now - 7 days): ~16:16 on target date
  [DEBUG] Rooms skipped (not yet available): B1.09 (Available in 15.2h (horizon: 3d)), B1.16 (Available in 15.2h (horizon: 3d))
  Found 45 potential slots
  [DEBUG] First 10 slots: [('B1.20', '10.00-11.00'), ('B1.11', '13.00-14.00'), ('B0.23', '13.00-14.00'), ('B1.17', '15.50-22.25'), ('B1.19', '16.00-17.25'), ('B1.08', '16.00-22.25'), ('B1.18', '17.00-22.25'), ('B1.11', '17.50-22.25'), ('B1.14', '17.75-22.25'), ('B1.19', '18.00-22.25')]
  [DEBUG] Peak quota for 2026-02-23: 60/120 min used, 60 min remaining
  [DEBUG] Known conflicts for this day: ['12.00-13.00']
  [DEBUG] Slot adjustment: 0 conflict-removed, 0 removed, 1 adjusted, 1 peak-adjusted, 0 weekly-adjusted
  [DEBUG] Strict mode: Filtered out 25 non-preferred slots
  [DEBUG] Starting booking attempts. Max per day: 1, slots available: 20
  [DEBUG] Attempt 1/15: B1.20 10.00-11.00 (duration: 1.00h)

============================================================
Trying: B1.20 at 10:00-11:00
============================================================
  [DEBUG] Click calculation: slot=10.00-11.00, center=10.50, click_pct=21.88%
  [DEBUG] Viewport: 1920x1080, scrollY=309
  [DEBUG] Day grid: left=400, width=1505, right=1905
  [DEBUG] Click target: x=729, y=810 (target time: 10.00-11.00)
  Clicking at (729, 810) for B1.20 (center)...
  [DEBUG] Got tooltip instead of menu: 10:30 in B1.20 (Practice: Grand Piano)...
  Clicking at (744, 815) for B1.20 (offset right-bottom)...
  [DEBUG] No popup at offset right-bottom position
  Clicking at (714, 805) for B1.20 (offset left-top)...
  [DEBUG] Got tooltip instead of menu: 10:15 in B1.20 (Practice: Grand Piano)...
  No booking popup found after trying multiple click positions - skipping
  [DEBUG] Attempt 2/15: B1.11 13.00-14.00 (duration: 1.00h)

============================================================
Trying: B1.11 at 13:00-14:00
============================================================
  [DEBUG] Click calculation: slot=13.00-14.00, center=13.50, click_pct=40.62%
  [DEBUG] Viewport: 1920x1080, scrollY=299
  [DEBUG] Day grid: left=400, width=1505, right=1905
  [DEBUG] Click target: x=1011, y=540 (target time: 13.00-14.00)
  Clicking at (1011, 540) for B1.11 (center)...
  [DEBUG] No popup at center position
  Clicking at (1026, 545) for B1.11 (offset right-bottom)...
  [DEBUG] Got tooltip instead of menu: 13:45 in B1.11 (Practice: Upright Piano)...
  Clicking at (996, 535) for B1.11 (offset left-top)...
  [DEBUG] Looking for 'Student booking provisional' button...
  Found 'Student booking provisional' button
  [DEBUG] Setting times: 13:00 to 14:00
  [DEBUG] Found time inputs, filling start time...
  [DEBUG] Filling end time...
  [DEBUG] Verified times: start=13:00, end=14:00
  [DEBUG] Checking for errors/conflicts on booking form...
  [DEBUG] Found 7 time patterns on page
  Error: Not allowed to book
  [DEBUG] Error message: You are not allowed to create or modify bookings in B1.11 that end later than 24/2/26 16:16
  [DEBUG] go_back() called
  [DEBUG] Booking form visible: True
  [DEBUG] Clicking back button...
  [DEBUG] Back on calendar (location-day found)
  [DEBUG] Attempt 3/15: B0.23 13.00-14.00 (duration: 1.00h)

============================================================
Trying: B0.23 at 13:00-14:00
============================================================
  [DEBUG] Click calculation: slot=13.00-14.00, center=13.50, click_pct=40.62%
  [DEBUG] Viewport: 1920x1080, scrollY=0
  [DEBUG] Day grid: left=400, width=1505, right=1905
  [DEBUG] Click target: x=1011, y=399 (target time: 13.00-14.00)
  Clicking at (1011, 399) for B0.23 (center)...
  [DEBUG] Got tooltip instead of menu: 13:30 in B0.23 (Practice: Upright Piano)...
  Clicking at (1026, 404) for B0.23 (offset right-bottom)...
  [DEBUG] No popup at offset right-bottom position
  Clicking at (996, 394) for B0.23 (offset left-top)...
  [DEBUG] Got tooltip instead of menu: 13:15 in B0.23 (Practice: Upright Piano)...
  No booking popup found after trying multiple click positions - skipping
  [DEBUG] Attempt 4/15: B1.17 15.50-22.25 (duration: 6.75h)

============================================================
Trying: B1.17 at 15:30-17:30
============================================================
  [DEBUG] Click calculation: slot=15.50-17.50, center=16.50, click_pct=59.38%
  [DEBUG] Viewport: 1920x1080, scrollY=309
  [DEBUG] Day grid: left=400, width=1505, right=1905
  [DEBUG] Click target: x=1294, y=690 (target time: 15.50-17.50)
  Clicking at (1294, 690) for B1.17 (center)...
  [DEBUG] No popup at center position
  Clicking at (1309, 695) for B1.17 (offset right-bottom)...
  [DEBUG] Got tooltip instead of menu: 16:45 in B1.17 (Practice: Grand Piano)...
  Clicking at (1279, 685) for B1.17 (offset left-top)...
  [DEBUG] Got tooltip instead of menu: 16:45 in B1.17 (Practice: Grand Piano)...
  No booking popup found after trying multiple click positions - skipping
  [DEBUG] Attempt 5/15: B1.19 16.00-17.25 (duration: 1.25h)

============================================================
Trying: B1.19 at 16:00-17:15
============================================================
  [DEBUG] Click calculation: slot=16.00-17.25, center=16.62, click_pct=60.16%
  [DEBUG] Viewport: 1920x1080, scrollY=309
  [DEBUG] Day grid: left=400, width=1505, right=1905
  [DEBUG] Click target: x=1305, y=770 (target time: 16.00-17.25)
  Clicking at (1305, 770) for B1.19 (center)...
  [DEBUG] No popup at center position
  Clicking at (1320, 775) for B1.19 (offset right-bottom)...
  [DEBUG] Got tooltip instead of menu: 16:45 in B1.19 (Practice: Grand Piano)...
  Clicking at (1290, 765) for B1.19 (offset left-top)...
  [DEBUG] Got tooltip instead of menu: 16:45 in B1.19 (Practice: Grand Piano)...
  No booking popup found after trying multiple click positions - skipping
  [DEBUG] Attempt 6/15: B1.08 16.00-22.25 (duration: 6.25h)

============================================================
Trying: B1.08 at 16:00-18:00
============================================================
  [DEBUG] Click calculation: slot=16.00-18.00, center=17.00, click_pct=62.50%
  [DEBUG] Viewport: 1920x1080, scrollY=179
  [DEBUG] Day grid: left=400, width=1505, right=1905
  [DEBUG] Click target: x=1341, y=540 (target time: 16.00-18.00)
  Clicking at (1341, 540) for B1.08 (center)...
  [DEBUG] No popup at center position
  Clicking at (1356, 545) for B1.08 (offset right-bottom)...
  [DEBUG] Got tooltip instead of menu: 17:15 in B1.08 (Practice: Upright Piano)...
  Clicking at (1326, 535) for B1.08 (offset left-top)...
  [DEBUG] Looking for 'Student booking provisional' button...
  Found 'Student booking provisional' button
  [DEBUG] Setting times: 16:00 to 18:00
  [DEBUG] Found time inputs, filling start time...
  [DEBUG] Filling end time...
  [DEBUG] Verified times: start=16:00, end=18:00
  [DEBUG] Checking for errors/conflicts on booking form...
  [DEBUG] Found 8 time patterns on page
  Error: Not allowed to book
  [DEBUG] Error message: You are not allowed to create or modify bookings in B1.08 that end later than 24/2/26 16:17
  [DEBUG] go_back() called
  [DEBUG] Booking form visible: True
  [DEBUG] Clicking back button...
  [DEBUG] Back on calendar (location-day found)
  [DEBUG] Attempt 7/15: B1.18 17.00-22.25 (duration: 5.25h)

============================================================
Trying: B1.18 at 17:00-19:00
============================================================
  [DEBUG] Click calculation: slot=17.00-19.00, center=18.00, click_pct=68.75%
  [DEBUG] Viewport: 1920x1080, scrollY=309
  [DEBUG] Day grid: left=400, width=1505, right=1905
  [DEBUG] Click target: x=1435, y=730 (target time: 17.00-19.00)
  Clicking at (1435, 730) for B1.18 (center)...
  [DEBUG] Got tooltip instead of menu: 18:00 in B1.18 (Practice: Grand Piano)...
  Clicking at (1450, 735) for B1.18 (offset right-bottom)...
  [DEBUG] No popup at offset right-bottom position
  Clicking at (1420, 725) for B1.18 (offset left-top)...
  [DEBUG] Got tooltip instead of menu: 17:45 in B1.18 (Practice: Grand Piano)...
  No booking popup found after trying multiple click positions - skipping
  [DEBUG] Attempt 8/15: B1.11 17.50-22.25 (duration: 4.75h)

============================================================
Trying: B1.11 at 17:30-19:30
============================================================
  [DEBUG] Click calculation: slot=17.50-19.50, center=18.50, click_pct=71.88%
  [DEBUG] Viewport: 1920x1080, scrollY=299
  [DEBUG] Day grid: left=400, width=1505, right=1905
  [DEBUG] Click target: x=1482, y=540 (target time: 17.50-19.50)
  Clicking at (1482, 540) for B1.11 (center)...
  [DEBUG] No popup at center position
  Clicking at (1497, 545) for B1.11 (offset right-bottom)...
  [DEBUG] Got tooltip instead of menu: 18:45 in B1.11 (Practice: Upright Piano)...
  Clicking at (1467, 535) for B1.11 (offset left-top)...
  [DEBUG] Click navigated directly to booking form
  [DEBUG] Click navigated directly to booking form
  [DEBUG] Setting times: 17:30 to 19:30
  [DEBUG] Found time inputs, filling start time...
  [DEBUG] Filling end time...
  [DEBUG] Verified times: start=17:30, end=19:30
  [DEBUG] Checking for errors/conflicts on booking form...
  [DEBUG] Found 7 time patterns on page
  Error: Not allowed to book
  [DEBUG] Error message: You are not allowed to create or modify bookings in B1.11 that end later than 24/2/26 16:17
  [DEBUG] go_back() called
  [DEBUG] Booking form visible: True
  [DEBUG] Clicking back button...
  [DEBUG] Back on calendar (location-day found)
  [DEBUG] Attempt 9/15: B1.14 17.75-22.25 (duration: 4.50h)

============================================================
Trying: B1.14 at 17:45-19:45
============================================================
  [DEBUG] Click calculation: slot=17.75-19.75, center=18.75, click_pct=73.44%
  [DEBUG] Viewport: 1920x1080, scrollY=309
  [DEBUG] Day grid: left=400, width=1505, right=1905
  [DEBUG] Click target: x=1505, y=570 (target time: 17.75-19.75)
  Clicking at (1505, 570) for B1.14 (center)...
  [DEBUG] Got tooltip instead of menu: 18:45 in B1.14 (Practice: Grand Piano)...
  Clicking at (1520, 575) for B1.14 (offset right-bottom)...
  [DEBUG] No popup at offset right-bottom position
  Clicking at (1490, 565) for B1.14 (offset left-top)...
  [DEBUG] Got tooltip instead of menu: 18:30 in B1.14 (Practice: Grand Piano)...
  No booking popup found after trying multiple click positions - skipping
  [DEBUG] Attempt 10/15: B1.19 18.00-22.25 (duration: 4.25h)

============================================================
Trying: B1.19 at 18:00-20:00
============================================================
  [DEBUG] Click calculation: slot=18.00-20.00, center=19.00, click_pct=75.00%
  [DEBUG] Viewport: 1920x1080, scrollY=309
  [DEBUG] Day grid: left=400, width=1505, right=1905
  [DEBUG] Click target: x=1529, y=770 (target time: 18.00-20.00)
  Clicking at (1529, 770) for B1.19 (center)...
  [DEBUG] No popup at center position
  Clicking at (1544, 775) for B1.19 (offset right-bottom)...
  [DEBUG] Got tooltip instead of menu: 19:15 in B1.19 (Practice: Grand Piano)...
  Clicking at (1514, 765) for B1.19 (offset left-top)...
  [DEBUG] Click navigated directly to booking form
  [DEBUG] Click navigated directly to booking form
  [DEBUG] Setting times: 18:00 to 20:00
  [DEBUG] Found time inputs, filling start time...
  [DEBUG] Filling end time...
  [DEBUG] Verified times: start=18:00, end=20:00
  [DEBUG] Checking for errors/conflicts on booking form...
  [DEBUG] Found 7 time patterns on page
  Error: Not allowed to book
  [DEBUG] Error message: You are not allowed to create or modify bookings in B1.19 that end later than 24/2/26 16:17
  [DEBUG] go_back() called
  [DEBUG] Booking form visible: True
  [DEBUG] Clicking back button...
  [DEBUG] Back on calendar (location-day found)
  [DEBUG] Attempt 11/15: B1.15 18.00-22.25 (duration: 4.25h)

============================================================
Trying: B1.15 at 18:00-20:00
============================================================
  [DEBUG] Click calculation: slot=18.00-20.00, center=19.00, click_pct=75.00%
  [DEBUG] Viewport: 1920x1080, scrollY=309
  [DEBUG] Day grid: left=400, width=1505, right=1905
  [DEBUG] Click target: x=1529, y=610 (target time: 18.00-20.00)
  Clicking at (1529, 610) for B1.15 (center)...
  [DEBUG] Got tooltip instead of menu: 19:00 in B1.15 (Practice: Grand Piano)...
  Clicking at (1544, 615) for B1.15 (offset right-bottom)...
  [DEBUG] No popup at offset right-bottom position
  Clicking at (1514, 605) for B1.15 (offset left-top)...
  [DEBUG] Got tooltip instead of menu: 18:45 in B1.15 (Practice: Grand Piano)...
  No booking popup found after trying multiple click positions - skipping
  [DEBUG] Attempt 12/15: B0.27 18.50-22.25 (duration: 3.75h)

============================================================
Trying: B0.27 at 18:30-20:30
============================================================
  [DEBUG] Click calculation: slot=18.50-20.50, center=19.50, click_pct=78.12%
  [DEBUG] Viewport: 1920x1080, scrollY=0
  [DEBUG] Day grid: left=400, width=1505, right=1905
  [DEBUG] Click target: x=1576, y=479 (target time: 18.50-20.50)
  Clicking at (1576, 479) for B0.27 (center)...
  [DEBUG] No popup at center position
  Clicking at (1591, 484) for B0.27 (offset right-bottom)...
  [DEBUG] Got tooltip instead of menu: 19:45 in B0.27 (Practice: Grand Piano)...
  Clicking at (1561, 474) for B0.27 (offset left-top)...
  [DEBUG] Looking for 'Student booking provisional' button...
  Found 'Student booking provisional' button
  [DEBUG] Setting times: 18:30 to 20:30
  [DEBUG] Found time inputs, filling start time...
  [DEBUG] Filling end time...
  [DEBUG] Verified times: start=18:30, end=20:30
  [DEBUG] Checking for errors/conflicts on booking form...
  [DEBUG] Found 7 time patterns on page
  Error: Not allowed to book
  [DEBUG] Error message: You are not allowed to create or modify bookings in B0.27 that end later than 24/2/26 16:18
  [DEBUG] go_back() called
  [DEBUG] Booking form visible: True
  [DEBUG] Clicking back button...
  [DEBUG] Back on calendar (location-day found)
  [DEBUG] Attempt 13/15: B0.29 19.00-22.25 (duration: 3.25h)

============================================================
Trying: B0.29 at 19:00-21:00
============================================================
  [DEBUG] Click calculation: slot=19.00-21.00, center=20.00, click_pct=81.25%
  [DEBUG] Viewport: 1920x1080, scrollY=19
  [DEBUG] Day grid: left=400, width=1505, right=1905
  [DEBUG] Click target: x=1623, y=540 (target time: 19.00-21.00)
  Clicking at (1623, 540) for B0.29 (center)...
  [DEBUG] Got tooltip instead of menu: 20:00 in B0.29 (Practice: Grand Piano)...
  Clicking at (1638, 545) for B0.29 (offset right-bottom)...
  [DEBUG] No popup at offset right-bottom position
  Clicking at (1608, 535) for B0.29 (offset left-top)...
  [DEBUG] Got tooltip instead of menu: 19:45 in B0.29 (Practice: Grand Piano)...
  No booking popup found after trying multiple click positions - skipping
  [DEBUG] Attempt 14/15: B0.23 19.00-22.25 (duration: 3.25h)

============================================================
Trying: B0.23 at 19:00-21:00
============================================================
  [DEBUG] Click calculation: slot=19.00-21.00, center=20.00, click_pct=81.25%
  [DEBUG] Viewport: 1920x1080, scrollY=0
  [DEBUG] Day grid: left=400, width=1505, right=1905
  [DEBUG] Click target: x=1623, y=399 (target time: 19.00-21.00)
  Clicking at (1623, 399) for B0.23 (center)...
  [DEBUG] No popup at center position
  Clicking at (1638, 404) for B0.23 (offset right-bottom)...
  [DEBUG] Got tooltip instead of menu: 20:15 in B0.23 (Practice: Upright Piano)...
  Clicking at (1608, 394) for B0.23 (offset left-top)...
  [DEBUG] Got tooltip instead of menu: 20:15 in B0.23 (Practice: Upright Piano)...
  No booking popup found after trying multiple click positions - skipping
  [DEBUG] Attempt 15/15: B1.20 19.50-22.25 (duration: 2.75h)

============================================================
Trying: B1.20 at 19:30-21:30
============================================================
  [DEBUG] Click calculation: slot=19.50-21.50, center=20.50, click_pct=84.38%
  [DEBUG] Viewport: 1920x1080, scrollY=309
  [DEBUG] Day grid: left=400, width=1505, right=1905
  [DEBUG] Click target: x=1670, y=810 (target time: 19.50-21.50)
  Clicking at (1670, 810) for B1.20 (center)...
  [DEBUG] No popup at center position
  Clicking at (1685, 815) for B1.20 (offset right-bottom)...
  [DEBUG] Got tooltip instead of menu: 20:45 in B1.20 (Practice: Grand Piano)...
  Clicking at (1655, 805) for B1.20 (offset left-top)...
  [DEBUG] Looking for 'Student booking provisional' button...
  Found 'Student booking provisional' button
  [DEBUG] Setting times: 19:30 to 21:30
  [DEBUG] Found time inputs, filling start time...
  [DEBUG] Filling end time...
  [DEBUG] Verified times: start=19:30, end=21:30
  [DEBUG] Checking for errors/conflicts on booking form...
  [DEBUG] Found 7 time patterns on page
  Error: Not allowed to book
  [DEBUG] Error message: You are not allowed to create or modify bookings in B1.20 that end later than 24/2/26 16:18
  [DEBUG] go_back() called
  [DEBUG] Booking form visible: True
  [DEBUG] Clicking back button...
  [DEBUG] Back on calendar (location-day found)

  Day summary: 0 bookings made, 15 attempts total

############################################################
# DAY 3: 2026-02-22 (Sunday)
############################################################
  [Smart redistribution] Current: 3.2h, Target: +0.2h, Max bookings: 1
  [DEBUG] Session stats: 0 bookings so far, peak for this day: 0/120min
  Navigating backward 1 day(s)...
  [DEBUG] Current URL: https://rwcmd.asimut.net/overview?locationGroupId=10...
  [DEBUG] Navigation complete, now on day 3
  [DEBUG] Slot scan time: 16:18:55
  Displayed date: Royal Welsh College of Music & Drama
  [DEBUG] Earliest slots for 7-day horizon rooms: {'B0.11': '07:30', 'B0.13': '07:30', 'B0.14': '07:30', 'B0.16': '07:30'}
  [DEBUG] Expected earliest (now - 7 days): ~16:18 on target date
  [DEBUG] Rooms skipped (not yet available): B1.09 (Available in 41min (horizon: 3d)), B1.16 (Available in 3.9h (horizon: 3d))
  Found 41 potential slots
  [DEBUG] First 10 slots: [('B1.09', '12.00-14.00'), ('B0.23', '15.50-22.25'), ('B1.17', '16.00-22.25'), ('B1.18', '16.00-22.25'), ('B1.21', '16.00-22.25'), ('B1.19', '16.00-22.25'), ('B1.10', '16.00-22.25'), ('B0.29', '17.50-22.25'), ('B1.14', '18.00-22.25'), ('B1.20', '18.00-22.25')]
  [DEBUG] Peak quota for 2026-02-22: 0/120 min used, 9999 min remaining
  [DEBUG] Known conflicts for this day: ['9.50-11.50', '15.00-16.25']
  [DEBUG] Slot adjustment: 0 conflict-removed, 0 removed, 9 adjusted, 0 peak-adjusted, 0 weekly-adjusted
  [DEBUG] Strict mode: Filtered out 25 non-preferred slots
  [DEBUG] Starting booking attempts. Max per day: 1, slots available: 16
  [DEBUG] Attempt 1/15: B1.09 12.00-14.00 (duration: 2.00h)

============================================================
Trying: B1.09 at 12:00-14:00
============================================================
  [DEBUG] Click calculation: slot=12.00-14.00, center=13.00, click_pct=37.50%
  [DEBUG] Viewport: 1920x1080, scrollY=219
  [DEBUG] Day grid: left=400, width=1505, right=1905
  [DEBUG] Click target: x=964, y=540 (target time: 12.00-14.00)
  Clicking at (964, 540) for B1.09 (center)...
  [DEBUG] Got tooltip instead of menu: 13:00 in B1.09 (Practice: Grand Piano)...
  Clicking at (979, 545) for B1.09 (offset right-bottom)...
  [DEBUG] No popup at offset right-bottom position
  Clicking at (949, 535) for B1.09 (offset left-top)...
  [DEBUG] Got tooltip instead of menu: 12:45 in B1.09 (Practice: Grand Piano)...
  No booking popup found after trying multiple click positions - skipping
  [DEBUG] Attempt 2/15: B1.17 16.25-22.25 (duration: 6.00h)

============================================================
Trying: B1.17 at 16:15-18:15
============================================================
  [DEBUG] Click calculation: slot=16.25-18.25, center=17.25, click_pct=64.06%
  [DEBUG] Viewport: 1920x1080, scrollY=309
  [DEBUG] Day grid: left=400, width=1505, right=1905
  [DEBUG] Click target: x=1364, y=690 (target time: 16.25-18.25)
  Clicking at (1364, 690) for B1.17 (center)...
  [DEBUG] No popup at center position
  Clicking at (1379, 695) for B1.17 (offset right-bottom)...
  [DEBUG] Got tooltip instead of menu: 17:30 in B1.17 (Practice: Grand Piano)...
  Clicking at (1349, 685) for B1.17 (offset left-top)...
  [DEBUG] Click navigated directly to booking form
  [DEBUG] Click navigated directly to booking form
  [DEBUG] Setting times: 16:15 to 18:15
  [DEBUG] Found time inputs, filling start time...
  [DEBUG] Filling end time...
  [DEBUG] Verified times: start=16:15, end=18:15
  [DEBUG] Checking for errors/conflicts on booking form...
  [DEBUG] Found 7 time patterns on page
  Error: Not allowed to book
  [DEBUG] Error message: You are not allowed to create or modify bookings in B1.17 that end later than 24/2/26 16:19
  [DEBUG] go_back() called
  [DEBUG] Booking form visible: True
  [DEBUG] Clicking back button...
  [DEBUG] Back on calendar (location-day found)
  [DEBUG] Attempt 3/15: B1.18 16.25-22.25 (duration: 6.00h)

============================================================
Trying: B1.18 at 16:15-18:15
============================================================
  [DEBUG] Click calculation: slot=16.25-18.25, center=17.25, click_pct=64.06%
  [DEBUG] Viewport: 1920x1080, scrollY=309
  [DEBUG] Day grid: left=400, width=1505, right=1905
  [DEBUG] Click target: x=1364, y=730 (target time: 16.25-18.25)
  Clicking at (1364, 730) for B1.18 (center)...
  [DEBUG] Got tooltip instead of menu: 17:15 in B1.18 (Practice: Grand Piano)...
  Clicking at (1379, 735) for B1.18 (offset right-bottom)...
  [DEBUG] No popup at offset right-bottom position
  Clicking at (1349, 725) for B1.18 (offset left-top)...
  [DEBUG] Got tooltip instead of menu: 17:00 in B1.18 (Practice: Grand Piano)...
  No booking popup found after trying multiple click positions - skipping
  [DEBUG] Attempt 4/15: B1.21 16.25-22.25 (duration: 6.00h)

============================================================
Trying: B1.21 at 16:15-18:15
============================================================
  [DEBUG] Click calculation: slot=16.25-18.25, center=17.25, click_pct=64.06%
  [DEBUG] Viewport: 1920x1080, scrollY=309
  [DEBUG] Day grid: left=400, width=1505, right=1905
  [DEBUG] Click target: x=1364, y=850 (target time: 16.25-18.25)
  Clicking at (1364, 850) for B1.21 (center)...
  [DEBUG] No popup at center position
  Clicking at (1379, 855) for B1.21 (offset right-bottom)...
  [DEBUG] Got tooltip instead of menu: 17:30 in B1.21 (Practice: Grand Piano)...
  Clicking at (1349, 845) for B1.21 (offset left-top)...
  [DEBUG] Click navigated directly to booking form
  [DEBUG] Click navigated directly to booking form
  [DEBUG] Setting times: 16:15 to 18:15
  [DEBUG] Found time inputs, filling start time...
  [DEBUG] Filling end time...
  [DEBUG] Verified times: start=16:15, end=18:15
  [DEBUG] Checking for errors/conflicts on booking form...
  [DEBUG] Found 7 time patterns on page
  Error: Not allowed to book
  [DEBUG] Error message: You are not allowed to create or modify bookings in B1.21 that end later than 24/2/26 16:19
  [DEBUG] go_back() called
  [DEBUG] Booking form visible: True
  [DEBUG] Clicking back button...
  [DEBUG] Back on calendar (location-day found)
  [DEBUG] Attempt 5/15: B1.19 16.25-22.25 (duration: 6.00h)

============================================================
Trying: B1.19 at 16:15-18:15
============================================================
  [DEBUG] Click calculation: slot=16.25-18.25, center=17.25, click_pct=64.06%
  [DEBUG] Viewport: 1920x1080, scrollY=309
  [DEBUG] Day grid: left=400, width=1505, right=1905
  [DEBUG] Click target: x=1364, y=770 (target time: 16.25-18.25)
  Clicking at (1364, 770) for B1.19 (center)...
  [DEBUG] Got tooltip instead of menu: 17:15 in B1.19 (Practice: Grand Piano)...
  Clicking at (1379, 775) for B1.19 (offset right-bottom)...
  [DEBUG] No popup at offset right-bottom position
  Clicking at (1349, 765) for B1.19 (offset left-top)...
  [DEBUG] Got tooltip instead of menu: 17:00 in B1.19 (Practice: Grand Piano)...
  No booking popup found after trying multiple click positions - skipping
  [DEBUG] Attempt 6/15: B1.10 16.25-22.25 (duration: 6.00h)

============================================================
Trying: B1.10 at 16:15-18:15
============================================================
  [DEBUG] Click calculation: slot=16.25-18.25, center=17.25, click_pct=64.06%
  [DEBUG] Viewport: 1920x1080, scrollY=259
  [DEBUG] Day grid: left=400, width=1505, right=1905
  [DEBUG] Click target: x=1364, y=540 (target time: 16.25-18.25)
  Clicking at (1364, 540) for B1.10 (center)...
  [DEBUG] No popup at center position
  Clicking at (1379, 545) for B1.10 (offset right-bottom)...
  [DEBUG] Got tooltip instead of menu: 17:30 in B1.10 (Practice: Upright Piano)...
  Clicking at (1349, 535) for B1.10 (offset left-top)...
  [DEBUG] Click navigated directly to booking form
  [DEBUG] Click navigated directly to booking form
  [DEBUG] Setting times: 16:15 to 18:15
  [DEBUG] Found time inputs, filling start time...
  [DEBUG] Filling end time...
  [DEBUG] Verified times: start=16:15, end=18:15
  [DEBUG] Checking for errors/conflicts on booking form...
  [DEBUG] Found 7 time patterns on page
  Error: Not allowed to book
  [DEBUG] Error message: You are not allowed to create or modify bookings in B1.10 that end later than 24/2/26 16:19
  [DEBUG] go_back() called
  [DEBUG] Booking form visible: True
  [DEBUG] Clicking back button...
  [DEBUG] Back on calendar (location-day found)
  [DEBUG] Attempt 7/15: B0.23 16.25-22.25 (duration: 6.00h)

============================================================
Trying: B0.23 at 16:15-18:15
============================================================
  [DEBUG] Click calculation: slot=16.25-18.25, center=17.25, click_pct=64.06%
  [DEBUG] Viewport: 1920x1080, scrollY=0
  [DEBUG] Day grid: left=400, width=1505, right=1905
  [DEBUG] Click target: x=1364, y=399 (target time: 16.25-18.25)
  Clicking at (1364, 399) for B0.23 (center)...
  [DEBUG] Got tooltip instead of menu: 17:15 in B0.23 (Practice: Upright Piano)...
  Clicking at (1379, 404) for B0.23 (offset right-bottom)...
  [DEBUG] No popup at offset right-bottom position
  Clicking at (1349, 394) for B0.23 (offset left-top)...
  [DEBUG] Got tooltip instead of menu: 17:00 in B0.23 (Practice: Upright Piano)...
  No booking popup found after trying multiple click positions - skipping
  [DEBUG] Attempt 8/15: B0.29 17.50-22.25 (duration: 4.75h)

============================================================
Trying: B0.29 at 17:30-19:30
============================================================
  [DEBUG] Click calculation: slot=17.50-19.50, center=18.50, click_pct=71.88%
  [DEBUG] Viewport: 1920x1080, scrollY=19
  [DEBUG] Day grid: left=400, width=1505, right=1905
  [DEBUG] Click target: x=1482, y=540 (target time: 17.50-19.50)
  Clicking at (1482, 540) for B0.29 (center)...
  [DEBUG] No popup at center position
  Clicking at (1497, 545) for B0.29 (offset right-bottom)...
  [DEBUG] Got tooltip instead of menu: 18:45 in B0.29 (Practice: Grand Piano)...
  Clicking at (1467, 535) for B0.29 (offset left-top)...
  [DEBUG] Click navigated directly to booking form
  [DEBUG] Click navigated directly to booking form
  [DEBUG] Setting times: 17:30 to 19:30
  [DEBUG] Found time inputs, filling start time...
  [DEBUG] Filling end time...
  [DEBUG] Verified times: start=17:30, end=19:30
  [DEBUG] Checking for errors/conflicts on booking form...
  [DEBUG] Found 7 time patterns on page
  [DEBUG] Looking for Save button...
  [DEBUG] Save button icon: 'remove_circle'
  Save disabled (icon: remove_circle)
  [DEBUG] Rejection reason: Unknown reason
  [DEBUG] go_back() called
  [DEBUG] Booking form visible: True
  [DEBUG] Clicking back button...
  [DEBUG] Back on calendar (location-day found)
  [DEBUG] Attempt 9/15: B1.14 18.00-22.25 (duration: 4.25h)

============================================================
Trying: B1.14 at 18:00-20:00
============================================================
  [DEBUG] Click calculation: slot=18.00-20.00, center=19.00, click_pct=75.00%
  [DEBUG] Viewport: 1920x1080, scrollY=309
  [DEBUG] Day grid: left=400, width=1505, right=1905
  [DEBUG] Click target: x=1529, y=570 (target time: 18.00-20.00)
  Clicking at (1529, 570) for B1.14 (center)...
  [DEBUG] Got tooltip instead of menu: 19:00 in B1.14 (Practice: Grand Piano)...
  Clicking at (1544, 575) for B1.14 (offset right-bottom)...
  [DEBUG] No popup at offset right-bottom position
  Clicking at (1514, 565) for B1.14 (offset left-top)...
  [DEBUG] Got tooltip instead of menu: 18:45 in B1.14 (Practice: Grand Piano)...
  No booking popup found after trying multiple click positions - skipping
  [DEBUG] Attempt 10/15: B1.20 18.00-22.25 (duration: 4.25h)

============================================================
Trying: B1.20 at 18:00-20:00
============================================================
  [DEBUG] Click calculation: slot=18.00-20.00, center=19.00, click_pct=75.00%
  [DEBUG] Viewport: 1920x1080, scrollY=309
  [DEBUG] Day grid: left=400, width=1505, right=1905
  [DEBUG] Click target: x=1529, y=810 (target time: 18.00-20.00)
  Clicking at (1529, 810) for B1.20 (center)...
  [DEBUG] No popup at center position
  Clicking at (1544, 815) for B1.20 (offset right-bottom)...
  [DEBUG] Got tooltip instead of menu: 19:15 in B1.20 (Practice: Grand Piano)...
  Clicking at (1514, 805) for B1.20 (offset left-top)...
  [DEBUG] Looking for 'Student booking provisional' button...
  Found 'Student booking provisional' button
  [DEBUG] Setting times: 18:00 to 20:00
  [DEBUG] Found time inputs, filling start time...
  [DEBUG] Filling end time...
  [DEBUG] Verified times: start=18:00, end=20:00
  [DEBUG] Checking for errors/conflicts on booking form...
  [DEBUG] Found 7 time patterns on page
  Error: Not allowed to book
  [DEBUG] Error message: You are not allowed to create or modify bookings in B1.20 that end later than 24/2/26 16:20
  [DEBUG] go_back() called
  [DEBUG] Booking form visible: True
  [DEBUG] Clicking back button...
  [DEBUG] Back on calendar (location-day found)
  [DEBUG] Attempt 11/15: B1.15 18.00-22.25 (duration: 4.25h)

============================================================
Trying: B1.15 at 18:00-20:00
============================================================
  [DEBUG] Click calculation: slot=18.00-20.00, center=19.00, click_pct=75.00%
  [DEBUG] Viewport: 1920x1080, scrollY=309
  [DEBUG] Day grid: left=400, width=1505, right=1905
  [DEBUG] Click target: x=1529, y=610 (target time: 18.00-20.00)
  Clicking at (1529, 610) for B1.15 (center)...
  [DEBUG] Got tooltip instead of menu: 19:00 in B1.15 (Practice: Grand Piano)...
  Clicking at (1544, 615) for B1.15 (offset right-bottom)...
  [DEBUG] No popup at offset right-bottom position
  Clicking at (1514, 605) for B1.15 (offset left-top)...
  [DEBUG] Got tooltip instead of menu: 18:45 in B1.15 (Practice: Grand Piano)...
  No booking popup found after trying multiple click positions - skipping
  [DEBUG] Attempt 12/15: B0.27 18.50-22.25 (duration: 3.75h)

============================================================
Trying: B0.27 at 18:30-20:30
============================================================
  [DEBUG] Click calculation: slot=18.50-20.50, center=19.50, click_pct=78.12%
  [DEBUG] Viewport: 1920x1080, scrollY=0
  [DEBUG] Day grid: left=400, width=1505, right=1905
  [DEBUG] Click target: x=1576, y=479 (target time: 18.50-20.50)
  Clicking at (1576, 479) for B0.27 (center)...
  [DEBUG] No popup at center position
  Clicking at (1591, 484) for B0.27 (offset right-bottom)...
  [DEBUG] Got tooltip instead of menu: 19:45 in B0.27 (Practice: Grand Piano)...
  Clicking at (1561, 474) for B0.27 (offset left-top)...
  [DEBUG] Click navigated directly to booking form
  [DEBUG] Click navigated directly to booking form
  [DEBUG] Setting times: 18:30 to 20:30
  [DEBUG] Found time inputs, filling start time...
  [DEBUG] Filling end time...
  [DEBUG] Verified times: start=18:30, end=20:30
  [DEBUG] Checking for errors/conflicts on booking form...
  [DEBUG] Found 7 time patterns on page
  Error: Not allowed to book
  [DEBUG] Error message: You are not allowed to create or modify bookings in B0.27 that end later than 24/2/26 16:20
  [DEBUG] go_back() called
  [DEBUG] Booking form visible: True
  [DEBUG] Clicking back button...
  [DEBUG] Back on calendar (location-day found)
  [DEBUG] Attempt 13/15: B1.07 19.00-22.25 (duration: 3.25h)

============================================================
Trying: B1.07 at 19:00-21:00
============================================================
  [DEBUG] Click calculation: slot=19.00-21.00, center=20.00, click_pct=81.25%
  [DEBUG] Viewport: 1920x1080, scrollY=139
  [DEBUG] Day grid: left=400, width=1505, right=1905
  [DEBUG] Click target: x=1623, y=540 (target time: 19.00-21.00)
  Clicking at (1623, 540) for B1.07 (center)...
  [DEBUG] Got tooltip instead of menu: 20:00 in B1.07 (Practice: Upright Piano)...
  Clicking at (1638, 545) for B1.07 (offset right-bottom)...
  [DEBUG] No popup at offset right-bottom position
  Clicking at (1608, 535) for B1.07 (offset left-top)...
  [DEBUG] Got tooltip instead of menu: 19:45 in B1.07 (Practice: Upright Piano)...
  No booking popup found after trying multiple click positions - skipping
  [DEBUG] Attempt 14/15: B1.06 19.50-22.25 (duration: 2.75h)

============================================================
Trying: B1.06 at 19:30-21:30
============================================================
  [DEBUG] Click calculation: slot=19.50-21.50, center=20.50, click_pct=84.38%
  [DEBUG] Viewport: 1920x1080, scrollY=99
  [DEBUG] Day grid: left=400, width=1505, right=1905
  [DEBUG] Click target: x=1670, y=540 (target time: 19.50-21.50)
  Clicking at (1670, 540) for B1.06 (center)...
  [DEBUG] No popup at center position
  Clicking at (1685, 545) for B1.06 (offset right-bottom)...
  [DEBUG] Got tooltip instead of menu: 20:45 in B1.06 (Practice: Upright Piano)...
  Clicking at (1655, 535) for B1.06 (offset left-top)...
  [DEBUG] Got tooltip instead of menu: 20:45 in B1.06 (Practice: Upright Piano)...
  No booking popup found after trying multiple click positions - skipping
  [DEBUG] Attempt 15/15: B1.11 19.50-22.25 (duration: 2.75h)

============================================================
Trying: B1.11 at 19:30-21:30
============================================================
  [DEBUG] Click calculation: slot=19.50-21.50, center=20.50, click_pct=84.38%
  [DEBUG] Viewport: 1920x1080, scrollY=299
  [DEBUG] Day grid: left=400, width=1505, right=1905
  [DEBUG] Click target: x=1670, y=540 (target time: 19.50-21.50)
  Clicking at (1670, 540) for B1.11 (center)...
  [DEBUG] Click navigated directly to booking form
  [DEBUG] Click navigated directly to booking form
  [DEBUG] Setting times: 19:30 to 21:30
  [DEBUG] Found time inputs, filling start time...
  [DEBUG] Filling end time...
  [DEBUG] Verified times: start=19:30, end=21:30
  [DEBUG] Checking for errors/conflicts on booking form...
  [DEBUG] Found 7 time patterns on page
  [DEBUG] Looking for Save button...
  [DEBUG] Save button icon: 'remove_circle'
  Save disabled (icon: remove_circle)
  [DEBUG] Rejection reason: Unknown reason
  [DEBUG] go_back() called
  [DEBUG] Booking form visible: True
  [DEBUG] Clicking back button...
  [DEBUG] Back on calendar (location-day found)

  Day summary: 0 bookings made, 15 attempts total

############################################################
# DAY 2: 2026-02-21 (Saturday)
############################################################
  [Smart redistribution] Current: 3.0h, Target: +0.5h, Max bookings: 1
  [DEBUG] Session stats: 0 bookings so far, peak for this day: 0/120min
  Navigating backward 1 day(s)...
  [DEBUG] Current URL: https://rwcmd.asimut.net/overview?locationGroupId=10...
  [DEBUG] Navigation complete, now on day 2
  [DEBUG] Slot scan time: 16:21:14
  Displayed date: Royal Welsh College of Music & Drama
  [DEBUG] Earliest slots for 7-day horizon rooms: {'B0.11': '07:30', 'B0.13': '07:30', 'B0.14': '07:30', 'B0.16': '07:30'}
  [DEBUG] Expected earliest (now - 7 days): ~16:21 on target date
  Found 39 potential slots
  [DEBUG] First 10 slots: [('B1.16', '11.00-14.00'), ('B1.09', '19.50-22.25'), ('B1.16', '19.50-22.25'), ('B1.07', '19.75-22.25'), ('B1.06', '20.00-22.25'), ('B1.10', '20.00-22.25'), ('B0.23', '20.00-22.25'), ('B1.20', '20.50-22.25'), ('B1.09', '11.50-12.00'), ('B0.27', '18.25-18.75')]
  [DEBUG] Peak quota for 2026-02-21: 0/120 min used, 9999 min remaining
  [DEBUG] Known conflicts for this day: ['10.00-12.00', '12.00-13.00']
  [DEBUG] Slot adjustment: 1 conflict-removed, 0 removed, 1 adjusted, 0 peak-adjusted, 0 weekly-adjusted
  [DEBUG] Strict mode: Filtered out 29 non-preferred slots
  [DEBUG] Starting booking attempts. Max per day: 1, slots available: 9
  [DEBUG] Attempt 1/15: B1.16 13.00-14.00 (duration: 1.00h)

============================================================
Trying: B1.16 at 13:00-14:00
============================================================
  [DEBUG] Click calculation: slot=13.00-14.00, center=13.50, click_pct=40.62%
  [DEBUG] Viewport: 1920x1080, scrollY=309
  [DEBUG] Day grid: left=400, width=1505, right=1905
  [DEBUG] Click target: x=1011, y=650 (target time: 13.00-14.00)
  Clicking at (1011, 650) for B1.16 (center)...
  [DEBUG] Got tooltip instead of menu: 13:30 in B1.16 (Practice: Grand Piano)...
  Clicking at (1026, 655) for B1.16 (offset right-bottom)...
  [DEBUG] No popup at offset right-bottom position
  Clicking at (996, 645) for B1.16 (offset left-top)...
  [DEBUG] Got tooltip instead of menu: 13:15 in B1.16 (Practice: Grand Piano)...
  No booking popup found after trying multiple click positions - skipping
  [DEBUG] Attempt 2/15: B1.09 19.50-22.25 (duration: 2.75h)

============================================================
Trying: B1.09 at 19:30-21:30
============================================================
  [DEBUG] Click calculation: slot=19.50-21.50, center=20.50, click_pct=84.38%
  [DEBUG] Viewport: 1920x1080, scrollY=219
  [DEBUG] Day grid: left=400, width=1505, right=1905
  [DEBUG] Click target: x=1670, y=540 (target time: 19.50-21.50)
  Clicking at (1670, 540) for B1.09 (center)...
  [DEBUG] No popup at center position
  Clicking at (1685, 545) for B1.09 (offset right-bottom)...
  [DEBUG] Got tooltip instead of menu: 20:45 in B1.09 (Practice: Grand Piano)...
  Clicking at (1655, 535) for B1.09 (offset left-top)...
  [DEBUG] Click navigated directly to booking form
  [DEBUG] Click navigated directly to booking form
  [DEBUG] Setting times: 19:30 to 21:30
  [DEBUG] Found time inputs, filling start time...
  [DEBUG] Filling end time...
  [DEBUG] Verified times: start=19:30, end=21:30
  [DEBUG] Checking for errors/conflicts on booking form...
  [DEBUG] Found 7 time patterns on page
  Error: Not allowed to book
  [DEBUG] Error message: You are not allowed to create or modify bookings in B1.09 that end later than 22/2/26 16:21
  [DEBUG] go_back() called
  [DEBUG] Booking form visible: True
  [DEBUG] Clicking back button...
  [DEBUG] Back on calendar (location-day found)
  [DEBUG] Attempt 3/15: B1.16 19.50-22.25 (duration: 2.75h)

============================================================
Trying: B1.16 at 19:30-21:30
============================================================
  [DEBUG] Click calculation: slot=19.50-21.50, center=20.50, click_pct=84.38%
  [DEBUG] Viewport: 1920x1080, scrollY=309
  [DEBUG] Day grid: left=400, width=1505, right=1905
  [DEBUG] Click target: x=1670, y=650 (target time: 19.50-21.50)
  Clicking at (1670, 650) for B1.16 (center)...
  [DEBUG] Got tooltip instead of menu: 20:30 in B1.16 (Practice: Grand Piano)...
  Clicking at (1685, 655) for B1.16 (offset right-bottom)...
  [DEBUG] No popup at offset right-bottom position
  Clicking at (1655, 645) for B1.16 (offset left-top)...
  [DEBUG] Got tooltip instead of menu: 20:15 in B1.16 (Practice: Grand Piano)...
  No booking popup found after trying multiple click positions - skipping
  [DEBUG] Attempt 4/15: B1.07 19.75-22.25 (duration: 2.50h)

============================================================
Trying: B1.07 at 19:45-21:45
============================================================
  [DEBUG] Click calculation: slot=19.75-21.75, center=20.75, click_pct=85.94%
  [DEBUG] Viewport: 1920x1080, scrollY=139
  [DEBUG] Day grid: left=400, width=1505, right=1905
  [DEBUG] Click target: x=1693, y=540 (target time: 19.75-21.75)
  Clicking at (1693, 540) for B1.07 (center)...
  [DEBUG] No popup at center position
  Clicking at (1708, 545) for B1.07 (offset right-bottom)...
  [DEBUG] Got tooltip instead of menu: 21:00 in B1.07 (Practice: Upright Piano)...
  Clicking at (1678, 535) for B1.07 (offset left-top)...
  [DEBUG] Looking for 'Student booking provisional' button...
  Found 'Student booking provisional' button
  [DEBUG] Setting times: 19:45 to 21:45
  [DEBUG] Found time inputs, filling start time...
  [DEBUG] Filling end time...
  [DEBUG] Verified times: start=19:45, end=21:45
  [DEBUG] Checking for errors/conflicts on booking form...
  [DEBUG] Found 7 time patterns on page
  [DEBUG] Looking for Save button...
  [DEBUG] Save button icon: 'check'
  [DEBUG] Save button at: x=350, y=512
  Clicking Save...
  [DEBUG] After save - form visible: N/A, URL: https://rwcmd.asimut.net/arrangement?eventId=34235...
  [Tracker] Added booking: B1.07 2026-02-21 19.75-21.75
  [Tracker] Total bookings: 1, Day hours: 5.0h, Peak: 0/120 min
  SUCCESS: Booked B1.07 19:45-21:45
  [DEBUG] Booking successful! Day total: 1, session total: 1
  [DEBUG] Navigating back to calendar...
  [DEBUG] go_back() called
  [DEBUG] Booking form visible: False
  [DEBUG] go_back exception: Page.wait_for_selector: Timeout 5000ms exceeded.
Call log:
  - waiting for locator(".location-day") to be visible

  Warning: go_back issue (Page.wait_for_selector: Timeout 5000ms exceeded.
Call log:
  - waiting for locator(".location-day") to be visible
), trying Escape + browser back...
  [DEBUG] Refreshing slot data after successful booking...
  [DEBUG] Raw slots from page: 53 (from 29 rooms)
  [DEBUG] Updated peak quota for 2026-02-21: 9999 min remaining
  [DEBUG] Rebuilt slot list: 2 slots remaining

  Day summary: 1 bookings made, 4 attempts total

############################################################
# DAY 1: 2026-02-20 (Friday)
############################################################
  [Smart redistribution] Current: 2.0h, Target: +1.4h, Max bookings: 1
  [DEBUG] Session stats: 1 bookings so far, peak for this day: 120/120min
  Navigating backward 1 day(s)...
  [DEBUG] Current URL: https://rwcmd.asimut.net/overview?locationGroupId=10...
  [DEBUG] Navigation complete, now on day 1
  [DEBUG] Slot scan time: 16:22:07
  Displayed date: Royal Welsh College of Music & Drama
  [DEBUG] Earliest slots for 7-day horizon rooms: {'B0.11': '11:30', 'B0.13': '09:30', 'B0.14': '09:30', 'B0.16': '09:30'}
  [DEBUG] Expected earliest (now - 7 days): ~16:22 on target date
  Found 31 potential slots
  [DEBUG] First 10 slots: [('B0.29', '9.50-11.00'), ('B1.16', '9.50-11.00'), ('B0.14', '9.50-11.00'), ('B1.17', '9.50-11.00'), ('B0.16', '9.50-11.00'), ('B1.18', '9.50-11.00'), ('B1.19', '9.50-12.00'), ('B1.10', '9.50-11.00'), ('B1.11', '9.50-12.00'), ('B1.07', '11.00-12.00')]
  [DEBUG] Peak quota for 2026-02-20: 120/120 min used, 0 min remaining
  [DEBUG] Known conflicts for this day: ['11.00-12.00', '12.00-13.00']
  [DEBUG] Slot adjustment: 4 conflict-removed, 27 removed, 0 adjusted, 0 peak-adjusted, 0 weekly-adjusted
  [DEBUG] Starting booking attempts. Max per day: 1, slots available: 0
  [DEBUG] No more valid slots (all_slots=0, conflicts filtered all)
  No more valid slots available

  Day summary: 0 bookings made, 0 attempts total

############################################################
# DAY 0: 2026-02-19 (Thursday)
############################################################
  [Smart redistribution] Current: 2.0h, Target: +1.4h, Max bookings: 1
  [DEBUG] Session stats: 1 bookings so far, peak for this day: 0/120min
  Navigating backward 1 day(s)...
  [DEBUG] Current URL: https://rwcmd.asimut.net/overview?locationGroupId=10...
  [DEBUG] Navigation complete, now on day 0
  [DEBUG] Slot scan time: 16:22:10
  Displayed date: Royal Welsh College of Music & Drama
  [DEBUG] Earliest slots for 7-day horizon rooms: {'B0.11': '08:00', 'B0.13': '08:00', 'B0.14': '08:00', 'B0.16': '08:00'}
  [DEBUG] Expected earliest (now - 7 days): ~16:22 on target date
  Found 7 potential slots
  [DEBUG] First 10 slots: [('B1.20', '16.25-17.25'), ('B1.06', '16.25-17.25'), ('B0.23', '16.25-17.25'), ('B0.11', '16.50-17.25'), ('B0.16', '16.50-17.25'), ('B1.21', '16.50-17.25'), ('B0.13', '16.75-17.25')]
  [DEBUG] Peak quota for 2026-02-19: 0/120 min used, 120 min remaining
  [DEBUG] Known conflicts for this day: ['18.00-20.00']
  [DEBUG] Starting booking attempts. Max per day: 1, slots available: 7
  [DEBUG] Attempt 1/15: B1.20 16.25-17.25 (duration: 1.00h)

============================================================
Trying: B1.20 at 16:15-17:15
============================================================
  [DEBUG] Click calculation: slot=16.25-17.25, center=16.75, click_pct=60.94%
  [DEBUG] Viewport: 1920x1080, scrollY=309
  [DEBUG] Day grid: left=400, width=1505, right=1905
  [DEBUG] Click target: x=1317, y=810 (target time: 16.25-17.25)
  Clicking at (1317, 810) for B1.20 (center)...
  [DEBUG] Got tooltip instead of menu: 16:45 in B1.20 (Practice: Grand Piano)...
  Clicking at (1332, 815) for B1.20 (offset right-bottom)...
  [DEBUG] No popup at offset right-bottom position
  Clicking at (1302, 805) for B1.20 (offset left-top)...
  [DEBUG] Got tooltip instead of menu: 16:30 in B1.20 (Practice: Grand Piano)...
  No booking popup found after trying multiple click positions - skipping
  [DEBUG] Attempt 2/15: B1.06 16.25-17.25 (duration: 1.00h)

============================================================
Trying: B1.06 at 16:15-17:15
============================================================
  [DEBUG] Click calculation: slot=16.25-17.25, center=16.75, click_pct=60.94%
  [DEBUG] Viewport: 1920x1080, scrollY=99
  [DEBUG] Day grid: left=400, width=1505, right=1905
  [DEBUG] Click target: x=1317, y=540 (target time: 16.25-17.25)
  Clicking at (1317, 540) for B1.06 (center)...
  [DEBUG] No popup at center position
  Clicking at (1332, 545) for B1.06 (offset right-bottom)...
  [DEBUG] Got tooltip instead of menu: 17:00 in B1.06 (Practice: Upright Piano)...
  Clicking at (1302, 535) for B1.06 (offset left-top)...
  [DEBUG] Looking for 'Student booking provisional' button...
  Found 'Student booking provisional' button
  [DEBUG] Setting times: 16:15 to 17:15
  [DEBUG] Found time inputs, filling start time...
  [DEBUG] Filling end time...
  [DEBUG] Verified times: start=16:15, end=17:15
  [DEBUG] Checking for errors/conflicts on booking form...
  [DEBUG] Found 7 time patterns on page
  [DEBUG] Looking for Save button...
  [DEBUG] Save button icon: 'check'
  [DEBUG] Save button at: x=350, y=512
  Clicking Save...
  [DEBUG] After save - form visible: N/A, URL: https://rwcmd.asimut.net/arrangement?eventId=34235...
  [Tracker] Added booking: B1.06 2026-02-19 16.25-17.25
  [Tracker] Total bookings: 2, Day hours: 3.0h, Peak: 0/120 min
  SUCCESS: Booked B1.06 16:15-17:15
  [DEBUG] Booking successful! Day total: 1, session total: 2
  [DEBUG] Navigating back to calendar...
  [DEBUG] go_back() called
  [DEBUG] Booking form visible: False
  [DEBUG] go_back exception: Page.wait_for_selector: Timeout 5000ms exceeded.
Call log:
  - waiting for locator(".location-day") to be visible

  Warning: go_back issue (Page.wait_for_selector: Timeout 5000ms exceeded.
Call log:
  - waiting for locator(".location-day") to be visible
), trying Escape + browser back...
  [DEBUG] Refreshing slot data after successful booking...
  [DEBUG] Raw slots from page: 47 (from 29 rooms)
  [DEBUG] Updated peak quota for 2026-02-19: 120 min remaining
  [DEBUG] Rebuilt slot list: 6 slots remaining

  Day summary: 1 bookings made, 2 attempts total

============================================================
BOOKING COMPLETE
============================================================
Total bookings made: 2
Peak hours used (per day):
  2026-02-20: 120/120 min
  2026-02-23: 60/120 min

All bookings:
  2026-02-21 B1.07 19:45-21:45
  2026-02-19 B1.06 16:15-17:15
============================================================
History saved: 2 bookings, 14 events
Notification sent: Booked 2 rooms

Keeping browser open for 30 seconds to verify...
============================================================ 
[19/02/2026 16:23:13.94] Booking run completed 
