[16/02/2026 11:43:02.35] Starting scheduled booking run... 
============================================================ 
============================================================
ASIMUT WEEK BOOKER
============================================================
Today: 2026-02-16
Booking for: 2026-02-16 to 2026-02-23
Mode: Visible browser
============================================================

============================================================
SCANNING MY AGENDA FOR EXISTING EVENTS
============================================================
  [DEBUG] Navigating to agenda page...
  [DEBUG] Agenda page loaded, URL: https://rwcmd.asimut.net/agenda...
  Scrolling until we reach 23 February 2026...
  [DEBUG] Found target date '23 February 2026' after 0 scrolls
  Final pass to capture all events (10 scrolls)...
  [DEBUG] Raw events extracted: 8

  Found 8 unique events in agenda (deduplicated from 8):
  [Tracker] Added reservation: 2026-02-16 20.00-22.00
  [R] 2026-02-16 (Monday): 20:00 - 22:00 in B1.07
  [Tracker] Added reservation: 2026-02-17 19.00-19.50
  [R] 2026-02-17 (Tuesday): 19:00 - 19:30 in B1.07
  [Tracker] Added reservation: 2026-02-17 20.00-20.50
  [R] 2026-02-17 (Tuesday): 20:00 - 20:30 in B1.20
  [Tracker] Added reservation: 2026-02-17 20.50-22.25
  [R] 2026-02-17 (Tuesday): 20:30 - 22:15 in B1.08
  [Tracker] Added reservation: 2026-02-18 11.50-12.00 (+30min peak)
  [R] 2026-02-18 (Wednesday): 11:30 - 12:00 in B0.16
  [Tracker] Added conflict: 2026-02-18 14.00-16.00
      2026-02-18 (Wednesday): 14:00 - 16:00 in B0.08
  [Tracker] Added reservation: 2026-02-18 19.00-19.50
  [R] 2026-02-18 (Wednesday): 19:00 - 19:30 in B0.14
  [Tracker] Added conflict: 2026-02-18 19.50-21.50
      2026-02-18 (Wednesday): 19:30 - 21:30

  Total events: 8 (6 reservations, 2 other)

  Rolling quota: 5.8/28 hours this week
  [OK] Can book 22.2 more hours
  Peak hours from existing reservations:
    2026-02-18: 30/120 min
============================================================

Navigating to practice rooms (AHC)...
  Currently showing: Unknown

  Disabled dates (will skip): ['2026-02-02', '2026-02-03', '2026-02-04', '2026-02-05', '2026-02-06', '2026-02-07', '2026-02-08', '2026-02-09']

  Time preferences: Prioritizing 09:00 - 21:00
  Strict mode: ON (only booking preferred times)

  Booking strategy: REVERSE ORDER (furthest dates first)

  Smart redistribution calculation:
    Enabled days: 8/8
    Remaining quota: 22.2h
    Ideal hours/day: 3.5h
    Current hours per day:
      2026-02-16 (Mon): 2.0h [needs +1.5h]
      2026-02-17 (Tue): 2.8h [needs +0.8h]
      2026-02-18 (Wed): 1.0h [needs +2.5h]
      2026-02-19 (Thu): 0.0h [needs +3.5h]
      2026-02-20 (Fri): 0.0h [needs +3.5h]
      2026-02-21 (Sat): 0.0h [needs +3.5h]
      2026-02-22 (Sun): 0.0h [needs +3.5h]
      2026-02-23 (Mon): 0.0h [needs +3.5h]

  Navigating to day 7 first (reverse order strategy)...

============================================================
CHECKING FOR HORIZON SNIPE OPPORTUNITIES (MULTI-DAY)
============================================================

  Scanning 3 horizon days for snipe candidates: [7, 5, 3]

    Scanning Day 7 (2026-02-23) for 7-day horizon rooms...
      Found: B0.14 at 11.25, bookable in 87s

    Scanning Day 5 (2026-02-21) for 5-day horizon rooms...
    Navigating backward 2 day(s) to Day 5...
      No snipe candidates found for Day 5

    Scanning Day 3 (2026-02-19) for 3-day horizon rooms...
    Navigating backward 2 day(s) to Day 3...
      No snipe candidates found for Day 3

  Total snipe candidates found: 1
  Snipe order (furthest day first, then by room priority):
    1. Day 7 - B0.14 at 11.25 (bookable in 87s)

  Positioning for first snipe...
    Navigating forward 4 day(s) to Day 7...

  Ready to snipe 1 candidate(s)
  First snipe: B0.14 at 11.25 (Day 7)
  Bookable at: 11:45:00

  [SNIPE 1/1] Attempting B0.14 at 11.25 (Day 7)

============================================================
HORIZON SNIPE: B0.14 at 11:15-11:45
============================================================
  Slot becomes bookable at: 11:45:00
  Current time: 11:43:51
  Seconds until bookable: 68.5
  Strategy: Open form now, wait, click Save at exact moment

  [SNIPE] Step 1: Opening booking form...
  [SNIPE] Clicking at (823, 319)...
  [SNIPE] No booking type button found, checking if form opened...
  [SNIPE] Step 2: Pre-filling times (11:15 to 11:45)...
  [SNIPE] Could not find time inputs (found 0) - aborting
  [DEBUG] go_back() called
  [DEBUG] Booking form visible: False
  [DEBUG] Back on calendar (location-day found)
    [SNIPE 1] FAILED, continuing to next candidate...

  Snipe phase complete: 0/1 successful
============================================================

============================================================
READY - Waiting for target time: 11:45
============================================================
Current time: 11:43:52
Seconds to wait: 67
  T-60s...
  T-50s...
  T-40s...
  T-30s...
  T-20s...
  T-10s...
  T-0s...

>>> TARGET TIME REACHED: 11:45:00 <<<
============================================================


============================================================
REFRESHING PAGE FOR UPDATED SLOT AVAILABILITY
============================================================
  [DEBUG] Pre-refresh time: 11:45:00.447
  [DEBUG] Current URL: https://rwcmd.asimut.net/overview?locationGroupId=10...
  [DEBUG] Calendar position before refresh: day 7
  [DEBUG] Post-refresh time: 11:45:03.021
  [DEBUG] Refresh took: 2.57s
  [DEBUG] Post-refresh URL: https://rwcmd.asimut.net/overview?locationGroupId=10...
  [DEBUG] Calendar position after refresh: day 7 (unchanged)
  [DEBUG] Could not extract slot times
============================================================

############################################################
# DAY 7: 2026-02-23 (Monday)
############################################################
  [Smart redistribution] Current: 0.0h, Target: +3.5h, Max bookings: 2
  [DEBUG] Session stats: 0 bookings so far, peak for this day: 0/120min
  Already on correct day (day 7) - no navigation needed
  [DEBUG] Slot scan time: 11:45:03
  Displayed date: Royal Welsh College of Music & Drama
  [DEBUG] Earliest slots for 7-day horizon rooms: {'B0.11': '07:30', 'B0.13': '07:30', 'B0.14': '07:30', 'B0.16': '07:30'}
  [DEBUG] Expected earliest (now - 7 days): ~11:45 on target date
  [DEBUG] Rooms skipped (not yet available): B0.11 (Available in 5.7h (horizon: 7d)), B0.14 (Available in 9.7h (horizon: 7d)), B0.16 (Available in 1.7h (horizon: 7d)), B0.23 (Available in 2.0d (horizon: 5d)), B0.27 (Available in 1.8d (horizon: 5d)), B0.29 (Available in 1.8d (horizon: 5d)), B1.06 (Available in 1.8d (horizon: 5d)), B1.07 (Available in 1.8d (horizon: 5d)), B1.08 (Available in 1.8d (horizon: 5d)), B1.09 (Available in 3.8d (horizon: 3d)), B1.10 (Available in 1.8d (horizon: 5d)), B1.11 (Available in 1.8d (horizon: 5d)), B1.14 (Available in 1.8d (horizon: 5d)), B1.15 (Available in 1.9d (horizon: 5d)), B1.16 (Available in 3.8d (horizon: 3d)), B1.17 (Available in 1.8d (horizon: 5d)), B1.18 (Available in 1.8d (horizon: 5d)), B1.19 (Available in 1.8d (horizon: 5d)), B1.20 (Available in 1.8d (horizon: 5d)), B1.21 (Available in 1.8d (horizon: 5d))
  Found 6 potential slots
  [DEBUG] First 10 slots: [('B0.16', '9.50-11.00'), ('B0.11', '7.50-8.50'), ('B0.13', '7.50-9.00'), ('B0.14', '7.50-8.50'), ('B0.16', '7.50-8.50'), ('B0.11', '9.25-10.00')]
  [DEBUG] Peak quota for 2026-02-23: 0/120 min used, 120 min remaining
  [DEBUG] Strict mode: Filtered out 5 non-preferred slots
  [DEBUG] Starting booking attempts. Max per day: 2, slots available: 1
  [DEBUG] Attempt 1/15: B0.16 9.50-11.00 (duration: 1.50h)

============================================================
Trying: B0.16 at 09:30-11:00
============================================================
  [DEBUG] Click calculation: slot=9.50-11.00, center=10.25, click_pct=20.31%
  [DEBUG] Viewport: 1920x1080, scrollY=0
  [DEBUG] Day grid: left=400, width=1505, right=1905
  [DEBUG] Click target: x=706, y=359 (target time: 9.50-11.00)
  Clicking at (706, 359) for B0.16 (center)...
  [DEBUG] Looking for 'Student booking provisional' button...
  Found 'Student booking provisional' button
  [DEBUG] Setting times: 09:30 to 11:00
  [DEBUG] WARNING: Time inputs not found! start=0, end=0
  [DEBUG] Checking for errors/conflicts on booking form...
  [DEBUG] Found 0 time patterns on page
  [DEBUG] Looking for Save button...
  [DEBUG] Save button not found: count=0, visible=True
  Save button not found
  [DEBUG] go_back() called
  [DEBUG] Booking form visible: True
  [DEBUG] Clicking back button...
  [DEBUG] Back on calendar (location-day found)
  [DEBUG] No more valid slots (all_slots=0, conflicts filtered all)
  No more valid slots available

  Day summary: 0 bookings made, 1 attempts total

############################################################
# DAY 6: 2026-02-22 (Sunday)
############################################################
  [Smart redistribution] Current: 0.0h, Target: +3.5h, Max bookings: 2
  [DEBUG] Session stats: 0 bookings so far, peak for this day: 0/120min
  Navigating backward 1 day(s)...
  [DEBUG] Current URL: https://rwcmd.asimut.net/overview?locationGroupId=10...
  [DEBUG] Navigation complete, now on day 6
  [DEBUG] Slot scan time: 11:45:15
  Displayed date: Royal Welsh College of Music & Drama
  [DEBUG] Earliest slots for 7-day horizon rooms: {'B0.11': '09:30', 'B0.13': '09:30', 'B0.14': '09:30', 'B0.16': '09:30'}
  [DEBUG] Expected earliest (now - 7 days): ~11:45 on target date
  [DEBUG] Rooms skipped (not yet available): B0.23 (Available in 21.7h (horizon: 5d)), B0.27 (Available in 21.7h (horizon: 5d)), B0.29 (Available in 21.7h (horizon: 5d)), B1.06 (Available in 21.7h (horizon: 5d)), B1.07 (Available in 21.7h (horizon: 5d)), B1.08 (Available in 21.7h (horizon: 5d)), B1.09 (Available in 3.0d (horizon: 3d)), B1.10 (Available in 21.7h (horizon: 5d)), B1.11 (Available in 21.7h (horizon: 5d)), B1.14 (Available in 21.7h (horizon: 5d)), B1.15 (Available in 21.7h (horizon: 5d)), B1.16 (Available in 2.9d (horizon: 3d)), B1.17 (Available in 21.7h (horizon: 5d)), B1.18 (Available in 21.7h (horizon: 5d)), B1.19 (Available in 21.7h (horizon: 5d)), B1.20 (Available in 21.7h (horizon: 5d)), B1.21 (Available in 22.2h (horizon: 5d))
  Found 7 potential slots
  [DEBUG] First 10 slots: [('B0.11', '9.50-12.50'), ('B0.13', '9.50-11.25'), ('B0.14', '9.50-12.00'), ('B0.16', '9.50-12.00'), ('B0.13', '12.00-13.00'), ('B0.13', '15.00-15.50'), ('B0.16', '15.50-16.25')]
  [DEBUG] Peak quota for 2026-02-22: 0/120 min used, 9999 min remaining
  [DEBUG] Starting booking attempts. Max per day: 2, slots available: 7
  [DEBUG] Attempt 1/15: B0.11 9.50-12.50 (duration: 3.00h)

============================================================
Trying: B0.11 at 09:30-11:30
============================================================
  [DEBUG] Click calculation: slot=9.50-11.50, center=10.50, click_pct=21.88%
  [DEBUG] Viewport: 1920x1080, scrollY=0
  [DEBUG] Day grid: left=400, width=1505, right=1905
  [DEBUG] Click target: x=729, y=239 (target time: 9.50-11.50)
  Clicking at (729, 239) for B0.11 (center)...
  [DEBUG] Looking for 'Student booking provisional' button...
  Found 'Student booking provisional' button
  [DEBUG] Setting times: 09:30 to 11:30
  [DEBUG] WARNING: Time inputs not found! start=0, end=0
  [DEBUG] Checking for errors/conflicts on booking form...
  [DEBUG] Found 0 time patterns on page
  [DEBUG] Looking for Save button...
  [DEBUG] Save button not found: count=0, visible=N/A
  Save button not found
  [DEBUG] go_back() called
  [DEBUG] Booking form visible: True
  [DEBUG] Clicking back button...
  [DEBUG] Back on calendar (location-day found)
  [DEBUG] Attempt 2/15: B0.13 9.50-11.25 (duration: 1.75h)

============================================================
Trying: B0.13 at 09:30-11:15
============================================================
  [DEBUG] Click calculation: slot=9.50-11.25, center=10.38, click_pct=21.09%
  [DEBUG] Viewport: 1920x1080, scrollY=0
  [DEBUG] Day grid: left=400, width=1505, right=1905
  [DEBUG] Click target: x=717, y=279 (target time: 9.50-11.25)
  Clicking at (717, 279) for B0.13 (center)...
  [DEBUG] Looking for 'Student booking provisional' button...
  Found 'Student booking provisional' button
  [DEBUG] Setting times: 09:30 to 11:15
  [DEBUG] Found time inputs, filling start time...
  [DEBUG] Filling end time...
  [DEBUG] Verified times: start=09:30, end=11:15
  [DEBUG] Checking for errors/conflicts on booking form...
  [DEBUG] Found 7 time patterns on page
  [DEBUG] Looking for Save button...
  [DEBUG] Save button icon: 'remove_circle'
  Save disabled (icon: remove_circle)
  [DEBUG] Rejection reason: Unknown reason
  [DEBUG] go_back() called
  [DEBUG] Booking form visible: True
  [DEBUG] Clicking back button...
  [DEBUG] Back on calendar (location-day found)
  [DEBUG] Attempt 3/15: B0.14 9.50-12.00 (duration: 2.50h)

============================================================
Trying: B0.14 at 09:30-11:30
============================================================
  [DEBUG] Click calculation: slot=9.50-11.50, center=10.50, click_pct=21.88%
  [DEBUG] Viewport: 1920x1080, scrollY=0
  [DEBUG] Day grid: left=400, width=1505, right=1905
  [DEBUG] Click target: x=729, y=319 (target time: 9.50-11.50)
  Clicking at (729, 319) for B0.14 (center)...
  [DEBUG] Looking for 'Student booking provisional' button...
  Found 'Student booking provisional' button
  [DEBUG] Setting times: 09:30 to 11:30
  [DEBUG] Found time inputs, filling start time...
  [DEBUG] Filling end time...
  [DEBUG] Verified times: start=09:30, end=11:30
  [DEBUG] Checking for errors/conflicts on booking form...
  [DEBUG] Found 7 time patterns on page
  Error: Not allowed to book
  [DEBUG] Error message: You are not allowed to create or modify events in the past
  [DEBUG] go_back() called
  [DEBUG] Booking form visible: True
  [DEBUG] Clicking back button...
  [DEBUG] Back on calendar (location-day found)
  [DEBUG] Attempt 4/15: B0.16 9.50-12.00 (duration: 2.50h)

============================================================
Trying: B0.16 at 09:30-11:30
============================================================
  [DEBUG] Click calculation: slot=9.50-11.50, center=10.50, click_pct=21.88%
  [DEBUG] Viewport: 1920x1080, scrollY=0
  [DEBUG] Day grid: left=400, width=1505, right=1905
  [DEBUG] Click target: x=729, y=359 (target time: 9.50-11.50)
  Clicking at (729, 359) for B0.16 (center)...
  [DEBUG] Looking for 'Student booking provisional' button...
  Found 'Student booking provisional' button
  [DEBUG] Setting times: 09:30 to 11:30
  [DEBUG] Found time inputs, filling start time...
  [DEBUG] Filling end time...
  [DEBUG] Verified times: start=09:30, end=11:30
  [DEBUG] Checking for errors/conflicts on booking form...
  [DEBUG] Found 7 time patterns on page
  Error: Not allowed to book
  [DEBUG] Error message: You are not allowed to create or modify events in the past
  [DEBUG] go_back() called
  [DEBUG] Booking form visible: True
  [DEBUG] Clicking back button...
  [DEBUG] Back on calendar (location-day found)
  [DEBUG] Attempt 5/15: B0.13 12.00-13.00 (duration: 1.00h)

============================================================
Trying: B0.13 at 12:00-13:00
============================================================
  [DEBUG] Click calculation: slot=12.00-13.00, center=12.50, click_pct=34.38%
  [DEBUG] Viewport: 1920x1080, scrollY=0
  [DEBUG] Day grid: left=400, width=1505, right=1905
  [DEBUG] Click target: x=917, y=279 (target time: 12.00-13.00)
  Clicking at (917, 279) for B0.13 (center)...
  [DEBUG] Looking for 'Student booking provisional' button...
  Found 'Student booking provisional' button
  [DEBUG] Setting times: 12:00 to 13:00
  [DEBUG] Found time inputs, filling start time...
  [DEBUG] Filling end time...
  [DEBUG] Verified times: start=12:00, end=13:00
  [DEBUG] Checking for errors/conflicts on booking form...
  [DEBUG] Found 7 time patterns on page
  Error: Not allowed to book
  [DEBUG] Error message: You are not allowed to create or modify events in the past
  [DEBUG] go_back() called
  [DEBUG] Booking form visible: True
  [DEBUG] Clicking back button...
  [DEBUG] Back on calendar (location-day found)
  [DEBUG] Attempt 6/15: B0.13 15.00-15.50 (duration: 0.50h)

============================================================
Trying: B0.13 at 15:00-15:30
============================================================
  [DEBUG] Click calculation: slot=15.00-15.50, center=15.25, click_pct=51.56%
  [DEBUG] Viewport: 1920x1080, scrollY=0
  [DEBUG] Day grid: left=400, width=1505, right=1905
  [DEBUG] Click target: x=1176, y=279 (target time: 15.00-15.50)
  Clicking at (1176, 279) for B0.13 (center)...
  [DEBUG] Looking for 'Student booking provisional' button...
  Found 'Student booking provisional' button
  [DEBUG] Setting times: 15:00 to 15:30
  [DEBUG] Found time inputs, filling start time...
  [DEBUG] Filling end time...
  [DEBUG] Verified times: start=15:00, end=15:30
  [DEBUG] Checking for errors/conflicts on booking form...
  [DEBUG] Found 7 time patterns on page
  Error: Not allowed to book
  [DEBUG] Error message: You are not allowed to create or modify events in the past
  [DEBUG] go_back() called
  [DEBUG] Booking form visible: True
  [DEBUG] Clicking back button...
  [DEBUG] Back on calendar (location-day found)
  [DEBUG] Attempt 7/15: B0.16 15.50-16.25 (duration: 0.75h)

============================================================
Trying: B0.16 at 15:30-16:15
============================================================
  [DEBUG] Click calculation: slot=15.50-16.25, center=15.88, click_pct=55.47%
  [DEBUG] Viewport: 1920x1080, scrollY=0
  [DEBUG] Day grid: left=400, width=1505, right=1905
  [DEBUG] Click target: x=1235, y=359 (target time: 15.50-16.25)
  Clicking at (1235, 359) for B0.16 (center)...
  [DEBUG] Looking for 'Student booking provisional' button...
  Found 'Student booking provisional' button
  [DEBUG] Setting times: 15:30 to 16:15
  [DEBUG] Found time inputs, filling start time...
  [DEBUG] Filling end time...
  [DEBUG] Verified times: start=15:30, end=16:15
  [DEBUG] Checking for errors/conflicts on booking form...
  [DEBUG] Found 7 time patterns on page
  Error: Not allowed to book
  [DEBUG] Error message: You are not allowed to create or modify events in the past
  [DEBUG] go_back() called
  [DEBUG] Booking form visible: True
  [DEBUG] Clicking back button...
  [DEBUG] Back on calendar (location-day found)
  [DEBUG] No more valid slots (all_slots=0, conflicts filtered all)
  No more valid slots available

  Day summary: 0 bookings made, 7 attempts total

############################################################
# DAY 5: 2026-02-21 (Saturday)
############################################################
  [Smart redistribution] Current: 0.0h, Target: +3.5h, Max bookings: 2
  [DEBUG] Session stats: 0 bookings so far, peak for this day: 0/120min
  Navigating backward 1 day(s)...
  [DEBUG] Current URL: https://rwcmd.asimut.net/overview?locationGroupId=10...
  [DEBUG] Navigation complete, now on day 5
  [DEBUG] Slot scan time: 11:46:59
  Displayed date: Royal Welsh College of Music & Drama
  [DEBUG] Earliest slots for 7-day horizon rooms: {'B0.11': '08:00', 'B0.13': '08:00', 'B0.14': '08:00', 'B0.16': '08:00'}
  [DEBUG] Expected earliest (now - 7 days): ~11:46 on target date
  [DEBUG] Rooms skipped (not yet available): B0.23 (Available in 2.0h (horizon: 5d)), B1.06 (Available in 2.2h (horizon: 5d)), B1.07 (Available in 1.2h (horizon: 5d)), B1.08 (Available in 43min (horizon: 5d)), B1.09 (Available in 1.8d (horizon: 3d)), B1.11 (Available in 43min (horizon: 5d)), B1.14 (Available in 1.2h (horizon: 5d)), B1.15 (Available in 4.2h (horizon: 5d)), B1.16 (Available in 1.8d (horizon: 3d)), B1.17 (Available in 1.2h (horizon: 5d)), B1.18 (Available in 3.2h (horizon: 5d)), B1.19 (Available in 1.2h (horizon: 5d)), B1.20 (Available in 28min (horizon: 5d)), B1.21 (Available in 2.2h (horizon: 5d))
  Found 29 potential slots
  [DEBUG] First 10 slots: [('B0.16', '10.50-15.25'), ('B0.23', '10.50-12.75'), ('B0.13', '12.00-14.25'), ('B0.14', '12.50-14.75'), ('B0.11', '14.00-15.00'), ('B0.13', '15.00-16.00'), ('B0.14', '15.75-17.25'), ('B0.11', '16.00-17.25'), ('B0.29', '9.50-10.00'), ('B0.16', '16.75-17.25')]
  [DEBUG] Peak quota for 2026-02-21: 0/120 min used, 9999 min remaining
  [DEBUG] Strict mode: Filtered out 19 non-preferred slots
  [DEBUG] Starting booking attempts. Max per day: 2, slots available: 10
  [DEBUG] Attempt 1/15: B0.16 10.50-15.25 (duration: 4.75h)

============================================================
Trying: B0.16 at 10:30-12:30
============================================================
  [DEBUG] Click calculation: slot=10.50-12.50, center=11.50, click_pct=28.12%
  [DEBUG] Viewport: 1920x1080, scrollY=0
  [DEBUG] Day grid: left=400, width=1505, right=1905
  [DEBUG] Click target: x=823, y=359 (target time: 10.50-12.50)
  Clicking at (823, 359) for B0.16 (center)...
  [DEBUG] Looking for 'Student booking provisional' button...
  Found 'Student booking provisional' button
  [DEBUG] Setting times: 10:30 to 12:30
  [DEBUG] Found time inputs, filling start time...
  [DEBUG] Filling end time...
  [DEBUG] Verified times: start=10:30, end=12:30
  [DEBUG] Checking for errors/conflicts on booking form...
  [DEBUG] Found 7 time patterns on page
  [DEBUG] Looking for Save button...
  [DEBUG] Save button icon: 'remove_circle'
  Save disabled (icon: remove_circle)
  [DEBUG] Rejection reason: You are not allowed to create or modify events in the past
  [DEBUG] go_back() called
  [DEBUG] Booking form visible: True
  [DEBUG] Clicking back button...
  [DEBUG] Back on calendar (location-day found)
  [DEBUG] Attempt 2/15: B0.23 10.50-12.75 (duration: 2.25h)

============================================================
Trying: B0.23 at 10:30-11:45 (HORIZON LIMITED)
  Will extend later: target 10:30-12:30
============================================================
  [DEBUG] Click calculation: slot=10.50-11.75, center=11.12, click_pct=25.78%
  [DEBUG] Viewport: 1920x1080, scrollY=0
  [DEBUG] Day grid: left=400, width=1505, right=1905
  [DEBUG] Click target: x=788, y=399 (target time: 10.50-11.75)
  Clicking at (788, 399) for B0.23 (center)...
  [DEBUG] Looking for 'Student booking provisional' button...
  Found 'Student booking provisional' button
  [DEBUG] Setting times: 10:30 to 11:45
  [DEBUG] WARNING: Time inputs not found! start=0, end=0
  [DEBUG] Checking for errors/conflicts on booking form...
  [DEBUG] Found 0 time patterns on page
  [DEBUG] Looking for Save button...
  [DEBUG] Save button not found: count=0, visible=N/A
  Save button not found
  [DEBUG] go_back() called
  [DEBUG] Booking form visible: True
  [DEBUG] Clicking back button...
  [DEBUG] Back on calendar (location-day found)
  [DEBUG] Attempt 3/15: B0.13 12.00-14.25 (duration: 2.25h)

============================================================
Trying: B0.13 at 12:00-14:00
============================================================
  [DEBUG] Click calculation: slot=12.00-14.00, center=13.00, click_pct=37.50%
  [DEBUG] Viewport: 1920x1080, scrollY=0
  [DEBUG] Day grid: left=400, width=1505, right=1905
  [DEBUG] Click target: x=964, y=279 (target time: 12.00-14.00)
  Clicking at (964, 279) for B0.13 (center)...
  [DEBUG] Looking for 'Student booking provisional' button...
  Found 'Student booking provisional' button
  [DEBUG] Setting times: 12:00 to 14:00
  [DEBUG] WARNING: Time inputs not found! start=0, end=0
  [DEBUG] Checking for errors/conflicts on booking form...
  [DEBUG] Found 0 time patterns on page
  [DEBUG] Looking for Save button...
  [DEBUG] Save button not found: count=0, visible=N/A
  Save button not found
  [DEBUG] go_back() called
  [DEBUG] Booking form visible: False
  [DEBUG] go_back exception: Page.wait_for_selector: Timeout 5000ms exceeded.
Call log:
  - waiting for locator(".location-day") to be visible

  Warning: go_back issue (Page.wait_for_selector: Timeout 5000ms exceeded.
Call log:
  - waiting for locator(".location-day") to be visible
), trying Escape + browser back...
  [DEBUG] Attempt 4/15: B0.14 12.50-14.75 (duration: 2.25h)

============================================================
Trying: B0.14 at 12:30-14:30
============================================================
  [DEBUG] Click calculation: slot=12.50-14.50, center=13.50, click_pct=40.62%
  [DEBUG] Viewport: 1920x1080, scrollY=0
  [DEBUG] Day grid: left=400, width=1505, right=1905
  [DEBUG] Click target: x=1011, y=319 (target time: 12.50-14.50)
  Clicking at (1011, 319) for B0.14 (center)...
  [DEBUG] Looking for 'Student booking provisional' button...
  Found 'Student booking provisional' button
  [DEBUG] Setting times: 12:30 to 14:30
  [DEBUG] Found time inputs, filling start time...
  [DEBUG] Filling end time...
  [DEBUG] Verified times: start=12:30, end=14:30
  [DEBUG] Checking for errors/conflicts on booking form...
  [DEBUG] Found 7 time patterns on page
  Error: Not allowed to book
  [DEBUG] Error message: You are not allowed to create or modify events in the past
  [DEBUG] go_back() called
  [DEBUG] Booking form visible: True
  [DEBUG] Clicking back button...
  [DEBUG] Back on calendar (location-day found)
  [DEBUG] Attempt 5/15: B0.11 14.00-15.00 (duration: 1.00h)

============================================================
Trying: B0.11 at 14:00-15:00
============================================================
  [DEBUG] Click calculation: slot=14.00-15.00, center=14.50, click_pct=46.88%
  [DEBUG] Viewport: 1920x1080, scrollY=0
  [DEBUG] Day grid: left=400, width=1505, right=1905
  [DEBUG] Click target: x=1105, y=239 (target time: 14.00-15.00)
  Clicking at (1105, 239) for B0.11 (center)...
  [DEBUG] Looking for 'Student booking provisional' button...
  Found 'Student booking provisional' button
  [DEBUG] Setting times: 14:00 to 15:00
  [DEBUG] Found time inputs, filling start time...
  [DEBUG] Filling end time...
  [DEBUG] Verified times: start=14:00, end=15:00
  [DEBUG] Checking for errors/conflicts on booking form...
  [DEBUG] Found 7 time patterns on page
  Error: Not allowed to book
  [DEBUG] Error message: You are not allowed to create or modify events in the past
  [DEBUG] go_back() called
  [DEBUG] Booking form visible: True
  [DEBUG] Clicking back button...
  [DEBUG] Back on calendar (location-day found)
  [DEBUG] Attempt 6/15: B0.13 15.00-16.00 (duration: 1.00h)

============================================================
Trying: B0.13 at 15:00-16:00
============================================================
  [DEBUG] Click calculation: slot=15.00-16.00, center=15.50, click_pct=53.12%
  [DEBUG] Viewport: 1920x1080, scrollY=0
  [DEBUG] Day grid: left=400, width=1505, right=1905
  [DEBUG] Click target: x=1200, y=279 (target time: 15.00-16.00)
  Clicking at (1200, 279) for B0.13 (center)...
  [DEBUG] Looking for 'Student booking provisional' button...
  Found 'Student booking provisional' button
  [DEBUG] Setting times: 15:00 to 16:00
  [DEBUG] Found time inputs, filling start time...
  [DEBUG] Filling end time...
  [DEBUG] Verified times: start=15:00, end=16:00
  [DEBUG] Checking for errors/conflicts on booking form...
  [DEBUG] Found 7 time patterns on page
  Error: Not allowed to book
  [DEBUG] Error message: You are not allowed to create or modify events in the past
  [DEBUG] go_back() called
  [DEBUG] Booking form visible: True
  [DEBUG] Clicking back button...
  [DEBUG] Back on calendar (location-day found)
  [DEBUG] Attempt 7/15: B0.14 15.75-17.25 (duration: 1.50h)

============================================================
Trying: B0.14 at 15:45-17:15
============================================================
  [DEBUG] Click calculation: slot=15.75-17.25, center=16.50, click_pct=59.38%
  [DEBUG] Viewport: 1920x1080, scrollY=0
  [DEBUG] Day grid: left=400, width=1505, right=1905
  [DEBUG] Click target: x=1294, y=319 (target time: 15.75-17.25)
  Clicking at (1294, 319) for B0.14 (center)...
  [DEBUG] Looking for 'Student booking provisional' button...
  Found 'Student booking provisional' button
  [DEBUG] Setting times: 15:45 to 17:15
  [DEBUG] Found time inputs, filling start time...
  [DEBUG] Filling end time...
  [DEBUG] Verified times: start=15:45, end=17:15
  [DEBUG] Checking for errors/conflicts on booking form...
  [DEBUG] Found 7 time patterns on page
  Error: Not allowed to book
  [DEBUG] Error message: You are not allowed to create or modify events in the past
  [DEBUG] go_back() called
  [DEBUG] Booking form visible: True
  [DEBUG] Clicking back button...
  [DEBUG] Back on calendar (location-day found)
  [DEBUG] Attempt 8/15: B0.11 16.00-17.25 (duration: 1.25h)

============================================================
Trying: B0.11 at 16:00-17:15
============================================================
  [DEBUG] Click calculation: slot=16.00-17.25, center=16.62, click_pct=60.16%
  [DEBUG] Viewport: 1920x1080, scrollY=0
  [DEBUG] Day grid: left=400, width=1505, right=1905
  [DEBUG] Click target: x=1305, y=239 (target time: 16.00-17.25)
  Clicking at (1305, 239) for B0.11 (center)...
  [DEBUG] Looking for 'Student booking provisional' button...
  Found 'Student booking provisional' button
  [DEBUG] Setting times: 16:00 to 17:15
  [DEBUG] WARNING: Time inputs not found! start=0, end=0
  [DEBUG] Checking for errors/conflicts on booking form...
  [DEBUG] Found 0 time patterns on page
  [DEBUG] Looking for Save button...
  [DEBUG] Save button not found: count=0, visible=N/A
  Save button not found
  [DEBUG] go_back() called
  [DEBUG] Booking form visible: False
  [DEBUG] go_back exception: Page.wait_for_selector: Timeout 5000ms exceeded.
Call log:
  - waiting for locator(".location-day") to be visible

  Warning: go_back issue (Page.wait_for_selector: Timeout 5000ms exceeded.
Call log:
  - waiting for locator(".location-day") to be visible
), trying Escape + browser back...
  [DEBUG] Attempt 9/15: B0.29 9.50-10.00 (duration: 0.50h)

============================================================
Trying: B0.29 at 09:30-10:00
============================================================
  [DEBUG] Click calculation: slot=9.50-10.00, center=9.75, click_pct=17.19%
  [DEBUG] Viewport: 1920x1080, scrollY=19
  [DEBUG] Day grid: left=400, width=1505, right=1905
  [DEBUG] Click target: x=659, y=540 (target time: 9.50-10.00)
  Clicking at (659, 540) for B0.29 (center)...
  [DEBUG] Looking for 'Student booking provisional' button...
  Found 'Student booking provisional' button
  [DEBUG] Setting times: 09:30 to 10:00
  [DEBUG] Found time inputs, filling start time...
  [DEBUG] Filling end time...
  [DEBUG] Verified times: start=09:30, end=10:00
  [DEBUG] Checking for errors/conflicts on booking form...
  [DEBUG] Found 7 time patterns on page
  Error: Not allowed to book
  [DEBUG] Error message: You are not allowed to create or modify events in the past
  [DEBUG] go_back() called
  [DEBUG] Booking form visible: True
  [DEBUG] Clicking back button...
  [DEBUG] Back on calendar (location-day found)
  [DEBUG] Attempt 10/15: B0.16 16.75-17.25 (duration: 0.50h)

============================================================
Trying: B0.16 at 16:45-17:15
============================================================
  [DEBUG] Click calculation: slot=16.75-17.25, center=17.00, click_pct=62.50%
  [DEBUG] Viewport: 1920x1080, scrollY=0
  [DEBUG] Day grid: left=400, width=1505, right=1905
  [DEBUG] Click target: x=1341, y=359 (target time: 16.75-17.25)
  Clicking at (1341, 359) for B0.16 (center)...
  [DEBUG] Looking for 'Student booking provisional' button...
  Found 'Student booking provisional' button
  [DEBUG] Setting times: 16:45 to 17:15
  [DEBUG] Found time inputs, filling start time...
  [DEBUG] Filling end time...
  [DEBUG] Verified times: start=16:45, end=17:15
  [DEBUG] Checking for errors/conflicts on booking form...
  [DEBUG] Found 7 time patterns on page
  Error: Not allowed to book
  [DEBUG] Error message: You are not allowed to create or modify events in the past
  [DEBUG] go_back() called
  [DEBUG] Booking form visible: True
  [DEBUG] Clicking back button...
  [DEBUG] Back on calendar (location-day found)
  [DEBUG] No more valid slots (all_slots=0, conflicts filtered all)
  No more valid slots available

  Day summary: 0 bookings made, 10 attempts total

############################################################
# DAY 4: 2026-02-20 (Friday)
############################################################
  [Smart redistribution] Current: 0.0h, Target: +3.5h, Max bookings: 2
  [DEBUG] Session stats: 0 bookings so far, peak for this day: 0/120min
  Navigating backward 1 day(s)...
  [DEBUG] Current URL: https://rwcmd.asimut.net/overview?locationGroupId=10...
  [DEBUG] Navigation complete, now on day 4
  [DEBUG] Slot scan time: 11:49:23
  Displayed date: Royal Welsh College of Music & Drama
  [DEBUG] Earliest slots for 7-day horizon rooms: {'B0.11': '07:30', 'B0.13': '07:30', 'B0.14': '07:30', 'B0.16': '07:30'}
  [DEBUG] Expected earliest (now - 7 days): ~11:49 on target date
  [DEBUG] Rooms skipped (not yet available): B1.09 (Available in 19.7h (horizon: 3d)), B1.16 (Available in 1.0d (horizon: 3d))
  Found 62 potential slots
  [DEBUG] First 10 slots: [('B1.18', '10.00-11.00'), ('B1.10', '10.00-11.25'), ('B1.10', '12.00-13.00'), ('B0.29', '12.50-14.50'), ('B0.23', '12.50-14.50'), ('B0.27', '14.50-16.50'), ('B0.16', '17.00-18.00'), ('B1.06', '18.00-19.75'), ('B0.29', '19.00-20.00'), ('B1.14', '19.00-20.00')]
  [DEBUG] Peak quota for 2026-02-20: 0/120 min used, 120 min remaining
  [DEBUG] Strict mode: Filtered out 28 non-preferred slots
  [DEBUG] Starting booking attempts. Max per day: 2, slots available: 34
  [DEBUG] Attempt 1/15: B1.18 10.00-11.00 (duration: 1.00h)

============================================================
Trying: B1.18 at 10:00-11:00
============================================================
  [DEBUG] Click calculation: slot=10.00-11.00, center=10.50, click_pct=21.88%
  [DEBUG] Viewport: 1920x1080, scrollY=309
  [DEBUG] Day grid: left=400, width=1505, right=1905
  [DEBUG] Click target: x=729, y=730 (target time: 10.00-11.00)
  Clicking at (729, 730) for B1.18 (center)...
  [DEBUG] Looking for 'Student booking provisional' button...
  Found 'Student booking provisional' button
  [DEBUG] Setting times: 10:00 to 11:00
  [DEBUG] Found time inputs, filling start time...
  [DEBUG] Filling end time...
  [DEBUG] Verified times: start=10:00, end=11:00
  [DEBUG] Checking for errors/conflicts on booking form...
  [DEBUG] Found 7 time patterns on page
  Error: Not allowed to book
  [DEBUG] Error message: You are not allowed to create or modify events in the past
  [DEBUG] go_back() called
  [DEBUG] Booking form visible: True
  [DEBUG] Clicking back button...
  [DEBUG] Back on calendar (location-day found)
  [DEBUG] Attempt 2/15: B1.10 10.00-11.25 (duration: 1.25h)

============================================================
Trying: B1.10 at 10:00-11:15
============================================================
  [DEBUG] Click calculation: slot=10.00-11.25, center=10.62, click_pct=22.66%
  [DEBUG] Viewport: 1920x1080, scrollY=259
  [DEBUG] Day grid: left=400, width=1505, right=1905
  [DEBUG] Click target: x=741, y=540 (target time: 10.00-11.25)
  Clicking at (741, 540) for B1.10 (center)...
  [DEBUG] Looking for 'Student booking provisional' button...
  Found 'Student booking provisional' button
  [DEBUG] Setting times: 10:00 to 11:15
  [DEBUG] Found time inputs, filling start time...
  [DEBUG] Filling end time...
  [DEBUG] Verified times: start=10:00, end=11:15
  [DEBUG] Checking for errors/conflicts on booking form...
  [DEBUG] Found 7 time patterns on page
  Error: Not allowed to book
  [DEBUG] Error message: You are not allowed to create or modify events in the past
  [DEBUG] go_back() called
  [DEBUG] Booking form visible: True
  [DEBUG] Clicking back button...
  [DEBUG] Back on calendar (location-day found)
  [DEBUG] Attempt 3/15: B1.10 12.00-13.00 (duration: 1.00h)

============================================================
Trying: B1.10 at 12:00-13:00
============================================================
  [DEBUG] Click calculation: slot=12.00-13.00, center=12.50, click_pct=34.38%
  [DEBUG] Viewport: 1920x1080, scrollY=259
  [DEBUG] Day grid: left=400, width=1505, right=1905
  [DEBUG] Click target: x=917, y=540 (target time: 12.00-13.00)
  Clicking at (917, 540) for B1.10 (center)...
  [DEBUG] Looking for 'Student booking provisional' button...
  Found 'Student booking provisional' button
  [DEBUG] Setting times: 12:00 to 13:00
  [DEBUG] Found time inputs, filling start time...
  [DEBUG] Filling end time...
  [DEBUG] Verified times: start=12:00, end=13:00
  [DEBUG] Checking for errors/conflicts on booking form...
  [DEBUG] Found 7 time patterns on page
  Error: Not allowed to book
  [DEBUG] Error message: You are not allowed to create or modify events in the past
  [DEBUG] go_back() called
  [DEBUG] Booking form visible: True
  [DEBUG] Clicking back button...
  [DEBUG] Back on calendar (location-day found)
  [DEBUG] Attempt 4/15: B0.29 12.50-14.50 (duration: 2.00h)

============================================================
Trying: B0.29 at 12:30-14:30
============================================================
  [DEBUG] Click calculation: slot=12.50-14.50, center=13.50, click_pct=40.62%
  [DEBUG] Viewport: 1920x1080, scrollY=19
  [DEBUG] Day grid: left=400, width=1505, right=1905
  [DEBUG] Click target: x=1011, y=540 (target time: 12.50-14.50)
  Clicking at (1011, 540) for B0.29 (center)...
  [DEBUG] Looking for 'Student booking provisional' button...
  Found 'Student booking provisional' button
  [DEBUG] Setting times: 12:30 to 14:30
  [DEBUG] Found time inputs, filling start time...
  [DEBUG] Filling end time...
  [DEBUG] Verified times: start=12:30, end=14:30
  [DEBUG] Checking for errors/conflicts on booking form...
  [DEBUG] Found 7 time patterns on page
  Error: Not allowed to book
  [DEBUG] Error message: You are not allowed to create or modify events in the past
  [DEBUG] go_back() called
  [DEBUG] Booking form visible: True
  [DEBUG] Clicking back button...
  [DEBUG] Back on calendar (location-day found)
  [DEBUG] Attempt 5/15: B0.23 12.50-14.50 (duration: 2.00h)

============================================================
Trying: B0.23 at 12:30-14:30
============================================================
  [DEBUG] Click calculation: slot=12.50-14.50, center=13.50, click_pct=40.62%
  [DEBUG] Viewport: 1920x1080, scrollY=0
  [DEBUG] Day grid: left=400, width=1505, right=1905
  [DEBUG] Click target: x=1011, y=399 (target time: 12.50-14.50)
  Clicking at (1011, 399) for B0.23 (center)...
  [DEBUG] Looking for 'Student booking provisional' button...
  Found 'Student booking provisional' button
  [DEBUG] Setting times: 12:30 to 14:30
  [DEBUG] Found time inputs, filling start time...
  [DEBUG] Filling end time...
  [DEBUG] Verified times: start=12:30, end=14:30
  [DEBUG] Checking for errors/conflicts on booking form...
  [DEBUG] Found 7 time patterns on page
  Error: Not allowed to book
  [DEBUG] Error message: You are not allowed to create or modify events in the past
  [DEBUG] go_back() called
  [DEBUG] Booking form visible: True
  [DEBUG] Clicking back button...
  [DEBUG] Back on calendar (location-day found)
  [DEBUG] Attempt 6/15: B0.27 14.50-16.50 (duration: 2.00h)

============================================================
Trying: B0.27 at 14:30-16:30
============================================================
  [DEBUG] Click calculation: slot=14.50-16.50, center=15.50, click_pct=53.12%
  [DEBUG] Viewport: 1920x1080, scrollY=0
  [DEBUG] Day grid: left=400, width=1505, right=1905
  [DEBUG] Click target: x=1200, y=479 (target time: 14.50-16.50)
  Clicking at (1200, 479) for B0.27 (center)...
  [DEBUG] Looking for 'Student booking provisional' button...
  Found 'Student booking provisional' button
  [DEBUG] Setting times: 14:30 to 16:30
  [DEBUG] Found time inputs, filling start time...
  [DEBUG] Filling end time...
  [DEBUG] Verified times: start=14:30, end=16:30
  [DEBUG] Checking for errors/conflicts on booking form...
  [DEBUG] Found 7 time patterns on page
  Error: Not allowed to book
  [DEBUG] Error message: You are not allowed to create or modify events in the past
  [DEBUG] go_back() called
  [DEBUG] Booking form visible: True
  [DEBUG] Clicking back button...
  [DEBUG] Back on calendar (location-day found)
  [DEBUG] Attempt 7/15: B0.16 17.00-18.00 (duration: 1.00h)

============================================================
Trying: B0.16 at 17:00-18:00
============================================================
  [DEBUG] Click calculation: slot=17.00-18.00, center=17.50, click_pct=65.62%
  [DEBUG] Viewport: 1920x1080, scrollY=0
  [DEBUG] Day grid: left=400, width=1505, right=1905
  [DEBUG] Click target: x=1388, y=359 (target time: 17.00-18.00)
  Clicking at (1388, 359) for B0.16 (center)...
  [DEBUG] Looking for 'Student booking provisional' button...
  Found 'Student booking provisional' button
  [DEBUG] Setting times: 17:00 to 18:00
  [DEBUG] Found time inputs, filling start time...
  [DEBUG] Filling end time...
  [DEBUG] Verified times: start=17:00, end=18:00
  [DEBUG] Checking for errors/conflicts on booking form...
  [DEBUG] Found 7 time patterns on page
  Error: Not allowed to book
  [DEBUG] Error message: You are not allowed to create or modify events in the past
  [DEBUG] go_back() called
  [DEBUG] Booking form visible: True
  [DEBUG] Clicking back button...
  [DEBUG] Back on calendar (location-day found)
  [DEBUG] Attempt 8/15: B1.06 18.00-19.75 (duration: 1.75h)

============================================================
Trying: B1.06 at 18:00-19:45
============================================================
  [DEBUG] Click calculation: slot=18.00-19.75, center=18.88, click_pct=74.22%
  [DEBUG] Viewport: 1920x1080, scrollY=99
  [DEBUG] Day grid: left=400, width=1505, right=1905
  [DEBUG] Click target: x=1517, y=540 (target time: 18.00-19.75)
  Clicking at (1517, 540) for B1.06 (center)...
  [DEBUG] Looking for 'Student booking provisional' button...
  Found 'Student booking provisional' button
  [DEBUG] Setting times: 18:00 to 19:45
  [DEBUG] Found time inputs, filling start time...
  [DEBUG] Filling end time...
  [DEBUG] Verified times: start=18:00, end=19:45
  [DEBUG] Checking for errors/conflicts on booking form...
  [DEBUG] Found 7 time patterns on page
  Error: Not allowed to book
  [DEBUG] Error message: You are not allowed to create or modify events in the past
  [DEBUG] go_back() called
  [DEBUG] Booking form visible: True
  [DEBUG] Clicking back button...
  [DEBUG] Back on calendar (location-day found)
  [DEBUG] Attempt 9/15: B0.29 19.00-20.00 (duration: 1.00h)

============================================================
Trying: B0.29 at 19:00-20:00
============================================================
  [DEBUG] Click calculation: slot=19.00-20.00, center=19.50, click_pct=78.12%
  [DEBUG] Viewport: 1920x1080, scrollY=19
  [DEBUG] Day grid: left=400, width=1505, right=1905
  [DEBUG] Click target: x=1576, y=540 (target time: 19.00-20.00)
  Clicking at (1576, 540) for B0.29 (center)...
  [DEBUG] Looking for 'Student booking provisional' button...
  Found 'Student booking provisional' button
  [DEBUG] Setting times: 19:00 to 20:00
  [DEBUG] Found time inputs, filling start time...
  [DEBUG] Filling end time...
  [DEBUG] Verified times: start=19:00, end=20:00
  [DEBUG] Checking for errors/conflicts on booking form...
  [DEBUG] Found 7 time patterns on page
  Error: Not allowed to book
  [DEBUG] Error message: You are not allowed to create or modify events in the past
  [DEBUG] go_back() called
  [DEBUG] Booking form visible: True
  [DEBUG] Clicking back button...
  [DEBUG] Back on calendar (location-day found)
  [DEBUG] Attempt 10/15: B1.14 19.00-20.00 (duration: 1.00h)

============================================================
Trying: B1.14 at 19:00-20:00
============================================================
  [DEBUG] Click calculation: slot=19.00-20.00, center=19.50, click_pct=78.12%
  [DEBUG] Viewport: 1920x1080, scrollY=309
  [DEBUG] Day grid: left=400, width=1505, right=1905
  [DEBUG] Click target: x=1576, y=570 (target time: 19.00-20.00)
  Clicking at (1576, 570) for B1.14 (center)...
  [DEBUG] Looking for 'Student booking provisional' button...
  Found 'Student booking provisional' button
  [DEBUG] Setting times: 19:00 to 20:00
  [DEBUG] WARNING: Time inputs not found! start=0, end=0
  [DEBUG] Checking for errors/conflicts on booking form...
  [DEBUG] Found 0 time patterns on page
  [DEBUG] Looking for Save button...
  [DEBUG] Save button not found: count=0, visible=N/A
  Save button not found
  [DEBUG] go_back() called
  [DEBUG] Booking form visible: True
  [DEBUG] Clicking back button...
  [DEBUG] Back on calendar (location-day found)
  [DEBUG] Attempt 11/15: B0.14 19.25-22.25 (duration: 3.00h)

============================================================
Trying: B0.14 at 19:15-21:15
============================================================
  [DEBUG] Click calculation: slot=19.25-21.25, center=20.25, click_pct=82.81%
  [DEBUG] Viewport: 1920x1080, scrollY=0
  [DEBUG] Day grid: left=400, width=1505, right=1905
  [DEBUG] Click target: x=1646, y=319 (target time: 19.25-21.25)
  Clicking at (1646, 319) for B0.14 (center)...
  [DEBUG] Looking for 'Student booking provisional' button...
  Found 'Student booking provisional' button
  [DEBUG] Setting times: 19:15 to 21:15
  [DEBUG] Found time inputs, filling start time...
  [DEBUG] Filling end time...
  [DEBUG] Verified times: start=19:15, end=21:15
  [DEBUG] Checking for errors/conflicts on booking form...
  [DEBUG] Found 7 time patterns on page
  Error: Not allowed to book
  [DEBUG] Error message: You are not allowed to create or modify events in the past
  [DEBUG] go_back() called
  [DEBUG] Booking form visible: True
  [DEBUG] Clicking back button...
  [DEBUG] Back on calendar (location-day found)
  [DEBUG] Attempt 12/15: B1.21 19.25-22.25 (duration: 3.00h)

============================================================
Trying: B1.21 at 19:15-21:15
============================================================
  [DEBUG] Click calculation: slot=19.25-21.25, center=20.25, click_pct=82.81%
  [DEBUG] Viewport: 1920x1080, scrollY=309
  [DEBUG] Day grid: left=400, width=1505, right=1905
  [DEBUG] Click target: x=1646, y=850 (target time: 19.25-21.25)
  Clicking at (1646, 850) for B1.21 (center)...
  [DEBUG] Looking for 'Student booking provisional' button...
  Found 'Student booking provisional' button
  [DEBUG] Setting times: 19:15 to 21:15
  [DEBUG] Found time inputs, filling start time...
  [DEBUG] Filling end time...
  [DEBUG] Verified times: start=19:15, end=21:15
  [DEBUG] Checking for errors/conflicts on booking form...
  [DEBUG] Found 7 time patterns on page
  Error: Not allowed to book
  [DEBUG] Error message: You are not allowed to create or modify events in the past
  [DEBUG] go_back() called
  [DEBUG] Booking form visible: True
  [DEBUG] Clicking back button...
  [DEBUG] Back on calendar (location-day found)
  [DEBUG] Attempt 13/15: B1.11 19.50-22.25 (duration: 2.75h)

============================================================
Trying: B1.11 at 19:30-21:30
============================================================
  [DEBUG] Click calculation: slot=19.50-21.50, center=20.50, click_pct=84.38%
  [DEBUG] Viewport: 1920x1080, scrollY=299
  [DEBUG] Day grid: left=400, width=1505, right=1905
  [DEBUG] Click target: x=1670, y=540 (target time: 19.50-21.50)
  Clicking at (1670, 540) for B1.11 (center)...
  [DEBUG] Looking for 'Student booking provisional' button...
  Found 'Student booking provisional' button
  [DEBUG] Setting times: 19:30 to 21:30
  [DEBUG] Found time inputs, filling start time...
  [DEBUG] Filling end time...
  [DEBUG] Verified times: start=19:30, end=21:30
  [DEBUG] Checking for errors/conflicts on booking form...
  [DEBUG] Found 7 time patterns on page
  Error: Not allowed to book
  [DEBUG] Error message: You are not allowed to create or modify events in the past
  [DEBUG] go_back() called
  [DEBUG] Booking form visible: True
  [DEBUG] Clicking back button...
  [DEBUG] Back on calendar (location-day found)
  [DEBUG] Attempt 14/15: B1.10 20.00-22.25 (duration: 2.25h)

============================================================
Trying: B1.10 at 20:00-22:00
============================================================
  [DEBUG] Click calculation: slot=20.00-22.00, center=21.00, click_pct=87.50%
  [DEBUG] Viewport: 1920x1080, scrollY=259
  [DEBUG] Day grid: left=400, width=1505, right=1905
  [DEBUG] Click target: x=1717, y=540 (target time: 20.00-22.00)
  Clicking at (1717, 540) for B1.10 (center)...
  [DEBUG] Looking for 'Student booking provisional' button...
  Found 'Student booking provisional' button
  [DEBUG] Setting times: 20:00 to 22:00
  [DEBUG] Found time inputs, filling start time...
  [DEBUG] Filling end time...
  [DEBUG] Verified times: start=20:00, end=22:00
  [DEBUG] Checking for errors/conflicts on booking form...
  [DEBUG] Found 7 time patterns on page
  Error: Not allowed to book
  [DEBUG] Error message: You are not allowed to create or modify events in the past
  [DEBUG] go_back() called
  [DEBUG] Booking form visible: True
  [DEBUG] Clicking back button...
  [DEBUG] Back on calendar (location-day found)
  [DEBUG] Attempt 15/15: B1.17 20.50-22.25 (duration: 1.75h)

============================================================
Trying: B1.17 at 20:30-22:15
============================================================
  [DEBUG] Click calculation: slot=20.50-22.25, center=21.38, click_pct=89.84%
  [DEBUG] Viewport: 1920x1080, scrollY=309
  [DEBUG] Day grid: left=400, width=1505, right=1905
  [DEBUG] Click target: x=1752, y=690 (target time: 20.50-22.25)
  Clicking at (1752, 690) for B1.17 (center)...
  [DEBUG] Looking for 'Student booking provisional' button...
  Found 'Student booking provisional' button
  [DEBUG] Setting times: 20:30 to 22:15
  [DEBUG] Found time inputs, filling start time...
  [DEBUG] Filling end time...
  [DEBUG] Verified times: start=20:30, end=22:15
  [DEBUG] Checking for errors/conflicts on booking form...
  [DEBUG] Found 7 time patterns on page
  Error: Not allowed to book
  [DEBUG] Error message: You are not allowed to create or modify events in the past
  [DEBUG] go_back() called
  [DEBUG] Booking form visible: True
  [DEBUG] Clicking back button...
  [DEBUG] Back on calendar (location-day found)

  Day summary: 0 bookings made, 15 attempts total

############################################################
# DAY 3: 2026-02-19 (Thursday)
############################################################
  [Smart redistribution] Current: 0.0h, Target: +3.5h, Max bookings: 2
  [DEBUG] Session stats: 0 bookings so far, peak for this day: 0/120min
  Navigating backward 1 day(s)...
  [DEBUG] Current URL: https://rwcmd.asimut.net/overview?locationGroupId=10...
  [DEBUG] Navigation complete, now on day 3
  [DEBUG] Slot scan time: 11:53:05
  Displayed date: Royal Welsh College of Music & Drama
  [DEBUG] Earliest slots for 7-day horizon rooms: {'B0.11': '07:30', 'B0.13': '07:30', 'B0.14': '07:30', 'B0.16': '07:30'}
  [DEBUG] Expected earliest (now - 7 days): ~11:53 on target date
  [DEBUG] Rooms skipped (not yet available): B1.09 (Available in 9.9h (horizon: 3d)), B1.16 (Available in 9.9h (horizon: 3d))
  Found 53 potential slots
  [DEBUG] First 10 slots: [('B1.15', '9.50-11.00'), ('B1.21', '10.00-11.00'), ('B1.14', '16.00-17.00'), ('B0.23', '16.00-17.00'), ('B1.11', '17.00-18.00'), ('B1.06', '18.00-19.00'), ('B1.18', '19.00-20.00'), ('B1.19', '19.00-20.00'), ('B0.11', '20.00-22.25'), ('B1.11', '20.00-22.25')]
  [DEBUG] Peak quota for 2026-02-19: 0/120 min used, 120 min remaining
  [DEBUG] Strict mode: Filtered out 31 non-preferred slots
  [DEBUG] Starting booking attempts. Max per day: 2, slots available: 22
  [DEBUG] Attempt 1/15: B1.15 9.50-11.00 (duration: 1.50h)

============================================================
Trying: B1.15 at 09:30-11:00
============================================================
  [DEBUG] Click calculation: slot=9.50-11.00, center=10.25, click_pct=20.31%
  [DEBUG] Viewport: 1920x1080, scrollY=309
  [DEBUG] Day grid: left=400, width=1505, right=1905
  [DEBUG] Click target: x=706, y=610 (target time: 9.50-11.00)
  Clicking at (706, 610) for B1.15 (center)...
  [DEBUG] Looking for 'Student booking provisional' button...
  Found 'Student booking provisional' button
  [DEBUG] Setting times: 09:30 to 11:00
  [DEBUG] Found time inputs, filling start time...
  [DEBUG] Filling end time...
  [DEBUG] Verified times: start=09:30, end=11:00
  [DEBUG] Checking for errors/conflicts on booking form...
  [DEBUG] Found 8 time patterns on page
  Error: Not allowed to book
  [DEBUG] Error message: You are not allowed to create or modify events in the past
  [DEBUG] go_back() called
  [DEBUG] Booking form visible: True
  [DEBUG] Clicking back button...
  [DEBUG] Back on calendar (location-day found)
  [DEBUG] Attempt 2/15: B1.21 10.00-11.00 (duration: 1.00h)

============================================================
Trying: B1.21 at 10:00-11:00
============================================================
  [DEBUG] Click calculation: slot=10.00-11.00, center=10.50, click_pct=21.88%
  [DEBUG] Viewport: 1920x1080, scrollY=309
  [DEBUG] Day grid: left=400, width=1505, right=1905
  [DEBUG] Click target: x=729, y=850 (target time: 10.00-11.00)
  Clicking at (729, 850) for B1.21 (center)...
  [DEBUG] Looking for 'Student booking provisional' button...
  Found 'Student booking provisional' button
  [DEBUG] Setting times: 10:00 to 11:00
  [DEBUG] Found time inputs, filling start time...
  [DEBUG] Filling end time...
  [DEBUG] Verified times: start=10:00, end=11:00
  [DEBUG] Checking for errors/conflicts on booking form...
  [DEBUG] Found 8 time patterns on page
  Error: Not allowed to book
  [DEBUG] Error message: You are not allowed to create or modify events in the past
  [DEBUG] go_back() called
  [DEBUG] Booking form visible: True
  [DEBUG] Clicking back button...
  [DEBUG] Back on calendar (location-day found)
  [DEBUG] Attempt 3/15: B1.14 16.00-17.00 (duration: 1.00h)

============================================================
Trying: B1.14 at 16:00-17:00
============================================================
  [DEBUG] Click calculation: slot=16.00-17.00, center=16.50, click_pct=59.38%
  [DEBUG] Viewport: 1920x1080, scrollY=309
  [DEBUG] Day grid: left=400, width=1505, right=1905
  [DEBUG] Click target: x=1294, y=570 (target time: 16.00-17.00)
  Clicking at (1294, 570) for B1.14 (center)...
  [DEBUG] Looking for 'Student booking provisional' button...
  Found 'Student booking provisional' button
  [DEBUG] Setting times: 16:00 to 17:00
  [DEBUG] Found time inputs, filling start time...
  [DEBUG] Filling end time...
  [DEBUG] Verified times: start=16:00, end=17:00
  [DEBUG] Checking for errors/conflicts on booking form...
  [DEBUG] Found 7 time patterns on page
  Error: Not allowed to book
  [DEBUG] Error message: You are not allowed to create or modify events in the past
  [DEBUG] go_back() called
  [DEBUG] Booking form visible: True
  [DEBUG] Clicking back button...
  [DEBUG] Back on calendar (location-day found)
  [DEBUG] Attempt 4/15: B0.23 16.00-17.00 (duration: 1.00h)

============================================================
Trying: B0.23 at 16:00-17:00
============================================================
  [DEBUG] Click calculation: slot=16.00-17.00, center=16.50, click_pct=59.38%
  [DEBUG] Viewport: 1920x1080, scrollY=0
  [DEBUG] Day grid: left=400, width=1505, right=1905
  [DEBUG] Click target: x=1294, y=399 (target time: 16.00-17.00)
  Clicking at (1294, 399) for B0.23 (center)...
  [DEBUG] Looking for 'Student booking provisional' button...
  Found 'Student booking provisional' button
  [DEBUG] Setting times: 16:00 to 17:00
  [DEBUG] Found time inputs, filling start time...
  [DEBUG] Filling end time...
  [DEBUG] Verified times: start=16:00, end=17:00
  [DEBUG] Checking for errors/conflicts on booking form...
  [DEBUG] Found 7 time patterns on page
  Error: Not allowed to book
  [DEBUG] Error message: You are not allowed to create or modify events in the past
  [DEBUG] go_back() called
  [DEBUG] Booking form visible: True
  [DEBUG] Clicking back button...
  [DEBUG] Back on calendar (location-day found)
  [DEBUG] Attempt 5/15: B1.11 17.00-18.00 (duration: 1.00h)

============================================================
Trying: B1.11 at 17:00-18:00
============================================================
  [DEBUG] Click calculation: slot=17.00-18.00, center=17.50, click_pct=65.62%
  [DEBUG] Viewport: 1920x1080, scrollY=299
  [DEBUG] Day grid: left=400, width=1505, right=1905
  [DEBUG] Click target: x=1388, y=540 (target time: 17.00-18.00)
  Clicking at (1388, 540) for B1.11 (center)...
  [DEBUG] Looking for 'Student booking provisional' button...
  Found 'Student booking provisional' button
  [DEBUG] Setting times: 17:00 to 18:00
  [DEBUG] Found time inputs, filling start time...
  [DEBUG] Filling end time...
  [DEBUG] Verified times: start=17:00, end=18:00
  [DEBUG] Checking for errors/conflicts on booking form...
  [DEBUG] Found 7 time patterns on page
  [DEBUG] Looking for Save button...
  [DEBUG] Save button icon: 'remove_circle'
  Save disabled (icon: remove_circle)
  [DEBUG] Rejection reason: You are not allowed to create or modify events in the past
  [DEBUG] go_back() called
  [DEBUG] Booking form visible: True
  [DEBUG] Clicking back button...
  [DEBUG] Back on calendar (location-day found)
  [DEBUG] Attempt 6/15: B1.06 18.00-19.00 (duration: 1.00h)

============================================================
Trying: B1.06 at 18:00-19:00
============================================================
  [DEBUG] Click calculation: slot=18.00-19.00, center=18.50, click_pct=71.88%
  [DEBUG] Viewport: 1920x1080, scrollY=99
  [DEBUG] Day grid: left=400, width=1505, right=1905
  [DEBUG] Click target: x=1482, y=540 (target time: 18.00-19.00)
  Clicking at (1482, 540) for B1.06 (center)...
  [DEBUG] Looking for 'Student booking provisional' button...
  Found 'Student booking provisional' button
  [DEBUG] Setting times: 18:00 to 19:00
  [DEBUG] Found time inputs, filling start time...
  [DEBUG] Filling end time...
  [DEBUG] Verified times: start=18:00, end=19:00
  [DEBUG] Checking for errors/conflicts on booking form...
  [DEBUG] Found 7 time patterns on page
  Error: Not allowed to book
  [DEBUG] Error message: You are not allowed to create or modify events in the past
  [DEBUG] go_back() called
  [DEBUG] Booking form visible: True
  [DEBUG] Clicking back button...
  [DEBUG] Back on calendar (location-day found)
  [DEBUG] Attempt 7/15: B1.18 19.00-20.00 (duration: 1.00h)

============================================================
Trying: B1.18 at 19:00-20:00
============================================================
  [DEBUG] Click calculation: slot=19.00-20.00, center=19.50, click_pct=78.12%
  [DEBUG] Viewport: 1920x1080, scrollY=309
  [DEBUG] Day grid: left=400, width=1505, right=1905
  [DEBUG] Click target: x=1576, y=730 (target time: 19.00-20.00)
  Clicking at (1576, 730) for B1.18 (center)...
  [DEBUG] Looking for 'Student booking provisional' button...
  Found 'Student booking provisional' button
  [DEBUG] Setting times: 19:00 to 20:00
  [DEBUG] Found time inputs, filling start time...
  [DEBUG] Filling end time...
  [DEBUG] Verified times: start=19:00, end=20:00
  [DEBUG] Checking for errors/conflicts on booking form...
  [DEBUG] Found 7 time patterns on page
  [DEBUG] Looking for Save button...
  [DEBUG] Save button icon: 'remove_circle'
  Save disabled (icon: remove_circle)
  [DEBUG] Rejection reason: Unknown reason
  [DEBUG] go_back() called
  [DEBUG] Booking form visible: True
  [DEBUG] Clicking back button...
  [DEBUG] Back on calendar (location-day found)
  [DEBUG] Attempt 8/15: B1.19 19.00-20.00 (duration: 1.00h)

============================================================
Trying: B1.19 at 19:00-20:00
============================================================
  [DEBUG] Click calculation: slot=19.00-20.00, center=19.50, click_pct=78.12%
  [DEBUG] Viewport: 1920x1080, scrollY=309
  [DEBUG] Day grid: left=400, width=1505, right=1905
  [DEBUG] Click target: x=1576, y=770 (target time: 19.00-20.00)
  Clicking at (1576, 770) for B1.19 (center)...
  [DEBUG] Looking for 'Student booking provisional' button...
  Found 'Student booking provisional' button
  [DEBUG] Setting times: 19:00 to 20:00
  [DEBUG] Found time inputs, filling start time...
  [DEBUG] Filling end time...
  [DEBUG] Verified times: start=19:00, end=20:00
  [DEBUG] Checking for errors/conflicts on booking form...
  [DEBUG] Found 7 time patterns on page
  Error: Not allowed to book
  [DEBUG] Error message: You are not allowed to create or modify events in the past
  [DEBUG] go_back() called
  [DEBUG] Booking form visible: True
  [DEBUG] Clicking back button...
  [DEBUG] Back on calendar (location-day found)
  [DEBUG] Attempt 9/15: B0.11 20.00-22.25 (duration: 2.25h)

============================================================
Trying: B0.11 at 20:00-22:00
============================================================
  [DEBUG] Click calculation: slot=20.00-22.00, center=21.00, click_pct=87.50%
  [DEBUG] Viewport: 1920x1080, scrollY=0
  [DEBUG] Day grid: left=400, width=1505, right=1905
  [DEBUG] Click target: x=1717, y=239 (target time: 20.00-22.00)
  Clicking at (1717, 239) for B0.11 (center)...
  [DEBUG] Looking for 'Student booking provisional' button...
  Found 'Student booking provisional' button
  [DEBUG] Setting times: 20:00 to 22:00
  [DEBUG] Found time inputs, filling start time...
  [DEBUG] Filling end time...
  [DEBUG] Verified times: start=20:00, end=22:00
  [DEBUG] Checking for errors/conflicts on booking form...
  [DEBUG] Found 7 time patterns on page
  Error: Not allowed to book
  [DEBUG] Error message: You are not allowed to create or modify events in the past
  [DEBUG] go_back() called
  [DEBUG] Booking form visible: True
  [DEBUG] Clicking back button...
  [DEBUG] Back on calendar (location-day found)
  [DEBUG] Attempt 10/15: B1.11 20.00-22.25 (duration: 2.25h)

============================================================
Trying: B1.11 at 20:00-22:00
============================================================
  [DEBUG] Click calculation: slot=20.00-22.00, center=21.00, click_pct=87.50%
  [DEBUG] Viewport: 1920x1080, scrollY=299
  [DEBUG] Day grid: left=400, width=1505, right=1905
  [DEBUG] Click target: x=1717, y=540 (target time: 20.00-22.00)
  Clicking at (1717, 540) for B1.11 (center)...
  [DEBUG] Looking for 'Student booking provisional' button...
  Found 'Student booking provisional' button
  [DEBUG] Setting times: 20:00 to 22:00
  [DEBUG] Found time inputs, filling start time...
  [DEBUG] Filling end time...
  [DEBUG] Verified times: start=20:00, end=22:00
  [DEBUG] Checking for errors/conflicts on booking form...
  [DEBUG] Found 7 time patterns on page
  Error: Not allowed to book
  [DEBUG] Error message: You are not allowed to create or modify events in the past
  [DEBUG] go_back() called
  [DEBUG] Booking form visible: True
  [DEBUG] Clicking back button...
  [DEBUG] Back on calendar (location-day found)
  [DEBUG] Attempt 11/15: B1.07 20.25-22.25 (duration: 2.00h)

============================================================
Trying: B1.07 at 20:15-22:15
============================================================
  [DEBUG] Click calculation: slot=20.25-22.25, center=21.25, click_pct=89.06%
  [DEBUG] Viewport: 1920x1080, scrollY=139
  [DEBUG] Day grid: left=400, width=1505, right=1905
  [DEBUG] Click target: x=1740, y=540 (target time: 20.25-22.25)
  Clicking at (1740, 540) for B1.07 (center)...
  [DEBUG] Looking for 'Student booking provisional' button...
  Found 'Student booking provisional' button
  [DEBUG] Setting times: 20:15 to 22:15
  [DEBUG] WARNING: Time inputs not found! start=0, end=0
  [DEBUG] Checking for errors/conflicts on booking form...
  [DEBUG] Found 0 time patterns on page
  [DEBUG] Looking for Save button...
  [DEBUG] Save button not found: count=0, visible=N/A
  Save button not found
  [DEBUG] go_back() called
  [DEBUG] Booking form visible: False
  [DEBUG] go_back exception: Page.wait_for_selector: Timeout 5000ms exceeded.
Call log:
  - waiting for locator(".location-day") to be visible

  Warning: go_back issue (Page.wait_for_selector: Timeout 5000ms exceeded.
Call log:
  - waiting for locator(".location-day") to be visible
), trying Escape + browser back...
  [DEBUG] Attempt 12/15: B1.19 20.50-22.25 (duration: 1.75h)

============================================================
Trying: B1.19 at 20:30-22:15
============================================================
  [DEBUG] Click calculation: slot=20.50-22.25, center=21.38, click_pct=89.84%
  [DEBUG] Viewport: 1920x1080, scrollY=309
  [DEBUG] Day grid: left=400, width=1505, right=1905
  [DEBUG] Click target: x=1752, y=770 (target time: 20.50-22.25)
  Clicking at (1752, 770) for B1.19 (center)...
  [DEBUG] Looking for 'Student booking provisional' button...
  Found 'Student booking provisional' button
  [DEBUG] Setting times: 20:30 to 22:15
  [DEBUG] Found time inputs, filling start time...
  [DEBUG] Filling end time...
  [DEBUG] Verified times: start=20:30, end=22:15
  [DEBUG] Checking for errors/conflicts on booking form...
  [DEBUG] Found 7 time patterns on page
  Error: Not allowed to book
  [DEBUG] Error message: You are not allowed to create or modify events in the past
  [DEBUG] go_back() called
  [DEBUG] Booking form visible: True
  [DEBUG] Clicking back button...
  [DEBUG] Back on calendar (location-day found)
  [DEBUG] Attempt 13/15: B1.10 9.50-10.00 (duration: 0.50h)

============================================================
Trying: B1.10 at 09:30-10:00
============================================================
  [DEBUG] Click calculation: slot=9.50-10.00, center=9.75, click_pct=17.19%
  [DEBUG] Viewport: 1920x1080, scrollY=259
  [DEBUG] Day grid: left=400, width=1505, right=1905
  [DEBUG] Click target: x=659, y=540 (target time: 9.50-10.00)
  Clicking at (659, 540) for B1.10 (center)...
  [DEBUG] Looking for 'Student booking provisional' button...
  Found 'Student booking provisional' button
  [DEBUG] Setting times: 09:30 to 10:00
  [DEBUG] Found time inputs, filling start time...
  [DEBUG] Filling end time...
  [DEBUG] Verified times: start=09:30, end=10:00
  [DEBUG] Checking for errors/conflicts on booking form...
  [DEBUG] Found 7 time patterns on page
  Error: Not allowed to book
  [DEBUG] Error message: You are not allowed to create or modify events in the past
  [DEBUG] go_back() called
  [DEBUG] Booking form visible: True
  [DEBUG] Clicking back button...
  [DEBUG] Back on calendar (location-day found)
  [DEBUG] Attempt 14/15: B1.16 11.00-11.50 (duration: 0.50h)

============================================================
Trying: B1.16 at 11:00-11:30
============================================================
  [DEBUG] Click calculation: slot=11.00-11.50, center=11.25, click_pct=26.56%
  [DEBUG] Viewport: 1920x1080, scrollY=309
  [DEBUG] Day grid: left=400, width=1505, right=1905
  [DEBUG] Click target: x=800, y=650 (target time: 11.00-11.50)
  Clicking at (800, 650) for B1.16 (center)...
  [DEBUG] Looking for 'Student booking provisional' button...
  Found 'Student booking provisional' button
  [DEBUG] Setting times: 11:00 to 11:30
  [DEBUG] Found time inputs, filling start time...
  [DEBUG] Filling end time...
  [DEBUG] Verified times: start=11:00, end=11:30
  [DEBUG] Checking for errors/conflicts on booking form...
  [DEBUG] Found 7 time patterns on page
  [DEBUG] Looking for Save button...
  [DEBUG] Save button icon: 'remove_circle'
  Save disabled (icon: remove_circle)
  [DEBUG] Rejection reason: Unknown reason
  [DEBUG] go_back() called
  [DEBUG] Booking form visible: True
  [DEBUG] Clicking back button...
  [DEBUG] Back on calendar (location-day found)
  [DEBUG] Attempt 15/15: B0.14 11.00-11.50 (duration: 0.50h)

============================================================
Trying: B0.14 at 11:00-11:30
============================================================
  [DEBUG] Click calculation: slot=11.00-11.50, center=11.25, click_pct=26.56%
  [DEBUG] Viewport: 1920x1080, scrollY=0
  [DEBUG] Day grid: left=400, width=1505, right=1905
  [DEBUG] Click target: x=800, y=319 (target time: 11.00-11.50)
  Clicking at (800, 319) for B0.14 (center)...
  [DEBUG] Looking for 'Student booking provisional' button...
  Found 'Student booking provisional' button
  [DEBUG] Setting times: 11:00 to 11:30
  [DEBUG] Found time inputs, filling start time...
  [DEBUG] Filling end time...
  [DEBUG] Verified times: start=11:00, end=11:30
  [DEBUG] Checking for errors/conflicts on booking form...
  [DEBUG] Found 7 time patterns on page
  Error: Not allowed to book
  [DEBUG] Error message: You are not allowed to create or modify events in the past
  [DEBUG] go_back() called
  [DEBUG] Booking form visible: True
  [DEBUG] Clicking back button...
  [DEBUG] Back on calendar (location-day found)

  Day summary: 0 bookings made, 15 attempts total

############################################################
# DAY 2: 2026-02-18 (Wednesday)
############################################################
  [Smart redistribution] Current: 1.0h, Target: +2.5h, Max bookings: 1
  [DEBUG] Session stats: 0 bookings so far, peak for this day: 30/120min
  Navigating backward 1 day(s)...
  [DEBUG] Current URL: https://rwcmd.asimut.net/overview?locationGroupId=10...
  [DEBUG] Navigation complete, now on day 2
  [DEBUG] Slot scan time: 11:56:53
  Displayed date: Royal Welsh College of Music & Drama
  [DEBUG] Earliest slots for 7-day horizon rooms: {'B0.11': '19:15', 'B0.13': '07:30', 'B0.14': '07:30', 'B0.16': '07:30'}
  [DEBUG] Expected earliest (now - 7 days): ~11:56 on target date
  Found 49 potential slots
  [DEBUG] First 10 slots: [('B0.29', '10.00-11.00'), ('B0.13', '12.00-13.00'), ('B0.29', '17.00-18.00'), ('B1.10', '17.00-18.25'), ('B1.11', '18.75-20.50'), ('B1.07', '19.00-20.00'), ('B0.11', '19.25-22.25'), ('B1.08', '20.00-21.25'), ('B0.23', '9.50-10.00'), ('B1.18', '11.00-11.50')]
  [DEBUG] Peak quota for 2026-02-18: 30/120 min used, 90 min remaining
  [DEBUG] Known conflicts for this day: ['11.50-12.00', '14.00-16.00', '19.00-19.50', '19.50-21.50']
  [DEBUG] Slot adjustment: 6 conflict-removed, 0 removed, 8 adjusted, 0 peak-adjusted, 0 weekly-adjusted
  [DEBUG] Strict mode: Filtered out 31 non-preferred slots
  [DEBUG] Starting booking attempts. Max per day: 1, slots available: 12
  [DEBUG] Attempt 1/15: B0.29 10.00-11.00 (duration: 1.00h)

============================================================
Trying: B0.29 at 10:00-11:00
============================================================
  [DEBUG] Click calculation: slot=10.00-11.00, center=10.50, click_pct=21.88%
  [DEBUG] Viewport: 1920x1080, scrollY=19
  [DEBUG] Day grid: left=400, width=1505, right=1905
  [DEBUG] Click target: x=729, y=540 (target time: 10.00-11.00)
  Clicking at (729, 540) for B0.29 (center)...
  [DEBUG] Looking for 'Student booking provisional' button...
  Found 'Student booking provisional' button
  [DEBUG] Setting times: 10:00 to 11:00
  [DEBUG] Found time inputs, filling start time...
  [DEBUG] Filling end time...
  [DEBUG] Verified times: start=10:00, end=11:00
  [DEBUG] Checking for errors/conflicts on booking form...
  [DEBUG] Found 7 time patterns on page
  Error: Not allowed to book
  [DEBUG] Error message: You are not allowed to create or modify events in the past
  [DEBUG] go_back() called
  [DEBUG] Booking form visible: True
  [DEBUG] Clicking back button...
  [DEBUG] Back on calendar (location-day found)
  [DEBUG] Attempt 2/15: B0.13 12.00-13.00 (duration: 1.00h)

============================================================
Trying: B0.13 at 12:00-13:00
============================================================
  [DEBUG] Click calculation: slot=12.00-13.00, center=12.50, click_pct=34.38%
  [DEBUG] Viewport: 1920x1080, scrollY=0
  [DEBUG] Day grid: left=400, width=1505, right=1905
  [DEBUG] Click target: x=917, y=279 (target time: 12.00-13.00)
  Clicking at (917, 279) for B0.13 (center)...
  [DEBUG] Looking for 'Student booking provisional' button...
  Found 'Student booking provisional' button
  [DEBUG] Setting times: 12:00 to 13:00
  [DEBUG] WARNING: Time inputs not found! start=0, end=0
  [DEBUG] Checking for errors/conflicts on booking form...
  [DEBUG] Found 0 time patterns on page
  [DEBUG] Looking for Save button...
  [DEBUG] Save button not found: count=0, visible=N/A
  Save button not found
  [DEBUG] go_back() called
  [DEBUG] Booking form visible: True
  [DEBUG] Clicking back button...
  [DEBUG] Back on calendar (location-day found)
  [DEBUG] Attempt 3/15: B0.29 17.00-18.00 (duration: 1.00h)

============================================================
Trying: B0.29 at 17:00-18:00
============================================================
  [DEBUG] Click calculation: slot=17.00-18.00, center=17.50, click_pct=65.62%
  [DEBUG] Viewport: 1920x1080, scrollY=19
  [DEBUG] Day grid: left=400, width=1505, right=1905
  [DEBUG] Click target: x=1388, y=540 (target time: 17.00-18.00)
  Clicking at (1388, 540) for B0.29 (center)...
  [DEBUG] Looking for 'Student booking provisional' button...
  Found 'Student booking provisional' button
  [DEBUG] Setting times: 17:00 to 18:00
  [DEBUG] WARNING: Time inputs not found! start=0, end=0
  [DEBUG] Checking for errors/conflicts on booking form...
  [DEBUG] Found 0 time patterns on page
  [DEBUG] Looking for Save button...
  [DEBUG] Save button not found: count=0, visible=N/A
  Save button not found
  [DEBUG] go_back() called
  [DEBUG] Booking form visible: False
  [DEBUG] go_back exception: Page.wait_for_selector: Timeout 5000ms exceeded.
Call log:
  - waiting for locator(".location-day") to be visible

  Warning: go_back issue (Page.wait_for_selector: Timeout 5000ms exceeded.
Call log:
  - waiting for locator(".location-day") to be visible
), trying Escape + browser back...
  [DEBUG] Attempt 4/15: B1.10 17.00-18.25 (duration: 1.25h)

============================================================
Trying: B1.10 at 17:00-18:15
============================================================
  [DEBUG] Click calculation: slot=17.00-18.25, center=17.62, click_pct=66.41%
  [DEBUG] Viewport: 1920x1080, scrollY=259
  [DEBUG] Day grid: left=400, width=1505, right=1905
  [DEBUG] Click target: x=1399, y=540 (target time: 17.00-18.25)
  Clicking at (1399, 540) for B1.10 (center)...
  [DEBUG] Looking for 'Student booking provisional' button...
  Found 'Student booking provisional' button
  [DEBUG] Setting times: 17:00 to 18:15
  [DEBUG] Found time inputs, filling start time...
  [DEBUG] Filling end time...
  [DEBUG] Verified times: start=17:00, end=18:15
  [DEBUG] Checking for errors/conflicts on booking form...
  [DEBUG] Found 8 time patterns on page
  Error: Not allowed to book
  [DEBUG] Error message: You are not allowed to create or modify events in the past
  [DEBUG] go_back() called
  [DEBUG] Booking form visible: True
  [DEBUG] Clicking back button...
  [DEBUG] Back on calendar (location-day found)
  [DEBUG] Attempt 5/15: B0.23 9.50-10.00 (duration: 0.50h)

============================================================
Trying: B0.23 at 09:30-10:00
============================================================
  [DEBUG] Click calculation: slot=9.50-10.00, center=9.75, click_pct=17.19%
  [DEBUG] Viewport: 1920x1080, scrollY=0
  [DEBUG] Day grid: left=400, width=1505, right=1905
  [DEBUG] Click target: x=659, y=399 (target time: 9.50-10.00)
  Clicking at (659, 399) for B0.23 (center)...
  [DEBUG] Looking for 'Student booking provisional' button...
  Found 'Student booking provisional' button
  [DEBUG] Setting times: 09:30 to 10:00
  [DEBUG] Found time inputs, filling start time...
  [DEBUG] Filling end time...
  [DEBUG] Verified times: start=09:30, end=10:00
  [DEBUG] Checking for errors/conflicts on booking form...
  [DEBUG] Found 7 time patterns on page
  Error: Not allowed to book
  [DEBUG] Error message: You are not allowed to create or modify events in the past
  [DEBUG] go_back() called
  [DEBUG] Booking form visible: True
  [DEBUG] Clicking back button...
  [DEBUG] Back on calendar (location-day found)
  [DEBUG] Attempt 6/15: B1.18 11.00-11.50 (duration: 0.50h)

============================================================
Trying: B1.18 at 11:00-11:30
============================================================
  [DEBUG] Click calculation: slot=11.00-11.50, center=11.25, click_pct=26.56%
  [DEBUG] Viewport: 1920x1080, scrollY=309
  [DEBUG] Day grid: left=400, width=1505, right=1905
  [DEBUG] Click target: x=800, y=730 (target time: 11.00-11.50)
  Clicking at (800, 730) for B1.18 (center)...
  [DEBUG] Looking for 'Student booking provisional' button...
  Found 'Student booking provisional' button
  [DEBUG] Setting times: 11:00 to 11:30
  [DEBUG] WARNING: Time inputs not found! start=0, end=0
  [DEBUG] Checking for errors/conflicts on booking form...
  [DEBUG] Found 0 time patterns on page
  [DEBUG] Looking for Save button...
  [DEBUG] Save button not found: count=0, visible=N/A
  Save button not found
  [DEBUG] go_back() called
  [DEBUG] Booking form visible: False
  [DEBUG] go_back exception: Page.wait_for_selector: Timeout 5000ms exceeded.
Call log:
  - waiting for locator(".location-day") to be visible

  Warning: go_back issue (Page.wait_for_selector: Timeout 5000ms exceeded.
Call log:
  - waiting for locator(".location-day") to be visible
), trying Escape + browser back...
  [DEBUG] Attempt 7/15: B0.27 13.00-13.50 (duration: 0.50h)

============================================================
Trying: B0.27 at 13:00-13:30
============================================================
  [DEBUG] Click calculation: slot=13.00-13.50, center=13.25, click_pct=39.06%
  [DEBUG] Viewport: 1920x1080, scrollY=0
  [DEBUG] Day grid: left=400, width=1505, right=1905
  [DEBUG] Click target: x=988, y=479 (target time: 13.00-13.50)
  Clicking at (988, 479) for B0.27 (center)...
  [DEBUG] Looking for 'Student booking provisional' button...
  Found 'Student booking provisional' button
  [DEBUG] Setting times: 13:00 to 13:30
  [DEBUG] Found time inputs, filling start time...
  [DEBUG] Filling end time...
  [DEBUG] Verified times: start=13:00, end=13:30
  [DEBUG] Checking for errors/conflicts on booking form...
  [DEBUG] Found 7 time patterns on page
  Error: Not allowed to book
  [DEBUG] Error message: You are not allowed to create or modify events in the past
  [DEBUG] go_back() called
  [DEBUG] Booking form visible: True
  [DEBUG] Clicking back button...
  [DEBUG] Back on calendar (location-day found)
  [DEBUG] Attempt 8/15: B1.17 13.00-13.75 (duration: 0.75h)

============================================================
Trying: B1.17 at 13:00-13:45
============================================================
  [DEBUG] Click calculation: slot=13.00-13.75, center=13.38, click_pct=39.84%
  [DEBUG] Viewport: 1920x1080, scrollY=309
  [DEBUG] Day grid: left=400, width=1505, right=1905
  [DEBUG] Click target: x=1000, y=690 (target time: 13.00-13.75)
  Clicking at (1000, 690) for B1.17 (center)...
  [DEBUG] Looking for 'Student booking provisional' button...
  Found 'Student booking provisional' button
  [DEBUG] Setting times: 13:00 to 13:45
  [DEBUG] Found time inputs, filling start time...
  Error booking slot: Locator.click: Target page, context or browser has been closed
Call log:
  - waiting for locator("#startDate")
    - locator resolved to <input size="8" matinput="" id="startDate" autocomplete="off" aria-invalid="false" aria-required="false" aria-label="Start time" data-cy="time-range-start-time" _ngcontent-asimut-core-c3503075986="" class="mat-input-element mat-form-field-autofill-control input-element start cdk-text-field-autofill-monitored ng-star-inserted"/>
  - attempting click action
    - waiting for element to be visible, enabled and stable

  Browser was closed - exiting

  Day summary: 0 bookings made, 8 attempts total

############################################################
# DAY 1: 2026-02-17 (Tuesday)
############################################################
  [Smart redistribution] Current: 2.8h, Target: +0.8h, Max bookings: 1
  [DEBUG] Session stats: 0 bookings so far, peak for this day: 0/120min
  Navigating backward 1 day(s)...
    Arrow click failed: Keyboard.press: Target page, context or browser has been closed
Traceback (most recent call last):
  File "C:\Users\loxty\Desktop\Repos\AsimutBooker\book_week.py", line 4409, in <module>
    main()
    ~~~~^^
  File "C:\Users\loxty\Desktop\Repos\AsimutBooker\book_week.py", line 3953, in main
    page.wait_for_timeout(1000)
    ~~~~~~~~~~~~~~~~~~~~~^^^^^^
  File "C:\Users\loxty\AppData\Roaming\Python\Python313\site-packages\playwright\sync_api\_generated.py", line 11536, in wait_for_timeout
    self._sync(self._impl_obj.wait_for_timeout(timeout=timeout))
    ~~~~~~~~~~^^^^^^^^^^^^^^^^^^^^^^^^^^^^^^^^^^^^^^^^^^^^^^^^^^
  File "C:\Users\loxty\AppData\Roaming\Python\Python313\site-packages\playwright\_impl\_sync_base.py", line 115, in _sync
    return task.result()
           ~~~~~~~~~~~^^
  File "C:\Users\loxty\AppData\Roaming\Python\Python313\site-packages\playwright\_impl\_page.py", line 1101, in wait_for_timeout
    await self._main_frame.wait_for_timeout(timeout)
  File "C:\Users\loxty\AppData\Roaming\Python\Python313\site-packages\playwright\_impl\_frame.py", line 862, in wait_for_timeout
    await self._channel.send("waitForTimeout", None, {"waitTimeout": timeout})
  File "C:\Users\loxty\AppData\Roaming\Python\Python313\site-packages\playwright\_impl\_connection.py", line 69, in send
    return await self._connection.wrap_api_call(
           ^^^^^^^^^^^^^^^^^^^^^^^^^^^^^^^^^^^^^
    ...<3 lines>...
    )
    ^
  File "C:\Users\loxty\AppData\Roaming\Python\Python313\site-packages\playwright\_impl\_connection.py", line 559, in wrap_api_call
    raise rewrite_error(error, f"{parsed_st['apiName']}: {error}") from None
playwright._impl._errors.TargetClosedError: Page.wait_for_timeout: Target page, context or browser has been closed
============================================================ 
[16/02/2026 11:58:39.95] Booking run completed 
