[16/02/2026 12:43:02.26] Starting scheduled booking run... 
============================================================ 
============================================================
ASIMUT WEEK BOOKER
============================================================
Today: 2026-02-16
Booking for: 2026-02-16 to 2026-02-23
Mode: Visible browser
============================================================

============================================================
SCANNING MY AGENDA FOR EXISTING EVENTS
============================================================
  [DEBUG] Navigating to agenda page...
  [DEBUG] Agenda page loaded, URL: https://rwcmd.asimut.net/agenda...
  Scrolling until we reach 23 February 2026...
  [DEBUG] Found target date '23 February 2026' after 0 scrolls
  Final pass to capture all events (10 scrolls)...
  [DEBUG] Raw events extracted: 8

  Found 8 unique events in agenda (deduplicated from 8):
  [Tracker] Added reservation: 2026-02-16 20.00-22.00
  [R] 2026-02-16 (Monday): 20:00 - 22:00 in B1.07
  [Tracker] Added reservation: 2026-02-17 19.00-19.50
  [R] 2026-02-17 (Tuesday): 19:00 - 19:30 in B1.07
  [Tracker] Added reservation: 2026-02-17 20.00-20.50
  [R] 2026-02-17 (Tuesday): 20:00 - 20:30 in B1.20
  [Tracker] Added reservation: 2026-02-17 20.50-22.25
  [R] 2026-02-17 (Tuesday): 20:30 - 22:15 in B1.08
  [Tracker] Added reservation: 2026-02-18 11.50-12.00 (+30min peak)
  [R] 2026-02-18 (Wednesday): 11:30 - 12:00 in B0.16
  [Tracker] Added conflict: 2026-02-18 14.00-16.00
      2026-02-18 (Wednesday): 14:00 - 16:00 in B0.08
  [Tracker] Added reservation: 2026-02-18 19.00-19.50
  [R] 2026-02-18 (Wednesday): 19:00 - 19:30 in B0.14
  [Tracker] Added conflict: 2026-02-18 19.50-21.50
      2026-02-18 (Wednesday): 19:30 - 21:30

  Total events: 8 (6 reservations, 2 other)

  Rolling quota: 5.8/28 hours this week
  [OK] Can book 22.2 more hours
  Peak hours from existing reservations:
    2026-02-18: 30/120 min
============================================================

Navigating to practice rooms (AHC)...
  Currently showing: Unknown

  Disabled dates (will skip): ['2026-02-02', '2026-02-03', '2026-02-04', '2026-02-05', '2026-02-06', '2026-02-07', '2026-02-08', '2026-02-09']

  Time preferences: Prioritizing 09:00 - 21:00
  Strict mode: ON (only booking preferred times)

  Booking strategy: REVERSE ORDER (furthest dates first)

  Smart redistribution calculation:
    Enabled days: 8/8
    Remaining quota: 22.2h
    Ideal hours/day: 3.5h
    Current hours per day:
      2026-02-16 (Mon): 2.0h [needs +1.5h]
      2026-02-17 (Tue): 2.8h [needs +0.8h]
      2026-02-18 (Wed): 1.0h [needs +2.5h]
      2026-02-19 (Thu): 0.0h [needs +3.5h]
      2026-02-20 (Fri): 0.0h [needs +3.5h]
      2026-02-21 (Sat): 0.0h [needs +3.5h]
      2026-02-22 (Sun): 0.0h [needs +3.5h]
      2026-02-23 (Mon): 0.0h [needs +3.5h]

  Navigating to day 7 first (reverse order strategy)...

============================================================
CHECKING FOR HORIZON SNIPE OPPORTUNITIES (MULTI-DAY)
============================================================

  Scanning 3 horizon days for snipe candidates: [7, 5, 3]

    Scanning Day 7 (2026-02-23) for 7-day horizon rooms...
      No snipe candidates found for Day 7

    Scanning Day 5 (2026-02-21) for 5-day horizon rooms...
    Navigating backward 2 day(s) to Day 5...
      No snipe candidates found for Day 5

    Scanning Day 3 (2026-02-19) for 3-day horizon rooms...
    Navigating backward 2 day(s) to Day 3...
      No snipe candidates found for Day 3

  Total snipe candidates found: 0
  No snipe candidates found (no slots becoming bookable within 3 minutes)
============================================================

============================================================
READY - Waiting for target time: 12:45
============================================================
Current time: 12:43:41
Seconds to wait: 78
  T-70s...
  T-60s...
  T-50s...
  T-40s...
  T-30s...
  T-20s...
  T-10s...
  T-0s...

>>> TARGET TIME REACHED: 12:45:00 <<<
============================================================


============================================================
REFRESHING PAGE FOR UPDATED SLOT AVAILABILITY
============================================================
  [DEBUG] Pre-refresh time: 12:45:00.226
  [DEBUG] Current URL: https://rwcmd.asimut.net/overview?locationGroupId=10...
  [DEBUG] Calendar position before refresh: day 3
  [DEBUG] Post-refresh time: 12:45:02.896
  [DEBUG] Refresh took: 2.67s
  [DEBUG] Post-refresh URL: https://rwcmd.asimut.net/overview?locationGroupId=10...
  [DEBUG] Calendar position after refresh: day 3 (unchanged)
  [DEBUG] Could not extract slot times
============================================================

############################################################
# DAY 7: 2026-02-23 (Monday)
############################################################
  [Smart redistribution] Current: 0.0h, Target: +3.5h, Max bookings: 2
  [DEBUG] Session stats: 0 bookings so far, peak for this day: 0/120min
  Navigating forward 4 day(s)...
  [DEBUG] Current URL: https://rwcmd.asimut.net/overview?locationGroupId=10...
  [DEBUG] Navigation complete, now on day 7
  [DEBUG] Slot scan time: 12:45:11
  Displayed date: Royal Welsh College of Music & Drama
  [DEBUG] Earliest slots for 7-day horizon rooms: {'B0.11': '07:30', 'B0.13': '07:30', 'B0.14': '07:30', 'B0.16': '07:30'}
  [DEBUG] Expected earliest (now - 7 days): ~12:45 on target date
  [DEBUG] Rooms skipped (not yet available): B0.11 (Available in 7.7h (horizon: 7d)), B0.13 (Available in 9.0h (horizon: 7d)), B0.14 (Available in 44min (horizon: 7d)), B0.23 (Available in 2.2d (horizon: 5d)), B0.27 (Available in 1.8d (horizon: 5d)), B0.29 (Available in 1.8d (horizon: 5d)), B1.06 (Available in 1.8d (horizon: 5d)), B1.07 (Available in 1.8d (horizon: 5d)), B1.08 (Available in 1.8d (horizon: 5d)), B1.09 (Available in 3.8d (horizon: 3d)), B1.10 (Available in 1.8d (horizon: 5d)), B1.11 (Available in 1.8d (horizon: 5d)), B1.14 (Available in 1.8d (horizon: 5d)), B1.15 (Available in 1.8d (horizon: 5d)), B1.16 (Available in 3.8d (horizon: 3d)), B1.17 (Available in 1.8d (horizon: 5d)), B1.18 (Available in 1.8d (horizon: 5d)), B1.19 (Available in 1.8d (horizon: 5d)), B1.20 (Available in 1.8d (horizon: 5d)), B1.21 (Available in 1.8d (horizon: 5d))
  Found 4 potential slots
  [DEBUG] First 10 slots: [('B0.11', '7.50-8.50'), ('B0.13', '7.50-9.50'), ('B0.14', '7.50-9.50'), ('B0.16', '7.50-9.50')]
  [DEBUG] Peak quota for 2026-02-23: 0/120 min used, 120 min remaining
  [DEBUG] Strict mode: Filtered out 4 non-preferred slots
  [DEBUG] Starting booking attempts. Max per day: 2, slots available: 0
  [DEBUG] No more valid slots (all_slots=0, conflicts filtered all)
  No more valid slots available

  Day summary: 0 bookings made, 0 attempts total

############################################################
# DAY 6: 2026-02-22 (Sunday)
############################################################
  [Smart redistribution] Current: 0.0h, Target: +3.5h, Max bookings: 2
  [DEBUG] Session stats: 0 bookings so far, peak for this day: 0/120min
  Navigating backward 1 day(s)...
  [DEBUG] Current URL: https://rwcmd.asimut.net/overview?locationGroupId=10...
  [DEBUG] Navigation complete, now on day 6
  [DEBUG] Slot scan time: 12:45:14
  Displayed date: Royal Welsh College of Music & Drama
  [DEBUG] Earliest slots for 7-day horizon rooms: {'B0.11': '07:30', 'B0.13': '07:30', 'B0.14': '07:30', 'B0.16': '07:30'}
  [DEBUG] Expected earliest (now - 7 days): ~12:45 on target date
  [DEBUG] Rooms skipped (not yet available): B0.23 (Available in 18.7h (horizon: 5d)), B0.27 (Available in 1.3d (horizon: 5d)), B0.29 (Available in 18.7h (horizon: 5d)), B1.06 (Available in 18.7h (horizon: 5d)), B1.07 (Available in 18.7h (horizon: 5d)), B1.08 (Available in 18.7h (horizon: 5d)), B1.09 (Available in 2.8d (horizon: 3d)), B1.10 (Available in 1.1d (horizon: 5d)), B1.11 (Available in 18.7h (horizon: 5d)), B1.14 (Available in 18.7h (horizon: 5d)), B1.15 (Available in 18.7h (horizon: 5d)), B1.16 (Available in 2.8d (horizon: 3d)), B1.17 (Available in 18.7h (horizon: 5d)), B1.18 (Available in 18.7h (horizon: 5d)), B1.19 (Available in 18.7h (horizon: 5d)), B1.20 (Available in 18.7h (horizon: 5d)), B1.21 (Available in 18.7h (horizon: 5d))
  Found 8 potential slots
  [DEBUG] First 10 slots: [('B0.11', '7.50-9.25'), ('B0.13', '7.50-8.50'), ('B0.16', '7.50-10.50'), ('B0.14', '21.00-22.25'), ('B0.11', '21.25-22.25'), ('B0.16', '21.25-22.25'), ('B0.14', '7.50-8.00'), ('B0.13', '21.50-22.25')]
  [DEBUG] Peak quota for 2026-02-22: 0/120 min used, 9999 min remaining
  [DEBUG] Strict mode: Filtered out 8 non-preferred slots
  [DEBUG] Starting booking attempts. Max per day: 2, slots available: 0
  [DEBUG] No more valid slots (all_slots=0, conflicts filtered all)
  No more valid slots available

  Day summary: 0 bookings made, 0 attempts total

############################################################
# DAY 5: 2026-02-21 (Saturday)
############################################################
  [Smart redistribution] Current: 0.0h, Target: +3.5h, Max bookings: 2
  [DEBUG] Session stats: 0 bookings so far, peak for this day: 0/120min
  Navigating backward 1 day(s)...
  [DEBUG] Current URL: https://rwcmd.asimut.net/overview?locationGroupId=10...
  [DEBUG] Navigation complete, now on day 5
  [DEBUG] Slot scan time: 12:45:17
  Displayed date: Royal Welsh College of Music & Drama
  [DEBUG] Earliest slots for 7-day horizon rooms: {'B0.11': '07:30', 'B0.13': '07:30', 'B0.14': '20:00', 'B0.16': '07:30'}
  [DEBUG] Expected earliest (now - 7 days): ~12:45 on target date
  [DEBUG] Rooms skipped (not yet available): B0.23 (Available in 3.2h (horizon: 5d)), B0.27 (Available in 7.2h (horizon: 5d)), B1.06 (Available in 6.7h (horizon: 5d)), B1.07 (Available in 7.2h (horizon: 5d)), B1.08 (Available in 6.7h (horizon: 5d)), B1.09 (Available in 1.8d (horizon: 3d)), B1.10 (Available in 6.2h (horizon: 5d)), B1.11 (Available in 6.2h (horizon: 5d)), B1.14 (Available in 7.2h (horizon: 5d)), B1.15 (Available in 7.2h (horizon: 5d)), B1.16 (Available in 1.8d (horizon: 3d)), B1.18 (Available in 5.7h (horizon: 5d)), B1.19 (Available in 8.2h (horizon: 5d)), B1.20 (Available in 5.2h (horizon: 5d)), B1.21 (Available in 8.7h (horizon: 5d))
  Found 22 potential slots
  [DEBUG] First 10 slots: [('B0.14', '20.00-22.25'), ('B0.16', '20.00-22.25'), ('B0.13', '19.50-20.00'), ('B0.29', '7.50-9.00'), ('B1.17', '7.50-9.00'), ('B1.20', '7.50-9.00'), ('B1.19', '7.50-9.00'), ('B1.06', '7.50-9.00'), ('B1.07', '7.50-9.00'), ('B1.10', '7.50-9.25')]
  [DEBUG] Peak quota for 2026-02-21: 0/120 min used, 9999 min remaining
  [DEBUG] Strict mode: Filtered out 19 non-preferred slots
  [DEBUG] Starting booking attempts. Max per day: 2, slots available: 3
  [DEBUG] Attempt 1/15: B0.14 20.00-22.25 (duration: 2.25h)

============================================================
Trying: B0.14 at 20:00-22:00
============================================================
  [DEBUG] Click calculation: slot=20.00-22.00, center=21.00, click_pct=87.50%
  [DEBUG] Viewport: 1920x1080, scrollY=0
  [DEBUG] Day grid: left=400, width=1505, right=1905
  [DEBUG] Click target: x=1717, y=319 (target time: 20.00-22.00)
  Clicking at (1717, 319) for B0.14 (center)...
  [DEBUG] Got tooltip instead of menu: 21:00 in B0.14 (Practice: Grand Piano)...
  Clicking at (1732, 324) for B0.14 (offset right-bottom)...
  [DEBUG] No popup at offset right-bottom position
  Clicking at (1702, 314) for B0.14 (offset left-top)...
  [DEBUG] Got tooltip instead of menu: 20:45 in B0.14 (Practice: Grand Piano)...
  No booking popup found after trying multiple click positions - skipping
  [DEBUG] Attempt 2/15: B0.16 20.00-22.25 (duration: 2.25h)

============================================================
Trying: B0.16 at 20:00-22:00
============================================================
  [DEBUG] Click calculation: slot=20.00-22.00, center=21.00, click_pct=87.50%
  [DEBUG] Viewport: 1920x1080, scrollY=0
  [DEBUG] Day grid: left=400, width=1505, right=1905
  [DEBUG] Click target: x=1717, y=359 (target time: 20.00-22.00)
  Clicking at (1717, 359) for B0.16 (center)...
  [DEBUG] No popup at center position
  Clicking at (1732, 364) for B0.16 (offset right-bottom)...
  [DEBUG] Got tooltip instead of menu: 21:15 in B0.16 (Practice: Grand Piano)...
  Clicking at (1702, 354) for B0.16 (offset left-top)...
  [DEBUG] Click navigated directly to booking form
  [DEBUG] Click navigated directly to booking form
  [DEBUG] Setting times: 20:00 to 22:00
  [DEBUG] Found time inputs, filling start time...
  [DEBUG] Filling end time...
  [DEBUG] Verified times: start=20:00, end=22:00
  [DEBUG] Checking for errors/conflicts on booking form...
  [DEBUG] Found 8 time patterns on page
  Error: Conflicts with existing booking
  [DEBUG] go_back() called
  [DEBUG] Booking form visible: True
  [DEBUG] Clicking back button...
  [DEBUG] Back on calendar (location-day found)
  [DEBUG] Attempt 3/15: B0.13 19.50-20.00 (duration: 0.50h)

============================================================
Trying: B0.13 at 19:30-20:00
============================================================
  [DEBUG] Click calculation: slot=19.50-20.00, center=19.75, click_pct=79.69%
  [DEBUG] Viewport: 1920x1080, scrollY=0
  [DEBUG] Day grid: left=400, width=1505, right=1905
  [DEBUG] Click target: x=1599, y=279 (target time: 19.50-20.00)
  Clicking at (1599, 279) for B0.13 (center)...
  [DEBUG] Got tooltip instead of menu: 19:45 in B0.13 (Practice: Grand Piano)...
  Clicking at (1614, 284) for B0.13 (offset right-bottom)...
  [DEBUG] No popup at offset right-bottom position
  Clicking at (1584, 274) for B0.13 (offset left-top)...
  [DEBUG] Got tooltip instead of menu: 19:30 in B0.13 (Practice: Grand Piano)...
  No booking popup found after trying multiple click positions - skipping
  [DEBUG] No more valid slots (all_slots=0, conflicts filtered all)
  No more valid slots available

  Day summary: 0 bookings made, 3 attempts total

############################################################
# DAY 4: 2026-02-20 (Friday)
############################################################
  [Smart redistribution] Current: 0.0h, Target: +3.5h, Max bookings: 2
  [DEBUG] Session stats: 0 bookings so far, peak for this day: 0/120min
  Navigating backward 1 day(s)...
  [DEBUG] Current URL: https://rwcmd.asimut.net/overview?locationGroupId=10...
  [DEBUG] Navigation complete, now on day 4
  [DEBUG] Slot scan time: 12:45:51
  Displayed date: Royal Welsh College of Music & Drama
  [DEBUG] Earliest slots for 7-day horizon rooms: {'B0.11': '07:30', 'B0.13': '07:30', 'B0.14': '20:00', 'B0.16': '07:30'}
  [DEBUG] Expected earliest (now - 7 days): ~12:45 on target date
  [DEBUG] Rooms skipped (not yet available): B1.09 (Available in 18.7h (horizon: 3d)), B1.16 (Available in 18.7h (horizon: 3d))
  Found 36 potential slots
  [DEBUG] First 10 slots: [('B0.23', '16.00-22.25'), ('B1.18', '18.50-22.25'), ('B1.10', '19.00-22.25'), ('B1.11', '19.00-22.25'), ('B1.06', '19.50-22.25'), ('B1.08', '19.50-22.25'), ('B0.14', '20.00-22.25'), ('B0.27', '20.00-22.25'), ('B1.14', '20.00-22.25'), ('B0.16', '20.00-22.25')]
  [DEBUG] Peak quota for 2026-02-20: 0/120 min used, 120 min remaining
  [DEBUG] Strict mode: Filtered out 21 non-preferred slots
  [DEBUG] Starting booking attempts. Max per day: 2, slots available: 15
  [DEBUG] Attempt 1/15: B0.23 16.00-22.25 (duration: 6.25h)

============================================================
Trying: B0.23 at 16:00-18:00
============================================================
  [DEBUG] Click calculation: slot=16.00-18.00, center=17.00, click_pct=62.50%
  [DEBUG] Viewport: 1920x1080, scrollY=0
  [DEBUG] Day grid: left=400, width=1505, right=1905
  [DEBUG] Click target: x=1341, y=399 (target time: 16.00-18.00)
  Clicking at (1341, 399) for B0.23 (center)...
  [DEBUG] Got tooltip instead of menu: 17:00 in B0.23 (Practice: Upright Piano)...
  Clicking at (1356, 404) for B0.23 (offset right-bottom)...
  [DEBUG] No popup at offset right-bottom position
  Clicking at (1326, 394) for B0.23 (offset left-top)...
  [DEBUG] Got tooltip instead of menu: 16:45 in B0.23 (Practice: Upright Piano)...
  No booking popup found after trying multiple click positions - skipping
  [DEBUG] Attempt 2/15: B1.18 18.50-22.25 (duration: 3.75h)

============================================================
Trying: B1.18 at 18:30-20:30
============================================================
  [DEBUG] Click calculation: slot=18.50-20.50, center=19.50, click_pct=78.12%
  [DEBUG] Viewport: 1920x1080, scrollY=309
  [DEBUG] Day grid: left=400, width=1505, right=1905
  [DEBUG] Click target: x=1576, y=730 (target time: 18.50-20.50)
  Clicking at (1576, 730) for B1.18 (center)...
  [DEBUG] No popup at center position
  Clicking at (1591, 735) for B1.18 (offset right-bottom)...
  [DEBUG] Got tooltip instead of menu: 19:45 in B1.18 (Practice: Grand Piano)...
  Clicking at (1561, 725) for B1.18 (offset left-top)...
  [DEBUG] Got tooltip instead of menu: 19:45 in B1.18 (Practice: Grand Piano)...
  No booking popup found after trying multiple click positions - skipping
  [DEBUG] Attempt 3/15: B1.10 19.00-22.25 (duration: 3.25h)

============================================================
Trying: B1.10 at 19:00-21:00
============================================================
  [DEBUG] Click calculation: slot=19.00-21.00, center=20.00, click_pct=81.25%
  [DEBUG] Viewport: 1920x1080, scrollY=259
  [DEBUG] Day grid: left=400, width=1505, right=1905
  [DEBUG] Click target: x=1623, y=540 (target time: 19.00-21.00)
  Clicking at (1623, 540) for B1.10 (center)...
  [DEBUG] No popup at center position
  Clicking at (1638, 545) for B1.10 (offset right-bottom)...
  [DEBUG] Got tooltip instead of menu: 20:15 in B1.10 (Practice: Upright Piano)...
  Clicking at (1608, 535) for B1.10 (offset left-top)...
  [DEBUG] Got tooltip instead of menu: 20:15 in B1.10 (Practice: Upright Piano)...
  No booking popup found after trying multiple click positions - skipping
  [DEBUG] Attempt 4/15: B1.11 19.00-22.25 (duration: 3.25h)

============================================================
Trying: B1.11 at 19:00-21:00
============================================================
  [DEBUG] Click calculation: slot=19.00-21.00, center=20.00, click_pct=81.25%
  [DEBUG] Viewport: 1920x1080, scrollY=299
  [DEBUG] Day grid: left=400, width=1505, right=1905
  [DEBUG] Click target: x=1623, y=540 (target time: 19.00-21.00)
  Clicking at (1623, 540) for B1.11 (center)...
  [DEBUG] Got tooltip instead of menu: 20:15 in B1.10 (Practice: Upright Piano)...
  Clicking at (1638, 545) for B1.11 (offset right-bottom)...
  [DEBUG] Looking for 'Student booking provisional' button...
  Found 'Student booking provisional' button
  [DEBUG] Setting times: 19:00 to 21:00
  [DEBUG] Found time inputs, filling start time...
  [DEBUG] Filling end time...
  [DEBUG] Verified times: start=19:00, end=21:00
  [DEBUG] Checking for errors/conflicts on booking form...
  [DEBUG] Found 9 time patterns on page
  Error: Conflicts with existing booking
  [Tracker] Added conflict: 2026-02-20 19.00-19.50
  [DEBUG] go_back() called
  [DEBUG] Booking form visible: True
  [DEBUG] Clicking back button...
  [DEBUG] Back on calendar (location-day found)
  [DEBUG] Attempt 5/15: B1.06 19.50-22.25 (duration: 2.75h)

============================================================
Trying: B1.06 at 19:30-21:30
============================================================
  [DEBUG] Click calculation: slot=19.50-21.50, center=20.50, click_pct=84.38%
  [DEBUG] Viewport: 1920x1080, scrollY=99
  [DEBUG] Day grid: left=400, width=1505, right=1905
  [DEBUG] Click target: x=1670, y=540 (target time: 19.50-21.50)
  Clicking at (1670, 540) for B1.06 (center)...
  [DEBUG] Got tooltip instead of menu: 20:30 in B1.06 (Practice: Upright Piano)...
  Clicking at (1685, 545) for B1.06 (offset right-bottom)...
  [DEBUG] No popup at offset right-bottom position
  Clicking at (1655, 535) for B1.06 (offset left-top)...
  [DEBUG] Got tooltip instead of menu: 20:15 in B1.06 (Practice: Upright Piano)...
  No booking popup found after trying multiple click positions - skipping
  [DEBUG] Attempt 6/15: B1.08 19.50-22.25 (duration: 2.75h)

============================================================
Trying: B1.08 at 19:30-21:30
============================================================
  [DEBUG] Click calculation: slot=19.50-21.50, center=20.50, click_pct=84.38%
  [DEBUG] Viewport: 1920x1080, scrollY=179
  [DEBUG] Day grid: left=400, width=1505, right=1905
  [DEBUG] Click target: x=1670, y=540 (target time: 19.50-21.50)
  Clicking at (1670, 540) for B1.08 (center)...
  [DEBUG] No popup at center position
  Clicking at (1685, 545) for B1.08 (offset right-bottom)...
  [DEBUG] Got tooltip instead of menu: 20:45 in B1.08 (Practice: Upright Piano)...
  Clicking at (1655, 535) for B1.08 (offset left-top)...
  [DEBUG] Click navigated directly to booking form
  [DEBUG] Click navigated directly to booking form
  [DEBUG] Setting times: 19:30 to 21:30
  [DEBUG] Found time inputs, filling start time...
  [DEBUG] Filling end time...
  [DEBUG] Verified times: start=19:30, end=21:30
  [DEBUG] Checking for errors/conflicts on booking form...
  [DEBUG] Found 8 time patterns on page
  Error: Conflicts with existing booking
  [DEBUG] go_back() called
  [DEBUG] Booking form visible: True
  [DEBUG] Clicking back button...
  [DEBUG] Back on calendar (location-day found)
  [DEBUG] Attempt 7/15: B0.14 20.00-22.25 (duration: 2.25h)

============================================================
Trying: B0.14 at 20:00-22:00
============================================================
  [DEBUG] Click calculation: slot=20.00-22.00, center=21.00, click_pct=87.50%
  [DEBUG] Viewport: 1920x1080, scrollY=0
  [DEBUG] Day grid: left=400, width=1505, right=1905
  [DEBUG] Click target: x=1717, y=319 (target time: 20.00-22.00)
  Clicking at (1717, 319) for B0.14 (center)...
  [DEBUG] Got tooltip instead of menu: 21:00 in B0.14 (Practice: Grand Piano)...
  Clicking at (1732, 324) for B0.14 (offset right-bottom)...
  [DEBUG] No popup at offset right-bottom position
  Clicking at (1702, 314) for B0.14 (offset left-top)...
  [DEBUG] Got tooltip instead of menu: 20:45 in B0.14 (Practice: Grand Piano)...
  No booking popup found after trying multiple click positions - skipping
  [DEBUG] Attempt 8/15: B0.27 20.00-22.25 (duration: 2.25h)

============================================================
Trying: B0.27 at 20:00-22:00
============================================================
  [DEBUG] Click calculation: slot=20.00-22.00, center=21.00, click_pct=87.50%
  [DEBUG] Viewport: 1920x1080, scrollY=0
  [DEBUG] Day grid: left=400, width=1505, right=1905
  [DEBUG] Click target: x=1717, y=479 (target time: 20.00-22.00)
  Clicking at (1717, 479) for B0.27 (center)...
  [DEBUG] No popup at center position
  Clicking at (1732, 484) for B0.27 (offset right-bottom)...
  [DEBUG] Got tooltip instead of menu: 21:15 in B0.27 (Practice: Grand Piano)...
  Clicking at (1702, 474) for B0.27 (offset left-top)...
  [DEBUG] Click navigated directly to booking form
  [DEBUG] Click navigated directly to booking form
  [DEBUG] Setting times: 20:00 to 22:00
  [DEBUG] Found time inputs, filling start time...
  [DEBUG] Filling end time...
  [DEBUG] Verified times: start=20:00, end=22:00
  [DEBUG] Checking for errors/conflicts on booking form...
  [DEBUG] Found 8 time patterns on page
  Error: Conflicts with existing booking
  [DEBUG] go_back() called
  [DEBUG] Booking form visible: True
  [DEBUG] Clicking back button...
  [DEBUG] Back on calendar (location-day found)
  [DEBUG] Attempt 9/15: B1.14 20.00-22.25 (duration: 2.25h)

============================================================
Trying: B1.14 at 20:00-22:00
============================================================
  [DEBUG] Click calculation: slot=20.00-22.00, center=21.00, click_pct=87.50%
  [DEBUG] Viewport: 1920x1080, scrollY=309
  [DEBUG] Day grid: left=400, width=1505, right=1905
  [DEBUG] Click target: x=1717, y=570 (target time: 20.00-22.00)
  Clicking at (1717, 570) for B1.14 (center)...
  [DEBUG] Got tooltip instead of menu: 21:00 in B1.14 (Practice: Grand Piano)...
  Clicking at (1732, 575) for B1.14 (offset right-bottom)...
  [DEBUG] No popup at offset right-bottom position
  Clicking at (1702, 565) for B1.14 (offset left-top)...
  [DEBUG] Got tooltip instead of menu: 20:45 in B1.14 (Practice: Grand Piano)...
  No booking popup found after trying multiple click positions - skipping
  [DEBUG] Attempt 10/15: B0.16 20.00-22.25 (duration: 2.25h)

============================================================
Trying: B0.16 at 20:00-22:00
============================================================
  [DEBUG] Click calculation: slot=20.00-22.00, center=21.00, click_pct=87.50%
  [DEBUG] Viewport: 1920x1080, scrollY=0
  [DEBUG] Day grid: left=400, width=1505, right=1905
  [DEBUG] Click target: x=1717, y=359 (target time: 20.00-22.00)
  Clicking at (1717, 359) for B0.16 (center)...
  [DEBUG] No popup at center position
  Clicking at (1732, 364) for B0.16 (offset right-bottom)...
  [DEBUG] Got tooltip instead of menu: 21:15 in B0.16 (Practice: Grand Piano)...
  Clicking at (1702, 354) for B0.16 (offset left-top)...
  [DEBUG] Looking for 'Student booking provisional' button...
  Found 'Student booking provisional' button
  [DEBUG] Setting times: 20:00 to 22:00
  [DEBUG] Found time inputs, filling start time...
  [DEBUG] Filling end time...
  [DEBUG] Verified times: start=20:00, end=22:00
  [DEBUG] Checking for errors/conflicts on booking form...
  [DEBUG] Found 8 time patterns on page
  Error: Conflicts with existing booking
  [DEBUG] go_back() called
  [DEBUG] Booking form visible: True
  [DEBUG] Clicking back button...
  [DEBUG] Back on calendar (location-day found)
  [DEBUG] Attempt 11/15: B1.20 20.00-22.25 (duration: 2.25h)

============================================================
Trying: B1.20 at 20:00-22:00
============================================================
  [DEBUG] Click calculation: slot=20.00-22.00, center=21.00, click_pct=87.50%
  [DEBUG] Viewport: 1920x1080, scrollY=309
  [DEBUG] Day grid: left=400, width=1505, right=1905
  [DEBUG] Click target: x=1717, y=810 (target time: 20.00-22.00)
  Clicking at (1717, 810) for B1.20 (center)...
  [DEBUG] Got tooltip instead of menu: 21:00 in B1.20 (Practice: Grand Piano)...
  Clicking at (1732, 815) for B1.20 (offset right-bottom)...
  [DEBUG] No popup at offset right-bottom position
  Clicking at (1702, 805) for B1.20 (offset left-top)...
  [DEBUG] Got tooltip instead of menu: 20:45 in B1.20 (Practice: Grand Piano)...
  No booking popup found after trying multiple click positions - skipping
  [DEBUG] Attempt 12/15: B1.07 20.00-22.25 (duration: 2.25h)

============================================================
Trying: B1.07 at 20:00-22:00
============================================================
  [DEBUG] Click calculation: slot=20.00-22.00, center=21.00, click_pct=87.50%
  [DEBUG] Viewport: 1920x1080, scrollY=139
  [DEBUG] Day grid: left=400, width=1505, right=1905
  [DEBUG] Click target: x=1717, y=540 (target time: 20.00-22.00)
  Clicking at (1717, 540) for B1.07 (center)...
  [DEBUG] No popup at center position
  Clicking at (1732, 545) for B1.07 (offset right-bottom)...
  [DEBUG] Got tooltip instead of menu: 21:15 in B1.07 (Practice: Upright Piano)...
  Clicking at (1702, 535) for B1.07 (offset left-top)...
  [DEBUG] Looking for 'Student booking provisional' button...
  Found 'Student booking provisional' button
  [DEBUG] Setting times: 20:00 to 22:00
  [DEBUG] Found time inputs, filling start time...
  [DEBUG] Filling end time...
  [DEBUG] Verified times: start=20:00, end=22:00
  [DEBUG] Checking for errors/conflicts on booking form...
  [DEBUG] Found 7 time patterns on page
  [DEBUG] Looking for Save button...
  [DEBUG] Save button icon: 'check'
  [DEBUG] Save button at: x=350, y=653
  Clicking Save...
  [DEBUG] After save - form visible: N/A, URL: https://rwcmd.asimut.net/arrangement?eventId=34208...
  [Tracker] Added booking: B1.07 2026-02-20 20.00-22.00
  [Tracker] Total bookings: 1, Day hours: 2.0h, Peak: 0/120 min
  SUCCESS: Booked B1.07 20:00-22:00
  [DEBUG] Booking successful! Day total: 1, session total: 1
  [DEBUG] Navigating back to calendar...
  [DEBUG] go_back() called
  [DEBUG] Booking form visible: False
  [DEBUG] go_back exception: Page.wait_for_selector: Timeout 5000ms exceeded.
Call log:
  - waiting for locator(".location-day") to be visible

  Warning: go_back issue (Page.wait_for_selector: Timeout 5000ms exceeded.
Call log:
  - waiting for locator(".location-day") to be visible
), trying Escape + browser back...
  [DEBUG] Refreshing slot data after successful booking...
  [DEBUG] Raw slots from page: 61 (from 29 rooms)
  [DEBUG] Updated peak quota for 2026-02-20: 120 min remaining
  [DEBUG] Rebuilt slot list: 2 slots remaining
  [DEBUG] Attempt 13/15: B1.20 18.00-18.50 (duration: 0.50h)

============================================================
Trying: B1.20 at 18:00-18:30
============================================================
  [DEBUG] Click calculation: slot=18.00-18.50, center=18.25, click_pct=70.31%
  [DEBUG] Viewport: 1920x1080, scrollY=309
  [DEBUG] Day grid: left=400, width=1505, right=1905
  [DEBUG] Click target: x=1458, y=810 (target time: 18.00-18.50)
  Clicking at (1458, 810) for B1.20 (center)...
  [DEBUG] Got tooltip instead of menu: 18:15 in B1.20 (Practice: Grand Piano)...
  Clicking at (1473, 815) for B1.20 (offset right-bottom)...
  [DEBUG] No popup at offset right-bottom position
  Clicking at (1443, 805) for B1.20 (offset left-top)...
  [DEBUG] Got tooltip instead of menu: 18:00 in B1.20 (Practice: Grand Piano)...
  No booking popup found after trying multiple click positions - skipping
  [DEBUG] Attempt 14/15: B0.13 19.50-20.00 (duration: 0.50h)

============================================================
Trying: B0.13 at 19:30-20:00
============================================================
  [DEBUG] Click calculation: slot=19.50-20.00, center=19.75, click_pct=79.69%
  [DEBUG] Viewport: 1920x1080, scrollY=0
  [DEBUG] Day grid: left=400, width=1505, right=1905
  [DEBUG] Click target: x=1599, y=279 (target time: 19.50-20.00)
  Clicking at (1599, 279) for B0.13 (center)...
  [DEBUG] No popup at center position
  Clicking at (1614, 284) for B0.13 (offset right-bottom)...
  [DEBUG] Got tooltip instead of menu: 20:00 in B0.13 (Practice: Grand Piano)...
  Clicking at (1584, 274) for B0.13 (offset left-top)...
  [DEBUG] Click navigated directly to booking form
  [DEBUG] Click navigated directly to booking form
  [DEBUG] Setting times: 19:30 to 20:00
  [DEBUG] Found time inputs, filling start time...
  [DEBUG] Filling end time...
  [DEBUG] Verified times: start=19:30, end=20:00
  [DEBUG] Checking for errors/conflicts on booking form...
  [DEBUG] Found 9 time patterns on page
  Error: Conflicts with existing booking
  [Tracker] Added conflict: 2026-02-20 20.00-22.00
  [DEBUG] go_back() called
  [DEBUG] Booking form visible: True
  [DEBUG] Clicking back button...
  [DEBUG] go_back exception: Locator.click: Timeout 30000ms exceeded.
Call log:
  - waiting for locator("button[aria-label='Back to previous page']").first
    - locator resolved to <button type="button" mat-icon-button="" aria-label="Back to previous page" _ngcontent-asimut-core-c3698263582="" class="mat-focus-indicator mat-icon-button mat-button-base ng-star-inserted">…</button>
  - attempting click action
    2 × waiting for element to be visible, enabled and stable
      - element is visible, enabled and stable
      - scrolling into view if needed
      - done scrolling
      - <div class="cdk-overlay-backdrop cdk-overlay-dark-backdrop cdk-overlay-backdrop-showing"></div> from <div class="cdk-overlay-container">…</div> subtree intercepts pointer events
    - retrying click action
    - waiting 20ms
    2 × waiting for element to be visible, enabled and stable
      - element is visible, enabled and stable
      - scrolling into view if needed
      - done scrolling
      - <div class="cdk-overlay-backdrop cdk-overlay-dark-backdrop cdk-overlay-backdrop-showing"></div> from <div class="cdk-overlay-container">…</div> subtree intercepts pointer events
    - retrying click action
      - waiting 100ms
    11 × waiting for element to be visible, enabled and stable
       - element is visible, enabled and stable
       - scrolling into view if needed
       - done scrolling
       - <div class="cdk-overlay-backdrop cdk-overlay-dark-backdrop cdk-overlay-backdrop-showing"></div> from <div class="cdk-overlay-container">…</div> subtree intercepts pointer events
     - retrying click action
       - waiting 500ms
    - waiting for element to be visible, enabled and stable

  Warning: go_back issue (Locator.click: Timeout 30000ms exceeded.
Call log:
  - waiting for locator("button[aria-label='Back to previous page']").first
    - locator resolved to <button type="button" mat-icon-button="" aria-label="Back to previous page" _ngcontent-asimut-core-c3698263582="" class="mat-focus-indicator mat-icon-button mat-button-base ng-star-inserted">…</button>
  - attempting click action
    2 × waiting for element to be visible, enabled and stable
      - element is visible, enabled and stable
      - scrolling into view if needed
      - done scrolling
      - <div class="cdk-overlay-backdrop cdk-overlay-dark-backdrop cdk-overlay-backdrop-showing"></div> from <div class="cdk-overlay-container">…</div> subtree intercepts pointer events
    - retrying click action
    - waiting 20ms
    2 × waiting for element to be visible, enabled and stable
      - element is visible, enabled and stable
      - scrolling into view if needed
      - done scrolling
      - <div class="cdk-overlay-backdrop cdk-overlay-dark-backdrop cdk-overlay-backdrop-showing"></div> from <div class="cdk-overlay-container">…</div> subtree intercepts pointer events
    - retrying click action
      - waiting 100ms
    11 × waiting for element to be visible, enabled and stable
       - element is visible, enabled and stable
       - scrolling into view if needed
       - done scrolling
       - <div class="cdk-overlay-backdrop cdk-overlay-dark-backdrop cdk-overlay-backdrop-showing"></div> from <div class="cdk-overlay-container">…</div> subtree intercepts pointer events
     - retrying click action
       - waiting 500ms
    - waiting for element to be visible, enabled and stable
), trying Escape + browser back...
  [DEBUG] No more valid slots (all_slots=0, conflicts filtered all)
  No more valid slots available

  Day summary: 1 bookings made, 14 attempts total

############################################################
# DAY 3: 2026-02-19 (Thursday)
############################################################
  [Smart redistribution] Current: 0.0h, Target: +3.5h, Max bookings: 2
  [DEBUG] Session stats: 1 bookings so far, peak for this day: 0/120min
  Navigating backward 1 day(s)...
  [DEBUG] Current URL: https://rwcmd.asimut.net/overview?locationGroupId=10...
  [DEBUG] Navigation complete, now on day 3
  [DEBUG] Slot scan time: 12:49:23
  Displayed date: Royal Welsh College of Music & Drama
  [DEBUG] Earliest slots for 7-day horizon rooms: {'B0.11': '07:30', 'B0.13': '07:30', 'B0.14': '07:30', 'B0.16': '07:30'}
  [DEBUG] Expected earliest (now - 7 days): ~12:49 on target date
  [DEBUG] Rooms skipped (not yet available): B1.09 (Available in 8.2h (horizon: 3d)), B1.16 (Available in 8.7h (horizon: 3d))
  Found 35 potential slots
  [DEBUG] First 10 slots: [('B0.23', '19.50-22.25'), ('B0.23', '12.00-12.50'), ('B1.07', '19.50-20.00'), ('B0.29', '7.50-9.00'), ('B1.14', '7.50-8.50'), ('B0.16', '7.50-9.00'), ('B1.20', '7.50-8.50'), ('B1.21', '7.50-9.00'), ('B1.20', '21.00-22.25'), ('B1.19', '21.25-22.25')]
  [DEBUG] Peak quota for 2026-02-19: 0/120 min used, 120 min remaining
  [DEBUG] Strict mode: Filtered out 32 non-preferred slots
  [DEBUG] Starting booking attempts. Max per day: 2, slots available: 3
  [DEBUG] Attempt 1/15: B0.23 19.50-22.25 (duration: 2.75h)

============================================================
Trying: B0.23 at 19:30-21:30
============================================================
  [DEBUG] Click calculation: slot=19.50-21.50, center=20.50, click_pct=84.38%
  [DEBUG] Viewport: 1920x1080, scrollY=0
  [DEBUG] Day grid: left=400, width=1505, right=1905
  [DEBUG] Click target: x=1670, y=399 (target time: 19.50-21.50)
  Clicking at (1670, 399) for B0.23 (center)...
  [DEBUG] Got tooltip instead of menu: 20:30 in B0.23 (Practice: Upright Piano)...
  Clicking at (1685, 404) for B0.23 (offset right-bottom)...
  [DEBUG] No popup at offset right-bottom position
  Clicking at (1655, 394) for B0.23 (offset left-top)...
  [DEBUG] Got tooltip instead of menu: 20:15 in B0.23 (Practice: Upright Piano)...
  No booking popup found after trying multiple click positions - skipping
  [DEBUG] Attempt 2/15: B0.23 12.00-12.50 (duration: 0.50h)

============================================================
Trying: B0.23 at 12:00-12:30
============================================================
  [DEBUG] Click calculation: slot=12.00-12.50, center=12.25, click_pct=32.81%
  [DEBUG] Viewport: 1920x1080, scrollY=0
  [DEBUG] Day grid: left=400, width=1505, right=1905
  [DEBUG] Click target: x=894, y=399 (target time: 12.00-12.50)
  Clicking at (894, 399) for B0.23 (center)...
  [DEBUG] No popup at center position
  Clicking at (909, 404) for B0.23 (offset right-bottom)...
  [DEBUG] Got tooltip instead of menu: 12:30 in B0.23 (Practice: Upright Piano)...
  Clicking at (879, 394) for B0.23 (offset left-top)...
  [DEBUG] Click navigated directly to booking form
  [DEBUG] Click navigated directly to booking form
  [DEBUG] Setting times: 12:00 to 12:30
  [DEBUG] Found time inputs, filling start time...
  [DEBUG] Filling end time...
  [DEBUG] Verified times: start=12:00, end=12:30
  [DEBUG] Checking for errors/conflicts on booking form...
  [DEBUG] Found 7 time patterns on page
  [DEBUG] Looking for Save button...
  [DEBUG] Save button icon: 'remove_circle'
  Save disabled (icon: remove_circle)
  [DEBUG] Rejection reason: remove_circle Please add at least 2 participants
  [DEBUG] go_back() called
  [DEBUG] Booking form visible: True
  [DEBUG] Clicking back button...
  [DEBUG] Back on calendar (location-day found)
  [DEBUG] Attempt 3/15: B1.07 19.50-20.00 (duration: 0.50h)

============================================================
Trying: B1.07 at 19:30-20:00
============================================================
  [DEBUG] Click calculation: slot=19.50-20.00, center=19.75, click_pct=79.69%
  [DEBUG] Viewport: 1920x1080, scrollY=139
  [DEBUG] Day grid: left=400, width=1505, right=1905
  [DEBUG] Click target: x=1599, y=540 (target time: 19.50-20.00)
  Clicking at (1599, 540) for B1.07 (center)...
  [DEBUG] Got tooltip instead of menu: 19:45 in B1.07 (Practice: Upright Piano)...
  Clicking at (1614, 545) for B1.07 (offset right-bottom)...
  [DEBUG] No popup at offset right-bottom position
  Clicking at (1584, 535) for B1.07 (offset left-top)...
  [DEBUG] Got tooltip instead of menu: 19:30 in B1.07 (Practice: Upright Piano)...
  No booking popup found after trying multiple click positions - skipping
  [DEBUG] No more valid slots (all_slots=0, conflicts filtered all)
  No more valid slots available

  Day summary: 0 bookings made, 3 attempts total

############################################################
# DAY 2: 2026-02-18 (Wednesday)
############################################################
  [Smart redistribution] Current: 1.0h, Target: +2.5h, Max bookings: 1
  [DEBUG] Session stats: 1 bookings so far, peak for this day: 30/120min
  Navigating backward 1 day(s)...
  [DEBUG] Current URL: https://rwcmd.asimut.net/overview?locationGroupId=10...
  [DEBUG] Navigation complete, now on day 2
  [DEBUG] Slot scan time: 12:49:57
  Displayed date: Royal Welsh College of Music & Drama
  [DEBUG] Earliest slots for 7-day horizon rooms: {'B0.11': '07:30', 'B0.13': '07:30', 'B0.14': '07:30', 'B0.16': '07:30'}
  [DEBUG] Expected earliest (now - 7 days): ~12:49 on target date
  Found 37 potential slots
  [DEBUG] First 10 slots: [('B0.23', '19.50-22.25'), ('B0.23', '12.00-12.50'), ('B1.07', '19.50-20.00'), ('B0.29', '7.50-9.00'), ('B1.14', '7.50-8.50'), ('B0.16', '7.50-9.00'), ('B1.20', '7.50-8.50'), ('B1.21', '7.50-9.00'), ('B1.09', '21.00-22.25'), ('B1.20', '21.00-22.25')]
  [DEBUG] Peak quota for 2026-02-18: 30/120 min used, 90 min remaining
  [DEBUG] Known conflicts for this day: ['11.50-12.00', '14.00-16.00', '19.00-19.50', '19.50-21.50']
  [DEBUG] Slot adjustment: 1 conflict-removed, 0 removed, 4 adjusted, 0 peak-adjusted, 0 weekly-adjusted
  [DEBUG] Strict mode: Filtered out 35 non-preferred slots
  [DEBUG] Starting booking attempts. Max per day: 1, slots available: 1
  [DEBUG] Attempt 1/15: B0.23 12.00-12.50 (duration: 0.50h)

============================================================
Trying: B0.23 at 12:00-12:30
============================================================
  [DEBUG] Click calculation: slot=12.00-12.50, center=12.25, click_pct=32.81%
  [DEBUG] Viewport: 1920x1080, scrollY=0
  [DEBUG] Day grid: left=400, width=1505, right=1905
  [DEBUG] Click target: x=894, y=399 (target time: 12.00-12.50)
  Clicking at (894, 399) for B0.23 (center)...
  [DEBUG] Got tooltip instead of menu: 12:15 in B0.23 (Practice: Upright Piano)...
  Clicking at (909, 404) for B0.23 (offset right-bottom)...
  [DEBUG] No popup at offset right-bottom position
  Clicking at (879, 394) for B0.23 (offset left-top)...
  [DEBUG] Got tooltip instead of menu: 12:00 in B0.23 (Practice: Upright Piano)...
  No booking popup found after trying multiple click positions - skipping
  [DEBUG] No more valid slots (all_slots=0, conflicts filtered all)
  No more valid slots available

  Day summary: 0 bookings made, 1 attempts total

############################################################
# DAY 1: 2026-02-17 (Tuesday)
############################################################
  [Smart redistribution] Current: 2.8h, Target: +0.8h, Max bookings: 1
  [DEBUG] Session stats: 1 bookings so far, peak for this day: 0/120min
  Navigating backward 1 day(s)...
  [DEBUG] Current URL: https://rwcmd.asimut.net/overview?locationGroupId=10...
  [DEBUG] Navigation complete, now on day 1
  [DEBUG] Slot scan time: 12:50:08
  Displayed date: Royal Welsh College of Music & Drama
  [DEBUG] Earliest slots for 7-day horizon rooms: {'B0.11': '07:30', 'B0.13': '07:30', 'B0.14': '07:30', 'B0.16': '07:30'}
  [DEBUG] Expected earliest (now - 7 days): ~12:50 on target date
  Found 37 potential slots
  [DEBUG] First 10 slots: [('B0.23', '19.50-22.25'), ('B0.23', '12.00-12.50'), ('B1.07', '19.50-20.00'), ('B0.29', '7.50-9.00'), ('B1.14', '7.50-8.50'), ('B0.16', '7.50-9.00'), ('B1.20', '7.50-8.50'), ('B1.21', '7.50-9.00'), ('B1.09', '21.00-22.25'), ('B1.20', '21.00-22.25')]
  [DEBUG] Peak quota for 2026-02-17: 0/120 min used, 120 min remaining
  [DEBUG] Known conflicts for this day: ['19.00-19.50', '20.00-20.50', '20.50-22.25']
  [DEBUG] Slot adjustment: 15 conflict-removed, 0 removed, 1 adjusted, 0 peak-adjusted, 0 weekly-adjusted
  [DEBUG] Strict mode: Filtered out 20 non-preferred slots
  [DEBUG] Starting booking attempts. Max per day: 1, slots available: 2
  [DEBUG] Attempt 1/15: B0.23 19.50-20.00 (duration: 0.50h)

============================================================
Trying: B0.23 at 19:30-20:00
============================================================
  [DEBUG] Click calculation: slot=19.50-20.00, center=19.75, click_pct=79.69%
  [DEBUG] Viewport: 1920x1080, scrollY=0
  [DEBUG] Day grid: left=400, width=1505, right=1905
  [DEBUG] Click target: x=1599, y=399 (target time: 19.50-20.00)
  Clicking at (1599, 399) for B0.23 (center)...
  [DEBUG] Got tooltip instead of menu: 19:45 in B0.23 (Practice: Upright Piano)...
  Clicking at (1614, 404) for B0.23 (offset right-bottom)...
  [DEBUG] No popup at offset right-bottom position
  Clicking at (1584, 394) for B0.23 (offset left-top)...
  [DEBUG] Got tooltip instead of menu: 19:30 in B0.23 (Practice: Upright Piano)...
  No booking popup found after trying multiple click positions - skipping
  [DEBUG] Attempt 2/15: B0.23 12.00-12.50 (duration: 0.50h)

============================================================
Trying: B0.23 at 12:00-12:30
============================================================
  [DEBUG] Click calculation: slot=12.00-12.50, center=12.25, click_pct=32.81%
  [DEBUG] Viewport: 1920x1080, scrollY=0
  [DEBUG] Day grid: left=400, width=1505, right=1905
  [DEBUG] Click target: x=894, y=399 (target time: 12.00-12.50)
  Clicking at (894, 399) for B0.23 (center)...
  [DEBUG] No popup at center position
  Clicking at (909, 404) for B0.23 (offset right-bottom)...
  [DEBUG] Got tooltip instead of menu: 12:30 in B0.23 (Practice: Upright Piano)...
  Clicking at (879, 394) for B0.23 (offset left-top)...
  [DEBUG] Looking for 'Student booking provisional' button...
  Found 'Student booking provisional' button
  [DEBUG] Setting times: 12:00 to 12:30
  [DEBUG] Found time inputs, filling start time...
  [DEBUG] Filling end time...
  [DEBUG] Verified times: start=12:00, end=12:30
  [DEBUG] Checking for errors/conflicts on booking form...
  [DEBUG] Found 7 time patterns on page
  [DEBUG] Looking for Save button...
  [DEBUG] Save button icon: 'check'
  [DEBUG] Save button at: x=350, y=508
  Clicking Save...
  [DEBUG] After save - form visible: N/A, URL: https://rwcmd.asimut.net/arrangement?eventId=34208...
  [Tracker] Added booking: B0.23 2026-02-17 12.00-12.50
  [Tracker] Total bookings: 2, Day hours: 3.2h, Peak: 30/120 min
  SUCCESS: Booked B0.23 12:00-12:30
  [DEBUG] Booking successful! Day total: 1, session total: 2
  [DEBUG] Navigating back to calendar...
  [DEBUG] go_back() called
  [DEBUG] Booking form visible: False
  [DEBUG] go_back exception: Page.wait_for_selector: Timeout 5000ms exceeded.
Call log:
  - waiting for locator(".location-day") to be visible

  Warning: go_back issue (Page.wait_for_selector: Timeout 5000ms exceeded.
Call log:
  - waiting for locator(".location-day") to be visible
), trying Escape + browser back...
  [DEBUG] Refreshing slot data after successful booking...
  [DEBUG] Raw slots from page: 58 (from 29 rooms)
  [DEBUG] Updated peak quota for 2026-02-17: 90 min remaining
  [DEBUG] Rebuilt slot list: 1 slots remaining

  Day summary: 1 bookings made, 2 attempts total

############################################################
# DAY 0: 2026-02-16 (Monday)
############################################################
  [Smart redistribution] Current: 2.0h, Target: +1.5h, Max bookings: 1
  [DEBUG] Session stats: 2 bookings so far, peak for this day: 0/120min
  Navigating backward 1 day(s)...
  [DEBUG] Current URL: https://rwcmd.asimut.net/overview?locationGroupId=10...
  [DEBUG] Navigation complete, now on day 0
  [DEBUG] Slot scan time: 12:50:50
  Displayed date: Royal Welsh College of Music & Drama
  [DEBUG] Earliest slots for 7-day horizon rooms: {'B0.11': '07:30', 'B0.13': '07:30', 'B0.14': '07:30', 'B0.16': '07:30'}
  [DEBUG] Expected earliest (now - 7 days): ~12:50 on target date
  Found 15 potential slots
  [DEBUG] First 10 slots: [('B1.10', '20.00-22.25'), ('B1.06', '20.50-22.25'), ('B1.14', '20.75-22.25'), ('B0.11', '17.50-18.00'), ('B1.08', '20.00-20.50'), ('B1.19', '20.50-21.00'), ('B0.16', '21.00-22.25'), ('B1.21', '21.00-22.25'), ('B0.23', '21.25-22.25'), ('B0.11', '21.50-22.25')]
  [DEBUG] Peak quota for 2026-02-16: 0/120 min used, 120 min remaining
  [DEBUG] Known conflicts for this day: ['20.00-22.00']
  [DEBUG] Slot adjustment: 14 conflict-removed, 0 removed, 0 adjusted, 0 peak-adjusted, 0 weekly-adjusted
  [DEBUG] Starting booking attempts. Max per day: 1, slots available: 1
  [DEBUG] Attempt 1/15: B0.11 17.50-18.00 (duration: 0.50h)

============================================================
Trying: B0.11 at 17:30-18:00
============================================================
  [DEBUG] Click calculation: slot=17.50-18.00, center=17.75, click_pct=67.19%
  [DEBUG] Viewport: 1920x1080, scrollY=0
  [DEBUG] Day grid: left=400, width=1505, right=1905
  [DEBUG] Click target: x=1411, y=239 (target time: 17.50-18.00)
  Clicking at (1411, 239) for B0.11 (center)...
  [DEBUG] Looking for 'Student booking provisional' button...
  Found 'Student booking provisional' button
  [DEBUG] Setting times: 17:30 to 18:00
  [DEBUG] Found time inputs, filling start time...
  [DEBUG] Filling end time...
  [DEBUG] Verified times: start=17:30, end=18:00
  [DEBUG] Checking for errors/conflicts on booking form...
  [DEBUG] Found 7 time patterns on page
  [DEBUG] Looking for Save button...
  [DEBUG] Save button icon: 'check'
  [DEBUG] Save button at: x=350, y=508
  Clicking Save...
  [DEBUG] After save - form visible: N/A, URL: https://rwcmd.asimut.net/arrangement?eventId=34208...
  [Tracker] Added booking: B0.11 2026-02-16 17.50-18.00
  [Tracker] Total bookings: 3, Day hours: 2.5h, Peak: 0/120 min
  SUCCESS: Booked B0.11 17:30-18:00
  [DEBUG] Booking successful! Day total: 1, session total: 3
  [DEBUG] Navigating back to calendar...
  [DEBUG] go_back() called
  [DEBUG] Booking form visible: False
  [DEBUG] go_back exception: Page.wait_for_selector: Timeout 5000ms exceeded.
Call log:
  - waiting for locator(".location-day") to be visible

  Warning: go_back issue (Page.wait_for_selector: Timeout 5000ms exceeded.
Call log:
  - waiting for locator(".location-day") to be visible
), trying Escape + browser back...
  [DEBUG] Refreshing slot data after successful booking...
  [DEBUG] Raw slots from page: 62 (from 29 rooms)
  [DEBUG] Updated peak quota for 2026-02-16: 120 min remaining
  [DEBUG] Rebuilt slot list: 7 slots remaining

  Day summary: 1 bookings made, 1 attempts total

============================================================
BOOKING COMPLETE
============================================================
Total bookings made: 3
Peak hours used (per day):
  2026-02-17: 30/120 min
  2026-02-18: 30/120 min

All bookings:
  2026-02-20 B1.07 20:00-22:00
  2026-02-17 B0.23 12:00-12:30
  2026-02-16 B0.11 17:30-18:00
============================================================
History saved: 3 bookings, 8 events
Notification sent: Booked 3 rooms

Keeping browser open for 30 seconds to verify...
============================================================ 
[16/02/2026 12:51:47.75] Booking run completed 
