[16/02/2026 12:58:02.40] Starting scheduled booking run... 
============================================================ 
============================================================
ASIMUT WEEK BOOKER
============================================================
Today: 2026-02-16
Booking for: 2026-02-16 to 2026-02-23
Mode: Visible browser
============================================================

============================================================
SCANNING MY AGENDA FOR EXISTING EVENTS
============================================================
  [DEBUG] Navigating to agenda page...
  [DEBUG] Agenda page loaded, URL: https://rwcmd.asimut.net/agenda...
  Scrolling until we reach 23 February 2026...
  [DEBUG] Found target date '23 February 2026' after 0 scrolls
  Final pass to capture all events (10 scrolls)...
  [DEBUG] Raw events extracted: 11

  Found 11 unique events in agenda (deduplicated from 11):
  [Tracker] Added reservation: 2026-02-16 17.50-18.00
  [R] 2026-02-16 (Monday): 17:30 - 18:00 in B0.11
  [Tracker] Added reservation: 2026-02-16 20.00-22.00
  [R] 2026-02-16 (Monday): 20:00 - 22:00 in B1.07
  [Tracker] Added reservation: 2026-02-17 12.00-12.50 (+30min peak)
  [R] 2026-02-17 (Tuesday): 12:00 - 12:30 in B0.23
  [Tracker] Added reservation: 2026-02-17 19.00-19.50
  [R] 2026-02-17 (Tuesday): 19:00 - 19:30 in B1.07
  [Tracker] Added reservation: 2026-02-17 20.00-20.50
  [R] 2026-02-17 (Tuesday): 20:00 - 20:30 in B1.20
  [Tracker] Added reservation: 2026-02-17 20.50-22.25
  [R] 2026-02-17 (Tuesday): 20:30 - 22:15 in B1.08
  [Tracker] Added reservation: 2026-02-18 11.50-12.00 (+30min peak)
  [R] 2026-02-18 (Wednesday): 11:30 - 12:00 in B0.16
  [Tracker] Added conflict: 2026-02-18 14.00-16.00
      2026-02-18 (Wednesday): 14:00 - 16:00 in B0.08
  [Tracker] Added reservation: 2026-02-18 19.00-19.50
  [R] 2026-02-18 (Wednesday): 19:00 - 19:30 in B0.14
  [Tracker] Added conflict: 2026-02-18 19.50-21.50
      2026-02-18 (Wednesday): 19:30 - 21:30
  [Tracker] Added reservation: 2026-02-18 20.00-22.00
  [R] 2026-02-18 (Wednesday): 20:00 - 22:00 in B1.07

  Total events: 11 (9 reservations, 2 other)

  Rolling quota: 8.8/28 hours this week
  [OK] Can book 19.2 more hours
  Peak hours from existing reservations:
    2026-02-17: 30/120 min
    2026-02-18: 30/120 min
============================================================

Navigating to practice rooms (AHC)...
  Currently showing: Unknown

  Disabled dates (will skip): ['2026-02-02', '2026-02-03', '2026-02-04', '2026-02-05', '2026-02-06', '2026-02-07', '2026-02-08', '2026-02-09']

  Time preferences: Prioritizing 09:00 - 21:00
  Strict mode: ON (only booking preferred times)

  Booking strategy: REVERSE ORDER (furthest dates first)

  Smart redistribution calculation:
    Enabled days: 8/8
    Remaining quota: 19.2h
    Ideal hours/day: 3.5h
    Current hours per day:
      2026-02-16 (Mon): 2.5h [needs +1.0h]
      2026-02-17 (Tue): 3.2h [needs +0.2h]
      2026-02-18 (Wed): 3.0h [needs +0.5h]
      2026-02-19 (Thu): 0.0h [needs +3.5h]
      2026-02-20 (Fri): 0.0h [needs +3.5h]
      2026-02-21 (Sat): 0.0h [needs +3.5h]
      2026-02-22 (Sun): 0.0h [needs +3.5h]
      2026-02-23 (Mon): 0.0h [needs +3.5h]

  Navigating to day 7 first (reverse order strategy)...

============================================================
CHECKING FOR HORIZON SNIPE OPPORTUNITIES (MULTI-DAY)
============================================================

  Scanning 3 horizon days for snipe candidates: [7, 5, 3]

    Scanning Day 7 (2026-02-23) for 7-day horizon rooms...
      Found: B0.14 at 12.50, bookable in 87s
      Found: B0.16 at 12.50, bookable in 87s

    Scanning Day 5 (2026-02-21) for 5-day horizon rooms...
    Navigating backward 2 day(s) to Day 5...
      Found: B0.27 at 12.50, bookable in 85s

    Scanning Day 3 (2026-02-19) for 3-day horizon rooms...
    Navigating backward 2 day(s) to Day 3...
      No snipe candidates found for Day 3

  Total snipe candidates found: 3
  Snipe order (furthest day first, then by room priority):
    1. Day 7 - B0.14 at 12.50 (bookable in 87s)
    2. Day 7 - B0.16 at 12.50 (bookable in 87s)
    3. Day 5 - B0.27 at 12.50 (bookable in 85s)

  Positioning for first snipe...
    Navigating forward 4 day(s) to Day 7...

  Ready to snipe 3 candidate(s)
  First snipe: B0.14 at 12.50 (Day 7)
  Bookable at: 13:00:00

  [SNIPE 1/3] Attempting B0.14 at 12.50 (Day 7)

============================================================
HORIZON SNIPE: B0.14 at 12:30-13:00
============================================================
  Slot becomes bookable at: 13:00:00
  Current time: 12:58:39
  Seconds until bookable: 80.9
  Strategy: Open form now, wait, click Save at exact moment

  [SNIPE] Step 1: Opening booking form...
  [SNIPE] Clicking at (941, 319)...
  [SNIPE] Found booking type button, clicking...
  [SNIPE] Step 2: Pre-filling times (12:30 to 13:00)...
  [SNIPE] Times set: 12:30 to 13:00
  [SNIPE] Step 3: Locating Save button...
  [SNIPE] Save button located at (575, 399)

  [SNIPE] Step 4: Waiting for bookable moment...
  [SNIPE] Waiting 78.6 seconds...
  [SNIPE] T-30s...
  [SNIPE] T-29s...
  [SNIPE] T-28s...
  [SNIPE] T-27s...
  [SNIPE] T-26s...
  [SNIPE] T-25s...
  [SNIPE] T-24s...
  [SNIPE] T-23s...
  [SNIPE] T-22s...
  [SNIPE] T-21s...
  [SNIPE] T-20s...
  [SNIPE] T-19s...
  [SNIPE] T-18s...
  [SNIPE] T-17s...
  [SNIPE] T-16s...
  [SNIPE] T-15s...
  [SNIPE] T-14s...
  [SNIPE] T-13s...
  [SNIPE] T-12s...
  [SNIPE] T-11s...
  [SNIPE] T-9.6s...
  [SNIPE] T-9.5s...
  [SNIPE] T-9.4s...
  [SNIPE] T-9.3s...
  [SNIPE] T-9.2s...
  [SNIPE] T-9.1s...
  [SNIPE] T-9.0s...
  [SNIPE] T-8.9s...
  [SNIPE] T-8.8s...
  [SNIPE] T-8.7s...
  [SNIPE] T-8.6s...
  [SNIPE] T-8.5s...
  [SNIPE] T-8.4s...
  [SNIPE] T-8.3s...
  [SNIPE] T-8.2s...
  [SNIPE] T-8.1s...
  [SNIPE] T-8.0s...
  [SNIPE] T-7.9s...
  [SNIPE] T-7.8s...
  [SNIPE] T-7.7s...
  [SNIPE] T-7.6s...
  [SNIPE] T-7.5s...
  [SNIPE] T-7.4s...
  [SNIPE] T-7.3s...
  [SNIPE] T-7.2s...
  [SNIPE] T-7.1s...
  [SNIPE] T-7.0s...
  [SNIPE] T-6.9s...
  [SNIPE] T-6.8s...
  [SNIPE] T-6.7s...
  [SNIPE] T-6.6s...
  [SNIPE] T-6.5s...
  [SNIPE] T-6.4s...
  [SNIPE] T-6.3s...
  [SNIPE] T-6.2s...
  [SNIPE] T-6.1s...
  [SNIPE] T-6.0s...
  [SNIPE] T-5.9s...
  [SNIPE] T-5.8s...
  [SNIPE] T-5.7s...
  [SNIPE] T-5.6s...
  [SNIPE] T-5.5s...
  [SNIPE] T-5.4s...
  [SNIPE] T-5.3s...
  [SNIPE] T-5.2s...
  [SNIPE] T-5.1s...
  [SNIPE] T-5.0s...
  [SNIPE] T-4.9s...
  [SNIPE] T-4.8s...
  [SNIPE] T-4.7s...
  [SNIPE] T-4.6s...
  [SNIPE] T-4.5s...
  [SNIPE] T-4.4s...
  [SNIPE] T-4.3s...
  [SNIPE] T-4.2s...
  [SNIPE] T-4.1s...
  [SNIPE] T-4.0s...
  [SNIPE] T-3.9s...
  [SNIPE] T-3.8s...
  [SNIPE] T-3.7s...
  [SNIPE] T-3.6s...
  [SNIPE] T-3.5s...
  [SNIPE] T-3.4s...
  [SNIPE] T-3.3s...
  [SNIPE] T-3.2s...
  [SNIPE] T-3.1s...
  [SNIPE] T-3.0s...
  [SNIPE] T-2.9s...
  [SNIPE] T-2.8s...
  [SNIPE] T-2.7s...
  [SNIPE] T-2.6s...
  [SNIPE] T-2.5s...
  [SNIPE] T-2.4s...
  [SNIPE] T-2.3s...
  [SNIPE] T-2.2s...
  [SNIPE] T-2.1s...
  [SNIPE] T-2.0s...
  [SNIPE] T-1.9s...
  [SNIPE] T-1.8s...
  [SNIPE] T-1.7s...
  [SNIPE] T-1.6s...
  [SNIPE] T-1.5s...
  [SNIPE] T-1.4s...
  [SNIPE] T-1.3s...
  [SNIPE] T-1.2s...
  [SNIPE] T-1.1s...
  [SNIPE] T-1.0s...
  [SNIPE] T-0.9s...
  [SNIPE] T-0.8s...
  [SNIPE] T-0.7s...
  [SNIPE] T-0.6s...
  [SNIPE] T-0.5s...
  [SNIPE] T-0.4s...
  [SNIPE] T-0.3s...
  [SNIPE] T-0.2s...
  [SNIPE] T-0.1s...
  [SNIPE] Adding 1 second safety buffer...

  >>> CLICKING SAVE NOW: 13:00:01.041 <<<
  [SNIPE] SUCCESS! Booked at 13:00:03.069
  [SNIPE] Latency from bookable time: 3069ms
  [Tracker] Added booking: B0.14 2026-02-23 12.50-13.00
  [Tracker] Total bookings: 1, Day hours: 0.5h, Peak: 30/120 min
  SUCCESS: Booked B0.14 12:30-13:00
  [EXTEND] Saved for extension: B0.14 2026-02-23 12:30->14:30
  [EXTEND] Marked for extension: target 12:30-14:30
    [SNIPE 1] SUCCESS!
  [DEBUG] go_back() called
  [DEBUG] Booking form visible: True
  [DEBUG] Clicking back button...
  [DEBUG] Back on calendar (location-day found)

  [SNIPE 2/3] Attempting B0.16 at 12.50 (Day 7)

============================================================
HORIZON SNIPE: B0.16 at 12:30-13:00
============================================================
  Slot becomes bookable at: 13:00:00
  Current time: 13:00:06
  Seconds until bookable: -6.3
  Strategy: Open form now, wait, click Save at exact moment

  [SNIPE] Step 1: Opening booking form...
  [SNIPE] Clicking at (941, 359)...
  [SNIPE] Found booking type button, clicking...
  [SNIPE] Step 2: Pre-filling times (12:30 to 13:00)...
  [SNIPE] Times set: 12:30 to 13:00
  [SNIPE] Step 3: Locating Save button...
  [SNIPE] Save button located at (575, 399)

  [SNIPE] Step 4: Waiting for bookable moment...
  [SNIPE] Adding 1 second safety buffer...

  >>> CLICKING SAVE NOW: 13:00:09.469 <<<
  [SNIPE] SUCCESS! Booked at 13:00:11.491
  [SNIPE] Latency from bookable time: 11492ms
  [Tracker] Added booking: B0.16 2026-02-23 12.50-13.00
  [Tracker] Total bookings: 2, Day hours: 1.0h, Peak: 60/120 min
  SUCCESS: Booked B0.16 12:30-13:00
  [EXTEND] Saved for extension: B0.16 2026-02-23 12:30->14:30
  [EXTEND] Marked for extension: target 12:30-14:30
    [SNIPE 2] SUCCESS!
  [DEBUG] go_back() called
  [DEBUG] Booking form visible: True
  [DEBUG] Clicking back button...
  [DEBUG] Back on calendar (location-day found)

  [SNIPE 3/3] Attempting B0.27 at 12.50 (Day 5)
    Navigating to Day 5...
    Navigating backward 2 day(s) to Day 5...

============================================================
HORIZON SNIPE: B0.27 at 12:30-13:00
============================================================
  Slot becomes bookable at: 13:00:00
  Current time: 13:00:16
  Seconds until bookable: -16.3
  Strategy: Open form now, wait, click Save at exact moment

  [SNIPE] Step 1: Opening booking form...
  [SNIPE] Clicking at (941, 479)...
  [SNIPE] Found booking type button, clicking...
  [SNIPE] Step 2: Pre-filling times (12:30 to 13:00)...
  [SNIPE] Times set: 12:30 to 13:00
  [SNIPE] Step 3: Locating Save button...
  [SNIPE] Save button located at (575, 399)

  [SNIPE] Step 4: Waiting for bookable moment...
  [SNIPE] Adding 1 second safety buffer...

  >>> CLICKING SAVE NOW: 13:00:19.542 <<<
  [SNIPE] SUCCESS! Booked at 13:00:21.572
  [SNIPE] Latency from bookable time: 21572ms
  [Tracker] Added booking: B0.27 2026-02-21 12.50-13.00
  [Tracker] Total bookings: 3, Day hours: 0.5h, Peak: 0/120 min
  SUCCESS: Booked B0.27 12:30-13:00
  [EXTEND] Saved for extension: B0.27 2026-02-21 12:30->14:30
  [EXTEND] Marked for extension: target 12:30-14:30
    [SNIPE 3] SUCCESS!
  [DEBUG] go_back() called
  [DEBUG] Booking form visible: True
  [DEBUG] Clicking back button...
  [DEBUG] Back on calendar (location-day found)

  Snipe phase complete: 3/3 successful

  Returning to Day 7 for normal booking flow...
    Navigating forward 2 day(s) to Day 7...
============================================================
Target time 13:00 already passed, proceeding immediately

============================================================
REFRESHING PAGE FOR UPDATED SLOT AVAILABILITY
============================================================
  [DEBUG] Pre-refresh time: 13:00:26.383
  [DEBUG] Current URL: https://rwcmd.asimut.net/overview?locationGroupId=10...
  [DEBUG] Calendar position before refresh: day 7
  [DEBUG] Post-refresh time: 13:00:28.833
  [DEBUG] Refresh took: 2.45s
  [DEBUG] Post-refresh URL: https://rwcmd.asimut.net/overview?locationGroupId=10...
  [DEBUG] Calendar position after refresh: day 7 (unchanged)
  [DEBUG] Could not extract slot times
============================================================

============================================================
PROCESSING BOOKING EXTENSIONS
============================================================
Found 3 potentially extendable booking(s)
  Skipped B0.14 2026-02-23 12:30: Only 0min extension possible (need 15min)
  Skipped B0.16 2026-02-23 12:30: Only 0min extension possible (need 15min)
  Skipped B0.27 2026-02-21 12:30: Only 0min extension possible (need 15min)
============================================================

Navigating back to practice rooms...

############################################################
# DAY 7: 2026-02-23 (Monday)
############################################################
  [Smart redistribution] Current: 1.0h, Target: +2.5h, Max bookings: 1
  [DEBUG] Session stats: 3 bookings so far, peak for this day: 60/120min
  Navigating forward 7 day(s)...
  [DEBUG] Current URL: https://rwcmd.asimut.net/overview?locationGroupId=10...
  [DEBUG] Navigation complete, now on day 7
  [DEBUG] Slot scan time: 13:00:45
  Displayed date: Royal Welsh College of Music & Drama
  [DEBUG] Earliest slots for 7-day horizon rooms: {'B0.11': '07:30', 'B0.13': '07:30', 'B0.14': '07:30', 'B0.16': '07:30'}
  [DEBUG] Expected earliest (now - 7 days): ~13:00 on target date
  [DEBUG] Rooms skipped (not yet available): B0.11 (Available in 5.0h (horizon: 7d)), B0.23 (Available in 1.8d (horizon: 5d)), B0.27 (Available in 1.8d (horizon: 5d)), B0.29 (Available in 1.8d (horizon: 5d)), B1.06 (Available in 1.8d (horizon: 5d)), B1.07 (Available in 1.8d (horizon: 5d)), B1.08 (Available in 1.8d (horizon: 5d)), B1.09 (Available in 3.8d (horizon: 3d)), B1.10 (Available in 1.8d (horizon: 5d)), B1.11 (Available in 1.8d (horizon: 5d)), B1.14 (Available in 1.8d (horizon: 5d)), B1.15 (Available in 1.8d (horizon: 5d)), B1.16 (Available in 3.8d (horizon: 3d)), B1.17 (Available in 1.8d (horizon: 5d)), B1.18 (Available in 1.8d (horizon: 5d)), B1.19 (Available in 1.8d (horizon: 5d)), B1.20 (Available in 1.8d (horizon: 5d)), B1.21 (Available in 1.8d (horizon: 5d))
  Found 7 potential slots
  [DEBUG] First 10 slots: [('B0.16', '12.00-22.25'), ('B0.13', '12.75-22.25'), ('B0.14', '13.00-22.25'), ('B0.11', '7.50-10.00'), ('B0.13', '7.50-11.25'), ('B0.14', '7.50-10.50'), ('B0.16', '7.50-10.00')]
  [DEBUG] Peak quota for 2026-02-23: 60/120 min used, 60 min remaining
  [DEBUG] Known conflicts for this day: ['12.50-13.00', '12.50-13.00']
Traceback (most recent call last):
  File "C:\Users\loxty\Desktop\Repos\AsimutBooker\book_week.py", line 4409, in <module>
    main()
    ~~~~^^
  File "C:\Users\loxty\Desktop\Repos\AsimutBooker\book_week.py", line 4140, in main
    room_blocked = tracker.get_same_room_blocked_ranges(target_date, s['room'])
  File "C:\Users\loxty\Desktop\Repos\AsimutBooker\book_week.py", line 1785, in get_same_room_blocked_ranges
    if b_room == room and b_date.date() == date.date():
                          ^^^^^^^^^^^
AttributeError: 'datetime.date' object has no attribute 'date'
============================================================ 
[16/02/2026 13:00:46.46] Booking run completed 
