[16/02/2026 13:43:02.38] Starting scheduled booking run... 
============================================================ 
============================================================
ASIMUT WEEK BOOKER
============================================================
Today: 2026-02-16
Booking for: 2026-02-16 to 2026-02-23
Mode: Visible browser
============================================================

============================================================
SCANNING MY AGENDA FOR EXISTING EVENTS
============================================================
  [DEBUG] Navigating to agenda page...
  [DEBUG] Agenda page loaded, URL: https://rwcmd.asimut.net/agenda...
  Scrolling until we reach 23 February 2026...
  [DEBUG] Found target date '23 February 2026' after 0 scrolls
  Final pass to capture all events (10 scrolls)...
  [DEBUG] Raw events extracted: 11

  Found 11 unique events in agenda (deduplicated from 11):
  [Tracker] Added reservation: 2026-02-16 17.50-18.00
  [R] 2026-02-16 (Monday): 17:30 - 18:00 in B0.11
  [Tracker] Added reservation: 2026-02-16 20.00-22.00
  [R] 2026-02-16 (Monday): 20:00 - 22:00 in B1.07
  [Tracker] Added reservation: 2026-02-17 12.00-12.50 (+30min peak)
  [R] 2026-02-17 (Tuesday): 12:00 - 12:30 in B0.23
  [Tracker] Added reservation: 2026-02-17 19.00-19.50
  [R] 2026-02-17 (Tuesday): 19:00 - 19:30 in B1.07
  [Tracker] Added reservation: 2026-02-17 20.00-20.50
  [R] 2026-02-17 (Tuesday): 20:00 - 20:30 in B1.20
  [Tracker] Added reservation: 2026-02-17 20.50-22.25
  [R] 2026-02-17 (Tuesday): 20:30 - 22:15 in B1.08
  [Tracker] Added reservation: 2026-02-18 11.50-12.00 (+30min peak)
  [R] 2026-02-18 (Wednesday): 11:30 - 12:00 in B0.16
  [Tracker] Added conflict: 2026-02-18 14.00-16.00
      2026-02-18 (Wednesday): 14:00 - 16:00 in B0.08
  [Tracker] Added reservation: 2026-02-18 19.00-19.50
  [R] 2026-02-18 (Wednesday): 19:00 - 19:30 in B0.14
  [Tracker] Added conflict: 2026-02-18 19.50-21.50
      2026-02-18 (Wednesday): 19:30 - 21:30
  [Tracker] Added reservation: 2026-02-18 20.00-22.00
  [R] 2026-02-18 (Wednesday): 20:00 - 22:00 in B1.07

  Total events: 11 (9 reservations, 2 other)

  Rolling quota: 8.8/28 hours this week
  [OK] Can book 19.2 more hours
  Peak hours from existing reservations:
    2026-02-17: 30/120 min
    2026-02-18: 30/120 min
============================================================

Navigating to practice rooms (AHC)...
  Currently showing: Unknown

  Disabled dates (will skip): ['2026-02-02', '2026-02-03', '2026-02-04', '2026-02-05', '2026-02-06', '2026-02-07', '2026-02-08', '2026-02-09']

  Time preferences: Prioritizing 09:00 - 21:00
  Strict mode: ON (only booking preferred times)

  Booking strategy: REVERSE ORDER (furthest dates first)

  Smart redistribution calculation:
    Enabled days: 8/8
    Remaining quota: 19.2h
    Ideal hours/day: 3.5h
    Current hours per day:
      2026-02-16 (Mon): 2.5h [needs +1.0h]
      2026-02-17 (Tue): 3.2h [needs +0.2h]
      2026-02-18 (Wed): 3.0h [needs +0.5h]
      2026-02-19 (Thu): 0.0h [needs +3.5h]
      2026-02-20 (Fri): 0.0h [needs +3.5h]
      2026-02-21 (Sat): 0.0h [needs +3.5h]
      2026-02-22 (Sun): 0.0h [needs +3.5h]
      2026-02-23 (Mon): 0.0h [needs +3.5h]

  Navigating to day 7 first (reverse order strategy)...

============================================================
CHECKING FOR HORIZON SNIPE OPPORTUNITIES (MULTI-DAY)
============================================================

  Found 3 pending extension(s) - will skip conflicting snipe candidates

  Scanning 3 horizon days for snipe candidates: [7, 5, 3]

    Scanning Day 7 (2026-02-23) for 7-day horizon rooms...
      No snipe candidates found for Day 7

    Scanning Day 5 (2026-02-21) for 5-day horizon rooms...
    Navigating backward 2 day(s) to Day 5...
      No snipe candidates found for Day 5

    Scanning Day 3 (2026-02-19) for 3-day horizon rooms...
    Navigating backward 2 day(s) to Day 3...
      No snipe candidates found for Day 3

  Total snipe candidates found: 0
  No snipe candidates found (no slots becoming bookable within 3 minutes)
============================================================

============================================================
READY - Waiting for target time: 13:45
============================================================
Current time: 13:43:42
Seconds to wait: 78
  T-70s...
  T-60s...
  T-50s...
  T-40s...
  T-30s...
  T-20s...
  T-10s...
  T-0s...

>>> TARGET TIME REACHED: 13:45:00 <<<
============================================================


============================================================
REFRESHING PAGE FOR UPDATED SLOT AVAILABILITY
============================================================
  [DEBUG] Pre-refresh time: 13:45:00.226
  [DEBUG] Current URL: https://rwcmd.asimut.net/overview?locationGroupId=10...
  [DEBUG] Calendar position before refresh: day 3
  [DEBUG] Post-refresh time: 13:45:02.912
  [DEBUG] Refresh took: 2.69s
  [DEBUG] Post-refresh URL: https://rwcmd.asimut.net/overview?locationGroupId=10...
  [DEBUG] Calendar position after refresh: day 3 (unchanged)
  [DEBUG] Could not extract slot times
============================================================

============================================================
PROCESSING BOOKING EXTENSIONS
============================================================
Found 3 potentially extendable booking(s)

============================================================
EXTENDING BOOKING: B0.14 on 2026-02-23
  Current: 12:30 - 13:00
  Target:  12:30 - 13:45
============================================================
  Editing reservation: B0.14 on 2026-02-23
    Current: 12:30-13:00
    New end: 13:45
    Not found in visible area, scrolling...
    Could not find event card for B0.14 2026-02-23 12:30
  Skipped B0.14 2026-02-23 12:30: Edit operation failed

============================================================
EXTENDING BOOKING: B0.16 on 2026-02-23
  Current: 12:30 - 13:00
  Target:  12:30 - 13:45
============================================================
  Editing reservation: B0.16 on 2026-02-23
    Current: 12:30-13:00
    New end: 13:45
    Not found in visible area, scrolling...
    Could not find event card for B0.16 2026-02-23 12:30
  Skipped B0.16 2026-02-23 12:30: Edit operation failed

============================================================
EXTENDING BOOKING: B0.27 on 2026-02-21
  Current: 12:30 - 13:00
  Target:  12:30 - 13:45
============================================================
  Editing reservation: B0.27 on 2026-02-21
    Current: 12:30-13:00
    New end: 13:45
    Not found in visible area, scrolling...
    Could not find event card for B0.27 2026-02-21 12:30
  Skipped B0.27 2026-02-21 12:30: Edit operation failed
============================================================

Navigating back to practice rooms...

############################################################
# DAY 7: 2026-02-23 (Monday)
############################################################
  [Smart redistribution] Current: 0.0h, Target: +3.5h, Max bookings: 2
  [DEBUG] Session stats: 0 bookings so far, peak for this day: 0/120min
  Navigating forward 7 day(s)...
  [DEBUG] Current URL: https://rwcmd.asimut.net/overview?locationGroupId=10...
  [DEBUG] Navigation complete, now on day 7
  [DEBUG] Slot scan time: 13:45:39
  Displayed date: Royal Welsh College of Music & Drama
  [DEBUG] Earliest slots for 7-day horizon rooms: {'B0.11': '07:30', 'B0.13': '07:30', 'B0.14': '07:30', 'B0.16': '07:30'}
  [DEBUG] Expected earliest (now - 7 days): ~13:45 on target date
  [DEBUG] Rooms skipped (not yet available): B0.11 (Available in 4.2h (horizon: 7d)), B0.23 (Available in 1.7d (horizon: 5d)), B0.27 (Available in 1.7d (horizon: 5d)), B0.29 (Available in 1.7d (horizon: 5d)), B1.06 (Available in 1.7d (horizon: 5d)), B1.07 (Available in 1.7d (horizon: 5d)), B1.08 (Available in 1.7d (horizon: 5d)), B1.09 (Available in 3.7d (horizon: 3d)), B1.10 (Available in 1.7d (horizon: 5d)), B1.11 (Available in 1.7d (horizon: 5d)), B1.14 (Available in 1.7d (horizon: 5d)), B1.15 (Available in 1.7d (horizon: 5d)), B1.16 (Available in 3.7d (horizon: 3d)), B1.17 (Available in 1.7d (horizon: 5d)), B1.18 (Available in 1.7d (horizon: 5d)), B1.19 (Available in 1.7d (horizon: 5d)), B1.20 (Available in 1.7d (horizon: 5d)), B1.21 (Available in 1.7d (horizon: 5d))
  Found 9 potential slots
  [DEBUG] First 10 slots: [('B0.16', '12.00-13.00'), ('B0.13', '13.50-22.25'), ('B0.14', '13.50-22.25'), ('B0.16', '13.50-22.25'), ('B0.14', '12.50-13.00'), ('B0.11', '7.50-10.00'), ('B0.13', '7.50-11.50'), ('B0.14', '7.50-10.50'), ('B0.16', '7.50-10.00')]
  [DEBUG] Peak quota for 2026-02-23: 0/120 min used, 120 min remaining
  [DEBUG] Slot adjustment: 0 conflict-removed, 0 removed, 1 adjusted, 1 peak-adjusted, 0 weekly-adjusted
  [DEBUG] Strict mode: Filtered out 4 non-preferred slots
  [DEBUG] Starting booking attempts. Max per day: 2, slots available: 5
  [DEBUG] Attempt 1/15: B0.16 12.00-13.00 (duration: 1.00h)

============================================================
Trying: B0.16 at 12:00-13:00
============================================================
  [DEBUG] Click calculation: slot=12.00-13.00, center=12.50, click_pct=34.38%
  [DEBUG] Viewport: 1920x1080, scrollY=0
  [DEBUG] Day grid: left=400, width=1505, right=1905
  [DEBUG] Click target: x=917, y=359 (target time: 12.00-13.00)
  Clicking at (917, 359) for B0.16 (center)...
  [DEBUG] Looking for 'Student booking provisional' button...
  Found 'Student booking provisional' button
  [DEBUG] Setting times: 12:00 to 13:00
  [DEBUG] Found time inputs, filling start time...
  [DEBUG] Filling end time...
  [DEBUG] Verified times: start=12:00, end=13:00
  [DEBUG] Checking for errors/conflicts on booking form...
  [DEBUG] Found 7 time patterns on page
  [DEBUG] Looking for Save button...
  [DEBUG] Save button icon: 'check'
  [DEBUG] Save button at: x=350, y=508
  Clicking Save...
  [DEBUG] After save - form visible: N/A, URL: https://rwcmd.asimut.net/arrangement?eventId=34209...
  [Tracker] Added booking: B0.16 2026-02-23 12.00-13.00
  [Tracker] Total bookings: 1, Day hours: 1.0h, Peak: 60/120 min
  SUCCESS: Booked B0.16 12:00-13:00
  [DEBUG] Booking successful! Day total: 1, session total: 1
  [DEBUG] Navigating back to calendar...
  [DEBUG] go_back() called
  [DEBUG] Booking form visible: False
  [DEBUG] go_back exception: Page.wait_for_selector: Timeout 5000ms exceeded.
Call log:
  - waiting for locator(".location-day") to be visible

  Warning: go_back issue (Page.wait_for_selector: Timeout 5000ms exceeded.
Call log:
  - waiting for locator(".location-day") to be visible
), trying Escape + browser back...
  [DEBUG] Refreshing slot data after successful booking...
  [DEBUG] Raw slots from page: 60 (from 29 rooms)
  [DEBUG] Updated peak quota for 2026-02-23: 60 min remaining
  [DEBUG] Rebuilt slot list: 3 slots remaining
  [DEBUG] Attempt 2/15: B0.13 13.50-22.25 (duration: 8.75h)
  Skipping B0.13 13:30: Only 15min past horizon (need 30min, wait 15min)
    [DEBUG] Horizon calc: now=13:46:05, slot=2026-02-23 13:30, available_from=2026-02-16 13:30, mins_since=16.1
  [DEBUG] Attempt 3/15: B0.14 13.50-22.25 (duration: 8.75h)
  Skipping B0.14 13:30: Only 15min past horizon (need 30min, wait 15min)
    [DEBUG] Horizon calc: now=13:46:05, slot=2026-02-23 13:30, available_from=2026-02-16 13:30, mins_since=16.1
  [DEBUG] Attempt 4/15: B0.16 13.50-22.25 (duration: 8.75h)
  Skipping B0.16 13:30: Only 15min past horizon (need 30min, wait 15min)
    [DEBUG] Horizon calc: now=13:46:05, slot=2026-02-23 13:30, available_from=2026-02-16 13:30, mins_since=16.1
  [DEBUG] No more valid slots (all_slots=0, conflicts filtered all)
  No more valid slots available

  Day summary: 1 bookings made, 4 attempts total

############################################################
# DAY 6: 2026-02-22 (Sunday)
############################################################
  [Smart redistribution] Current: 0.0h, Target: +3.5h, Max bookings: 2
  [DEBUG] Session stats: 1 bookings so far, peak for this day: 0/120min
  Navigating backward 1 day(s)...
  [DEBUG] Current URL: https://rwcmd.asimut.net/overview?locationGroupId=10...
  [DEBUG] Navigation complete, now on day 6
  [DEBUG] Slot scan time: 13:46:08
  Displayed date: Royal Welsh College of Music & Drama
  [DEBUG] Earliest slots for 7-day horizon rooms: {'B0.11': '09:30', 'B0.13': '09:30', 'B0.14': '09:30', 'B0.16': '09:30'}
  [DEBUG] Expected earliest (now - 7 days): ~13:46 on target date
  [DEBUG] Rooms skipped (not yet available): B0.23 (Available in 19.7h (horizon: 5d)), B0.27 (Available in 19.7h (horizon: 5d)), B0.29 (Available in 19.7h (horizon: 5d)), B1.06 (Available in 19.7h (horizon: 5d)), B1.07 (Available in 19.7h (horizon: 5d)), B1.08 (Available in 19.7h (horizon: 5d)), B1.09 (Available in 2.8d (horizon: 3d)), B1.10 (Available in 19.7h (horizon: 5d)), B1.11 (Available in 19.7h (horizon: 5d)), B1.14 (Available in 19.7h (horizon: 5d)), B1.15 (Available in 19.7h (horizon: 5d)), B1.16 (Available in 2.8d (horizon: 3d)), B1.17 (Available in 19.7h (horizon: 5d)), B1.18 (Available in 19.7h (horizon: 5d)), B1.19 (Available in 19.7h (horizon: 5d)), B1.20 (Available in 19.7h (horizon: 5d)), B1.21 (Available in 19.7h (horizon: 5d))
  Found 8 potential slots
  [DEBUG] First 10 slots: [('B0.11', '9.50-12.00'), ('B0.14', '9.50-11.00'), ('B0.16', '9.50-12.00'), ('B0.14', '15.00-16.25'), ('B0.16', '15.25-16.25'), ('B0.13', '9.50-10.00'), ('B0.14', '13.00-13.50'), ('B0.11', '15.75-16.25')]
  [DEBUG] Peak quota for 2026-02-22: 0/120 min used, 9999 min remaining
  [DEBUG] Starting booking attempts. Max per day: 2, slots available: 8
  [DEBUG] Attempt 1/15: B0.11 9.50-12.00 (duration: 2.50h)

============================================================
Trying: B0.11 at 09:30-11:30
============================================================
  [DEBUG] Click calculation: slot=9.50-11.50, center=10.50, click_pct=21.88%
  [DEBUG] Viewport: 1920x1080, scrollY=0
  [DEBUG] Day grid: left=400, width=1505, right=1905
  [DEBUG] Click target: x=729, y=239 (target time: 9.50-11.50)
  Clicking at (729, 239) for B0.11 (center)...
  [DEBUG] Looking for 'Student booking provisional' button...
  Found 'Student booking provisional' button
  [DEBUG] Setting times: 09:30 to 11:30
  [DEBUG] Found time inputs, filling start time...
  [DEBUG] Filling end time...
  [DEBUG] Verified times: start=09:30, end=11:30
  [DEBUG] Checking for errors/conflicts on booking form...
  [DEBUG] Found 7 time patterns on page
  [DEBUG] Looking for Save button...
  [DEBUG] Save button icon: 'check'
  [DEBUG] Save button at: x=350, y=508
  Clicking Save...
  [DEBUG] After save - form visible: N/A, URL: https://rwcmd.asimut.net/arrangement?eventId=34209...
  [Tracker] Added booking: B0.11 2026-02-22 9.50-11.50
  [Tracker] Total bookings: 2, Day hours: 2.0h, Peak: 0/120 min
  SUCCESS: Booked B0.11 09:30-11:30
  [DEBUG] Booking successful! Day total: 1, session total: 2
  [DEBUG] Navigating back to calendar...
  [DEBUG] go_back() called
  [DEBUG] Booking form visible: False
  [DEBUG] go_back exception: Page.wait_for_selector: Timeout 5000ms exceeded.
Call log:
  - waiting for locator(".location-day") to be visible

  Warning: go_back issue (Page.wait_for_selector: Timeout 5000ms exceeded.
Call log:
  - waiting for locator(".location-day") to be visible
), trying Escape + browser back...
  [DEBUG] Refreshing slot data after successful booking...
  [DEBUG] Raw slots from page: 37 (from 29 rooms)
  [DEBUG] Updated peak quota for 2026-02-22: 9999 min remaining
  [DEBUG] Rebuilt slot list: 6 slots remaining
  [DEBUG] Attempt 2/15: B0.14 15.00-16.25 (duration: 1.25h)

============================================================
Trying: B0.14 at 15:00-16:15
============================================================
  [DEBUG] Click calculation: slot=15.00-16.25, center=15.62, click_pct=53.91%
  [DEBUG] Viewport: 1920x1080, scrollY=0
  [DEBUG] Day grid: left=400, width=1505, right=1905
  [DEBUG] Click target: x=1211, y=319 (target time: 15.00-16.25)
  Clicking at (1211, 319) for B0.14 (center)...
  [DEBUG] Looking for 'Student booking provisional' button...
  Found 'Student booking provisional' button
  [DEBUG] Setting times: 15:00 to 16:15
  [DEBUG] Found time inputs, filling start time...
  [DEBUG] Filling end time...
  [DEBUG] Verified times: start=15:00, end=16:15
  [DEBUG] Checking for errors/conflicts on booking form...
  [DEBUG] Found 7 time patterns on page
  [DEBUG] Looking for Save button...
  [DEBUG] Save button icon: 'check'
  [DEBUG] Save button at: x=350, y=508
  Clicking Save...
  [DEBUG] After save - form visible: N/A, URL: https://rwcmd.asimut.net/arrangement?eventId=34209...
  [Tracker] Added booking: B0.14 2026-02-22 15.00-16.25
  [Tracker] Total bookings: 3, Day hours: 3.2h, Peak: 0/120 min
  SUCCESS: Booked B0.14 15:00-16:15
  [DEBUG] Booking successful! Day total: 2, session total: 3
  [DEBUG] Navigating back to calendar...
  [DEBUG] go_back() called
  [DEBUG] Booking form visible: False
  [DEBUG] go_back exception: Page.wait_for_selector: Timeout 5000ms exceeded.
Call log:
  - waiting for locator(".location-day") to be visible

  Warning: go_back issue (Page.wait_for_selector: Timeout 5000ms exceeded.
Call log:
  - waiting for locator(".location-day") to be visible
), trying Escape + browser back...
  [DEBUG] Refreshing slot data after successful booking...
  [DEBUG] Raw slots from page: 36 (from 29 rooms)
  [DEBUG] Updated peak quota for 2026-02-22: 9999 min remaining
  [DEBUG] Rebuilt slot list: 3 slots remaining

  Day summary: 2 bookings made, 2 attempts total

############################################################
# DAY 5: 2026-02-21 (Saturday)
############################################################
  [Smart redistribution] Current: 0.0h, Target: +3.5h, Max bookings: 2
  [DEBUG] Session stats: 3 bookings so far, peak for this day: 0/120min
  Navigating backward 1 day(s)...
  [DEBUG] Current URL: https://rwcmd.asimut.net/overview?locationGroupId=10...
  [DEBUG] Navigation complete, now on day 5
  [DEBUG] Slot scan time: 13:47:03
  Displayed date: Royal Welsh College of Music & Drama
  [DEBUG] Earliest slots for 7-day horizon rooms: {'B0.11': '08:00', 'B0.13': '08:00', 'B0.14': '08:00', 'B0.16': '08:00'}
  [DEBUG] Expected earliest (now - 7 days): ~13:47 on target date
  [DEBUG] Rooms skipped (not yet available): B1.09 (Available in 1.8d (horizon: 3d)), B1.16 (Available in 1.8d (horizon: 3d))
  Found 32 potential slots
  [DEBUG] First 10 slots: [('B1.21', '10.00-17.25'), ('B1.14', '11.00-17.25'), ('B1.18', '11.00-17.25'), ('B0.11', '11.50-13.00'), ('B1.11', '11.50-17.25'), ('B0.23', '11.50-17.25'), ('B1.17', '12.00-17.25'), ('B0.29', '13.00-17.25'), ('B0.14', '13.00-14.00'), ('B0.27', '13.50-17.25')]
  [DEBUG] Peak quota for 2026-02-21: 0/120 min used, 9999 min remaining
  [DEBUG] Strict mode: Filtered out 18 non-preferred slots
  [DEBUG] Starting booking attempts. Max per day: 2, slots available: 14
  [DEBUG] Attempt 1/15: B1.21 10.00-17.25 (duration: 7.25h)

============================================================
Trying: B1.21 at 10:00-12:00
============================================================
  [DEBUG] Click calculation: slot=10.00-12.00, center=11.00, click_pct=25.00%
  [DEBUG] Viewport: 1920x1080, scrollY=309
  [DEBUG] Day grid: left=400, width=1505, right=1905
  [DEBUG] Click target: x=776, y=850 (target time: 10.00-12.00)
  Clicking at (776, 850) for B1.21 (center)...
  [DEBUG] Looking for 'Student booking provisional' button...
  Found 'Student booking provisional' button
  [DEBUG] Setting times: 10:00 to 12:00
  [DEBUG] Found time inputs, filling start time...
  [DEBUG] Filling end time...
  [DEBUG] Verified times: start=10:00, end=12:00
  [DEBUG] Checking for errors/conflicts on booking form...
  [DEBUG] Found 7 time patterns on page
  [DEBUG] Looking for Save button...
  [DEBUG] Save button icon: 'check'
  [DEBUG] Save button at: x=350, y=508
  Clicking Save...
  [DEBUG] After save - form visible: N/A, URL: https://rwcmd.asimut.net/arrangement?eventId=34209...
  [Tracker] Added booking: B1.21 2026-02-21 10.00-12.00
  [Tracker] Total bookings: 4, Day hours: 2.0h, Peak: 0/120 min
  SUCCESS: Booked B1.21 10:00-12:00
  [DEBUG] Booking successful! Day total: 1, session total: 4
  [DEBUG] Navigating back to calendar...
  [DEBUG] go_back() called
  [DEBUG] Booking form visible: False
  [DEBUG] go_back exception: Page.wait_for_selector: Timeout 5000ms exceeded.
Call log:
  - waiting for locator(".location-day") to be visible

  Warning: go_back issue (Page.wait_for_selector: Timeout 5000ms exceeded.
Call log:
  - waiting for locator(".location-day") to be visible
), trying Escape + browser back...
  [DEBUG] Refreshing slot data after successful booking...
  [DEBUG] Raw slots from page: 44 (from 29 rooms)
  [DEBUG] Updated peak quota for 2026-02-21: 9999 min remaining
  [DEBUG] Rebuilt slot list: 22 slots remaining
  [DEBUG] Attempt 2/15: B0.11 12.00-13.00 (duration: 1.00h)

============================================================
Trying: B0.11 at 12:00-13:00
============================================================
  [DEBUG] Click calculation: slot=12.00-13.00, center=12.50, click_pct=34.38%
  [DEBUG] Viewport: 1920x1080, scrollY=0
  [DEBUG] Day grid: left=400, width=1505, right=1905
  [DEBUG] Click target: x=917, y=239 (target time: 12.00-13.00)
  Clicking at (917, 239) for B0.11 (center)...
  [DEBUG] Looking for 'Student booking provisional' button...
  Found 'Student booking provisional' button
  [DEBUG] Setting times: 12:00 to 13:00
  [DEBUG] Found time inputs, filling start time...
  [DEBUG] Filling end time...
  [DEBUG] Verified times: start=12:00, end=13:00
  [DEBUG] Checking for errors/conflicts on booking form...
  [DEBUG] Found 7 time patterns on page
  [DEBUG] Looking for Save button...
  [DEBUG] Save button icon: 'check'
  [DEBUG] Save button at: x=350, y=508
  Clicking Save...
  [DEBUG] After save - form visible: N/A, URL: https://rwcmd.asimut.net/arrangement?eventId=34209...
  [Tracker] Added booking: B0.11 2026-02-21 12.00-13.00
  [Tracker] Total bookings: 5, Day hours: 3.0h, Peak: 0/120 min
  SUCCESS: Booked B0.11 12:00-13:00
  [DEBUG] Booking successful! Day total: 2, session total: 5
  [DEBUG] Navigating back to calendar...
  [DEBUG] go_back() called
  [DEBUG] Booking form visible: False
  [DEBUG] go_back exception: Page.wait_for_selector: Timeout 5000ms exceeded.
Call log:
  - waiting for locator(".location-day") to be visible

  Warning: go_back issue (Page.wait_for_selector: Timeout 5000ms exceeded.
Call log:
  - waiting for locator(".location-day") to be visible
), trying Escape + browser back...
  [DEBUG] Refreshing slot data after successful booking...
  [DEBUG] Raw slots from page: 44 (from 29 rooms)
  [DEBUG] Updated peak quota for 2026-02-21: 9999 min remaining
  [DEBUG] Rebuilt slot list: 19 slots remaining

  Day summary: 2 bookings made, 2 attempts total

############################################################
# DAY 4: 2026-02-20 (Friday)
############################################################
  [Smart redistribution] Current: 0.0h, Target: +3.5h, Max bookings: 2
  [DEBUG] Session stats: 5 bookings so far, peak for this day: 0/120min
  Navigating backward 1 day(s)...
  [DEBUG] Current URL: https://rwcmd.asimut.net/overview?locationGroupId=10...
  [DEBUG] Navigation complete, now on day 4
  [DEBUG] Slot scan time: 13:47:59
  Displayed date: Royal Welsh College of Music & Drama
  [DEBUG] Earliest slots for 7-day horizon rooms: {'B0.11': '07:30', 'B0.13': '07:30', 'B0.14': '07:30', 'B0.16': '07:30'}
  [DEBUG] Expected earliest (now - 7 days): ~13:47 on target date
  [DEBUG] Rooms skipped (not yet available): B1.09 (Available in 17.7h (horizon: 3d)), B1.16 (Available in 17.7h (horizon: 3d))
  Found 48 potential slots
  [DEBUG] First 10 slots: [('B1.08', '11.00-12.00'), ('B1.11', '12.00-13.00'), ('B1.11', '16.00-17.00'), ('B0.23', '16.50-22.25'), ('B0.27', '17.00-18.00'), ('B1.10', '17.00-22.25'), ('B1.08', '17.50-22.25'), ('B1.17', '18.00-22.25'), ('B1.20', '18.00-22.25'), ('B1.21', '18.00-22.25')]
  [DEBUG] Peak quota for 2026-02-20: 0/120 min used, 120 min remaining
  [DEBUG] Strict mode: Filtered out 20 non-preferred slots
  [DEBUG] Starting booking attempts. Max per day: 2, slots available: 28
  [DEBUG] Attempt 1/15: B1.08 11.00-12.00 (duration: 1.00h)

============================================================
Trying: B1.08 at 11:00-12:00
============================================================
  [DEBUG] Click calculation: slot=11.00-12.00, center=11.50, click_pct=28.12%
  [DEBUG] Viewport: 1920x1080, scrollY=179
  [DEBUG] Day grid: left=400, width=1505, right=1905
  [DEBUG] Click target: x=823, y=540 (target time: 11.00-12.00)
  Clicking at (823, 540) for B1.08 (center)...
  [DEBUG] Looking for 'Student booking provisional' button...
  Found 'Student booking provisional' button
  [DEBUG] Setting times: 11:00 to 12:00
  [DEBUG] Found time inputs, filling start time...
  [DEBUG] Filling end time...
  [DEBUG] Verified times: start=11:00, end=12:00
  [DEBUG] Checking for errors/conflicts on booking form...
  [DEBUG] Found 7 time patterns on page
  [DEBUG] Looking for Save button...
  [DEBUG] Save button icon: 'check'
  [DEBUG] Save button at: x=350, y=508
  Clicking Save...
  [DEBUG] After save - form visible: N/A, URL: https://rwcmd.asimut.net/arrangement?eventId=34209...
  [Tracker] Added booking: B1.08 2026-02-20 11.00-12.00
  [Tracker] Total bookings: 6, Day hours: 1.0h, Peak: 60/120 min
  SUCCESS: Booked B1.08 11:00-12:00
  [DEBUG] Booking successful! Day total: 1, session total: 6
  [DEBUG] Navigating back to calendar...
  [DEBUG] go_back() called
  [DEBUG] Booking form visible: False
  [DEBUG] go_back exception: Page.wait_for_selector: Timeout 5000ms exceeded.
Call log:
  - waiting for locator(".location-day") to be visible

  Warning: go_back issue (Page.wait_for_selector: Timeout 5000ms exceeded.
Call log:
  - waiting for locator(".location-day") to be visible
), trying Escape + browser back...
  [DEBUG] Refreshing slot data after successful booking...
  [DEBUG] Raw slots from page: 74 (from 29 rooms)
  [DEBUG] Updated peak quota for 2026-02-20: 60 min remaining
  [DEBUG] Rebuilt slot list: 26 slots remaining
  [DEBUG] Attempt 2/15: B1.11 12.00-13.00 (duration: 1.00h)

============================================================
Trying: B1.11 at 12:00-13:00
============================================================
  [DEBUG] Click calculation: slot=12.00-13.00, center=12.50, click_pct=34.38%
  [DEBUG] Viewport: 1920x1080, scrollY=299
  [DEBUG] Day grid: left=400, width=1505, right=1905
  [DEBUG] Click target: x=917, y=540 (target time: 12.00-13.00)
  Clicking at (917, 540) for B1.11 (center)...
  [DEBUG] Looking for 'Student booking provisional' button...
  Found 'Student booking provisional' button
  [DEBUG] Setting times: 12:00 to 13:00
  [DEBUG] Found time inputs, filling start time...
  [DEBUG] Filling end time...
  [DEBUG] Verified times: start=12:00, end=13:00
  [DEBUG] Checking for errors/conflicts on booking form...
  [DEBUG] Found 7 time patterns on page
  [DEBUG] Looking for Save button...
  [DEBUG] Save button icon: 'check'
  [DEBUG] Save button at: x=350, y=378
  Clicking Save...
  [DEBUG] After save - form visible: N/A, URL: https://rwcmd.asimut.net/arrangement?eventId=34209...
  [Tracker] Added booking: B1.11 2026-02-20 12.00-13.00
  [Tracker] Total bookings: 7, Day hours: 2.0h, Peak: 120/120 min
  SUCCESS: Booked B1.11 12:00-13:00
  [DEBUG] Booking successful! Day total: 2, session total: 7
  [DEBUG] Navigating back to calendar...
  [DEBUG] go_back() called
  [DEBUG] Booking form visible: False
  [DEBUG] go_back exception: Page.wait_for_selector: Timeout 5000ms exceeded.
Call log:
  - waiting for locator(".location-day") to be visible

  Warning: go_back issue (Page.wait_for_selector: Timeout 5000ms exceeded.
Call log:
  - waiting for locator(".location-day") to be visible
), trying Escape + browser back...
  [DEBUG] Refreshing slot data after successful booking...
  [DEBUG] Raw slots from page: 73 (from 29 rooms)
  [DEBUG] Updated peak quota for 2026-02-20: 0 min remaining
  [DEBUG] Rebuilt slot list: 22 slots remaining

  Day summary: 2 bookings made, 2 attempts total

############################################################
# DAY 3: 2026-02-19 (Thursday)
############################################################
  [Smart redistribution] Current: 0.0h, Target: +3.5h, Max bookings: 2
  [DEBUG] Session stats: 7 bookings so far, peak for this day: 0/120min
  Navigating backward 1 day(s)...
  [DEBUG] Current URL: https://rwcmd.asimut.net/overview?locationGroupId=10...
  [DEBUG] Navigation complete, now on day 3
  [DEBUG] Slot scan time: 13:48:56
  Displayed date: Royal Welsh College of Music & Drama
  [DEBUG] Earliest slots for 7-day horizon rooms: {'B0.11': '07:30', 'B0.13': '07:30', 'B0.14': '07:30', 'B0.16': '07:30'}
  [DEBUG] Expected earliest (now - 7 days): ~13:48 on target date
  [DEBUG] Rooms skipped (not yet available): B1.09 (Available in 4.2h (horizon: 3d)), B1.16 (Available in 3.2h (horizon: 3d))
  Found 42 potential slots
  [DEBUG] First 10 slots: [('B1.10', '16.00-22.25'), ('B1.07', '18.00-22.25'), ('B1.18', '19.00-22.25'), ('B1.08', '19.00-22.25'), ('B1.06', '19.25-22.25'), ('B1.19', '19.50-22.25'), ('B1.11', '19.50-22.25'), ('B1.14', '20.00-22.25'), ('B1.17', '20.00-22.25'), ('B1.21', '20.00-22.25')]
  [DEBUG] Peak quota for 2026-02-19: 0/120 min used, 120 min remaining
  [DEBUG] Strict mode: Filtered out 26 non-preferred slots
  [DEBUG] Starting booking attempts. Max per day: 2, slots available: 16
  [DEBUG] Attempt 1/15: B1.10 16.00-22.25 (duration: 6.25h)

============================================================
Trying: B1.10 at 16:00-18:00
============================================================
  [DEBUG] Click calculation: slot=16.00-18.00, center=17.00, click_pct=62.50%
  [DEBUG] Viewport: 1920x1080, scrollY=259
  [DEBUG] Day grid: left=400, width=1505, right=1905
  [DEBUG] Click target: x=1341, y=540 (target time: 16.00-18.00)
  Clicking at (1341, 540) for B1.10 (center)...
  [DEBUG] Looking for 'Student booking provisional' button...
  Found 'Student booking provisional' button
  [DEBUG] Setting times: 16:00 to 18:00
  [DEBUG] Found time inputs, filling start time...
  [DEBUG] Filling end time...
  [DEBUG] Verified times: start=16:00, end=18:00
  [DEBUG] Checking for errors/conflicts on booking form...
  [DEBUG] Found 7 time patterns on page
  [DEBUG] Looking for Save button...
  [DEBUG] Save button icon: 'check'
  [DEBUG] Save button at: x=350, y=508
  Clicking Save...
  [DEBUG] After save - form visible: N/A, URL: https://rwcmd.asimut.net/arrangement?eventId=34209...
  [Tracker] Added booking: B1.10 2026-02-19 16.00-18.00
  [Tracker] Total bookings: 8, Day hours: 2.0h, Peak: 0/120 min
  SUCCESS: Booked B1.10 16:00-18:00
  [DEBUG] Booking successful! Day total: 1, session total: 8
  [DEBUG] Navigating back to calendar...
  [DEBUG] go_back() called
  [DEBUG] Booking form visible: False
  [DEBUG] go_back exception: Page.wait_for_selector: Timeout 5000ms exceeded.
Call log:
  - waiting for locator(".location-day") to be visible

  Warning: go_back issue (Page.wait_for_selector: Timeout 5000ms exceeded.
Call log:
  - waiting for locator(".location-day") to be visible
), trying Escape + browser back...
  [DEBUG] Refreshing slot data after successful booking...
  [DEBUG] Raw slots from page: 65 (from 29 rooms)
  [DEBUG] Updated peak quota for 2026-02-19: 120 min remaining
  [DEBUG] Rebuilt slot list: 15 slots remaining
  [DEBUG] Attempt 2/15: B1.07 18.00-22.25 (duration: 4.25h)

============================================================
Trying: B1.07 at 18:00-20:00
============================================================
  [DEBUG] Click calculation: slot=18.00-20.00, center=19.00, click_pct=75.00%
  [DEBUG] Viewport: 1920x1080, scrollY=139
  [DEBUG] Day grid: left=400, width=1505, right=1905
  [DEBUG] Click target: x=1529, y=540 (target time: 18.00-20.00)
  Clicking at (1529, 540) for B1.07 (center)...
  [DEBUG] Looking for 'Student booking provisional' button...
  Found 'Student booking provisional' button
  [DEBUG] Setting times: 18:00 to 20:00
  [DEBUG] Found time inputs, filling start time...
  [DEBUG] Filling end time...
  [DEBUG] Verified times: start=18:00, end=20:00
  [DEBUG] Checking for errors/conflicts on booking form...
  [DEBUG] Found 7 time patterns on page
  [DEBUG] Looking for Save button...
  [DEBUG] Save button icon: 'check'
  [DEBUG] Save button at: x=350, y=508
  Clicking Save...
  [DEBUG] After save - form visible: N/A, URL: https://rwcmd.asimut.net/arrangement?eventId=34209...
  [Tracker] Added booking: B1.07 2026-02-19 18.00-20.00
  [Tracker] Total bookings: 9, Day hours: 4.0h, Peak: 0/120 min
  SUCCESS: Booked B1.07 18:00-20:00
  [DEBUG] Booking successful! Day total: 2, session total: 9
  [DEBUG] Navigating back to calendar...
  [DEBUG] go_back() called
  [DEBUG] Booking form visible: False
  [DEBUG] go_back exception: Page.wait_for_selector: Timeout 5000ms exceeded.
Call log:
  - waiting for locator(".location-day") to be visible

  Warning: go_back issue (Page.wait_for_selector: Timeout 5000ms exceeded.
Call log:
  - waiting for locator(".location-day") to be visible
), trying Escape + browser back...
  [DEBUG] Refreshing slot data after successful booking...
  [DEBUG] Raw slots from page: 65 (from 29 rooms)
  [DEBUG] Updated peak quota for 2026-02-19: 120 min remaining
  [DEBUG] Rebuilt slot list: 15 slots remaining

  Day summary: 2 bookings made, 2 attempts total

############################################################
# DAY 2: 2026-02-18 (Wednesday)
############################################################
  [Smart redistribution] Current: 3.0h, Target: +0.5h, Max bookings: 1
  [DEBUG] Session stats: 9 bookings so far, peak for this day: 30/120min
  Navigating backward 1 day(s)...
  [DEBUG] Current URL: https://rwcmd.asimut.net/overview?locationGroupId=10...
  [DEBUG] Navigation complete, now on day 2
  [DEBUG] Slot scan time: 13:49:52
  Displayed date: Royal Welsh College of Music & Drama
  [DEBUG] Earliest slots for 7-day horizon rooms: {'B0.11': '07:30', 'B0.13': '07:30', 'B0.14': '20:00', 'B0.16': '07:30'}
  [DEBUG] Expected earliest (now - 7 days): ~13:49 on target date
  Found 39 potential slots
  [DEBUG] First 10 slots: [('B1.08', '10.00-15.00'), ('B0.23', '18.00-22.25'), ('B1.18', '18.50-22.25'), ('B1.10', '19.00-22.25'), ('B1.11', '19.00-22.25'), ('B1.16', '19.50-22.25'), ('B1.06', '19.50-22.25'), ('B1.08', '19.50-22.25'), ('B0.14', '20.00-22.25'), ('B0.27', '20.00-22.25')]
  [DEBUG] Peak quota for 2026-02-18: 30/120 min used, 90 min remaining
  [DEBUG] Known conflicts for this day: ['11.50-12.00', '14.00-16.00', '19.00-19.50', '19.50-21.50', '20.00-22.00']
  [DEBUG] Slot adjustment: 16 conflict-removed, 0 removed, 4 adjusted, 1 peak-adjusted, 0 weekly-adjusted
  [DEBUG] Strict mode: Filtered out 19 non-preferred slots
  [DEBUG] Starting booking attempts. Max per day: 1, slots available: 5
  [DEBUG] Attempt 1/15: B1.08 10.00-11.50 (duration: 1.50h)

============================================================
Trying: B1.08 at 10:00-11:30
============================================================
  [DEBUG] Click calculation: slot=10.00-11.50, center=10.75, click_pct=23.44%
  [DEBUG] Viewport: 1920x1080, scrollY=179
  [DEBUG] Day grid: left=400, width=1505, right=1905
  [DEBUG] Click target: x=753, y=540 (target time: 10.00-11.50)
  Clicking at (753, 540) for B1.08 (center)...
  [DEBUG] Looking for 'Student booking provisional' button...
  Found 'Student booking provisional' button
  [DEBUG] Setting times: 10:00 to 11:30
  [DEBUG] Found time inputs, filling start time...
  [DEBUG] Filling end time...
  [DEBUG] Verified times: start=10:00, end=11:30
  [DEBUG] Checking for errors/conflicts on booking form...
  [DEBUG] Found 7 time patterns on page
  [DEBUG] Looking for Save button...
  [DEBUG] Save button icon: 'check'
  [DEBUG] Save button at: x=350, y=508
  Clicking Save...
  [DEBUG] After save - form visible: N/A, URL: https://rwcmd.asimut.net/arrangement?eventId=34209...
  [Tracker] Added booking: B1.08 2026-02-18 10.00-11.50
  [Tracker] Total bookings: 10, Day hours: 4.5h, Peak: 120/120 min
  SUCCESS: Booked B1.08 10:00-11:30
  [DEBUG] Booking successful! Day total: 1, session total: 10
  [DEBUG] Navigating back to calendar...
  [DEBUG] go_back() called
  [DEBUG] Booking form visible: False
  [DEBUG] go_back exception: Page.wait_for_selector: Timeout 5000ms exceeded.
Call log:
  - waiting for locator(".location-day") to be visible

  Warning: go_back issue (Page.wait_for_selector: Timeout 5000ms exceeded.
Call log:
  - waiting for locator(".location-day") to be visible
), trying Escape + browser back...
  [DEBUG] Refreshing slot data after successful booking...
  [DEBUG] Raw slots from page: 62 (from 29 rooms)
  [DEBUG] Updated peak quota for 2026-02-18: 0 min remaining
  [DEBUG] Rebuilt slot list: 1 slots remaining

  Day summary: 1 bookings made, 1 attempts total

############################################################
# DAY 1: 2026-02-17 (Tuesday)
############################################################
  [Smart redistribution] Current: 3.2h, Target: +0.2h, Max bookings: 1
  [DEBUG] Session stats: 10 bookings so far, peak for this day: 30/120min
  Navigating backward 1 day(s)...
  [DEBUG] Current URL: https://rwcmd.asimut.net/overview?locationGroupId=10...
  [DEBUG] Navigation complete, now on day 1
  [DEBUG] Slot scan time: 13:50:21
  Displayed date: Royal Welsh College of Music & Drama
  [DEBUG] Earliest slots for 7-day horizon rooms: {'B0.11': '07:30', 'B0.13': '07:30', 'B0.14': '07:30', 'B0.16': '07:30'}
  [DEBUG] Expected earliest (now - 7 days): ~13:50 on target date
  Found 36 potential slots
  [DEBUG] First 10 slots: [('B0.23', '19.50-22.25'), ('B1.07', '19.50-20.00'), ('B0.29', '7.50-9.00'), ('B1.14', '7.50-8.50'), ('B0.16', '7.50-9.00'), ('B1.20', '7.50-8.50'), ('B1.09', '21.00-22.25'), ('B1.20', '21.00-22.25'), ('B1.19', '21.25-22.25'), ('B1.09', '7.50-8.00')]
  [DEBUG] Peak quota for 2026-02-17: 30/120 min used, 90 min remaining
  [DEBUG] Known conflicts for this day: ['12.00-12.50', '19.00-19.50', '20.00-20.50', '20.50-22.25']
  [DEBUG] Slot adjustment: 15 conflict-removed, 0 removed, 1 adjusted, 0 peak-adjusted, 0 weekly-adjusted
  [DEBUG] Strict mode: Filtered out 20 non-preferred slots
  [DEBUG] Starting booking attempts. Max per day: 1, slots available: 1
  [DEBUG] Attempt 1/15: B0.23 19.50-20.00 (duration: 0.50h)

============================================================
Trying: B0.23 at 19:30-20:00
============================================================
  [DEBUG] Click calculation: slot=19.50-20.00, center=19.75, click_pct=79.69%
  [DEBUG] Viewport: 1920x1080, scrollY=0
  [DEBUG] Day grid: left=400, width=1505, right=1905
  [DEBUG] Click target: x=1599, y=399 (target time: 19.50-20.00)
  Clicking at (1599, 399) for B0.23 (center)...
  [DEBUG] Looking for 'Student booking provisional' button...
  Found 'Student booking provisional' button
  [DEBUG] Setting times: 19:30 to 20:00
  [DEBUG] Found time inputs, filling start time...
  [DEBUG] Filling end time...
  [DEBUG] Verified times: start=19:30, end=20:00
  [DEBUG] Checking for errors/conflicts on booking form...
  [DEBUG] Found 7 time patterns on page
  [DEBUG] Looking for Save button...
  [DEBUG] Save button icon: 'check'
  [DEBUG] Save button at: x=350, y=508
  Clicking Save...
  [DEBUG] After save - form visible: N/A, URL: https://rwcmd.asimut.net/arrangement?eventId=34209...
  [Tracker] Added booking: B0.23 2026-02-17 19.50-20.00
  [Tracker] Total bookings: 11, Day hours: 3.8h, Peak: 30/120 min
  SUCCESS: Booked B0.23 19:30-20:00
  [DEBUG] Booking successful! Day total: 1, session total: 11
  [DEBUG] Navigating back to calendar...
  [DEBUG] go_back() called
  [DEBUG] Booking form visible: False
  [DEBUG] go_back exception: Page.wait_for_selector: Timeout 5000ms exceeded.
Call log:
  - waiting for locator(".location-day") to be visible

  Warning: go_back issue (Page.wait_for_selector: Timeout 5000ms exceeded.
Call log:
  - waiting for locator(".location-day") to be visible
), trying Escape + browser back...
  [DEBUG] Refreshing slot data after successful booking...
  [DEBUG] Raw slots from page: 58 (from 29 rooms)
  [DEBUG] Updated peak quota for 2026-02-17: 90 min remaining
  [DEBUG] Rebuilt slot list: 0 slots remaining

  Day summary: 1 bookings made, 1 attempts total

############################################################
# DAY 0: 2026-02-16 (Monday)
############################################################
  [Smart redistribution] Current: 2.5h, Target: +0.7h, Max bookings: 1
  [DEBUG] Session stats: 11 bookings so far, peak for this day: 0/120min
  Navigating backward 1 day(s)...
  [DEBUG] Current URL: https://rwcmd.asimut.net/overview?locationGroupId=10...
  [DEBUG] Navigation complete, now on day 0
  [DEBUG] Slot scan time: 13:50:50
  Displayed date: Royal Welsh College of Music & Drama
  [DEBUG] Earliest slots for 7-day horizon rooms: {'B0.11': '07:30', 'B0.13': '07:30', 'B0.14': '07:30', 'B0.16': '07:30'}
  [DEBUG] Expected earliest (now - 7 days): ~13:50 on target date
  Found 17 potential slots
  [DEBUG] First 10 slots: [('B0.14', '14.00-15.00'), ('B0.16', '14.00-16.00'), ('B1.10', '20.00-22.25'), ('B1.06', '20.50-22.25'), ('B1.14', '20.75-22.25'), ('B1.21', '19.50-20.00'), ('B1.08', '20.00-20.50'), ('B1.19', '20.50-21.00'), ('B0.16', '21.00-22.25'), ('B1.21', '21.00-22.25')]
  [DEBUG] Peak quota for 2026-02-16: 0/120 min used, 120 min remaining
  [DEBUG] Known conflicts for this day: ['17.50-18.00', '20.00-22.00']
  [DEBUG] Slot adjustment: 14 conflict-removed, 0 removed, 0 adjusted, 0 peak-adjusted, 0 weekly-adjusted
  [DEBUG] Starting booking attempts. Max per day: 1, slots available: 3
  [DEBUG] Attempt 1/15: B0.14 14.00-15.00 (duration: 1.00h)

============================================================
Trying: B0.14 at 14:00-15:00
============================================================
  [DEBUG] Click calculation: slot=14.00-15.00, center=14.50, click_pct=46.88%
  [DEBUG] Viewport: 1920x1080, scrollY=0
  [DEBUG] Day grid: left=400, width=1505, right=1905
  [DEBUG] Click target: x=1105, y=319 (target time: 14.00-15.00)
  Clicking at (1105, 319) for B0.14 (center)...
  [DEBUG] Looking for 'Student booking provisional' button...
  Found 'Student booking provisional' button
  [DEBUG] Setting times: 14:00 to 15:00
  [DEBUG] Found time inputs, filling start time...
  [DEBUG] Filling end time...
  [DEBUG] Verified times: start=14:00, end=15:00
  [DEBUG] Checking for errors/conflicts on booking form...
  [DEBUG] Found 7 time patterns on page
  [DEBUG] Looking for Save button...
  [DEBUG] Save button icon: 'check'
  [DEBUG] Save button at: x=350, y=508
  Clicking Save...
  [DEBUG] After save - form visible: N/A, URL: https://rwcmd.asimut.net/arrangement?eventId=34209...
  [Tracker] Added booking: B0.14 2026-02-16 14.00-15.00
  [Tracker] Total bookings: 12, Day hours: 3.5h, Peak: 60/120 min
  SUCCESS: Booked B0.14 14:00-15:00
  [DEBUG] Booking successful! Day total: 1, session total: 12
  [DEBUG] Navigating back to calendar...
  [DEBUG] go_back() called
  [DEBUG] Booking form visible: False
  [DEBUG] go_back exception: Page.wait_for_selector: Timeout 5000ms exceeded.
Call log:
  - waiting for locator(".location-day") to be visible

  Warning: go_back issue (Page.wait_for_selector: Timeout 5000ms exceeded.
Call log:
  - waiting for locator(".location-day") to be visible
), trying Escape + browser back...
  [DEBUG] Refreshing slot data after successful booking...
  [DEBUG] Raw slots from page: 68 (from 29 rooms)
  [DEBUG] Updated peak quota for 2026-02-16: 60 min remaining
  [DEBUG] Rebuilt slot list: 13 slots remaining

  Day summary: 1 bookings made, 1 attempts total

============================================================
BOOKING COMPLETE
============================================================
Total bookings made: 12
Peak hours used (per day):
  2026-02-16: 60/120 min
  2026-02-17: 30/120 min
  2026-02-18: 120/120 min
  2026-02-20: 120/120 min
  2026-02-23: 60/120 min

All bookings:
  2026-02-23 B0.16 12:00-13:00
  2026-02-22 B0.11 09:30-11:30
  2026-02-22 B0.14 15:00-16:15
  2026-02-21 B1.21 10:00-12:00
  2026-02-21 B0.11 12:00-13:00
  2026-02-20 B1.08 11:00-12:00
  2026-02-20 B1.11 12:00-13:00
  2026-02-19 B1.10 16:00-18:00
  2026-02-19 B1.07 18:00-20:00
  2026-02-18 B1.08 10:00-11:30
  2026-02-17 B0.23 19:30-20:00
  2026-02-16 B0.14 14:00-15:00
============================================================
History saved: 12 bookings, 11 events
Notification sent: Booked 12 rooms

Keeping browser open for 30 seconds to verify...
============================================================ 
[16/02/2026 13:51:47.47] Booking run completed 
