[05/02/2026 16:58:04.42] Starting scheduled booking run... 
============================================================ 
============================================================
ASIMUT WEEK BOOKER
============================================================
Today: 2026-02-05
Booking for: 2026-02-05 to 2026-02-12
Mode: Visible browser
============================================================

============================================================
SCANNING MY AGENDA FOR EXISTING EVENTS
============================================================
  [DEBUG] Navigating to agenda page...
  [DEBUG] Agenda page loaded, URL: https://rwcmd.asimut.net/agenda...
  Scrolling until we reach 12 February 2026...
  [DEBUG] Found target date '12 February 2026' after 2 scrolls
  Final pass to capture all events (10 scrolls)...
  [DEBUG] Raw events extracted: 23

  Found 23 unique events in agenda (deduplicated from 23):
  [Tracker] Added conflict: 2026-02-05 15.00-16.00
      2026-02-05 (Thursday): 15:00 - 16:00 in B1.20
  [Tracker] Added reservation: 2026-02-05 16.00-16.50
  [R] 2026-02-05 (Thursday): 16:00 - 16:30 in B1.08
  [Tracker] Added conflict: 2026-02-05 17.00-18.00
      2026-02-05 (Thursday): 17:00 - 18:00 in B1.19
  [Tracker] Added reservation: 2026-02-05 18.00-20.00
  [R] 2026-02-05 (Thursday): 18:00 - 20:00 in B1.20
  [Tracker] Added reservation: 2026-02-05 20.00-22.00
  [R] 2026-02-05 (Thursday): 20:00 - 22:00 in B0.27
  [Tracker] Added reservation: 2026-02-06 9.50-10.00 (+30min peak)
  [R] 2026-02-06 (Friday): 09:30 - 10:00 in B0.11
  [Tracker] Added reservation: 2026-02-06 11.00-11.50 (+30min peak)
  [R] 2026-02-06 (Friday): 11:00 - 11:30 in B1.10
  [Tracker] Added reservation: 2026-02-06 13.00-13.50 (+30min peak)
  [R] 2026-02-06 (Friday): 13:00 - 13:30 in B1.10
  [Tracker] Added reservation: 2026-02-06 19.50-20.50
  [R] 2026-02-06 (Friday): 19:30 - 20:30 in B1.21
  [Tracker] Added reservation: 2026-02-06 20.50-22.25
  [R] 2026-02-06 (Friday): 20:30 - 22:15 in B1.17
  [Tracker] Added reservation: 2026-02-07 10.50-11.25
  [R] 2026-02-07 (Saturday): 10:30 - 11:15 in B0.16
  [Tracker] Added reservation: 2026-02-08 9.50-10.25
  [R] 2026-02-08 (Sunday): 09:30 - 10:15 in B0.13
  [Tracker] Added conflict: 2026-02-08 11.00-13.00
      2026-02-08 (Sunday): 11:00 - 13:00
  [Tracker] Added conflict: 2026-02-08 14.50-17.50
      2026-02-08 (Sunday): 14:30 - 17:30
  [Tracker] Added reservation: 2026-02-09 9.75-11.25 (+90min peak)
  [R] 2026-02-09 (Monday): 09:45 - 11:15 in B0.13
  [Tracker] Added reservation: 2026-02-09 20.00-22.00
  [R] 2026-02-09 (Monday): 20:00 - 22:00 in B0.16
  [Tracker] Added reservation: 2026-02-10 9.00-10.00 (+60min peak)
  [R] 2026-02-10 (Tuesday): 09:00 - 10:00 in B0.16
  [Tracker] Added conflict: 2026-02-10 11.25-13.00
      2026-02-10 (Tuesday): 11:15 - 13:00
  [Tracker] Added conflict: 2026-02-10 13.00-14.00
      2026-02-10 (Tuesday): 13:00 - 14:00
  [Tracker] Added conflict: 2026-02-10 18.00-21.00
      2026-02-10 (Tuesday): 18:00 - 21:00 in B0.08
  [Tracker] Added conflict: 2026-02-11 16.00-17.50
      2026-02-11 (Wednesday): 16:00 - 17:30 in B0.03
  [Tracker] Added conflict: 2026-02-12 10.00-11.00
      2026-02-12 (Thursday): 10:00 - 11:00 in B1.09
  [Tracker] Added conflict: 2026-02-12 17.00-18.00
      2026-02-12 (Thursday): 17:00 - 18:00 in B0.03

  Total events: 23 (13 reservations, 10 other)

  Rolling quota: 14.8/28 hours this week
  [OK] Can book 13.2 more hours
  Peak hours from existing reservations:
    2026-02-06: 90/120 min
    2026-02-09: 90/120 min
    2026-02-10: 60/120 min
============================================================

Navigating to practice rooms (AHC)...
  Currently showing: Unknown

  Disabled dates (will skip): ['2026-02-02', '2026-02-03', '2026-02-04', '2026-02-05', '2026-02-06', '2026-02-07', '2026-02-08', '2026-02-09']

  Time preferences: Prioritizing 09:00 - 21:00
  Strict mode: ON (only booking preferred times)

  Booking strategy: REVERSE ORDER (furthest dates first)

  Smart redistribution calculation:
    Enabled days: 3/8
    Remaining quota: 13.2h
    Ideal hours/day: 9.3h
    Current hours per day:
      2026-02-10 (Tue): 1.0h [needs +8.3h]
      2026-02-11 (Wed): 0.0h [needs +9.3h]
      2026-02-12 (Thu): 0.0h [needs +9.3h]

  Navigating to day 7 first (reverse order strategy)...

============================================================
CHECKING FOR HORIZON SNIPE OPPORTUNITIES (MULTI-DAY)
============================================================

  Scanning 3 horizon days for snipe candidates: [7, 5, 3]

    Scanning Day 7 (2026-02-12) for 7-day horizon rooms...
      No snipe candidates found for Day 7

    Scanning Day 5 (2026-02-10) for 5-day horizon rooms...
    Navigating backward 2 day(s) to Day 5...
      No snipe candidates found for Day 5

    Scanning Day 3 (2026-02-08) for 3-day horizon rooms...
    Navigating backward 2 day(s) to Day 3...
      No snipe candidates found for Day 3

  Total snipe candidates found: 0
  No snipe candidates found (no slots becoming bookable within 3 minutes)
============================================================

============================================================
READY - Waiting for target time: 17:00
============================================================
Current time: 16:59:00
Seconds to wait: 60
  T-50s...
  T-40s...
  T-30s...
  T-20s...
  T-10s...
  T-0s...

>>> TARGET TIME REACHED: 17:00:00 <<<
============================================================


============================================================
REFRESHING PAGE FOR UPDATED SLOT AVAILABILITY
============================================================
  [DEBUG] Pre-refresh time: 17:00:00.083
  [DEBUG] Current URL: https://rwcmd.asimut.net/overview?locationGroupId=10...
  [DEBUG] Calendar position before refresh: day 3
  [DEBUG] Post-refresh time: 17:00:02.831
  [DEBUG] Refresh took: 2.75s
  [DEBUG] Post-refresh URL: https://rwcmd.asimut.net/overview?locationGroupId=10...
  [DEBUG] Calendar position after refresh: day 3 (unchanged)
  [DEBUG] Could not extract slot times
============================================================

############################################################
# DAY 7: 2026-02-12 (Thursday)
############################################################
  [Smart redistribution] Current: 0.0h, Target: +9.3h, Max bookings: 5
  [DEBUG] Session stats: 0 bookings so far, peak for this day: 0/120min
  Navigating forward 4 day(s)...
  [DEBUG] Current URL: https://rwcmd.asimut.net/overview?locationGroupId=10...
  [DEBUG] Navigation complete, now on day 7
  [DEBUG] Slot scan time: 17:00:11
  Displayed date: Royal Welsh College of Music & Drama
  [DEBUG] Earliest slots for 7-day horizon rooms: {'B0.11': '07:30', 'B0.13': '07:30', 'B0.14': '07:30', 'B0.16': '07:30'}
  [DEBUG] Expected earliest (now - 7 days): ~17:00 on target date
  [DEBUG] Rooms skipped (not yet available): B0.11 (Available in 4.5h (horizon: 7d)), B0.13 (Available in 4.2h (horizon: 7d)), B0.14 (Available in 4.5h (horizon: 7d)), B0.23 (Available in 1.6d (horizon: 5d)), B0.27 (Available in 1.6d (horizon: 5d)), B0.29 (Available in 1.6d (horizon: 5d)), B1.06 (Available in 2.1d (horizon: 5d)), B1.07 (Available in 1.6d (horizon: 5d)), B1.08 (Available in 1.6d (horizon: 5d)), B1.09 (Available in 3.6d (horizon: 3d)), B1.10 (Available in 1.6d (horizon: 5d)), B1.11 (Available in 1.6d (horizon: 5d)), B1.14 (Available in 2.2d (horizon: 5d)), B1.15 (Available in 1.6d (horizon: 5d)), B1.16 (Available in 3.6d (horizon: 3d)), B1.17 (Available in 1.6d (horizon: 5d)), B1.18 (Available in 1.6d (horizon: 5d)), B1.19 (Available in 1.6d (horizon: 5d)), B1.20 (Available in 1.6d (horizon: 5d)), B1.21 (Available in 1.6d (horizon: 5d))
  Found 5 potential slots
  [DEBUG] First 10 slots: [('B0.14', '12.25-12.75'), ('B0.11', '7.50-8.00'), ('B0.13', '7.50-8.00'), ('B0.14', '7.50-8.00'), ('B0.16', '7.50-8.00')]
  [DEBUG] Peak quota for 2026-02-12: 0/120 min used, 120 min remaining
  [DEBUG] Known conflicts for this day: ['10.00-11.00', '17.00-18.00']
  [DEBUG] Strict mode: Filtered out 4 non-preferred slots
  [DEBUG] Starting booking attempts. Max per day: 5, slots available: 1
  [DEBUG] Attempt 1/15: B0.14 12.25-12.75 (duration: 0.50h)

============================================================
Trying: B0.14 at 12:15-12:45
============================================================
  [DEBUG] Click calculation: slot=12.25-12.75, center=12.50, click_pct=34.38%
  [DEBUG] Viewport: 1920x1080, scrollY=0
  [DEBUG] Day grid: left=400, width=1505, right=1905
  [DEBUG] Click target: x=917, y=319 (target time: 12.25-12.75)
  Clicking at (917, 319) for B0.14 (center)...
  [DEBUG] Got tooltip instead of menu: 12:30 in B0.14 (Practice: Grand Piano)...
  Clicking at (932, 324) for B0.14 (offset right-bottom)...
  [DEBUG] No popup at offset right-bottom position
  Clicking at (902, 314) for B0.14 (offset left-top)...
  [DEBUG] Got tooltip instead of menu: 12:15 in B0.14 (Practice: Grand Piano)...
  No booking popup found after trying multiple click positions - skipping
  [DEBUG] No more valid slots (all_slots=0, conflicts filtered all)
  No more valid slots available

  Day summary: 0 bookings made, 1 attempts total

############################################################
# DAY 6: 2026-02-11 (Wednesday)
############################################################
  [Smart redistribution] Current: 0.0h, Target: +9.3h, Max bookings: 5
  [DEBUG] Session stats: 0 bookings so far, peak for this day: 0/120min
  Navigating backward 1 day(s)...
  [DEBUG] Current URL: https://rwcmd.asimut.net/overview?locationGroupId=10...
  [DEBUG] Navigation complete, now on day 6
  [DEBUG] Slot scan time: 17:00:22
  Displayed date: Royal Welsh College of Music & Drama
  [DEBUG] Earliest slots for 7-day horizon rooms: {'B0.11': '07:30', 'B0.13': '07:30', 'B0.14': '07:30', 'B0.16': '07:30'}
  [DEBUG] Expected earliest (now - 7 days): ~17:00 on target date
  [DEBUG] Rooms skipped (not yet available): B0.23 (Available in 15.5h (horizon: 5d)), B0.27 (Available in 14.5h (horizon: 5d)), B0.29 (Available in 14.5h (horizon: 5d)), B1.06 (Available in 1.1d (horizon: 5d)), B1.07 (Available in 14.5h (horizon: 5d)), B1.08 (Available in 14.5h (horizon: 5d)), B1.09 (Available in 2.6d (horizon: 3d)), B1.10 (Available in 14.5h (horizon: 5d)), B1.11 (Available in 14.5h (horizon: 5d)), B1.14 (Available in 1.2d (horizon: 5d)), B1.15 (Available in 14.5h (horizon: 5d)), B1.16 (Available in 2.6d (horizon: 3d)), B1.17 (Available in 14.5h (horizon: 5d)), B1.18 (Available in 14.5h (horizon: 5d)), B1.19 (Available in 14.5h (horizon: 5d)), B1.20 (Available in 14.5h (horizon: 5d)), B1.21 (Available in 14.5h (horizon: 5d))
  Found 8 potential slots
  [DEBUG] First 10 slots: [('B0.14', '12.25-12.75'), ('B0.13', '21.25-22.25'), ('B0.11', '7.50-8.00'), ('B0.13', '7.50-8.00'), ('B0.14', '7.50-8.00'), ('B0.16', '7.50-8.00'), ('B0.11', '21.50-22.25'), ('B0.14', '21.50-22.25')]
  [DEBUG] Peak quota for 2026-02-11: 0/120 min used, 120 min remaining
  [DEBUG] Known conflicts for this day: ['16.00-17.50']
  [DEBUG] Strict mode: Filtered out 7 non-preferred slots
  [DEBUG] Starting booking attempts. Max per day: 5, slots available: 1
  [DEBUG] Attempt 1/15: B0.14 12.25-12.75 (duration: 0.50h)

============================================================
Trying: B0.14 at 12:15-12:45
============================================================
  [DEBUG] Click calculation: slot=12.25-12.75, center=12.50, click_pct=34.38%
  [DEBUG] Viewport: 1920x1080, scrollY=0
  [DEBUG] Day grid: left=400, width=1505, right=1905
  [DEBUG] Click target: x=917, y=319 (target time: 12.25-12.75)
  Clicking at (917, 319) for B0.14 (center)...
  [DEBUG] Got tooltip instead of menu: 12:30 in B0.14 (Practice: Grand Piano)...
  Clicking at (932, 324) for B0.14 (offset right-bottom)...
  [DEBUG] No popup at offset right-bottom position
  Clicking at (902, 314) for B0.14 (offset left-top)...
  [DEBUG] Got tooltip instead of menu: 12:15 in B0.14 (Practice: Grand Piano)...
  No booking popup found after trying multiple click positions - skipping
  [DEBUG] No more valid slots (all_slots=0, conflicts filtered all)
  No more valid slots available

  Day summary: 0 bookings made, 1 attempts total

############################################################
# DAY 5: 2026-02-10 (Tuesday)
############################################################
  [Smart redistribution] Current: 1.0h, Target: +8.3h, Max bookings: 4
  [DEBUG] Session stats: 0 bookings so far, peak for this day: 60/120min
  Navigating backward 1 day(s)...
  [DEBUG] Current URL: https://rwcmd.asimut.net/overview?locationGroupId=10...
  [DEBUG] Navigation complete, now on day 5
  [DEBUG] Slot scan time: 17:00:33
  Displayed date: Royal Welsh College of Music & Drama
  [DEBUG] Earliest slots for 7-day horizon rooms: {'B0.11': '07:30', 'B0.13': '07:30', 'B0.14': '07:30', 'B0.16': '07:30'}
  [DEBUG] Expected earliest (now - 7 days): ~17:00 on target date
  [DEBUG] Rooms skipped (not yet available): B0.23 (Available in 1.2h (horizon: 5d)), B1.06 (Available in 1.7h (horizon: 5d)), B1.08 (Available in 4.0h (horizon: 5d)), B1.09 (Available in 1.6d (horizon: 3d)), B1.10 (Available in 3.5h (horizon: 5d)), B1.11 (Available in 3.2h (horizon: 5d)), B1.14 (Available in 4.7h (horizon: 5d)), B1.15 (Available in 3.5h (horizon: 5d)), B1.16 (Available in 1.6d (horizon: 3d)), B1.17 (Available in 4.7h (horizon: 5d)), B1.19 (Available in 4.0h (horizon: 5d)), B1.20 (Available in 4.5h (horizon: 5d)), B1.21 (Available in 4.7h (horizon: 5d))
  Found 23 potential slots
  [DEBUG] First 10 slots: [('B1.07', '17.00-22.25'), ('B0.14', '12.25-12.75'), ('B1.07', '14.50-15.00'), ('B0.29', '7.50-9.00'), ('B1.17', '7.50-9.00'), ('B1.18', '7.50-9.00'), ('B1.19', '7.50-10.00'), ('B1.07', '7.50-10.50'), ('B1.10', '7.50-9.00'), ('B1.11', '7.50-9.75')]
  [DEBUG] Peak quota for 2026-02-10: 60/120 min used, 60 min remaining
  [DEBUG] Known conflicts for this day: ['9.00-10.00', '11.25-13.00', '13.00-14.00', '18.00-21.00']
  [DEBUG] Slot adjustment: 1 conflict-removed, 0 removed, 6 adjusted, 0 peak-adjusted, 0 weekly-adjusted
  [DEBUG] Strict mode: Filtered out 21 non-preferred slots
  [DEBUG] Starting booking attempts. Max per day: 4, slots available: 3
  [DEBUG] Attempt 1/15: B1.07 10.00-10.50 (duration: 0.50h)

============================================================
Trying: B1.07 at 10:00-10:30
============================================================
  [DEBUG] Click calculation: slot=10.00-10.50, center=10.25, click_pct=20.31%
  [DEBUG] Viewport: 1920x1080, scrollY=139
  [DEBUG] Day grid: left=400, width=1505, right=1905
  [DEBUG] Click target: x=706, y=540 (target time: 10.00-10.50)
  Clicking at (706, 540) for B1.07 (center)...
  [DEBUG] Got tooltip instead of menu: 10:15 in B1.07 (Practice: Upright Piano)...
  Clicking at (721, 545) for B1.07 (offset right-bottom)...
  [DEBUG] No popup at offset right-bottom position
  Clicking at (691, 535) for B1.07 (offset left-top)...
  [DEBUG] Got tooltip instead of menu: 10:00 in B1.07 (Practice: Upright Piano)...
  No booking popup found after trying multiple click positions - skipping
  [DEBUG] Attempt 2/15: B1.07 17.00-18.00 (duration: 1.00h)
  Skipping B1.07 17:00: Only 0min past horizon (need 30min, wait 30min)
    [DEBUG] Horizon calc: now=17:00:41, slot=2026-02-10 17:00, available_from=2026-02-05 17:00, mins_since=0.7
  [DEBUG] Attempt 3/15: B1.07 14.50-15.00 (duration: 0.50h)

============================================================
Trying: B1.07 at 14:30-15:00
============================================================
  [DEBUG] Click calculation: slot=14.50-15.00, center=14.75, click_pct=48.44%
  [DEBUG] Viewport: 1920x1080, scrollY=139
  [DEBUG] Day grid: left=400, width=1505, right=1905
  [DEBUG] Click target: x=1129, y=540 (target time: 14.50-15.00)
  Clicking at (1129, 540) for B1.07 (center)...
  [DEBUG] No popup at center position
  Clicking at (1144, 545) for B1.07 (offset right-bottom)...
  [DEBUG] Got tooltip instead of menu: 15:00 in B1.07 (Practice: Upright Piano)...
  Clicking at (1114, 535) for B1.07 (offset left-top)...
  [DEBUG] Click navigated directly to booking form
  [DEBUG] Click navigated directly to booking form
  [DEBUG] Setting times: 14:30 to 15:00
  [DEBUG] Found time inputs, filling start time...
  [DEBUG] Filling end time...
  [DEBUG] Verified times: start=14:30, end=15:00
  [DEBUG] Checking for errors/conflicts on booking form...
  [DEBUG] Found 7 time patterns on page
  [DEBUG] Looking for Save button...
  [DEBUG] Save button icon: 'remove_circle'
  Save disabled (icon: remove_circle)
  [DEBUG] Rejection reason: remove_circle Please add at least 2 participants
  [DEBUG] go_back() called
  [DEBUG] Booking form visible: True
  [DEBUG] Clicking back button...
  [DEBUG] Back on calendar (location-day found)
  [DEBUG] No more valid slots (all_slots=0, conflicts filtered all)
  No more valid slots available

  Day summary: 0 bookings made, 3 attempts total

============================================================
BOOKING COMPLETE
============================================================
Total bookings made: 0
Peak hours used (per day):
  2026-02-06: 90/120 min
  2026-02-09: 90/120 min
  2026-02-10: 60/120 min

All bookings:
============================================================
History saved: 0 bookings, 23 events
Notification sent: AsimutBooker ran

Keeping browser open for 30 seconds to verify...
============================================================ 
[05/02/2026 17:01:28.19] Booking run completed 
