[05/02/2026 18:28:03.05] Starting scheduled booking run... 
============================================================ 
============================================================
ASIMUT WEEK BOOKER
============================================================
Today: 2026-02-05
Booking for: 2026-02-05 to 2026-02-12
Mode: Visible browser
============================================================

============================================================
SCANNING MY AGENDA FOR EXISTING EVENTS
============================================================
  [DEBUG] Navigating to agenda page...
  [DEBUG] Agenda page loaded, URL: https://rwcmd.asimut.net/agenda...
  Scrolling until we reach 12 February 2026...
  [DEBUG] Found target date '12 February 2026' after 2 scrolls
  Final pass to capture all events (10 scrolls)...
  [DEBUG] Raw events extracted: 27

  Found 27 unique events in agenda (deduplicated from 27):
  [Tracker] Added conflict: 2026-02-05 15.00-16.00
      2026-02-05 (Thursday): 15:00 - 16:00 in B1.20
  [Tracker] Added reservation: 2026-02-05 16.00-16.50
  [R] 2026-02-05 (Thursday): 16:00 - 16:30 in B1.08
  [Tracker] Added conflict: 2026-02-05 17.00-18.00
      2026-02-05 (Thursday): 17:00 - 18:00 in B1.19
  [Tracker] Added reservation: 2026-02-05 18.00-20.00
  [R] 2026-02-05 (Thursday): 18:00 - 20:00 in B1.20
  [Tracker] Added reservation: 2026-02-05 20.00-22.00
  [R] 2026-02-05 (Thursday): 20:00 - 22:00 in B0.27
  [Tracker] Added reservation: 2026-02-06 9.50-10.00 (+30min peak)
  [R] 2026-02-06 (Friday): 09:30 - 10:00 in B0.11
  [Tracker] Added reservation: 2026-02-06 11.00-11.50 (+30min peak)
  [R] 2026-02-06 (Friday): 11:00 - 11:30 in B1.10
  [Tracker] Added reservation: 2026-02-06 13.00-13.50 (+30min peak)
  [R] 2026-02-06 (Friday): 13:00 - 13:30 in B1.10
  [Tracker] Added reservation: 2026-02-06 19.50-20.50
  [R] 2026-02-06 (Friday): 19:30 - 20:30 in B1.21
  [Tracker] Added reservation: 2026-02-06 20.50-22.25
  [R] 2026-02-06 (Friday): 20:30 - 22:15 in B1.17
  [Tracker] Added reservation: 2026-02-07 10.00-10.50
  [R] 2026-02-07 (Saturday): 10:00 - 10:30 in B1.08
  [Tracker] Added reservation: 2026-02-07 10.50-11.25
  [R] 2026-02-07 (Saturday): 10:30 - 11:15 in B0.16
  [Tracker] Added reservation: 2026-02-07 15.75-16.25
  [R] 2026-02-07 (Saturday): 15:45 - 16:15 in B1.17
  [Tracker] Added reservation: 2026-02-07 16.50-17.25
  [R] 2026-02-07 (Saturday): 16:30 - 17:15 in B1.06
  [Tracker] Added reservation: 2026-02-08 9.50-10.25
  [R] 2026-02-08 (Sunday): 09:30 - 10:15 in B0.13
  [Tracker] Added conflict: 2026-02-08 11.00-13.00
      2026-02-08 (Sunday): 11:00 - 13:00
  [Tracker] Added conflict: 2026-02-08 14.50-17.50
      2026-02-08 (Sunday): 14:30 - 17:30
  [Tracker] Added reservation: 2026-02-09 9.75-11.25 (+90min peak)
  [R] 2026-02-09 (Monday): 09:45 - 11:15 in B0.13
  [Tracker] Added reservation: 2026-02-09 12.25-12.75 (+30min peak)
  [R] 2026-02-09 (Monday): 12:15 - 12:45 in B0.14
  [Tracker] Added reservation: 2026-02-09 20.00-22.00
  [R] 2026-02-09 (Monday): 20:00 - 22:00 in B0.16
  [Tracker] Added reservation: 2026-02-10 9.00-10.00 (+60min peak)
  [R] 2026-02-10 (Tuesday): 09:00 - 10:00 in B0.16
  [Tracker] Added conflict: 2026-02-10 11.25-13.00
      2026-02-10 (Tuesday): 11:15 - 13:00
  [Tracker] Added conflict: 2026-02-10 13.00-14.00
      2026-02-10 (Tuesday): 13:00 - 14:00
  [Tracker] Added conflict: 2026-02-10 18.00-21.00
      2026-02-10 (Tuesday): 18:00 - 21:00 in B0.08
  [Tracker] Added conflict: 2026-02-11 16.00-17.50
      2026-02-11 (Wednesday): 16:00 - 17:30 in B0.03
  [Tracker] Added conflict: 2026-02-12 10.00-11.00
      2026-02-12 (Thursday): 10:00 - 11:00 in B1.09
  [Tracker] Added conflict: 2026-02-12 17.00-18.00
      2026-02-12 (Thursday): 17:00 - 18:00 in B0.03

  Total events: 27 (17 reservations, 10 other)

  Rolling quota: 17.0/28 hours this week
  [OK] Can book 11.0 more hours
  Peak hours from existing reservations:
    2026-02-06: 90/120 min
    2026-02-09: 120/120 min
    2026-02-10: 60/120 min
============================================================

Navigating to practice rooms (AHC)...
  Currently showing: Unknown

  Disabled dates (will skip): ['2026-02-02', '2026-02-03', '2026-02-04', '2026-02-05', '2026-02-06', '2026-02-07', '2026-02-08', '2026-02-09']

  Time preferences: Prioritizing 09:00 - 21:00
  Strict mode: ON (only booking preferred times)

  Booking strategy: REVERSE ORDER (furthest dates first)

  Smart redistribution calculation:
    Enabled days: 3/8
    Remaining quota: 11.0h
    Ideal hours/day: 9.3h
    Current hours per day:
      2026-02-10 (Tue): 1.0h [needs +8.3h]
      2026-02-11 (Wed): 0.0h [needs +9.3h]
      2026-02-12 (Thu): 0.0h [needs +9.3h]

  Navigating to day 7 first (reverse order strategy)...

============================================================
CHECKING FOR HORIZON SNIPE OPPORTUNITIES (MULTI-DAY)
============================================================

  Scanning 3 horizon days for snipe candidates: [7, 5, 3]

    Scanning Day 7 (2026-02-12) for 7-day horizon rooms...
      Found: B0.11 at 18.00, bookable in 83s
      Found: B0.14 at 18.00, bookable in 83s
      Found: B0.16 at 18.00, bookable in 83s

    Scanning Day 5 (2026-02-10) for 5-day horizon rooms...
    Navigating backward 2 day(s) to Day 5...
      Skipping B1.06 at 18.00: Overlaps with your existing reservation
      Skipping B1.07 at 18.00: Overlaps with your existing reservation
      No snipe candidates found for Day 5

    Scanning Day 3 (2026-02-08) for 3-day horizon rooms...
    Navigating backward 2 day(s) to Day 3...
      No snipe candidates found for Day 3

  Total snipe candidates found: 3
  Snipe order (furthest day first, then by room priority):
    1. Day 7 - B0.11 at 18.00 (bookable in 83s)
    2. Day 7 - B0.14 at 18.00 (bookable in 83s)
    3. Day 7 - B0.16 at 18.00 (bookable in 83s)

  Positioning for first snipe...
    Navigating forward 4 day(s) to Day 7...

  Ready to snipe 3 candidate(s)
  First snipe: B0.11 at 18.00 (Day 7)
  Bookable at: 18:30:00

  [SNIPE 1/3] Attempting B0.11 at 18.00 (Day 7)

============================================================
HORIZON SNIPE: B0.11 at 18:00-18:30
============================================================
  Slot becomes bookable at: 18:30:00
  Current time: 18:28:43
  Seconds until bookable: 76.3
  Strategy: Open form now, wait, click Save at exact moment

  [SNIPE] Step 1: Opening booking form...
  [SNIPE] Clicking at (1458, 239)...
  [SNIPE] No booking type button found, checking if form opened...
  [SNIPE] Step 2: Pre-filling times (18:00 to 18:30)...
  [SNIPE] Could not find time inputs (found 0) - aborting
  [DEBUG] go_back() called
  [DEBUG] Booking form visible: False
  [DEBUG] Back on calendar (location-day found)
    [SNIPE 1] FAILED, continuing to next candidate...

  [SNIPE 2/3] Attempting B0.14 at 18.00 (Day 7)

============================================================
HORIZON SNIPE: B0.14 at 18:00-18:30
============================================================
  Slot becomes bookable at: 18:30:00
  Current time: 18:28:44
  Seconds until bookable: 75.0
  Strategy: Open form now, wait, click Save at exact moment

  [SNIPE] Step 1: Opening booking form...
  [SNIPE] Clicking at (1458, 319)...
  [SNIPE] No booking type button found, checking if form opened...
  [SNIPE] Step 2: Pre-filling times (18:00 to 18:30)...
  [SNIPE] Could not find time inputs (found 0) - aborting
  [DEBUG] go_back() called
  [DEBUG] Booking form visible: False
  [DEBUG] Back on calendar (location-day found)
    [SNIPE 2] FAILED, continuing to next candidate...

  [SNIPE 3/3] Attempting B0.16 at 18.00 (Day 7)

============================================================
HORIZON SNIPE: B0.16 at 18:00-18:30
============================================================
  Slot becomes bookable at: 18:30:00
  Current time: 18:28:46
  Seconds until bookable: 73.8
  Strategy: Open form now, wait, click Save at exact moment

  [SNIPE] Step 1: Opening booking form...
  [SNIPE] Clicking at (1458, 359)...
  [SNIPE] No booking type button found, checking if form opened...
  [SNIPE] Step 2: Pre-filling times (18:00 to 18:30)...
  [SNIPE] Could not find time inputs (found 0) - aborting
  [DEBUG] go_back() called
  [DEBUG] Booking form visible: False
  [DEBUG] Back on calendar (location-day found)
    [SNIPE 3] FAILED, continuing to next candidate...

  Snipe phase complete: 0/3 successful
============================================================

============================================================
READY - Waiting for target time: 18:30
============================================================
Current time: 18:28:47
Seconds to wait: 72
  T-70s...
  T-60s...
  T-50s...
  T-40s...
  T-30s...
  T-20s...
  T-10s...
  T-0s...

>>> TARGET TIME REACHED: 18:30:00 <<<
============================================================


============================================================
REFRESHING PAGE FOR UPDATED SLOT AVAILABILITY
============================================================
  [DEBUG] Pre-refresh time: 18:30:00.121
  [DEBUG] Current URL: https://rwcmd.asimut.net/overview?locationGroupId=10...
  [DEBUG] Calendar position before refresh: day 7
  [DEBUG] Post-refresh time: 18:30:02.845
  [DEBUG] Refresh took: 2.72s
  [DEBUG] Post-refresh URL: https://rwcmd.asimut.net/overview?locationGroupId=10...
  [DEBUG] Calendar position after refresh: day 7 (unchanged)
  [DEBUG] Could not extract slot times
============================================================

############################################################
# DAY 7: 2026-02-12 (Thursday)
############################################################
  [Smart redistribution] Current: 0.0h, Target: +9.3h, Max bookings: 5
  [DEBUG] Session stats: 0 bookings so far, peak for this day: 0/120min
  Already on correct day (day 7) - no navigation needed
  [DEBUG] Slot scan time: 18:30:02
  Displayed date: Royal Welsh College of Music & Drama
  [DEBUG] Earliest slots for 7-day horizon rooms: {'B0.11': '21:15', 'B0.13': '07:30', 'B0.14': '07:30', 'B0.16': '07:30'}
  [DEBUG] Expected earliest (now - 7 days): ~18:30 on target date
  [DEBUG] Rooms skipped (not yet available): B0.11 (Available in 2.7h (horizon: 7d)), B0.14 (Available in 3.0h (horizon: 7d)), B0.23 (Available in 1.5d (horizon: 5d)), B0.29 (Available in 1.5d (horizon: 5d)), B1.06 (Available in 1.5d (horizon: 5d)), B1.07 (Available in 1.5d (horizon: 5d)), B1.08 (Available in 1.5d (horizon: 5d)), B1.09 (Available in 3.5d (horizon: 3d)), B1.10 (Available in 1.5d (horizon: 5d)), B1.11 (Available in 1.5d (horizon: 5d)), B1.14 (Available in 1.5d (horizon: 5d)), B1.15 (Available in 1.5d (horizon: 5d)), B1.16 (Available in 3.5d (horizon: 3d)), B1.17 (Available in 1.5d (horizon: 5d)), B1.18 (Available in 1.5d (horizon: 5d)), B1.19 (Available in 1.5d (horizon: 5d)), B1.20 (Available in 1.5d (horizon: 5d)), B1.21 (Available in 1.5d (horizon: 5d))
  Found 6 potential slots
  [DEBUG] First 10 slots: [('B0.14', '9.50-10.00'), ('B0.16', '12.50-13.00'), ('B0.13', '18.00-18.75'), ('B0.13', '7.50-9.75'), ('B0.14', '7.50-9.00'), ('B0.16', '7.50-8.50')]
  [DEBUG] Peak quota for 2026-02-12: 0/120 min used, 120 min remaining
  [DEBUG] Known conflicts for this day: ['10.00-11.00', '17.00-18.00']
  [DEBUG] Strict mode: Filtered out 3 non-preferred slots
  [DEBUG] Starting booking attempts. Max per day: 5, slots available: 3
  [DEBUG] Attempt 1/15: B0.14 9.50-10.00 (duration: 0.50h)

============================================================
Trying: B0.14 at 09:30-10:00
============================================================
  [DEBUG] Click calculation: slot=9.50-10.00, center=9.75, click_pct=17.19%
  [DEBUG] Viewport: 1920x1080, scrollY=0
  [DEBUG] Day grid: left=400, width=1505, right=1905
  [DEBUG] Click target: x=659, y=319 (target time: 9.50-10.00)
  Clicking at (659, 319) for B0.14 (center)...
  [DEBUG] Looking for 'Student booking provisional' button...
  Found 'Student booking provisional' button
  [DEBUG] Setting times: 09:30 to 10:00
  [DEBUG] Found time inputs, filling start time...
  [DEBUG] Filling end time...
  [DEBUG] Verified times: start=09:30, end=10:00
  [DEBUG] Checking for errors/conflicts on booking form...
  [DEBUG] Found 7 time patterns on page
  Error: Not allowed to book
  [DEBUG] Error message: You are not allowed to create or modify events in the past
  [DEBUG] go_back() called
  [DEBUG] Booking form visible: True
  [DEBUG] Clicking back button...
  [DEBUG] Back on calendar (location-day found)
  [DEBUG] Attempt 2/15: B0.16 12.50-13.00 (duration: 0.50h)

============================================================
Trying: B0.16 at 12:30-13:00
============================================================
  [DEBUG] Click calculation: slot=12.50-13.00, center=12.75, click_pct=35.94%
  [DEBUG] Viewport: 1920x1080, scrollY=0
  [DEBUG] Day grid: left=400, width=1505, right=1905
  [DEBUG] Click target: x=941, y=359 (target time: 12.50-13.00)
  Clicking at (941, 359) for B0.16 (center)...
  [DEBUG] Looking for 'Student booking provisional' button...
  Found 'Student booking provisional' button
  [DEBUG] Setting times: 12:30 to 13:00
  [DEBUG] Found time inputs, filling start time...
  [DEBUG] Filling end time...
  [DEBUG] Verified times: start=12:30, end=13:00
  [DEBUG] Checking for errors/conflicts on booking form...
  [DEBUG] Found 7 time patterns on page
  [DEBUG] Looking for Save button...
  [DEBUG] Save button icon: 'remove_circle'
  Save disabled (icon: remove_circle)
  [DEBUG] Rejection reason: remove_circle You are not allowed to create or modify events in the past
  [DEBUG] go_back() called
  [DEBUG] Booking form visible: True
  [DEBUG] Clicking back button...
  [DEBUG] Back on calendar (location-day found)
  [DEBUG] Attempt 3/15: B0.13 18.00-18.75 (duration: 0.75h)

============================================================
Trying: B0.13 at 18:00-18:30 (HORIZON LIMITED)
  Will extend later: target 18:00-18:45
============================================================
  [DEBUG] Click calculation: slot=18.00-18.50, center=18.25, click_pct=70.31%
  [DEBUG] Viewport: 1920x1080, scrollY=0
  [DEBUG] Day grid: left=400, width=1505, right=1905
  [DEBUG] Click target: x=1458, y=279 (target time: 18.00-18.50)
  Clicking at (1458, 279) for B0.13 (center)...
  [DEBUG] Looking for 'Student booking provisional' button...
  Found 'Student booking provisional' button
  [DEBUG] Setting times: 18:00 to 18:30
  [DEBUG] Found time inputs, filling start time...
  [DEBUG] Filling end time...
  [DEBUG] Verified times: start=18:00, end=18:30
  [DEBUG] Checking for errors/conflicts on booking form...
  [DEBUG] Found 8 time patterns on page
  Error: Not allowed to book
  [DEBUG] Error message: You are not allowed to create or modify events in the past
  [DEBUG] Found conflict: 18:00 - 20:00Reservation
  [Tracker] Added conflict: 2026-02-12 18.00-20.00
  [DEBUG] go_back() called
  [DEBUG] Booking form visible: True
  [DEBUG] Clicking back button...
  [DEBUG] Back on calendar (location-day found)
  [DEBUG] No more valid slots (all_slots=0, conflicts filtered all)
  No more valid slots available

  Day summary: 0 bookings made, 3 attempts total

############################################################
# DAY 6: 2026-02-11 (Wednesday)
############################################################
  [Smart redistribution] Current: 0.0h, Target: +9.3h, Max bookings: 5
  [DEBUG] Session stats: 0 bookings so far, peak for this day: 0/120min
  Navigating backward 1 day(s)...
  [DEBUG] Current URL: https://rwcmd.asimut.net/overview?locationGroupId=10...
  [DEBUG] Navigation complete, now on day 6
  [DEBUG] Slot scan time: 18:30:31
  Displayed date: Royal Welsh College of Music & Drama
  [DEBUG] Earliest slots for 7-day horizon rooms: {'B0.11': '07:30', 'B0.13': '07:30', 'B0.14': '07:30', 'B0.16': '07:30'}
  [DEBUG] Expected earliest (now - 7 days): ~18:30 on target date
  [DEBUG] Rooms skipped (not yet available): B0.23 (Available in 13.0h (horizon: 5d)), B0.27 (Available in 14.0h (horizon: 5d)), B0.29 (Available in 14.2h (horizon: 5d)), B1.06 (Available in 13.0h (horizon: 5d)), B1.07 (Available in 13.0h (horizon: 5d)), B1.09 (Available in 2.5d (horizon: 3d)), B1.10 (Available in 13.0h (horizon: 5d)), B1.11 (Available in 13.0h (horizon: 5d)), B1.14 (Available in 13.0h (horizon: 5d)), B1.15 (Available in 13.0h (horizon: 5d)), B1.16 (Available in 2.5d (horizon: 3d)), B1.17 (Available in 13.0h (horizon: 5d)), B1.18 (Available in 13.0h (horizon: 5d)), B1.19 (Available in 13.0h (horizon: 5d)), B1.20 (Available in 14.5h (horizon: 5d)), B1.21 (Available in 13.0h (horizon: 5d))
  Found 10 potential slots
  [DEBUG] First 10 slots: [('B0.13', '19.00-20.00'), ('B0.13', '11.00-11.50'), ('B0.11', '7.50-10.50'), ('B0.14', '7.50-10.25'), ('B0.16', '7.50-9.00'), ('B0.13', '21.00-22.25'), ('B0.16', '21.00-22.25'), ('B0.13', '7.50-8.25'), ('B0.11', '21.50-22.25'), ('B0.14', '21.50-22.25')]
  [DEBUG] Peak quota for 2026-02-11: 0/120 min used, 120 min remaining
  [DEBUG] Known conflicts for this day: ['16.00-17.50']
  [DEBUG] Strict mode: Filtered out 8 non-preferred slots
  [DEBUG] Starting booking attempts. Max per day: 5, slots available: 2
  [DEBUG] Attempt 1/15: B0.13 19.00-20.00 (duration: 1.00h)

============================================================
Trying: B0.13 at 19:00-20:00
============================================================
  [DEBUG] Click calculation: slot=19.00-20.00, center=19.50, click_pct=78.12%
  [DEBUG] Viewport: 1920x1080, scrollY=0
  [DEBUG] Day grid: left=400, width=1505, right=1905
  [DEBUG] Click target: x=1576, y=279 (target time: 19.00-20.00)
  Clicking at (1576, 279) for B0.13 (center)...
  [DEBUG] Looking for 'Student booking provisional' button...
  Found 'Student booking provisional' button
  [DEBUG] Setting times: 19:00 to 20:00
  [DEBUG] Found time inputs, filling start time...
  [DEBUG] Filling end time...
  [DEBUG] Verified times: start=19:00, end=20:00
  [DEBUG] Checking for errors/conflicts on booking form...
  [DEBUG] Found 9 time patterns on page
  Error: Not allowed to book
  [DEBUG] Error message: You are not allowed to create or modify events in the past
  [DEBUG] Found conflict: 18:30 - 19:30Reservation
  [Tracker] Added conflict: 2026-02-11 18.50-19.50
  [DEBUG] go_back() called
  [DEBUG] Booking form visible: True
  [DEBUG] Clicking back button...
  [DEBUG] Back on calendar (location-day found)
  [DEBUG] Attempt 2/15: B0.13 11.00-11.50 (duration: 0.50h)

============================================================
Trying: B0.13 at 11:00-11:30
============================================================
  [DEBUG] Click calculation: slot=11.00-11.50, center=11.25, click_pct=26.56%
  [DEBUG] Viewport: 1920x1080, scrollY=0
  [DEBUG] Day grid: left=400, width=1505, right=1905
  [DEBUG] Click target: x=800, y=279 (target time: 11.00-11.50)
  Clicking at (800, 279) for B0.13 (center)...
  [DEBUG] Looking for 'Student booking provisional' button...
  Found 'Student booking provisional' button
  [DEBUG] Setting times: 11:00 to 11:30
  [DEBUG] Found time inputs, filling start time...
  [DEBUG] Filling end time...
  [DEBUG] Verified times: start=11:00, end=11:30
  [DEBUG] Checking for errors/conflicts on booking form...
  [DEBUG] Found 7 time patterns on page
  Error: Not allowed to book
  [DEBUG] Error message: You are not allowed to create or modify events in the past
  [DEBUG] go_back() called
  [DEBUG] Booking form visible: True
  [DEBUG] Clicking back button...
  [DEBUG] Back on calendar (location-day found)
  [DEBUG] No more valid slots (all_slots=0, conflicts filtered all)
  No more valid slots available

  Day summary: 0 bookings made, 2 attempts total

############################################################
# DAY 5: 2026-02-10 (Tuesday)
############################################################
  [Smart redistribution] Current: 1.0h, Target: +8.3h, Max bookings: 4
  [DEBUG] Session stats: 0 bookings so far, peak for this day: 60/120min
  Navigating backward 1 day(s)...
  [DEBUG] Current URL: https://rwcmd.asimut.net/overview?locationGroupId=10...
  [DEBUG] Navigation complete, now on day 5
  [DEBUG] Slot scan time: 18:30:51
  Displayed date: Royal Welsh College of Music & Drama
  [DEBUG] Earliest slots for 7-day horizon rooms: {'B0.11': '07:30', 'B0.13': '07:30', 'B0.16': '07:30'}
  [DEBUG] Expected earliest (now - 7 days): ~18:30 on target date
  [DEBUG] Rooms skipped (not yet available): B0.23 (Available in 29min (horizon: 5d)), B0.29 (Available in 1.5h (horizon: 5d)), B1.09 (Available in 1.5d (horizon: 3d)), B1.10 (Available in 2.0h (horizon: 5d)), B1.11 (Available in 3.0h (horizon: 5d)), B1.14 (Available in 2.7h (horizon: 5d)), B1.16 (Available in 1.5d (horizon: 3d)), B1.17 (Available in 3.0h (horizon: 5d)), B1.18 (Available in 3.2h (horizon: 5d)), B1.19 (Available in 2.5h (horizon: 5d)), B1.20 (Available in 59min (horizon: 5d)), B1.21 (Available in 3.0h (horizon: 5d))
  Found 29 potential slots
  [DEBUG] First 10 slots: [('B1.18', '14.00-15.00'), ('B0.11', '9.50-10.00'), ('B1.10', '9.50-10.00'), ('B1.08', '10.50-11.00'), ('B1.10', '10.50-11.25'), ('B0.13', '12.50-13.25'), ('B1.18', '13.00-13.50'), ('B1.11', '13.75-14.25'), ('B0.13', '14.25-14.75'), ('B1.08', '16.75-17.50')]
  [DEBUG] Peak quota for 2026-02-10: 60/120 min used, 60 min remaining
  [DEBUG] Known conflicts for this day: ['9.00-10.00', '11.25-13.00', '13.00-14.00', '18.00-21.00']
  [DEBUG] Slot adjustment: 6 conflict-removed, 0 removed, 8 adjusted, 0 peak-adjusted, 0 weekly-adjusted
  [DEBUG] Strict mode: Filtered out 18 non-preferred slots
  [DEBUG] Starting booking attempts. Max per day: 4, slots available: 6
  [DEBUG] Attempt 1/15: B1.11 10.00-10.50 (duration: 0.50h)

============================================================
Trying: B1.11 at 10:00-10:30
============================================================
  [DEBUG] Click calculation: slot=10.00-10.50, center=10.25, click_pct=20.31%
  [DEBUG] Viewport: 1920x1080, scrollY=299
  [DEBUG] Day grid: left=400, width=1505, right=1905
  [DEBUG] Click target: x=706, y=540 (target time: 10.00-10.50)
  Clicking at (706, 540) for B1.11 (center)...
  [DEBUG] Looking for 'Student booking provisional' button...
  Found 'Student booking provisional' button
  [DEBUG] Setting times: 10:00 to 10:30
  [DEBUG] Found time inputs, filling start time...
  [DEBUG] Filling end time...
  [DEBUG] Verified times: start=10:00, end=10:30
  [DEBUG] Checking for errors/conflicts on booking form...
  [DEBUG] Found 7 time patterns on page
  Error: Not allowed to book
  [DEBUG] Error message: You are not allowed to create or modify events in the past
  [DEBUG] go_back() called
  [DEBUG] Booking form visible: True
  [DEBUG] Clicking back button...
  [DEBUG] Back on calendar (location-day found)
  [DEBUG] Attempt 2/15: B1.18 14.00-15.00 (duration: 1.00h)

============================================================
Trying: B1.18 at 14:00-15:00
============================================================
  [DEBUG] Click calculation: slot=14.00-15.00, center=14.50, click_pct=46.88%
  [DEBUG] Viewport: 1920x1080, scrollY=309
  [DEBUG] Day grid: left=400, width=1505, right=1905
  [DEBUG] Click target: x=1105, y=730 (target time: 14.00-15.00)
  Clicking at (1105, 730) for B1.18 (center)...
  [DEBUG] Looking for 'Student booking provisional' button...
  Found 'Student booking provisional' button
  [DEBUG] Setting times: 14:00 to 15:00
  [DEBUG] Found time inputs, filling start time...
  [DEBUG] Filling end time...
  [DEBUG] Verified times: start=14:00, end=15:00
  [DEBUG] Checking for errors/conflicts on booking form...
  [DEBUG] Found 7 time patterns on page
  Error: Not allowed to book
  [DEBUG] Error message: You are not allowed to create or modify events in the past
  [DEBUG] go_back() called
  [DEBUG] Booking form visible: True
  [DEBUG] Clicking back button...
  [DEBUG] Back on calendar (location-day found)
  [DEBUG] Attempt 3/15: B1.08 10.50-11.00 (duration: 0.50h)

============================================================
Trying: B1.08 at 10:30-11:00
============================================================
  [DEBUG] Click calculation: slot=10.50-11.00, center=10.75, click_pct=23.44%
  [DEBUG] Viewport: 1920x1080, scrollY=179
  [DEBUG] Day grid: left=400, width=1505, right=1905
  [DEBUG] Click target: x=753, y=540 (target time: 10.50-11.00)
  Clicking at (753, 540) for B1.08 (center)...
  [DEBUG] Looking for 'Student booking provisional' button...
  Found 'Student booking provisional' button
  [DEBUG] Setting times: 10:30 to 11:00
  [DEBUG] Found time inputs, filling start time...
  [DEBUG] Filling end time...
  [DEBUG] Verified times: start=10:30, end=11:00
  [DEBUG] Checking for errors/conflicts on booking form...
  [DEBUG] Found 7 time patterns on page
  Error: Not allowed to book
  [DEBUG] Error message: You are not allowed to create or modify events in the past
  [DEBUG] go_back() called
  [DEBUG] Booking form visible: True
  [DEBUG] Clicking back button...
  [DEBUG] Back on calendar (location-day found)
  [DEBUG] Attempt 4/15: B1.10 10.50-11.25 (duration: 0.75h)

============================================================
Trying: B1.10 at 10:30-11:15
============================================================
  [DEBUG] Click calculation: slot=10.50-11.25, center=10.88, click_pct=24.22%
  [DEBUG] Viewport: 1920x1080, scrollY=259
  [DEBUG] Day grid: left=400, width=1505, right=1905
  [DEBUG] Click target: x=764, y=540 (target time: 10.50-11.25)
  Clicking at (764, 540) for B1.10 (center)...
  [DEBUG] Looking for 'Student booking provisional' button...
  Found 'Student booking provisional' button
  [DEBUG] Setting times: 10:30 to 11:15
  [DEBUG] Found time inputs, filling start time...
  [DEBUG] Filling end time...
  [DEBUG] Verified times: start=10:30, end=11:15
  [DEBUG] Checking for errors/conflicts on booking form...
  [DEBUG] Found 7 time patterns on page
  Error: Not allowed to book
  [DEBUG] Error message: You are not allowed to create or modify events in the past
  [DEBUG] go_back() called
  [DEBUG] Booking form visible: True
  [DEBUG] Clicking back button...
  [DEBUG] Back on calendar (location-day found)
  [DEBUG] Attempt 5/15: B0.13 14.25-14.75 (duration: 0.50h)

============================================================
Trying: B0.13 at 14:15-14:45
============================================================
  [DEBUG] Click calculation: slot=14.25-14.75, center=14.50, click_pct=46.88%
  [DEBUG] Viewport: 1920x1080, scrollY=0
  [DEBUG] Day grid: left=400, width=1505, right=1905
  [DEBUG] Click target: x=1105, y=279 (target time: 14.25-14.75)
  Clicking at (1105, 279) for B0.13 (center)...
  [DEBUG] Looking for 'Student booking provisional' button...
  Found 'Student booking provisional' button
  [DEBUG] Setting times: 14:15 to 14:45
  [DEBUG] Found time inputs, filling start time...
  [DEBUG] Filling end time...
  [DEBUG] Verified times: start=14:15, end=14:45
  [DEBUG] Checking for errors/conflicts on booking form...
  [DEBUG] Found 7 time patterns on page
  Error: Not allowed to book
  [DEBUG] Error message: You are not allowed to create or modify events in the past
  [DEBUG] go_back() called
  [DEBUG] Booking form visible: True
  [DEBUG] Clicking back button...
  [DEBUG] Back on calendar (location-day found)
  [DEBUG] Attempt 6/15: B1.08 16.75-17.50 (duration: 0.75h)

============================================================
Trying: B1.08 at 16:45-17:30
============================================================
  [DEBUG] Click calculation: slot=16.75-17.50, center=17.12, click_pct=63.28%
  [DEBUG] Viewport: 1920x1080, scrollY=179
  [DEBUG] Day grid: left=400, width=1505, right=1905
  [DEBUG] Click target: x=1352, y=540 (target time: 16.75-17.50)
  Clicking at (1352, 540) for B1.08 (center)...
  [DEBUG] Looking for 'Student booking provisional' button...
  Found 'Student booking provisional' button
  [DEBUG] Setting times: 16:45 to 17:30
  [DEBUG] Found time inputs, filling start time...
  [DEBUG] Filling end time...
  [DEBUG] Verified times: start=16:45, end=17:30
  [DEBUG] Checking for errors/conflicts on booking form...
  [DEBUG] Found 7 time patterns on page
  Error: Not allowed to book
  [DEBUG] Error message: You are not allowed to create or modify events in the past
  [DEBUG] go_back() called
  [DEBUG] Booking form visible: True
  [DEBUG] Clicking back button...
  [DEBUG] Back on calendar (location-day found)
  [DEBUG] No more valid slots (all_slots=0, conflicts filtered all)
  No more valid slots available

  Day summary: 0 bookings made, 6 attempts total

============================================================
BOOKING COMPLETE
============================================================
Total bookings made: 0
Peak hours used (per day):
  2026-02-06: 90/120 min
  2026-02-09: 120/120 min
  2026-02-10: 60/120 min

All bookings:
============================================================
History saved: 0 bookings, 27 events
Notification sent: AsimutBooker ran

Keeping browser open for 30 seconds to verify...
============================================================ 
[05/02/2026 18:32:14.73] Booking run completed 
