[05/02/2026 19:28:02.88] Starting scheduled booking run... 
============================================================ 
============================================================
ASIMUT WEEK BOOKER
============================================================
Today: 2026-02-05
Booking for: 2026-02-05 to 2026-02-12
Mode: Visible browser
============================================================

============================================================
SCANNING MY AGENDA FOR EXISTING EVENTS
============================================================
  [DEBUG] Navigating to agenda page...
  [DEBUG] Agenda page loaded, URL: https://rwcmd.asimut.net/agenda...
  Scrolling until we reach 12 February 2026...
  [DEBUG] Found target date '12 February 2026' after 2 scrolls
  Final pass to capture all events (10 scrolls)...
  [DEBUG] Raw events extracted: 29

  Found 29 unique events in agenda (deduplicated from 29):
  [Tracker] Added conflict: 2026-02-05 15.00-16.00
      2026-02-05 (Thursday): 15:00 - 16:00 in B1.20
  [Tracker] Added reservation: 2026-02-05 16.00-16.50
  [R] 2026-02-05 (Thursday): 16:00 - 16:30 in B1.08
  [Tracker] Added conflict: 2026-02-05 17.00-18.00
      2026-02-05 (Thursday): 17:00 - 18:00 in B1.19
  [Tracker] Added reservation: 2026-02-05 18.00-20.00
  [R] 2026-02-05 (Thursday): 18:00 - 20:00 in B1.20
  [Tracker] Added reservation: 2026-02-05 20.00-22.00
  [R] 2026-02-05 (Thursday): 20:00 - 22:00 in B0.27
  [Tracker] Added reservation: 2026-02-06 9.50-10.00 (+30min peak)
  [R] 2026-02-06 (Friday): 09:30 - 10:00 in B0.11
  [Tracker] Added reservation: 2026-02-06 11.00-11.50 (+30min peak)
  [R] 2026-02-06 (Friday): 11:00 - 11:30 in B1.10
  [Tracker] Added reservation: 2026-02-06 13.00-13.50 (+30min peak)
  [R] 2026-02-06 (Friday): 13:00 - 13:30 in B1.10
  [Tracker] Added reservation: 2026-02-06 19.50-20.50
  [R] 2026-02-06 (Friday): 19:30 - 20:30 in B1.21
  [Tracker] Added reservation: 2026-02-06 20.50-22.25
  [R] 2026-02-06 (Friday): 20:30 - 22:15 in B1.17
  [Tracker] Added reservation: 2026-02-07 10.00-10.50
  [R] 2026-02-07 (Saturday): 10:00 - 10:30 in B1.08
  [Tracker] Added reservation: 2026-02-07 10.50-11.25
  [R] 2026-02-07 (Saturday): 10:30 - 11:15 in B0.16
  [Tracker] Added reservation: 2026-02-07 15.75-16.25
  [R] 2026-02-07 (Saturday): 15:45 - 16:15 in B1.17
  [Tracker] Added reservation: 2026-02-07 16.50-17.25
  [R] 2026-02-07 (Saturday): 16:30 - 17:15 in B1.06
  [Tracker] Added reservation: 2026-02-08 9.50-10.25
  [R] 2026-02-08 (Sunday): 09:30 - 10:15 in B0.13
  [Tracker] Added reservation: 2026-02-08 10.25-10.75
  [R] 2026-02-08 (Sunday): 10:15 - 10:45 in B1.14
  [Tracker] Added conflict: 2026-02-08 11.00-13.00
      2026-02-08 (Sunday): 11:00 - 13:00
  [Tracker] Added reservation: 2026-02-08 14.00-14.50
  [R] 2026-02-08 (Sunday): 14:00 - 14:30 in B1.18
  [Tracker] Added conflict: 2026-02-08 14.50-17.50
      2026-02-08 (Sunday): 14:30 - 17:30
  [Tracker] Added reservation: 2026-02-09 9.75-11.25 (+90min peak)
  [R] 2026-02-09 (Monday): 09:45 - 11:15 in B0.13
  [Tracker] Added reservation: 2026-02-09 12.25-12.75 (+30min peak)
  [R] 2026-02-09 (Monday): 12:15 - 12:45 in B0.14
  [Tracker] Added reservation: 2026-02-09 20.00-22.00
  [R] 2026-02-09 (Monday): 20:00 - 22:00 in B0.16
  [Tracker] Added reservation: 2026-02-10 9.00-10.00 (+60min peak)
  [R] 2026-02-10 (Tuesday): 09:00 - 10:00 in B0.16
  [Tracker] Added conflict: 2026-02-10 11.25-13.00
      2026-02-10 (Tuesday): 11:15 - 13:00
  [Tracker] Added conflict: 2026-02-10 13.00-14.00
      2026-02-10 (Tuesday): 13:00 - 14:00
  [Tracker] Added conflict: 2026-02-10 18.00-21.00
      2026-02-10 (Tuesday): 18:00 - 21:00 in B0.08
  [Tracker] Added conflict: 2026-02-11 16.00-17.50
      2026-02-11 (Wednesday): 16:00 - 17:30 in B0.03
  [Tracker] Added conflict: 2026-02-12 10.00-11.00
      2026-02-12 (Thursday): 10:00 - 11:00 in B1.09
  [Tracker] Added conflict: 2026-02-12 17.00-18.00
      2026-02-12 (Thursday): 17:00 - 18:00 in B0.03

  Total events: 29 (19 reservations, 10 other)

  Rolling quota: 18.0/28 hours this week
  [OK] Can book 10.0 more hours
  Peak hours from existing reservations:
    2026-02-06: 90/120 min
    2026-02-09: 120/120 min
    2026-02-10: 60/120 min
============================================================

Navigating to practice rooms (AHC)...
  Currently showing: Unknown

  Disabled dates (will skip): ['2026-02-02', '2026-02-03', '2026-02-04', '2026-02-05', '2026-02-06', '2026-02-07', '2026-02-08', '2026-02-09']

  Time preferences: Prioritizing 09:00 - 21:00
  Strict mode: ON (only booking preferred times)

  Booking strategy: REVERSE ORDER (furthest dates first)

  Smart redistribution calculation:
    Enabled days: 3/8
    Remaining quota: 10.0h
    Ideal hours/day: 9.3h
    Current hours per day:
      2026-02-10 (Tue): 1.0h [needs +8.3h]
      2026-02-11 (Wed): 0.0h [needs +9.3h]
      2026-02-12 (Thu): 0.0h [needs +9.3h]

  Navigating to day 7 first (reverse order strategy)...

============================================================
CHECKING FOR HORIZON SNIPE OPPORTUNITIES (MULTI-DAY)
============================================================

  Scanning 3 horizon days for snipe candidates: [7, 5, 3]

    Scanning Day 7 (2026-02-12) for 7-day horizon rooms...
      No snipe candidates found for Day 7

    Scanning Day 5 (2026-02-10) for 5-day horizon rooms...
    Navigating backward 2 day(s) to Day 5...
      Skipping B1.10 at 19.00: Overlaps with your existing reservation
      Skipping B1.15 at 19.00: Overlaps with your existing reservation
      No snipe candidates found for Day 5

    Scanning Day 3 (2026-02-08) for 3-day horizon rooms...
    Navigating backward 2 day(s) to Day 3...
      No snipe candidates found for Day 3

  Total snipe candidates found: 0
  No snipe candidates found (no slots becoming bookable within 3 minutes)
============================================================

============================================================
READY - Waiting for target time: 19:30
============================================================
Current time: 19:28:39
Seconds to wait: 81
  T-80s...
  T-70s...
  T-60s...
  T-50s...
  T-40s...
  T-30s...
  T-20s...
  T-10s...
  T-0s...

>>> TARGET TIME REACHED: 19:30:00 <<<
============================================================


============================================================
REFRESHING PAGE FOR UPDATED SLOT AVAILABILITY
============================================================
  [DEBUG] Pre-refresh time: 19:30:00.438
  [DEBUG] Current URL: https://rwcmd.asimut.net/overview?locationGroupId=10...
  [DEBUG] Calendar position before refresh: day 3
  [DEBUG] Post-refresh time: 19:30:03.039
  [DEBUG] Refresh took: 2.60s
  [DEBUG] Post-refresh URL: https://rwcmd.asimut.net/overview?locationGroupId=10...
  [DEBUG] Calendar position after refresh: day 3 (unchanged)
  [DEBUG] Could not extract slot times
============================================================

############################################################
# DAY 7: 2026-02-12 (Thursday)
############################################################
  [Smart redistribution] Current: 0.0h, Target: +9.3h, Max bookings: 5
  [DEBUG] Session stats: 0 bookings so far, peak for this day: 0/120min
  Navigating forward 4 day(s)...
  [DEBUG] Current URL: https://rwcmd.asimut.net/overview?locationGroupId=10...
  [DEBUG] Navigation complete, now on day 7
  [DEBUG] Slot scan time: 19:30:11
  Displayed date: Royal Welsh College of Music & Drama
  [DEBUG] Earliest slots for 7-day horizon rooms: {'B0.11': '07:30', 'B0.13': '07:30', 'B0.14': '07:30', 'B0.16': '07:30'}
  [DEBUG] Expected earliest (now - 7 days): ~19:30 on target date
  [DEBUG] Rooms skipped (not yet available): B0.11 (Available in 2.0h (horizon: 7d)), B0.13 (Available in 1.7h (horizon: 7d)), B0.14 (Available in 2.0h (horizon: 7d)), B0.23 (Available in 1.5d (horizon: 5d)), B0.27 (Available in 1.5d (horizon: 5d)), B0.29 (Available in 1.5d (horizon: 5d)), B1.06 (Available in 2.0d (horizon: 5d)), B1.07 (Available in 1.5d (horizon: 5d)), B1.08 (Available in 1.5d (horizon: 5d)), B1.09 (Available in 3.5d (horizon: 3d)), B1.10 (Available in 1.5d (horizon: 5d)), B1.11 (Available in 1.5d (horizon: 5d)), B1.14 (Available in 2.1d (horizon: 5d)), B1.15 (Available in 1.5d (horizon: 5d)), B1.16 (Available in 3.5d (horizon: 3d)), B1.17 (Available in 1.5d (horizon: 5d)), B1.18 (Available in 1.5d (horizon: 5d)), B1.19 (Available in 1.5d (horizon: 5d)), B1.20 (Available in 1.5d (horizon: 5d)), B1.21 (Available in 1.5d (horizon: 5d))
  Found 4 potential slots
  [DEBUG] First 10 slots: [('B0.11', '7.50-8.00'), ('B0.13', '7.50-8.00'), ('B0.14', '7.50-8.00'), ('B0.16', '7.50-8.00')]
  [DEBUG] Peak quota for 2026-02-12: 0/120 min used, 120 min remaining
  [DEBUG] Known conflicts for this day: ['10.00-11.00', '17.00-18.00']
  [DEBUG] Strict mode: Filtered out 4 non-preferred slots
  [DEBUG] Starting booking attempts. Max per day: 5, slots available: 0
  [DEBUG] No more valid slots (all_slots=0, conflicts filtered all)
  No more valid slots available

  Day summary: 0 bookings made, 0 attempts total

############################################################
# DAY 6: 2026-02-11 (Wednesday)
############################################################
  [Smart redistribution] Current: 0.0h, Target: +9.3h, Max bookings: 5
  [DEBUG] Session stats: 0 bookings so far, peak for this day: 0/120min
  Navigating backward 1 day(s)...
  [DEBUG] Current URL: https://rwcmd.asimut.net/overview?locationGroupId=10...
  [DEBUG] Navigation complete, now on day 6
  [DEBUG] Slot scan time: 19:30:14
  Displayed date: Royal Welsh College of Music & Drama
  [DEBUG] Earliest slots for 7-day horizon rooms: {'B0.11': '09:30', 'B0.14': '09:30', 'B0.16': '09:30'}
  [DEBUG] Expected earliest (now - 7 days): ~19:30 on target date
  [DEBUG] Rooms skipped (not yet available): B0.23 (Available in 14.0h (horizon: 5d)), B0.27 (Available in 14.0h (horizon: 5d)), B0.29 (Available in 20.0h (horizon: 5d)), B1.06 (Available in 14.0h (horizon: 5d)), B1.07 (Available in 14.0h (horizon: 5d)), B1.08 (Available in 14.0h (horizon: 5d)), B1.10 (Available in 14.0h (horizon: 5d)), B1.11 (Available in 14.0h (horizon: 5d)), B1.14 (Available in 14.0h (horizon: 5d)), B1.15 (Available in 14.0h (horizon: 5d)), B1.16 (Available in 2.6d (horizon: 3d)), B1.17 (Available in 14.0h (horizon: 5d)), B1.18 (Available in 14.0h (horizon: 5d)), B1.20 (Available in 14.0h (horizon: 5d)), B1.21 (Available in 14.0h (horizon: 5d))
  Found 4 potential slots
  [DEBUG] First 10 slots: [('B0.14', '9.50-10.50'), ('B0.14', '14.50-16.25'), ('B0.11', '9.50-10.00'), ('B0.16', '9.50-10.00')]
  [DEBUG] Peak quota for 2026-02-11: 0/120 min used, 120 min remaining
  [DEBUG] Known conflicts for this day: ['16.00-17.50']
  [DEBUG] Slot adjustment: 0 conflict-removed, 0 removed, 1 adjusted, 0 peak-adjusted, 0 weekly-adjusted
  [DEBUG] Starting booking attempts. Max per day: 5, slots available: 4
  [DEBUG] Attempt 1/15: B0.14 9.50-10.50 (duration: 1.00h)

============================================================
Trying: B0.14 at 09:30-10:30
============================================================
  [DEBUG] Click calculation: slot=9.50-10.50, center=10.00, click_pct=18.75%
  [DEBUG] Viewport: 1920x1080, scrollY=0
  [DEBUG] Day grid: left=400, width=1505, right=1905
  [DEBUG] Click target: x=682, y=319 (target time: 9.50-10.50)
  Clicking at (682, 319) for B0.14 (center)...
  [DEBUG] Looking for 'Student booking provisional' button...
  Found 'Student booking provisional' button
  [DEBUG] Setting times: 09:30 to 10:30
  [DEBUG] Found time inputs, filling start time...
  [DEBUG] Filling end time...
  [DEBUG] Verified times: start=09:30, end=10:30
  [DEBUG] Checking for errors/conflicts on booking form...
  [DEBUG] Found 9 time patterns on page
  Error: Conflicts with existing booking
  [Tracker] Added conflict: 2026-02-11 9.50-10.25
  [DEBUG] go_back() called
  [DEBUG] Booking form visible: True
  [DEBUG] Clicking back button...
  [DEBUG] Back on calendar (location-day found)
  [DEBUG] Attempt 2/15: B0.14 14.50-16.00 (duration: 1.50h)

============================================================
Trying: B0.14 at 14:30-16:00
============================================================
  [DEBUG] Click calculation: slot=14.50-16.00, center=15.25, click_pct=51.56%
  [DEBUG] Viewport: 1920x1080, scrollY=0
  [DEBUG] Day grid: left=400, width=1505, right=1905
  [DEBUG] Click target: x=1176, y=319 (target time: 14.50-16.00)
  Clicking at (1176, 319) for B0.14 (center)...
  [DEBUG] Looking for 'Student booking provisional' button...
  Found 'Student booking provisional' button
  [DEBUG] Setting times: 14:30 to 16:00
  [DEBUG] Found time inputs, filling start time...
  [DEBUG] Filling end time...
  [DEBUG] Verified times: start=14:30, end=16:00
  [DEBUG] Checking for errors/conflicts on booking form...
  [DEBUG] Found 8 time patterns on page
  Error: Conflicts with existing booking
  [DEBUG] go_back() called
  [DEBUG] Booking form visible: True
  [DEBUG] Clicking back button...
  [DEBUG] Back on calendar (location-day found)
  [DEBUG] No more valid slots (all_slots=2, conflicts filtered all)
  No more valid slots available

  Day summary: 0 bookings made, 2 attempts total

############################################################
# DAY 5: 2026-02-10 (Tuesday)
############################################################
  [Smart redistribution] Current: 1.0h, Target: +8.3h, Max bookings: 4
  [DEBUG] Session stats: 0 bookings so far, peak for this day: 60/120min
  Navigating backward 1 day(s)...
  [DEBUG] Current URL: https://rwcmd.asimut.net/overview?locationGroupId=10...
  [DEBUG] Navigation complete, now on day 5
  [DEBUG] Slot scan time: 19:30:34
  Displayed date: Royal Welsh College of Music & Drama
  [DEBUG] Earliest slots for 7-day horizon rooms: {'B0.11': '08:00', 'B0.13': '08:00', 'B0.14': '08:00', 'B0.16': '08:00'}
  [DEBUG] Expected earliest (now - 7 days): ~19:30 on target date
  [DEBUG] Rooms skipped (not yet available): B1.09 (Available in 1.6d (horizon: 3d)), B1.16 (Available in 1.5d (horizon: 3d))
  Found 25 potential slots
  [DEBUG] First 10 slots: [('B1.15', '10.25-11.00'), ('B1.20', '11.50-12.00'), ('B1.08', '12.50-13.00'), ('B1.11', '13.50-14.00'), ('B1.17', '16.75-17.25'), ('B1.18', '16.75-17.25'), ('B1.21', '16.75-17.25'), ('B1.19', '16.75-17.25'), ('B0.29', '8.00-10.00'), ('B0.11', '8.00-10.00')]
  [DEBUG] Peak quota for 2026-02-10: 60/120 min used, 60 min remaining
  [DEBUG] Known conflicts for this day: ['9.00-10.00', '11.25-13.00', '13.00-14.00', '18.00-21.00']
  [DEBUG] Slot adjustment: 4 conflict-removed, 0 removed, 14 adjusted, 0 peak-adjusted, 0 weekly-adjusted
  [DEBUG] Strict mode: Filtered out 16 non-preferred slots
  [DEBUG] Starting booking attempts. Max per day: 4, slots available: 5
  [DEBUG] Attempt 1/15: B1.15 10.25-11.00 (duration: 0.75h)

============================================================
Trying: B1.15 at 10:15-11:00
============================================================
  [DEBUG] Click calculation: slot=10.25-11.00, center=10.62, click_pct=22.66%
  [DEBUG] Viewport: 1920x1080, scrollY=309
  [DEBUG] Day grid: left=400, width=1505, right=1905
  [DEBUG] Click target: x=741, y=610 (target time: 10.25-11.00)
  Clicking at (741, 610) for B1.15 (center)...
  [DEBUG] Looking for 'Student booking provisional' button...
  Found 'Student booking provisional' button
  [DEBUG] Setting times: 10:15 to 11:00
  [DEBUG] Found time inputs, filling start time...
  [DEBUG] Filling end time...
  [DEBUG] Verified times: start=10:15, end=11:00
  [DEBUG] Checking for errors/conflicts on booking form...
  [DEBUG] Found 9 time patterns on page
  Error: Conflicts with existing booking
  [Tracker] Added conflict: 2026-02-10 10.00-10.50
  [DEBUG] go_back() called
  [DEBUG] Booking form visible: True
  [DEBUG] Clicking back button...
  [DEBUG] Back on calendar (location-day found)
  [DEBUG] Attempt 2/15: B1.17 16.75-17.25 (duration: 0.50h)

============================================================
Trying: B1.17 at 16:45-17:15
============================================================
  [DEBUG] Click calculation: slot=16.75-17.25, center=17.00, click_pct=62.50%
  [DEBUG] Viewport: 1920x1080, scrollY=309
  [DEBUG] Day grid: left=400, width=1505, right=1905
  [DEBUG] Click target: x=1341, y=690 (target time: 16.75-17.25)
  Clicking at (1341, 690) for B1.17 (center)...
  [DEBUG] Looking for 'Student booking provisional' button...
  Found 'Student booking provisional' button
  [DEBUG] Setting times: 16:45 to 17:15
  [DEBUG] Found time inputs, filling start time...
  [DEBUG] Filling end time...
  [DEBUG] Verified times: start=16:45, end=17:15
  [DEBUG] Checking for errors/conflicts on booking form...
  [DEBUG] Found 7 time patterns on page
  Error: Conflicts with existing booking
  [Tracker] Added conflict: 2026-02-10 16.50-17.25
  [DEBUG] go_back() called
  [DEBUG] Booking form visible: True
  [DEBUG] Clicking back button...
  [DEBUG] Back on calendar (location-day found)
  [DEBUG] No more valid slots (all_slots=3, conflicts filtered all)
  No more valid slots available

  Day summary: 0 bookings made, 2 attempts total

============================================================
BOOKING COMPLETE
============================================================
Total bookings made: 0
Peak hours used (per day):
  2026-02-06: 90/120 min
  2026-02-09: 120/120 min
  2026-02-10: 60/120 min

All bookings:
============================================================
History saved: 0 bookings, 29 events
Notification sent: AsimutBooker ran

Keeping browser open for 30 seconds to verify...
============================================================ 
[05/02/2026 19:31:23.15] Booking run completed 
