[05/02/2026 20:28:03.09] Starting scheduled booking run... 
============================================================ 
============================================================
ASIMUT WEEK BOOKER
============================================================
Today: 2026-02-05
Booking for: 2026-02-05 to 2026-02-12
Mode: Visible browser
============================================================

============================================================
SCANNING MY AGENDA FOR EXISTING EVENTS
============================================================
  [DEBUG] Navigating to agenda page...
  [DEBUG] Agenda page loaded, URL: https://rwcmd.asimut.net/agenda...
  Scrolling until we reach 12 February 2026...
  [DEBUG] Found target date '12 February 2026' after 2 scrolls
  Final pass to capture all events (10 scrolls)...
  [DEBUG] Raw events extracted: 28

  Found 28 unique events in agenda (deduplicated from 28):
  [Tracker] Added conflict: 2026-02-05 15.00-16.00
      2026-02-05 (Thursday): 15:00 - 16:00 in B1.20
  [Tracker] Added reservation: 2026-02-05 16.00-16.50
  [R] 2026-02-05 (Thursday): 16:00 - 16:30 in B1.08
  [Tracker] Added conflict: 2026-02-05 17.00-18.00
      2026-02-05 (Thursday): 17:00 - 18:00 in B1.19
  [Tracker] Added reservation: 2026-02-05 18.00-20.00
  [R] 2026-02-05 (Thursday): 18:00 - 20:00 in B1.20
  [Tracker] Added reservation: 2026-02-06 9.50-10.00 (+30min peak)
  [R] 2026-02-06 (Friday): 09:30 - 10:00 in B0.11
  [Tracker] Added reservation: 2026-02-06 11.00-11.50 (+30min peak)
  [R] 2026-02-06 (Friday): 11:00 - 11:30 in B1.10
  [Tracker] Added reservation: 2026-02-06 13.00-13.50 (+30min peak)
  [R] 2026-02-06 (Friday): 13:00 - 13:30 in B1.10
  [Tracker] Added reservation: 2026-02-06 19.50-20.50
  [R] 2026-02-06 (Friday): 19:30 - 20:30 in B1.21
  [Tracker] Added reservation: 2026-02-06 20.50-22.25
  [R] 2026-02-06 (Friday): 20:30 - 22:15 in B1.17
  [Tracker] Added reservation: 2026-02-07 10.00-10.50
  [R] 2026-02-07 (Saturday): 10:00 - 10:30 in B1.08
  [Tracker] Added reservation: 2026-02-07 10.50-11.25
  [R] 2026-02-07 (Saturday): 10:30 - 11:15 in B0.16
  [Tracker] Added reservation: 2026-02-07 15.75-16.25
  [R] 2026-02-07 (Saturday): 15:45 - 16:15 in B1.17
  [Tracker] Added reservation: 2026-02-07 16.50-17.25
  [R] 2026-02-07 (Saturday): 16:30 - 17:15 in B1.06
  [Tracker] Added reservation: 2026-02-08 9.50-10.25
  [R] 2026-02-08 (Sunday): 09:30 - 10:15 in B0.13
  [Tracker] Added reservation: 2026-02-08 10.25-10.75
  [R] 2026-02-08 (Sunday): 10:15 - 10:45 in B1.14
  [Tracker] Added conflict: 2026-02-08 11.00-13.00
      2026-02-08 (Sunday): 11:00 - 13:00
  [Tracker] Added reservation: 2026-02-08 14.00-14.50
  [R] 2026-02-08 (Sunday): 14:00 - 14:30 in B1.18
  [Tracker] Added conflict: 2026-02-08 14.50-17.50
      2026-02-08 (Sunday): 14:30 - 17:30
  [Tracker] Added reservation: 2026-02-09 9.75-11.25 (+90min peak)
  [R] 2026-02-09 (Monday): 09:45 - 11:15 in B0.13
  [Tracker] Added reservation: 2026-02-09 12.25-12.75 (+30min peak)
  [R] 2026-02-09 (Monday): 12:15 - 12:45 in B0.14
  [Tracker] Added reservation: 2026-02-09 20.00-22.00
  [R] 2026-02-09 (Monday): 20:00 - 22:00 in B0.16
  [Tracker] Added reservation: 2026-02-10 9.00-10.00 (+60min peak)
  [R] 2026-02-10 (Tuesday): 09:00 - 10:00 in B0.16
  [Tracker] Added conflict: 2026-02-10 11.25-13.00
      2026-02-10 (Tuesday): 11:15 - 13:00
  [Tracker] Added conflict: 2026-02-10 13.00-14.00
      2026-02-10 (Tuesday): 13:00 - 14:00
  [Tracker] Added conflict: 2026-02-10 18.00-21.00
      2026-02-10 (Tuesday): 18:00 - 21:00 in B0.08
  [Tracker] Added conflict: 2026-02-11 16.00-17.50
      2026-02-11 (Wednesday): 16:00 - 17:30 in B0.03
  [Tracker] Added conflict: 2026-02-12 10.00-11.00
      2026-02-12 (Thursday): 10:00 - 11:00 in B1.09
  [Tracker] Added conflict: 2026-02-12 17.00-18.00
      2026-02-12 (Thursday): 17:00 - 18:00 in B0.03

  Total events: 28 (18 reservations, 10 other)

  Rolling quota: 16.0/28 hours this week
  [OK] Can book 12.0 more hours
  Peak hours from existing reservations:
    2026-02-06: 90/120 min
    2026-02-09: 120/120 min
    2026-02-10: 60/120 min
============================================================

Navigating to practice rooms (AHC)...
  Currently showing: Unknown

  Disabled dates (will skip): ['2026-02-02', '2026-02-03', '2026-02-04', '2026-02-05', '2026-02-06', '2026-02-07', '2026-02-08', '2026-02-09']

  Time preferences: Prioritizing 09:00 - 21:00
  Strict mode: ON (only booking preferred times)

  Booking strategy: REVERSE ORDER (furthest dates first)

  Smart redistribution calculation:
    Enabled days: 3/8
    Remaining quota: 12.0h
    Ideal hours/day: 9.3h
    Current hours per day:
      2026-02-10 (Tue): 1.0h [needs +8.3h]
      2026-02-11 (Wed): 0.0h [needs +9.3h]
      2026-02-12 (Thu): 0.0h [needs +9.3h]

  Navigating to day 7 first (reverse order strategy)...

============================================================
CHECKING FOR HORIZON SNIPE OPPORTUNITIES (MULTI-DAY)
============================================================

  Found 2 pending extension(s) - will skip conflicting snipe candidates

  Scanning 3 horizon days for snipe candidates: [7, 5, 3]

    Scanning Day 7 (2026-02-12) for 7-day horizon rooms...
      Found: B0.11 at 20.00, bookable in 84s
      Found: B0.14 at 20.00, bookable in 84s
      Found: B0.16 at 20.00, bookable in 84s

    Scanning Day 5 (2026-02-10) for 5-day horizon rooms...
    Navigating backward 2 day(s) to Day 5...
      Skipping B0.29 at 20.00: Overlaps with your existing reservation
      Skipping B1.14 at 20.00: Overlaps with your existing reservation
      Skipping B1.21 at 20.00: Overlaps with your existing reservation
      No snipe candidates found for Day 5

    Scanning Day 3 (2026-02-08) for 3-day horizon rooms...
    Navigating backward 2 day(s) to Day 3...
      No snipe candidates found for Day 3

  Total snipe candidates found: 3
  Snipe order (furthest day first, then by room priority):
    1. Day 7 - B0.11 at 20.00 (bookable in 84s)
    2. Day 7 - B0.14 at 20.00 (bookable in 84s)
    3. Day 7 - B0.16 at 20.00 (bookable in 84s)

  Positioning for first snipe...
    Navigating forward 4 day(s) to Day 7...

  Ready to snipe 3 candidate(s)
  First snipe: B0.11 at 20.00 (Day 7)
  Bookable at: 20:30:00

  [SNIPE 1/3] Attempting B0.11 at 20.00 (Day 7)

============================================================
HORIZON SNIPE: B0.11 at 20:00-20:30
============================================================
  Slot becomes bookable at: 20:30:00
  Current time: 20:28:41
  Seconds until bookable: 78.2
  Strategy: Open form now, wait, click Save at exact moment

  [SNIPE] Step 1: Opening booking form...
  [SNIPE] Clicking at (1646, 239)...
  [SNIPE] Found booking type button, clicking...
  [SNIPE] Step 2: Pre-filling times (20:00 to 20:30)...
  [SNIPE] Times set: 20:00 to 20:30
  [SNIPE] Step 3: Locating Save button...
  [SNIPE] Save button located at (575, 401)

  [SNIPE] Step 4: Waiting for bookable moment...
  [SNIPE] Waiting 76.0 seconds...
  [SNIPE] T-30s...
  [SNIPE] T-29s...
  [SNIPE] T-28s...
  [SNIPE] T-27s...
  [SNIPE] T-26s...
  [SNIPE] T-25s...
  [SNIPE] T-24s...
  [SNIPE] T-23s...
  [SNIPE] T-22s...
  [SNIPE] T-21s...
  [SNIPE] T-20s...
  [SNIPE] T-19s...
  [SNIPE] T-18s...
  [SNIPE] T-17s...
  [SNIPE] T-16s...
  [SNIPE] T-15s...
  [SNIPE] T-14s...
  [SNIPE] T-13s...
  [SNIPE] T-12s...
  [SNIPE] T-11s...
  [SNIPE] T-9.9s...
  [SNIPE] T-9.8s...
  [SNIPE] T-9.7s...
  [SNIPE] T-9.6s...
  [SNIPE] T-9.5s...
  [SNIPE] T-9.4s...
  [SNIPE] T-9.3s...
  [SNIPE] T-9.2s...
  [SNIPE] T-9.1s...
  [SNIPE] T-9.0s...
  [SNIPE] T-8.9s...
  [SNIPE] T-8.8s...
  [SNIPE] T-8.7s...
  [SNIPE] T-8.6s...
  [SNIPE] T-8.5s...
  [SNIPE] T-8.4s...
  [SNIPE] T-8.3s...
  [SNIPE] T-8.2s...
  [SNIPE] T-8.1s...
  [SNIPE] T-8.0s...
  [SNIPE] T-7.9s...
  [SNIPE] T-7.8s...
  [SNIPE] T-7.7s...
  [SNIPE] T-7.6s...
  [SNIPE] T-7.5s...
  [SNIPE] T-7.4s...
  [SNIPE] T-7.3s...
  [SNIPE] T-7.2s...
  [SNIPE] T-7.1s...
  [SNIPE] T-7.0s...
  [SNIPE] T-6.9s...
  [SNIPE] T-6.8s...
  [SNIPE] T-6.7s...
  [SNIPE] T-6.6s...
  [SNIPE] T-6.5s...
  [SNIPE] T-6.4s...
  [SNIPE] T-6.3s...
  [SNIPE] T-6.2s...
  [SNIPE] T-6.1s...
  [SNIPE] T-6.0s...
  [SNIPE] T-5.9s...
  [SNIPE] T-5.8s...
  [SNIPE] T-5.7s...
  [SNIPE] T-5.6s...
  [SNIPE] T-5.5s...
  [SNIPE] T-5.4s...
  [SNIPE] T-5.3s...
  [SNIPE] T-5.2s...
  [SNIPE] T-5.1s...
  [SNIPE] T-5.0s...
  [SNIPE] T-4.9s...
  [SNIPE] T-4.8s...
  [SNIPE] T-4.7s...
  [SNIPE] T-4.6s...
  [SNIPE] T-4.5s...
  [SNIPE] T-4.4s...
  [SNIPE] T-4.3s...
  [SNIPE] T-4.2s...
  [SNIPE] T-4.1s...
  [SNIPE] T-4.0s...
  [SNIPE] T-3.9s...
  [SNIPE] T-3.8s...
  [SNIPE] T-3.7s...
  [SNIPE] T-3.6s...
  [SNIPE] T-3.5s...
  [SNIPE] T-3.4s...
  [SNIPE] T-3.3s...
  [SNIPE] T-3.2s...
  [SNIPE] T-3.1s...
  [SNIPE] T-3.0s...
  [SNIPE] T-2.9s...
  [SNIPE] T-2.8s...
  [SNIPE] T-2.7s...
  [SNIPE] T-2.6s...
  [SNIPE] T-2.5s...
  [SNIPE] T-2.4s...
  [SNIPE] T-2.3s...
  [SNIPE] T-2.2s...
  [SNIPE] T-2.1s...
  [SNIPE] T-2.0s...
  [SNIPE] T-1.9s...
  [SNIPE] T-1.8s...
  [SNIPE] T-1.7s...
  [SNIPE] T-1.6s...
  [SNIPE] T-1.5s...
  [SNIPE] T-1.4s...
  [SNIPE] T-1.3s...
  [SNIPE] T-1.2s...
  [SNIPE] T-1.1s...
  [SNIPE] T-1.0s...
  [SNIPE] T-0.9s...
  [SNIPE] T-0.8s...
  [SNIPE] T-0.7s...
  [SNIPE] T-0.6s...
  [SNIPE] T-0.5s...
  [SNIPE] T-0.4s...
  [SNIPE] T-0.3s...
  [SNIPE] T-0.2s...
  [SNIPE] T-0.1s...
  [SNIPE] Adding 1 second safety buffer...

  >>> CLICKING SAVE NOW: 20:30:01.011 <<<
  [SNIPE] SUCCESS! Booked at 20:30:03.045
  [SNIPE] Latency from bookable time: 3045ms
  [Tracker] Added booking: B0.11 2026-02-12 20.00-20.50
  [Tracker] Total bookings: 1, Day hours: 0.5h, Peak: 0/120 min
  SUCCESS: Booked B0.11 20:00-20:30
  [EXTEND] Saved for extension: B0.11 2026-02-12 20:00->22:00
  [EXTEND] Marked for extension: target 20:00-22:00
    [SNIPE 1] SUCCESS!
  [DEBUG] go_back() called
  [DEBUG] Booking form visible: True
  [DEBUG] Clicking back button...
  [DEBUG] Back on calendar (location-day found)

  [SNIPE 2/3] Attempting B0.14 at 20.00 (Day 7)

============================================================
HORIZON SNIPE: B0.14 at 20:00-20:30
============================================================
  Slot becomes bookable at: 20:30:00
  Current time: 20:30:06
  Seconds until bookable: -6.2
  Strategy: Open form now, wait, click Save at exact moment

  [SNIPE] Step 1: Opening booking form...
  [SNIPE] Clicking at (1646, 319)...
  [SNIPE] No booking type button found, checking if form opened...
  [SNIPE] Step 2: Pre-filling times (20:00 to 20:30)...
  [SNIPE] Could not find time inputs (found 0) - aborting
  [DEBUG] go_back() called
  [DEBUG] Booking form visible: False
  [DEBUG] go_back exception: Page.wait_for_selector: Timeout 5000ms exceeded.
Call log:
  - waiting for locator(".location-day") to be visible

  Warning: go_back issue (Page.wait_for_selector: Timeout 5000ms exceeded.
Call log:
  - waiting for locator(".location-day") to be visible
), trying Escape + browser back...
    [SNIPE 2] FAILED, continuing to next candidate...

  [SNIPE 3/3] Attempting B0.16 at 20.00 (Day 7)

============================================================
HORIZON SNIPE: B0.16 at 20:00-20:30
============================================================
  Slot becomes bookable at: 20:30:00
  Current time: 20:30:15
  Seconds until bookable: -15.1
  Strategy: Open form now, wait, click Save at exact moment

  [SNIPE] Step 1: Opening booking form...
  [SNIPE] Clicking at (1646, 359)...
  [SNIPE] Found booking type button, clicking...
  [SNIPE] Step 2: Pre-filling times (20:00 to 20:30)...
  [SNIPE] Times set: 20:00 to 20:30
  [SNIPE] Step 3: Locating Save button...
  [SNIPE] Save button located at (575, 401)

  [SNIPE] Step 4: Waiting for bookable moment...
  [SNIPE] Adding 1 second safety buffer...

  >>> CLICKING SAVE NOW: 20:30:18.350 <<<
  [SNIPE] SUCCESS! Booked at 20:30:20.387
  [SNIPE] Latency from bookable time: 20388ms
  [Tracker] Added booking: B0.16 2026-02-12 20.00-20.50
  [Tracker] Total bookings: 2, Day hours: 1.0h, Peak: 0/120 min
  SUCCESS: Booked B0.16 20:00-20:30
  [EXTEND] Saved for extension: B0.16 2026-02-12 20:00->22:00
  [EXTEND] Marked for extension: target 20:00-22:00
    [SNIPE 3] SUCCESS!
  [DEBUG] go_back() called
  [DEBUG] Booking form visible: True
  [DEBUG] Clicking back button...
  [DEBUG] Back on calendar (location-day found)

  Snipe phase complete: 2/3 successful
============================================================
Target time 20:30 already passed, proceeding immediately

============================================================
REFRESHING PAGE FOR UPDATED SLOT AVAILABILITY
============================================================
  [DEBUG] Pre-refresh time: 20:30:23.568
  [DEBUG] Current URL: https://rwcmd.asimut.net/overview?locationGroupId=10...
  [DEBUG] Calendar position before refresh: day 7
  [DEBUG] Post-refresh time: 20:30:26.174
  [DEBUG] Refresh took: 2.61s
  [DEBUG] Post-refresh URL: https://rwcmd.asimut.net/overview?locationGroupId=10...
  [DEBUG] Calendar position after refresh: day 7 (unchanged)
  [DEBUG] Could not extract slot times
============================================================

============================================================
PROCESSING BOOKING EXTENSIONS
============================================================
Found 4 potentially extendable booking(s)

============================================================
EXTENDING BOOKING: B0.13 on 2026-02-12
  Current: 19:30 - 20:00
  Target:  19:30 - 20:30
============================================================
  Editing reservation: B0.13 on 2026-02-12
    Current: 19:30-20:00
    New end: 20:30
    Not found in visible area, scrolling...
    Could not find event card for B0.13 2026-02-12 19:30
  Skipped B0.13 2026-02-12 19:30: Edit operation failed

============================================================
EXTENDING BOOKING: B0.16 on 2026-02-12
  Current: 19:45 - 20:15
  Target:  19:45 - 20:30
============================================================
  Editing reservation: B0.16 on 2026-02-12
    Current: 19:45-20:15
    New end: 20:30
    Not found in visible area, scrolling...
    Could not find event card for B0.16 2026-02-12 19:45
  Skipped B0.16 2026-02-12 19:45: Edit operation failed
  Skipped B0.11 2026-02-12 20:00: Only 0min extension possible (need 15min)
  Skipped B0.16 2026-02-12 20:00: Only 0min extension possible (need 15min)
============================================================

Navigating back to practice rooms...

############################################################
# DAY 7: 2026-02-12 (Thursday)
############################################################
  [Smart redistribution] Current: 1.0h, Target: +8.3h, Max bookings: 4
  [DEBUG] Session stats: 2 bookings so far, peak for this day: 0/120min
  Navigating forward 7 day(s)...
  [DEBUG] Current URL: https://rwcmd.asimut.net/overview?locationGroupId=10...
  [DEBUG] Navigation complete, now on day 7
  [DEBUG] Slot scan time: 20:30:56
  Displayed date: Royal Welsh College of Music & Drama
  [DEBUG] Earliest slots for 7-day horizon rooms: {'B0.11': '07:30', 'B0.13': '07:30', 'B0.14': '07:30', 'B0.16': '07:30'}
  [DEBUG] Expected earliest (now - 7 days): ~20:30 on target date
  [DEBUG] Rooms skipped (not yet available): B0.23 (Available in 1.5d (horizon: 5d)), B0.27 (Available in 1.5d (horizon: 5d)), B0.29 (Available in 1.5d (horizon: 5d)), B1.06 (Available in 1.5d (horizon: 5d)), B1.07 (Available in 1.5d (horizon: 5d)), B1.08 (Available in 1.5d (horizon: 5d)), B1.09 (Available in 3.5d (horizon: 3d)), B1.10 (Available in 1.5d (horizon: 5d)), B1.11 (Available in 1.5d (horizon: 5d)), B1.14 (Available in 1.5d (horizon: 5d)), B1.15 (Available in 1.5d (horizon: 5d)), B1.16 (Available in 3.5d (horizon: 3d)), B1.17 (Available in 1.5d (horizon: 5d)), B1.18 (Available in 1.5d (horizon: 5d)), B1.19 (Available in 1.5d (horizon: 5d)), B1.20 (Available in 1.5d (horizon: 5d)), B1.21 (Available in 1.5d (horizon: 5d))
  Found 8 potential slots
  [DEBUG] First 10 slots: [('B0.11', '20.00-22.25'), ('B0.16', '20.00-22.25'), ('B0.13', '20.25-22.25'), ('B0.14', '20.50-22.25'), ('B0.11', '7.50-9.00'), ('B0.13', '7.50-9.00'), ('B0.16', '7.50-9.00'), ('B0.14', '7.50-8.00')]
  [DEBUG] Peak quota for 2026-02-12: 0/120 min used, 120 min remaining
  [DEBUG] Known conflicts for this day: ['10.00-11.00', '17.00-18.00', '20.00-20.50', '20.00-20.50']
Traceback (most recent call last):
  File "C:\Users\loxty\Desktop\Repos\AsimutBooker\book_week.py", line 4409, in <module>
    main()
    ~~~~^^
  File "C:\Users\loxty\Desktop\Repos\AsimutBooker\book_week.py", line 4140, in main
    room_blocked = tracker.get_same_room_blocked_ranges(target_date, s['room'])
  File "C:\Users\loxty\Desktop\Repos\AsimutBooker\book_week.py", line 1785, in get_same_room_blocked_ranges
    if b_room == room and b_date.date() == date.date():
                          ^^^^^^^^^^^
AttributeError: 'datetime.date' object has no attribute 'date'
============================================================ 
[05/02/2026 20:30:57.15] Booking run completed 
