[05/02/2026 21:58:03.16] Starting scheduled booking run... 
============================================================ 
============================================================
ASIMUT WEEK BOOKER
============================================================
Today: 2026-02-05
Booking for: 2026-02-05 to 2026-02-12
Mode: Visible browser
============================================================

============================================================
SCANNING MY AGENDA FOR EXISTING EVENTS
============================================================
  [DEBUG] Navigating to agenda page...
  [DEBUG] Agenda page loaded, URL: https://rwcmd.asimut.net/agenda...
  Scrolling until we reach 12 February 2026...
  [DEBUG] Found target date '12 February 2026' after 2 scrolls
  Final pass to capture all events (10 scrolls)...
  [DEBUG] Raw events extracted: 32

  Found 32 unique events in agenda (deduplicated from 32):
  [Tracker] Added conflict: 2026-02-05 15.00-16.00
      2026-02-05 (Thursday): 15:00 - 16:00 in B1.20
  [Tracker] Added reservation: 2026-02-05 16.00-16.50
  [R] 2026-02-05 (Thursday): 16:00 - 16:30 in B1.08
  [Tracker] Added conflict: 2026-02-05 17.00-18.00
      2026-02-05 (Thursday): 17:00 - 18:00 in B1.19
  [Tracker] Added reservation: 2026-02-05 18.00-20.00
  [R] 2026-02-05 (Thursday): 18:00 - 20:00 in B1.20
  [Tracker] Added reservation: 2026-02-06 9.50-10.00 (+30min peak)
  [R] 2026-02-06 (Friday): 09:30 - 10:00 in B0.11
  [Tracker] Added reservation: 2026-02-06 11.00-11.50 (+30min peak)
  [R] 2026-02-06 (Friday): 11:00 - 11:30 in B1.10
  [Tracker] Added reservation: 2026-02-06 13.00-13.50 (+30min peak)
  [R] 2026-02-06 (Friday): 13:00 - 13:30 in B1.10
  [Tracker] Added reservation: 2026-02-06 19.50-20.50
  [R] 2026-02-06 (Friday): 19:30 - 20:30 in B1.21
  [Tracker] Added reservation: 2026-02-06 20.50-22.25
  [R] 2026-02-06 (Friday): 20:30 - 22:15 in B1.17
  [Tracker] Added reservation: 2026-02-07 10.00-10.50
  [R] 2026-02-07 (Saturday): 10:00 - 10:30 in B1.08
  [Tracker] Added reservation: 2026-02-07 10.50-11.25
  [R] 2026-02-07 (Saturday): 10:30 - 11:15 in B0.16
  [Tracker] Added reservation: 2026-02-07 15.75-16.25
  [R] 2026-02-07 (Saturday): 15:45 - 16:15 in B1.17
  [Tracker] Added reservation: 2026-02-07 16.50-17.25
  [R] 2026-02-07 (Saturday): 16:30 - 17:15 in B1.06
  [Tracker] Added reservation: 2026-02-08 9.50-10.25
  [R] 2026-02-08 (Sunday): 09:30 - 10:15 in B0.13
  [Tracker] Added reservation: 2026-02-08 10.25-10.75
  [R] 2026-02-08 (Sunday): 10:15 - 10:45 in B1.14
  [Tracker] Added conflict: 2026-02-08 11.00-13.00
      2026-02-08 (Sunday): 11:00 - 13:00
  [Tracker] Added reservation: 2026-02-08 14.00-14.50
  [R] 2026-02-08 (Sunday): 14:00 - 14:30 in B1.18
  [Tracker] Added conflict: 2026-02-08 14.50-17.50
      2026-02-08 (Sunday): 14:30 - 17:30
  [Tracker] Added reservation: 2026-02-09 9.75-11.25 (+90min peak)
  [R] 2026-02-09 (Monday): 09:45 - 11:15 in B0.13
  [Tracker] Added reservation: 2026-02-09 12.25-12.75 (+30min peak)
  [R] 2026-02-09 (Monday): 12:15 - 12:45 in B0.14
  [Tracker] Added reservation: 2026-02-09 20.00-22.00
  [R] 2026-02-09 (Monday): 20:00 - 22:00 in B0.16
  [Tracker] Added reservation: 2026-02-10 9.00-10.00 (+60min peak)
  [R] 2026-02-10 (Tuesday): 09:00 - 10:00 in B0.16
  [Tracker] Added conflict: 2026-02-10 11.25-13.00
      2026-02-10 (Tuesday): 11:15 - 13:00
  [Tracker] Added conflict: 2026-02-10 13.00-14.00
      2026-02-10 (Tuesday): 13:00 - 14:00
  [Tracker] Added reservation: 2026-02-10 15.50-16.00 (+30min peak)
  [R] 2026-02-10 (Tuesday): 15:30 - 16:00 in B1.18
  [Tracker] Added reservation: 2026-02-10 17.00-17.50
  [R] 2026-02-10 (Tuesday): 17:00 - 17:30 in B1.11
  [Tracker] Added reservation: 2026-02-10 17.50-18.00
  [R] 2026-02-10 (Tuesday): 17:30 - 18:00 in B0.23
  [Tracker] Added conflict: 2026-02-10 18.00-21.00
      2026-02-10 (Tuesday): 18:00 - 21:00 in B0.08
  [Tracker] Added conflict: 2026-02-11 16.00-17.50
      2026-02-11 (Wednesday): 16:00 - 17:30 in B0.03
  [Tracker] Added conflict: 2026-02-12 10.00-11.00
      2026-02-12 (Thursday): 10:00 - 11:00 in B1.09
  [Tracker] Added conflict: 2026-02-12 17.00-18.00
      2026-02-12 (Thursday): 17:00 - 18:00 in B0.03
  [Tracker] Added reservation: 2026-02-12 20.00-21.50
  [R] 2026-02-12 (Thursday): 20:00 - 21:30 in B0.11

  Total events: 32 (22 reservations, 10 other)

  Rolling quota: 19.0/28 hours this week
  [OK] Can book 9.0 more hours
  Peak hours from existing reservations:
    2026-02-06: 90/120 min
    2026-02-09: 120/120 min
    2026-02-10: 90/120 min
============================================================

Navigating to practice rooms (AHC)...
  Currently showing: Unknown

  Disabled dates (will skip): ['2026-02-02', '2026-02-03', '2026-02-04', '2026-02-05', '2026-02-06', '2026-02-07', '2026-02-08', '2026-02-09']

  Time preferences: Prioritizing 09:00 - 21:00
  Strict mode: ON (only booking preferred times)

  Booking strategy: REVERSE ORDER (furthest dates first)

  Smart redistribution calculation:
    Enabled days: 3/8
    Remaining quota: 9.0h
    Ideal hours/day: 9.3h
    Current hours per day:
      2026-02-10 (Tue): 2.5h [needs +6.8h]
      2026-02-11 (Wed): 0.0h [needs +9.3h]
      2026-02-12 (Thu): 1.5h [needs +7.8h]

  Navigating to day 7 first (reverse order strategy)...

============================================================
CHECKING FOR HORIZON SNIPE OPPORTUNITIES (MULTI-DAY)
============================================================

  Found 5 pending extension(s) - will skip conflicting snipe candidates

  Scanning 3 horizon days for snipe candidates: [7, 5, 3]

    Scanning Day 7 (2026-02-12) for 7-day horizon rooms...
      No snipe candidates found for Day 7

    Scanning Day 5 (2026-02-10) for 5-day horizon rooms...
    Navigating backward 2 day(s) to Day 5...
      No snipe candidates found for Day 5

    Scanning Day 3 (2026-02-08) for 3-day horizon rooms...
    Navigating backward 2 day(s) to Day 3...
      No snipe candidates found for Day 3

  Total snipe candidates found: 0
  No snipe candidates found (no slots becoming bookable within 3 minutes)
============================================================

============================================================
READY - Waiting for target time: 22:00
============================================================
Current time: 21:58:47
Seconds to wait: 73
  T-70s...
  T-60s...
  T-50s...
  T-40s...
  T-30s...
  T-20s...
  T-10s...
  T-0s...

>>> TARGET TIME REACHED: 22:00:00 <<<
============================================================


============================================================
REFRESHING PAGE FOR UPDATED SLOT AVAILABILITY
============================================================
  [DEBUG] Pre-refresh time: 22:00:00.089
  [DEBUG] Current URL: https://rwcmd.asimut.net/overview?locationGroupId=10...
  [DEBUG] Calendar position before refresh: day 3
  [DEBUG] Post-refresh time: 22:00:02.566
  [DEBUG] Refresh took: 2.48s
  [DEBUG] Post-refresh URL: https://rwcmd.asimut.net/overview?locationGroupId=10...
  [DEBUG] Calendar position after refresh: day 3 (unchanged)
  [DEBUG] Could not extract slot times
============================================================

============================================================
PROCESSING BOOKING EXTENSIONS
============================================================
Found 5 potentially extendable booking(s)

============================================================
EXTENDING BOOKING: B0.13 on 2026-02-12
  Current: 19:30 - 20:00
  Target:  19:30 - 21:30
============================================================
  Editing reservation: B0.13 on 2026-02-12
    Current: 19:30-20:00
    New end: 21:30
    Not found in visible area, scrolling...
    Could not find event card for B0.13 2026-02-12 19:30
  Skipped B0.13 2026-02-12 19:30: Edit operation failed

============================================================
EXTENDING BOOKING: B0.16 on 2026-02-12
  Current: 19:45 - 20:15
  Target:  19:45 - 21:45
============================================================
  Editing reservation: B0.16 on 2026-02-12
    Current: 19:45-20:15
    New end: 21:45
    Not found in visible area, scrolling...
    Could not find event card for B0.16 2026-02-12 19:45
  Skipped B0.16 2026-02-12 19:45: Edit operation failed

============================================================
EXTENDING BOOKING: B0.11 on 2026-02-12
  Current: 20:00 - 21:30
  Target:  20:00 - 22:00
============================================================
  Editing reservation: B0.11 on 2026-02-12
    Current: 20:00-21:30
    New end: 22:00
    Not found in visible area, scrolling...
    Found matching event card (panel #76)
    SUCCESS: Extended to 22:00
  [Tracker] Added 0.50h extension to quota (19.5/28h)
  [Tracker] Updated reservation_ranges: B0.11 now ends at 22:00

============================================================
EXTENDING BOOKING: B0.16 on 2026-02-12
  Current: 20:00 - 20:30
  Target:  20:00 - 22:00
============================================================
  Editing reservation: B0.16 on 2026-02-12
    Current: 20:00-20:30
    New end: 22:00
    Not found in visible area, scrolling...
    Could not find event card for B0.16 2026-02-12 20:00
  Skipped B0.16 2026-02-12 20:00: Edit operation failed

============================================================
EXTENDING BOOKING: B0.13 on 2026-02-12
  Current: 20:15 - 20:45
  Target:  20:15 - 22:00
============================================================
  Editing reservation: B0.13 on 2026-02-12
    Current: 20:15-20:45
    New end: 22:00
    Not found in visible area, scrolling...
    Could not find event card for B0.13 2026-02-12 20:15
  Skipped B0.13 2026-02-12 20:15: Edit operation failed

Extended 1 booking(s)
============================================================

Navigating back to practice rooms...

############################################################
# DAY 7: 2026-02-12 (Thursday)
############################################################
  [Smart redistribution] Current: 1.5h, Target: +7.8h, Max bookings: 4
  [DEBUG] Session stats: 1 bookings so far, peak for this day: 0/120min
  Navigating forward 7 day(s)...
  [DEBUG] Current URL: https://rwcmd.asimut.net/overview?locationGroupId=10...
  [DEBUG] Navigation complete, now on day 7
  [DEBUG] Slot scan time: 22:01:06
  Displayed date: Royal Welsh College of Music & Drama
  [DEBUG] Earliest slots for 7-day horizon rooms: {'B0.11': '07:30', 'B0.13': '07:30', 'B0.14': '07:30', 'B0.16': '07:30'}
  [DEBUG] Expected earliest (now - 7 days): ~22:01 on target date
  [DEBUG] Rooms skipped (not yet available): B0.23 (Available in 1.4d (horizon: 5d)), B0.27 (Available in 1.4d (horizon: 5d)), B0.29 (Available in 1.4d (horizon: 5d)), B1.06 (Available in 1.4d (horizon: 5d)), B1.07 (Available in 1.4d (horizon: 5d)), B1.08 (Available in 1.4d (horizon: 5d)), B1.09 (Available in 3.4d (horizon: 3d)), B1.10 (Available in 1.4d (horizon: 5d)), B1.11 (Available in 1.4d (horizon: 5d)), B1.14 (Available in 1.4d (horizon: 5d)), B1.15 (Available in 1.4d (horizon: 5d)), B1.16 (Available in 3.4d (horizon: 3d)), B1.17 (Available in 1.4d (horizon: 5d)), B1.18 (Available in 1.4d (horizon: 5d)), B1.19 (Available in 1.4d (horizon: 5d)), B1.20 (Available in 1.4d (horizon: 5d)), B1.21 (Available in 1.4d (horizon: 5d))
  Found 7 potential slots
  [DEBUG] First 10 slots: [('B0.13', '20.25-22.25'), ('B0.11', '7.50-9.00'), ('B0.13', '7.50-9.00'), ('B0.16', '7.50-9.00'), ('B0.16', '21.00-22.25'), ('B0.14', '7.50-8.00'), ('B0.14', '21.50-22.25')]
  [DEBUG] Peak quota for 2026-02-12: 0/120 min used, 120 min remaining
  [DEBUG] Known conflicts for this day: ['10.00-11.00', '17.00-18.00', '20.00-21.50']
  [DEBUG] Slot adjustment: 0 conflict-removed, 0 removed, 2 adjusted, 0 peak-adjusted, 0 weekly-adjusted
  [DEBUG] Strict mode: Filtered out 7 non-preferred slots
  [DEBUG] Starting booking attempts. Max per day: 4, slots available: 0
  [DEBUG] No more valid slots (all_slots=0, conflicts filtered all)
  No more valid slots available

  Day summary: 0 bookings made, 0 attempts total

############################################################
# DAY 6: 2026-02-11 (Wednesday)
############################################################
  [Smart redistribution] Current: 0.0h, Target: +9.3h, Max bookings: 5
  [DEBUG] Session stats: 1 bookings so far, peak for this day: 0/120min
  Navigating backward 1 day(s)...
  [DEBUG] Current URL: https://rwcmd.asimut.net/overview?locationGroupId=10...
  [DEBUG] Navigation complete, now on day 6
  [DEBUG] Slot scan time: 22:01:09
  Displayed date: Royal Welsh College of Music & Drama
  [DEBUG] Earliest slots for 7-day horizon rooms: {'B0.11': '07:30', 'B0.13': '07:30', 'B0.14': '07:30', 'B0.16': '07:30'}
  [DEBUG] Expected earliest (now - 7 days): ~22:01 on target date
  [DEBUG] Rooms skipped (not yet available): B0.23 (Available in 9.5h (horizon: 5d)), B0.27 (Available in 9.5h (horizon: 5d)), B0.29 (Available in 9.5h (horizon: 5d)), B1.06 (Available in 9.5h (horizon: 5d)), B1.07 (Available in 9.5h (horizon: 5d)), B1.08 (Available in 9.5h (horizon: 5d)), B1.09 (Available in 2.4d (horizon: 3d)), B1.10 (Available in 9.5h (horizon: 5d)), B1.11 (Available in 9.5h (horizon: 5d)), B1.14 (Available in 9.5h (horizon: 5d)), B1.15 (Available in 9.5h (horizon: 5d)), B1.16 (Available in 2.4d (horizon: 3d)), B1.17 (Available in 9.5h (horizon: 5d)), B1.18 (Available in 9.5h (horizon: 5d)), B1.19 (Available in 9.5h (horizon: 5d)), B1.20 (Available in 9.5h (horizon: 5d)), B1.21 (Available in 9.5h (horizon: 5d))
  Found 8 potential slots
  [DEBUG] First 10 slots: [('B0.11', '7.50-9.00'), ('B0.14', '7.50-9.25'), ('B0.16', '7.50-9.00'), ('B0.11', '21.00-22.25'), ('B0.14', '21.00-22.25'), ('B0.13', '7.50-8.00'), ('B0.16', '21.50-22.25'), ('B0.13', '21.75-22.25')]
  [DEBUG] Peak quota for 2026-02-11: 0/120 min used, 120 min remaining
  [DEBUG] Known conflicts for this day: ['16.00-17.50']
  [DEBUG] Strict mode: Filtered out 8 non-preferred slots
  [DEBUG] Starting booking attempts. Max per day: 5, slots available: 0
  [DEBUG] No more valid slots (all_slots=0, conflicts filtered all)
  No more valid slots available

  Day summary: 0 bookings made, 0 attempts total

############################################################
# DAY 5: 2026-02-10 (Tuesday)
############################################################
  [Smart redistribution] Current: 2.5h, Target: +6.8h, Max bookings: 3
  [DEBUG] Session stats: 1 bookings so far, peak for this day: 90/120min
  Navigating backward 1 day(s)...
  [DEBUG] Current URL: https://rwcmd.asimut.net/overview?locationGroupId=10...
  [DEBUG] Navigation complete, now on day 5
  [DEBUG] Slot scan time: 22:01:12
  Displayed date: Royal Welsh College of Music & Drama
  [DEBUG] Earliest slots for 7-day horizon rooms: {'B0.11': '07:30', 'B0.13': '07:30', 'B0.14': '07:30', 'B0.16': '07:30'}
  [DEBUG] Expected earliest (now - 7 days): ~22:01 on target date
  [DEBUG] Rooms skipped (not yet available): B1.09 (Available in 1.4d (horizon: 3d)), B1.16 (Available in 1.4d (horizon: 3d))
  Found 38 potential slots
  [DEBUG] First 10 slots: [('B1.06', '18.00-22.25'), ('B1.07', '18.00-22.25'), ('B1.08', '18.25-22.25'), ('B0.27', '18.50-22.25'), ('B0.23', '18.75-22.25'), ('B1.10', '19.00-22.25'), ('B1.11', '19.50-22.25'), ('B1.20', '19.75-22.25'), ('B1.14', '20.00-22.25'), ('B1.21', '20.00-22.25')]
  [DEBUG] Peak quota for 2026-02-10: 90/120 min used, 30 min remaining
  [DEBUG] Known conflicts for this day: ['9.00-10.00', '11.25-13.00', '13.00-14.00', '15.50-16.00', '17.00-17.50', '17.50-18.00', '18.00-21.00']
  [DEBUG] Slot adjustment: 3 conflict-removed, 0 removed, 15 adjusted, 0 peak-adjusted, 0 weekly-adjusted
  [DEBUG] Strict mode: Filtered out 35 non-preferred slots
  [DEBUG] Starting booking attempts. Max per day: 3, slots available: 0
  [DEBUG] No more valid slots (all_slots=0, conflicts filtered all)
  No more valid slots available

  Day summary: 0 bookings made, 0 attempts total

============================================================
BOOKING COMPLETE
============================================================
Total bookings made: 1
Peak hours used (per day):
  2026-02-06: 90/120 min
  2026-02-09: 120/120 min
  2026-02-10: 90/120 min

All bookings:
============================================================
History saved: 1 bookings, 32 events
Notification sent: Booked 1 room

Keeping browser open for 30 seconds to verify...
============================================================ 
[05/02/2026 22:01:43.71] Booking run completed 
