[13/02/2026 22:19:30.05] Starting scheduled booking run... 
============================================================ 
============================================================
ASIMUT WEEK BOOKER
============================================================
Today: 2026-02-13
Booking for: 2026-02-13 to 2026-02-20
Mode: Visible browser
============================================================

============================================================
SCANNING MY AGENDA FOR EXISTING EVENTS
============================================================
  [DEBUG] Navigating to agenda page...
  [DEBUG] Agenda page loaded, URL: https://rwcmd.asimut.net/agenda...
  Scrolling until we reach 20 February 2026...
  [DEBUG] Found target date '20 February 2026' after 1 scrolls
  Final pass to capture all events (10 scrolls)...
  [DEBUG] Raw events extracted: 10

  Found 10 unique events in agenda (deduplicated from 10):
  [Tracker] Added reservation: 2026-02-14 12.00-12.50
  [R] 2026-02-14 (Saturday): 12:00 - 12:30 in B0.13
  [Tracker] Added reservation: 2026-02-14 12.50-13.00
  [R] 2026-02-14 (Saturday): 12:30 - 13:00 in B0.14
  [Tracker] Added reservation: 2026-02-14 13.50-14.00
  [R] 2026-02-14 (Saturday): 13:30 - 14:00 in B0.16
  [Tracker] Added reservation: 2026-02-14 14.50-16.50
  [R] 2026-02-14 (Saturday): 14:30 - 16:30 in B0.14
  [Tracker] Added reservation: 2026-02-14 16.75-17.25
  [R] 2026-02-14 (Saturday): 16:45 - 17:15 in B0.11
  [Tracker] Added reservation: 2026-02-15 9.50-11.50
  [R] 2026-02-15 (Sunday): 09:30 - 11:30 in B0.11
  [Tracker] Added reservation: 2026-02-15 11.50-13.00
  [R] 2026-02-15 (Sunday): 11:30 - 13:00 in B0.16
  [Tracker] Added reservation: 2026-02-15 15.50-16.25
  [R] 2026-02-15 (Sunday): 15:30 - 16:15 in B0.16
  [Tracker] Added conflict: 2026-02-18 14.00-16.00
      2026-02-18 (Wednesday): 14:00 - 16:00 in B0.08
  [Tracker] Added conflict: 2026-02-18 19.50-21.50
      2026-02-18 (Wednesday): 19:30 - 21:30

  Total events: 10 (8 reservations, 2 other)

  Rolling quota: 8.2/28 hours this week
  [OK] Can book 19.8 more hours
============================================================

Navigating to practice rooms (AHC)...
Traceback (most recent call last):
  File "C:\Users\loxty\Desktop\Repos\AsimutBooker\book_week.py", line 4409, in <module>
    main()
    ~~~~^^
  File "C:\Users\loxty\Desktop\Repos\AsimutBooker\book_week.py", line 3552, in main
    page.wait_for_timeout(3000)
    ~~~~~~~~~~~~~~~~~~~~~^^^^^^
  File "C:\Users\loxty\AppData\Roaming\Python\Python313\site-packages\playwright\sync_api\_generated.py", line 11536, in wait_for_timeout
    self._sync(self._impl_obj.wait_for_timeout(timeout=timeout))
    ~~~~~~~~~~^^^^^^^^^^^^^^^^^^^^^^^^^^^^^^^^^^^^^^^^^^^^^^^^^^
  File "C:\Users\loxty\AppData\Roaming\Python\Python313\site-packages\playwright\_impl\_sync_base.py", line 115, in _sync
    return task.result()
           ~~~~~~~~~~~^^
  File "C:\Users\loxty\AppData\Roaming\Python\Python313\site-packages\playwright\_impl\_page.py", line 1101, in wait_for_timeout
    await self._main_frame.wait_for_timeout(timeout)
  File "C:\Users\loxty\AppData\Roaming\Python\Python313\site-packages\playwright\_impl\_frame.py", line 862, in wait_for_timeout
    await self._channel.send("waitForTimeout", None, {"waitTimeout": timeout})
  File "C:\Users\loxty\AppData\Roaming\Python\Python313\site-packages\playwright\_impl\_connection.py", line 69, in send
    return await self._connection.wrap_api_call(
           ^^^^^^^^^^^^^^^^^^^^^^^^^^^^^^^^^^^^^
    ...<3 lines>...
    )
    ^
  File "C:\Users\loxty\AppData\Roaming\Python\Python313\site-packages\playwright\_impl\_connection.py", line 559, in wrap_api_call
    raise rewrite_error(error, f"{parsed_st['apiName']}: {error}") from None
playwright._impl._errors.TargetClosedError: Page.wait_for_timeout: Target page, context or browser has been closed
============================================================ 
[13/02/2026 22:19:51.93] Booking run completed 
