[02/02/2026 10:13:01.72] Starting scheduled booking run... 
============================================================ 
============================================================
ASIMUT WEEK BOOKER
============================================================
Today: 2026-02-02
Booking for: 2026-02-02 to 2026-02-09
Mode: Headless
============================================================

============================================================
SCANNING MY AGENDA FOR EXISTING EVENTS
============================================================
  [DEBUG] Navigating to agenda page...
  [DEBUG] Agenda page loaded, URL: https://rwcmd.asimut.net/agenda...
  Scrolling until we reach 9 February 2026...
  [DEBUG] Found target date '9 February 2026' after 3 scrolls
  Final pass to capture all events (10 scrolls)...
  [DEBUG] Raw events extracted: 31

  Found 31 unique events in agenda (deduplicated from 31):
  [Tracker] Added reservation: 2026-02-02 20.00-22.00
  [R] 2026-02-02 (Monday): 20:00 - 22:00 in B1.10
  [Tracker] Added conflict: 2026-02-03 11.25-13.00
      2026-02-03 (Tuesday): 11:15 - 13:00
  [Tracker] Added reservation: 2026-02-03 13.00-14.75 (+105min peak)
  [R] 2026-02-03 (Tuesday): 13:00 - 14:45 in B0.13
  [Tracker] Added reservation: 2026-02-03 18.75-20.00
  [R] 2026-02-03 (Tuesday): 18:45 - 20:00 in B1.06
  [Tracker] Added reservation: 2026-02-03 20.00-20.50
  [R] 2026-02-03 (Tuesday): 20:00 - 20:30 in B1.21
  [Tracker] Added reservation: 2026-02-03 20.50-22.25
  [R] 2026-02-03 (Tuesday): 20:30 - 22:15 in B1.08
  [Tracker] Added reservation: 2026-02-04 9.00-10.00 (+60min peak)
  [R] 2026-02-04 (Wednesday): 09:00 - 10:00 in B0.14
  [Tracker] Added conflict: 2026-02-04 10.00-10.25
      2026-02-04 (Wednesday): 10:00 - 10:15
  [Tracker] Added reservation: 2026-02-04 10.75-11.75 (+60min peak)
  [R] 2026-02-04 (Wednesday): 10:45 - 11:45 in B0.29
  [Tracker] Added reservation: 2026-02-04 16.00-17.00
  [R] 2026-02-04 (Wednesday): 16:00 - 17:00 in B1.10
  [Tracker] Added reservation: 2026-02-04 17.00-17.50
  [R] 2026-02-04 (Wednesday): 17:00 - 17:30 in B0.23
  [Tracker] Added reservation: 2026-02-04 18.00-18.50
  [R] 2026-02-04 (Wednesday): 18:00 - 18:30 in B1.21
  [Tracker] Added reservation: 2026-02-04 18.50-19.50
  [R] 2026-02-04 (Wednesday): 18:30 - 19:30 in B1.10
  [Tracker] Added reservation: 2026-02-04 19.50-21.50
  [R] 2026-02-04 (Wednesday): 19:30 - 21:30 in B1.06
  [Tracker] Added reservation: 2026-02-05 7.50-9.00
  [R] 2026-02-05 (Thursday): 07:30 - 09:00 in B0.29
  [Tracker] Added reservation: 2026-02-05 10.00-10.50 (+30min peak)
  [R] 2026-02-05 (Thursday): 10:00 - 10:30 in B1.10
  [Tracker] Added reservation: 2026-02-05 13.50-14.00 (+30min peak)
  [R] 2026-02-05 (Thursday): 13:30 - 14:00 in B1.06
  [Tracker] Added conflict: 2026-02-05 15.00-16.00
      2026-02-05 (Thursday): 15:00 - 16:00 in B1.20
  [Tracker] Added reservation: 2026-02-05 16.00-16.50
  [R] 2026-02-05 (Thursday): 16:00 - 16:30 in B1.08
  [Tracker] Added conflict: 2026-02-05 17.00-18.00
      2026-02-05 (Thursday): 17:00 - 18:00 in B1.19
  [Tracker] Added reservation: 2026-02-05 18.00-20.00
  [R] 2026-02-05 (Thursday): 18:00 - 20:00 in B1.20
  [Tracker] Added reservation: 2026-02-05 20.00-22.00
  [R] 2026-02-05 (Thursday): 20:00 - 22:00 in B0.27
  [Tracker] Added reservation: 2026-02-06 7.50-8.50
  [R] 2026-02-06 (Friday): 07:30 - 08:30 in B0.11
  [Tracker] Added reservation: 2026-02-06 9.50-10.00 (+30min peak)
  [R] 2026-02-06 (Friday): 09:30 - 10:00 in B0.11
  [Tracker] Added reservation: 2026-02-06 11.00-11.50 (+30min peak)
  [R] 2026-02-06 (Friday): 11:00 - 11:30 in B1.10
  [Tracker] Added reservation: 2026-02-06 13.00-13.50 (+30min peak)
  [R] 2026-02-06 (Friday): 13:00 - 13:30 in B1.10
  [Tracker] Added reservation: 2026-02-06 18.00-19.50
  [R] 2026-02-06 (Friday): 18:00 - 19:30 in B1.08
  [Tracker] Added reservation: 2026-02-06 19.50-20.50
  [R] 2026-02-06 (Friday): 19:30 - 20:30 in B1.21
  [Tracker] Added reservation: 2026-02-06 20.50-22.25
  [R] 2026-02-06 (Friday): 20:30 - 22:15 in B1.17
  [Tracker] Added conflict: 2026-02-08 11.00-13.00
      2026-02-08 (Sunday): 11:00 - 13:00
  [Tracker] Added conflict: 2026-02-08 14.50-17.50
      2026-02-08 (Sunday): 14:30 - 17:30

  Total events: 31 (25 reservations, 6 other)

  Rolling quota: 28.0/28 hours this week
  [FULL] QUOTA FULL - cannot make new bookings until existing ones expire!
  Peak hours from existing reservations:
    2026-02-03: 105/120 min
    2026-02-04: 120/120 min
    2026-02-05: 60/120 min
    2026-02-06: 90/120 min
============================================================

============================================================
QUOTA FULL - SKIPPING ALL BOOKING ATTEMPTS
============================================================
You have 28.0/28 hours booked this week.
Cannot make new bookings until existing ones expire.
============================================================
Notification sent: AsimutBooker - Quota Full
