[02/02/2026  9:28:01.16] Starting scheduled booking run... 
============================================================ 
============================================================
ASIMUT WEEK BOOKER
============================================================
Today: 2026-02-02
Booking for: 2026-02-02 to 2026-02-09
Mode: Headless
============================================================

============================================================
SCANNING MY AGENDA FOR EXISTING EVENTS
============================================================
  [DEBUG] Navigating to agenda page...
  [DEBUG] Agenda page loaded, URL: https://rwcmd.asimut.net/agenda...
  Scrolling until we reach 9 February 2026...
  [DEBUG] Found target date '9 February 2026' after 3 scrolls
  Final pass to capture all events (10 scrolls)...
  [DEBUG] Raw events extracted: 28

  Found 28 unique events in agenda (deduplicated from 28):
  [Tracker] Added reservation: 2026-02-02 20.00-22.00
  [R] 2026-02-02 (Monday): 20:00 - 22:00 in B1.10
  [Tracker] Added conflict: 2026-02-03 11.25-13.00
      2026-02-03 (Tuesday): 11:15 - 13:00
  [Tracker] Added reservation: 2026-02-03 18.75-20.00
  [R] 2026-02-03 (Tuesday): 18:45 - 20:00 in B1.06
  [Tracker] Added reservation: 2026-02-03 20.00-20.50
  [R] 2026-02-03 (Tuesday): 20:00 - 20:30 in B1.21
  [Tracker] Added reservation: 2026-02-03 20.50-22.25
  [R] 2026-02-03 (Tuesday): 20:30 - 22:15 in B1.08
  [Tracker] Added reservation: 2026-02-04 9.00-10.00 (+60min peak)
  [R] 2026-02-04 (Wednesday): 09:00 - 10:00 in B0.14
  [Tracker] Added conflict: 2026-02-04 10.00-10.25
      2026-02-04 (Wednesday): 10:00 - 10:15
  [Tracker] Added reservation: 2026-02-04 10.75-11.75 (+60min peak)
  [R] 2026-02-04 (Wednesday): 10:45 - 11:45 in B0.29
  [Tracker] Added reservation: 2026-02-04 17.00-17.50
  [R] 2026-02-04 (Wednesday): 17:00 - 17:30 in B0.23
  [Tracker] Added reservation: 2026-02-04 18.00-18.50
  [R] 2026-02-04 (Wednesday): 18:00 - 18:30 in B1.21
  [Tracker] Added reservation: 2026-02-04 19.50-21.50
  [R] 2026-02-04 (Wednesday): 19:30 - 21:30 in B1.06
  [Tracker] Added reservation: 2026-02-05 7.50-9.00
  [R] 2026-02-05 (Thursday): 07:30 - 09:00 in B0.29
  [Tracker] Added reservation: 2026-02-05 10.00-10.50 (+30min peak)
  [R] 2026-02-05 (Thursday): 10:00 - 10:30 in B1.10
  [Tracker] Added reservation: 2026-02-05 13.50-14.00 (+30min peak)
  [R] 2026-02-05 (Thursday): 13:30 - 14:00 in B1.06
  [Tracker] Added conflict: 2026-02-05 15.00-16.00
      2026-02-05 (Thursday): 15:00 - 16:00 in B1.20
  [Tracker] Added reservation: 2026-02-05 16.00-16.50
  [R] 2026-02-05 (Thursday): 16:00 - 16:30 in B1.08
  [Tracker] Added conflict: 2026-02-05 17.00-18.00
      2026-02-05 (Thursday): 17:00 - 18:00 in B1.19
  [Tracker] Added reservation: 2026-02-05 18.00-20.00
  [R] 2026-02-05 (Thursday): 18:00 - 20:00 in B1.20
  [Tracker] Added reservation: 2026-02-05 20.00-22.00
  [R] 2026-02-05 (Thursday): 20:00 - 22:00 in B0.27
  [Tracker] Added reservation: 2026-02-06 7.50-8.50
  [R] 2026-02-06 (Friday): 07:30 - 08:30 in B0.11
  [Tracker] Added reservation: 2026-02-06 8.50-9.25 (+15min peak)
  [R] 2026-02-06 (Friday): 08:30 - 09:15 in B0.13
  [Tracker] Added reservation: 2026-02-06 9.50-10.00 (+30min peak)
  [R] 2026-02-06 (Friday): 09:30 - 10:00 in B0.11
  [Tracker] Added reservation: 2026-02-06 11.00-11.50 (+30min peak)
  [R] 2026-02-06 (Friday): 11:00 - 11:30 in B1.10
  [Tracker] Added reservation: 2026-02-06 18.00-19.50
  [R] 2026-02-06 (Friday): 18:00 - 19:30 in B1.08
  [Tracker] Added reservation: 2026-02-06 19.50-20.50
  [R] 2026-02-06 (Friday): 19:30 - 20:30 in B1.21
  [Tracker] Added reservation: 2026-02-06 20.50-22.25
  [R] 2026-02-06 (Friday): 20:30 - 22:15 in B1.17
  [Tracker] Added conflict: 2026-02-08 11.00-13.00
      2026-02-08 (Sunday): 11:00 - 13:00
  [Tracker] Added conflict: 2026-02-08 14.50-17.50
      2026-02-08 (Sunday): 14:30 - 17:30

  Total events: 28 (22 reservations, 6 other)

  Rolling quota: 24.5/28 hours this week
  [OK] Can book 3.5 more hours
  Peak hours from existing reservations:
    2026-02-04: 120/120 min
    2026-02-05: 60/120 min
    2026-02-06: 75/120 min
============================================================

Navigating to practice rooms (AHC)...
  Currently showing: Unknown

  Disabled dates (will skip): ['2026-02-07', '2026-02-08']

  Time preferences: Prioritizing 10:00 - 21:00
  Strict mode: ON (only booking preferred times)

  Booking strategy: REVERSE ORDER (furthest dates first)

  Dynamic booking calculation:
    Enabled days: 6/8
    Remaining quota: 3.5h
    Target hours/day: 0.6h
    Max bookings/day: 1

  Navigating to day 7 first (reverse order strategy)...

============================================================
READY - Waiting for target time: 09:30
============================================================
Current time: 09:28:41
Seconds to wait: 79
  T-70s...
  T-60s...
  T-50s...
  T-40s...
  T-30s...
  T-20s...
  T-10s...
  T-0s...

>>> TARGET TIME REACHED: 09:30:00 <<<
============================================================


############################################################
# DAY 7: 2026-02-09 (Monday)
############################################################
  [DEBUG] Session stats: 0 bookings so far, peak for this day: 0/120min
  Already on correct day (day 7) - no navigation needed
  Displayed date: Royal Welsh College of Music & Drama
  [DEBUG] Rooms skipped (not yet available): B0.11 (Available in 8.5h (horizon: 7d)), B0.23 (Available in 1.9d (horizon: 5d)), B0.27 (Available in 1.9d (horizon: 5d)), B0.29 (Available in 1.9d (horizon: 5d)), B1.06 (Available in 1.9d (horizon: 5d)), B1.07 (Available in 1.9d (horizon: 5d)), B1.08 (Available in 1.9d (horizon: 5d)), B1.09 (Available in 3.9d (horizon: 3d)), B1.10 (Available in 1.9d (horizon: 5d)), B1.11 (Available in 1.9d (horizon: 5d)), B1.14 (Available in 1.9d (horizon: 5d)), B1.15 (Available in 1.9d (horizon: 5d)), B1.16 (Available in 3.9d (horizon: 3d)), B1.17 (Available in 1.9d (horizon: 5d)), B1.18 (Available in 1.9d (horizon: 5d)), B1.19 (Available in 1.9d (horizon: 5d)), B1.20 (Available in 1.9d (horizon: 5d)), B1.21 (Available in 1.9d (horizon: 5d))
  Found 8 potential slots
  [DEBUG] First 10 slots: [('B0.13', '7.50-8.50'), ('B0.14', '7.50-8.75'), ('B0.16', '7.50-8.75'), ('B0.13', '9.00-22.25'), ('B0.14', '9.25-22.25'), ('B0.16', '9.25-22.25'), ('B0.11', '7.50-8.00'), ('B0.11', '9.25-10.00')]
  [DEBUG] Peak quota for 2026-02-09: 0/120 min used, 120 min remaining
  [DEBUG] Slot adjustment: 0 conflict-removed, 0 removed, 3 adjusted, 0 peak-adjusted, 3 weekly-adjusted
  [DEBUG] Strict mode: Filtered out 8 non-preferred slots
  [DEBUG] Starting booking attempts. Max per day: 1, slots available: 0
  [DEBUG] No more valid slots (all_slots=0, conflicts filtered all)
  No more valid slots available

  Day summary: 0 bookings made, 0 attempts total

############################################################
# DAY 4: 2026-02-06 (Friday)
############################################################
  [DEBUG] Session stats: 0 bookings so far, peak for this day: 75/120min
  Navigating backward 3 day(s)...
  [DEBUG] Current URL: https://rwcmd.asimut.net/overview?locationGroupId=10...
  [DEBUG] Navigation complete, now on day 4
  Displayed date: Royal Welsh College of Music & Drama
  [DEBUG] Rooms skipped (not yet available): B1.09 (Available in 22.0h (horizon: 3d)), B1.16 (Available in 22.0h (horizon: 3d))
  Found 40 potential slots
  [DEBUG] First 10 slots: [('B0.23', '14.00-22.25'), ('B1.10', '19.00-22.25'), ('B1.08', '19.50-22.25'), ('B1.11', '19.50-22.25'), ('B1.18', '20.00-22.25'), ('B1.19', '20.00-22.25'), ('B1.07', '20.00-22.25'), ('B0.16', '20.25-22.25'), ('B1.21', '20.50-22.25'), ('B1.10', '13.00-13.50')]
  [DEBUG] Peak quota for 2026-02-06: 75/120 min used, 45 min remaining
  [DEBUG] Known conflicts for this day: ['7.50-8.50', '8.50-9.25', '9.50-10.00', '11.00-11.50', '18.00-19.50', '19.50-20.50', '20.50-22.25']
  [DEBUG] Slot adjustment: 37 conflict-removed, 0 removed, 1 adjusted, 0 peak-adjusted, 1 weekly-adjusted
  [DEBUG] Starting booking attempts. Max per day: 1, slots available: 3
  [DEBUG] Attempt 1/15: B0.23 14.00-17.50 (duration: 3.50h)
  Skipping B0.23 14:00: Peak hours limit for 2026-02-06 (75/120 min used)
  [DEBUG] Attempt 2/15: B1.10 13.00-13.50 (duration: 0.50h)

============================================================
Trying: B1.10 at 13:00-13:30
============================================================
  [DEBUG] Click calculation: slot=13.00-13.50, center=13.25, click_pct=39.06%
  [DEBUG] Viewport: 1920x1080, scrollY=259
  [DEBUG] Day grid: left=400, width=1520, right=1920
  [DEBUG] Click target: x=994, y=540 (target time: 13.00-13.50)
  Clicking at (994, 540) for B1.10 (center)...
  [DEBUG] Looking for 'Student booking provisional' button...
  Found 'Student booking provisional' button
  [DEBUG] Setting times: 13:00 to 13:30
  [DEBUG] Found time inputs, filling start time...
  [DEBUG] Filling end time...
  [DEBUG] Verified times: start=13:00, end=13:30
  [DEBUG] Checking for errors/conflicts on booking form...
  [DEBUG] Found 7 time patterns on page
  [DEBUG] Looking for Save button...
  [DEBUG] Save button icon: 'check'
  [DEBUG] Save button at: x=350, y=512
  Clicking Save...
  [DEBUG] After save - form visible: N/A, URL: https://rwcmd.asimut.net/arrangement?eventId=33644...
  [Tracker] Added booking: B1.10 2026-02-06 13.00-13.50
  [Tracker] Total bookings: 1, Peak hours for 2026-02-06: 105/120 min
  SUCCESS: Booked B1.10 13:00-13:30
  [DEBUG] Booking successful! Day total: 1, session total: 1
  [DEBUG] Navigating back to calendar...
  [DEBUG] go_back() called
  [DEBUG] Booking form visible: False
  [DEBUG] go_back exception: Page.wait_for_selector: Timeout 5000ms exceeded.
Call log:
  - waiting for locator(".location-day") to be visible

  Warning: go_back issue (Page.wait_for_selector: Timeout 5000ms exceeded.
Call log:
  - waiting for locator(".location-day") to be visible
), trying Escape + browser back...
  [DEBUG] Refreshing slot data after successful booking...
  [DEBUG] Raw slots from page: 65 (from 29 rooms)
  [DEBUG] Updated peak quota for 2026-02-06: 15 min remaining
  [DEBUG] Rebuilt slot list: 1 slots remaining

  Day summary: 1 bookings made, 2 attempts total

############################################################
# DAY 3: 2026-02-05 (Thursday)
############################################################
  [DEBUG] Session stats: 1 bookings so far, peak for this day: 60/120min
  Navigating backward 1 day(s)...
  [DEBUG] Current URL: https://rwcmd.asimut.net/overview?locationGroupId=10...
  [DEBUG] Navigation complete, now on day 3
  Displayed date: Royal Welsh College of Music & Drama
  [DEBUG] Rooms skipped (not yet available): B1.09 (Available in 2.5h (horizon: 3d)), B1.16 (Available in 2.0h (horizon: 3d))
  Found 33 potential slots
  [DEBUG] First 10 slots: [('B1.11', '19.25-22.25'), ('B1.08', '20.00-22.25'), ('B0.23', '20.00-22.25'), ('B1.10', '20.50-22.25'), ('B0.23', '17.00-17.50'), ('B1.07', '19.50-20.00'), ('B0.14', '7.50-9.25'), ('B1.17', '7.50-9.00'), ('B1.20', '7.50-9.00'), ('B1.21', '7.50-9.00')]
  [DEBUG] Peak quota for 2026-02-05: 60/120 min used, 60 min remaining
  [DEBUG] Known conflicts for this day: ['7.50-9.00', '10.00-10.50', '13.50-14.00', '15.00-16.00', '16.00-16.50', '17.00-18.00', '18.00-20.00', '20.00-22.00']
  [DEBUG] Slot adjustment: 31 conflict-removed, 0 removed, 1 adjusted, 0 peak-adjusted, 0 weekly-adjusted
  [DEBUG] Strict mode: Filtered out 2 non-preferred slots
  [DEBUG] Starting booking attempts. Max per day: 1, slots available: 0
  [DEBUG] No more valid slots (all_slots=0, conflicts filtered all)
  No more valid slots available

  Day summary: 0 bookings made, 0 attempts total

############################################################
# DAY 2: 2026-02-04 (Wednesday)
############################################################
  [DEBUG] Session stats: 1 bookings so far, peak for this day: 120/120min
  Navigating backward 1 day(s)...
  [DEBUG] Current URL: https://rwcmd.asimut.net/overview?locationGroupId=10...
  [DEBUG] Navigation complete, now on day 2
  Displayed date: Royal Welsh College of Music & Drama
  Found 39 potential slots
  [DEBUG] First 10 slots: [('B1.10', '15.00-22.25'), ('B1.07', '20.00-22.25'), ('B0.23', '20.50-22.25'), ('B0.27', '20.75-22.25'), ('B1.09', '17.00-17.50'), ('B0.29', '7.50-9.00'), ('B1.09', '7.50-8.50'), ('B0.11', '7.50-9.00'), ('B1.14', '7.50-8.50'), ('B0.16', '7.50-9.00')]
  [DEBUG] Peak quota for 2026-02-04: 120/120 min used, 0 min remaining
  [DEBUG] Known conflicts for this day: ['9.00-10.00', '10.00-10.25', '10.75-11.75', '17.00-17.50', '18.00-18.50', '19.50-21.50']
  [DEBUG] Slot adjustment: 3 conflict-removed, 0 removed, 18 adjusted, 1 peak-adjusted, 0 weekly-adjusted
  [DEBUG] Strict mode: Filtered out 36 non-preferred slots
  [DEBUG] Starting booking attempts. Max per day: 1, slots available: 3
  [DEBUG] Attempt 1/15: B1.10 16.00-17.00 (duration: 1.00h)

============================================================
Trying: B1.10 at 16:00-17:00
============================================================
  [DEBUG] Click calculation: slot=16.00-17.00, center=16.50, click_pct=59.38%
  [DEBUG] Viewport: 1920x1080, scrollY=259
  [DEBUG] Day grid: left=400, width=1520, right=1920
  [DEBUG] Click target: x=1302, y=540 (target time: 16.00-17.00)
  Clicking at (1302, 540) for B1.10 (center)...
  [DEBUG] Looking for 'Student booking provisional' button...
  Found 'Student booking provisional' button
  [DEBUG] Setting times: 16:00 to 17:00
  [DEBUG] Found time inputs, filling start time...
  [DEBUG] Filling end time...
  [DEBUG] Verified times: start=16:00, end=17:00
  [DEBUG] Checking for errors/conflicts on booking form...
  [DEBUG] Found 7 time patterns on page
  [DEBUG] Looking for Save button...
  [DEBUG] Save button icon: 'check'
  [DEBUG] Save button at: x=350, y=512
  Clicking Save...
  [DEBUG] After save - form visible: N/A, URL: https://rwcmd.asimut.net/arrangement?eventId=33644...
  [Tracker] Added booking: B1.10 2026-02-04 16.00-17.00
  [Tracker] Total bookings: 2, Peak hours for 2026-02-04: 120/120 min
  SUCCESS: Booked B1.10 16:00-17:00
  [DEBUG] Booking successful! Day total: 1, session total: 2
  [DEBUG] Navigating back to calendar...
  [DEBUG] go_back() called
  [DEBUG] Booking form visible: False
  [DEBUG] go_back exception: Page.wait_for_selector: Timeout 5000ms exceeded.
Call log:
  - waiting for locator(".location-day") to be visible

  Warning: go_back issue (Page.wait_for_selector: Timeout 5000ms exceeded.
Call log:
  - waiting for locator(".location-day") to be visible
), trying Escape + browser back...
  [DEBUG] Refreshing slot data after successful booking...
  [DEBUG] Raw slots from page: 60 (from 28 rooms)
  [DEBUG] Updated peak quota for 2026-02-04: 0 min remaining
  [DEBUG] Rebuilt slot list: 34 slots remaining

  Day summary: 1 bookings made, 1 attempts total

############################################################
# DAY 1: 2026-02-03 (Tuesday)
############################################################
  [DEBUG] Session stats: 2 bookings so far, peak for this day: 0/120min
  Navigating backward 1 day(s)...
  [DEBUG] Current URL: https://rwcmd.asimut.net/overview?locationGroupId=10...
  [DEBUG] Navigation complete, now on day 1
  Displayed date: Royal Welsh College of Music & Drama
  Found 36 potential slots
  [DEBUG] First 10 slots: [('B1.11', '12.00-14.25'), ('B1.11', '15.75-22.25'), ('B0.23', '20.00-22.25'), ('B1.07', '20.75-22.25'), ('B0.27', '7.50-9.00'), ('B1.17', '7.50-9.00'), ('B1.18', '7.50-9.00'), ('B1.21', '7.50-8.50'), ('B1.06', '7.50-8.50'), ('B1.15', '7.50-9.00')]
  [DEBUG] Peak quota for 2026-02-03: 0/120 min used, 120 min remaining
  [DEBUG] Known conflicts for this day: ['11.25-13.00', '18.75-20.00', '20.00-20.50', '20.50-22.25']
  [DEBUG] Slot adjustment: 14 conflict-removed, 0 removed, 4 adjusted, 0 peak-adjusted, 1 weekly-adjusted
  [DEBUG] Strict mode: Filtered out 20 non-preferred slots
  [DEBUG] Starting booking attempts. Max per day: 1, slots available: 3
  [DEBUG] Attempt 1/15: B0.13 13.00-14.75 (duration: 1.75h)

============================================================
Trying: B0.13 at 13:00-14:45
============================================================
  [DEBUG] Click calculation: slot=13.00-14.75, center=13.88, click_pct=42.97%
  [DEBUG] Viewport: 1920x1080, scrollY=0
  [DEBUG] Day grid: left=400, width=1520, right=1920
  [DEBUG] Click target: x=1053, y=279 (target time: 13.00-14.75)
  Clicking at (1053, 279) for B0.13 (center)...
  [DEBUG] Looking for 'Student booking provisional' button...
  Found 'Student booking provisional' button
  [DEBUG] Setting times: 13:00 to 14:45
  [DEBUG] Found time inputs, filling start time...
  [DEBUG] Filling end time...
  [DEBUG] Verified times: start=13:00, end=14:45
  [DEBUG] Checking for errors/conflicts on booking form...
  [DEBUG] Found 7 time patterns on page
  [DEBUG] Looking for Save button...
  [DEBUG] Save button icon: 'check'
  [DEBUG] Save button at: x=350, y=512
  Clicking Save...
  [DEBUG] After save - form visible: N/A, URL: https://rwcmd.asimut.net/arrangement?eventId=33644...
  [Tracker] Added booking: B0.13 2026-02-03 13.00-14.75
  [Tracker] Total bookings: 3, Peak hours for 2026-02-03: 105/120 min
  SUCCESS: Booked B0.13 13:00-14:45
  [DEBUG] Booking successful! Day total: 1, session total: 3
  [DEBUG] Navigating back to calendar...
  [DEBUG] go_back() called
  [DEBUG] Booking form visible: False
  [DEBUG] go_back exception: Page.wait_for_selector: Timeout 5000ms exceeded.
Call log:
  - waiting for locator(".location-day") to be visible

  Warning: go_back issue (Page.wait_for_selector: Timeout 5000ms exceeded.
Call log:
  - waiting for locator(".location-day") to be visible
), trying Escape + browser back...
  [DEBUG] Refreshing slot data after successful booking...
  [DEBUG] Raw slots from page: 55 (from 28 rooms)
  [DEBUG] Updated peak quota for 2026-02-03: 15 min remaining
  [DEBUG] Rebuilt slot list: 0 slots remaining

  Day summary: 1 bookings made, 1 attempts total

############################################################
# DAY 0: 2026-02-02 (Monday)
############################################################
  [DEBUG] Session stats: 3 bookings so far, peak for this day: 0/120min
  Navigating backward 1 day(s)...
  [DEBUG] Current URL: https://rwcmd.asimut.net/overview?locationGroupId=10...
  [DEBUG] Navigation complete, now on day 0
  Displayed date: Royal Welsh College of Music & Drama
  Found 14 potential slots
  [DEBUG] First 10 slots: [('B0.23', '20.25-22.25'), ('B1.08', '20.50-22.25'), ('B1.17', '21.00-22.25'), ('B1.21', '21.00-22.25'), ('B1.06', '21.00-22.25'), ('B1.11', '21.00-22.25'), ('B1.14', '21.25-22.25'), ('B1.07', '21.25-22.25'), ('B0.11', '21.50-22.25'), ('B0.16', '21.50-22.25')]
  [DEBUG] Peak quota for 2026-02-02: 0/120 min used, 120 min remaining
  [DEBUG] Known conflicts for this day: ['20.00-22.00']
  [DEBUG] Slot adjustment: 14 conflict-removed, 0 removed, 0 adjusted, 0 peak-adjusted, 0 weekly-adjusted
  [DEBUG] Starting booking attempts. Max per day: 1, slots available: 0
  [DEBUG] No more valid slots (all_slots=0, conflicts filtered all)
  No more valid slots available

  Day summary: 0 bookings made, 0 attempts total

============================================================
BOOKING COMPLETE
============================================================
Total bookings made: 3
Peak hours used (per day):
  2026-02-03: 105/120 min
  2026-02-04: 120/120 min
  2026-02-05: 60/120 min
  2026-02-06: 105/120 min

All bookings:
  2026-02-06 B1.10 13:00-13:30
  2026-02-04 B1.10 16:00-17:00
  2026-02-03 B0.13 13:00-14:45
============================================================
History saved: 3 bookings, 28 events
Notification sent: Booked 3 rooms
============================================================ 
[02/02/2026  9:31:19.17] Booking run completed 
