[10/02/2026 21:43:03.15] Starting scheduled booking run... 
============================================================ 
============================================================
ASIMUT WEEK BOOKER
============================================================
Today: 2026-02-10
Booking for: 2026-02-10 to 2026-02-17
Mode: Visible browser
============================================================

============================================================
SCANNING MY AGENDA FOR EXISTING EVENTS
============================================================
  [DEBUG] Navigating to agenda page...
  [DEBUG] Agenda page loaded, URL: https://rwcmd.asimut.net/agenda...
  Scrolling until we reach 17 February 2026...
  [DEBUG] Found target date '17 February 2026' after 2 scrolls
  Final pass to capture all events (10 scrolls)...
  [DEBUG] Raw events extracted: 25

  Found 25 unique events in agenda (deduplicated from 25):
  [Tracker] Added conflict: 2026-02-10 11.25-13.00
      2026-02-10 (Tuesday): 11:15 - 13:00
  [Tracker] Added conflict: 2026-02-10 13.00-14.00
      2026-02-10 (Tuesday): 13:00 - 14:00
  [Tracker] Added reservation: 2026-02-10 17.00-17.50
  [R] 2026-02-10 (Tuesday): 17:00 - 17:30 in B1.11
  [Tracker] Added reservation: 2026-02-10 17.50-18.00
  [R] 2026-02-10 (Tuesday): 17:30 - 18:00 in B0.23
  [Tracker] Added conflict: 2026-02-10 18.00-21.00
      2026-02-10 (Tuesday): 18:00 - 21:00 in B0.08
  [Tracker] Added reservation: 2026-02-11 9.50-10.00 (+30min peak)
  [R] 2026-02-11 (Wednesday): 09:30 - 10:00 in B0.23
  [Tracker] Added conflict: 2026-02-11 16.00-17.50
      2026-02-11 (Wednesday): 16:00 - 17:30 in B0.03
  [Tracker] Added reservation: 2026-02-11 19.00-21.00
  [R] 2026-02-11 (Wednesday): 19:00 - 21:00 in B1.10
  [Tracker] Added reservation: 2026-02-12 9.50-10.00 (+30min peak)
  [R] 2026-02-12 (Thursday): 09:30 - 10:00 in B1.15
  [Tracker] Added conflict: 2026-02-12 10.00-11.00
      2026-02-12 (Thursday): 10:00 - 11:00 in B1.09
  [Tracker] Added conflict: 2026-02-12 17.00-18.00
      2026-02-12 (Thursday): 17:00 - 18:00 in B0.03
  [Tracker] Added reservation: 2026-02-12 18.00-20.00
  [R] 2026-02-12 (Thursday): 18:00 - 20:00 in B1.06
  [Tracker] Added reservation: 2026-02-12 20.00-22.00
  [R] 2026-02-12 (Thursday): 20:00 - 22:00 in B0.11
  [Tracker] Added reservation: 2026-02-13 10.75-12.00 (+75min peak)
  [R] 2026-02-13 (Friday): 10:45 - 12:00 in B1.18
  [Tracker] Added reservation: 2026-02-13 12.00-12.50 (+30min peak)
  [R] 2026-02-13 (Friday): 12:00 - 12:30 in B1.10
  [Tracker] Added reservation: 2026-02-13 17.00-18.00
  [R] 2026-02-13 (Friday): 17:00 - 18:00 in B0.16
  [Tracker] Added reservation: 2026-02-13 19.25-21.25
  [R] 2026-02-13 (Friday): 19:15 - 21:15 in B0.14
  [Tracker] Added reservation: 2026-02-14 12.00-12.50
  [R] 2026-02-14 (Saturday): 12:00 - 12:30 in B0.13
  [Tracker] Added reservation: 2026-02-14 12.50-13.00
  [R] 2026-02-14 (Saturday): 12:30 - 13:00 in B0.14
  [Tracker] Added reservation: 2026-02-14 13.50-14.00
  [R] 2026-02-14 (Saturday): 13:30 - 14:00 in B0.16
  [Tracker] Added reservation: 2026-02-14 14.50-16.50
  [R] 2026-02-14 (Saturday): 14:30 - 16:30 in B0.14
  [Tracker] Added reservation: 2026-02-14 16.75-17.25
  [R] 2026-02-14 (Saturday): 16:45 - 17:15 in B0.11
  [Tracker] Added reservation: 2026-02-15 9.50-11.50
  [R] 2026-02-15 (Sunday): 09:30 - 11:30 in B0.11
  [Tracker] Added reservation: 2026-02-15 11.50-13.00
  [R] 2026-02-15 (Sunday): 11:30 - 13:00 in B0.16
  [Tracker] Added reservation: 2026-02-15 15.50-16.25
  [R] 2026-02-15 (Sunday): 15:30 - 16:15 in B0.16

  Total events: 25 (19 reservations, 6 other)

  Rolling quota: 21.0/28 hours this week
  [OK] Can book 7.0 more hours
  Peak hours from existing reservations:
    2026-02-11: 30/120 min
    2026-02-12: 30/120 min
    2026-02-13: 105/120 min
============================================================

Navigating to practice rooms (AHC)...
  Currently showing: Unknown

  Disabled dates (will skip): ['2026-02-02', '2026-02-03', '2026-02-04', '2026-02-05', '2026-02-06', '2026-02-07', '2026-02-08', '2026-02-09']

  Time preferences: Prioritizing 09:00 - 21:00
  Strict mode: ON (only booking preferred times)

  Booking strategy: REVERSE ORDER (furthest dates first)

  Smart redistribution calculation:
    Enabled days: 8/8
    Remaining quota: 7.0h
    Ideal hours/day: 3.5h
    Current hours per day:
      2026-02-10 (Tue): 1.0h [needs +2.5h]
      2026-02-11 (Wed): 2.5h [needs +1.0h]
Traceback (most recent call last):
  File "C:\Users\loxty\Desktop\Repos\AsimutBooker\book_week.py", line 4409, in <module>
    main()
    ~~~~^^
  File "C:\Users\loxty\Desktop\Repos\AsimutBooker\book_week.py", line 3595, in main
    print(f"      {d.strftime('%Y-%m-%d')} ({d.strftime('%a')}): {day_hours:.1f}h [{status}]")
    ~~~~~^^^^^^^^^^^^^^^^^^^^^^^^^^^^^^^^^^^^^^^^^^^^^^^^^^^^^^^^^^^^^^^^^^^^^^^^^^^^^^^^^^^^^
  File "C:\Python313\Lib\encodings\cp1252.py", line 19, in encode
    return codecs.charmap_encode(input,self.errors,encoding_table)[0]
           ~~~~~~~~~~~~~~~~~~~~~^^^^^^^^^^^^^^^^^^^^^^^^^^^^^^^^^^
UnicodeEncodeError: 'charmap' codec can't encode character '\u2713' in position 30: character maps to <undefined>
============================================================ 
[10/02/2026 21:43:41.63] Booking run completed 
