[04/02/2026 14:13:03.06] Starting scheduled booking run... 
============================================================ 
============================================================
ASIMUT WEEK BOOKER
============================================================
Today: 2026-02-04
Booking for: 2026-02-04 to 2026-02-11
Mode: Visible browser
============================================================

============================================================
SCANNING MY AGENDA FOR EXISTING EVENTS
============================================================
  [DEBUG] Navigating to agenda page...
  [DEBUG] Agenda page loaded, URL: https://rwcmd.asimut.net/agenda...
  Scrolling until we reach 11 February 2026...
  [DEBUG] Found target date '11 February 2026' after 3 scrolls
  Final pass to capture all events (10 scrolls)...
  [DEBUG] Raw events extracted: 29

  Found 29 unique events in agenda (deduplicated from 29):
  [Tracker] Added conflict: 2026-02-04 10.00-10.25
      2026-02-04 (Wednesday): 10:00 - 10:15
  [Tracker] Added reservation: 2026-02-04 16.00-17.00
  [R] 2026-02-04 (Wednesday): 16:00 - 17:00 in B1.10
  [Tracker] Added reservation: 2026-02-04 17.00-17.50
  [R] 2026-02-04 (Wednesday): 17:00 - 17:30 in B0.23
  [Tracker] Added reservation: 2026-02-04 18.00-18.50
  [R] 2026-02-04 (Wednesday): 18:00 - 18:30 in B1.21
  [Tracker] Added reservation: 2026-02-04 18.50-19.50
  [R] 2026-02-04 (Wednesday): 18:30 - 19:30 in B1.10
  [Tracker] Added reservation: 2026-02-04 19.50-21.50
  [R] 2026-02-04 (Wednesday): 19:30 - 21:30 in B1.06
  [Tracker] Added reservation: 2026-02-05 7.50-9.00
  [R] 2026-02-05 (Thursday): 07:30 - 09:00 in B0.29
  [Tracker] Added reservation: 2026-02-05 10.00-10.50 (+30min peak)
  [R] 2026-02-05 (Thursday): 10:00 - 10:30 in B1.10
  [Tracker] Added reservation: 2026-02-05 13.50-14.00 (+30min peak)
  [R] 2026-02-05 (Thursday): 13:30 - 14:00 in B1.06
  [Tracker] Added conflict: 2026-02-05 15.00-16.00
      2026-02-05 (Thursday): 15:00 - 16:00 in B1.20
  [Tracker] Added reservation: 2026-02-05 16.00-16.50
  [R] 2026-02-05 (Thursday): 16:00 - 16:30 in B1.08
  [Tracker] Added conflict: 2026-02-05 17.00-18.00
      2026-02-05 (Thursday): 17:00 - 18:00 in B1.19
  [Tracker] Added reservation: 2026-02-05 18.00-20.00
  [R] 2026-02-05 (Thursday): 18:00 - 20:00 in B1.20
  [Tracker] Added reservation: 2026-02-05 20.00-22.00
  [R] 2026-02-05 (Thursday): 20:00 - 22:00 in B0.27
  [Tracker] Added reservation: 2026-02-06 9.50-10.00 (+30min peak)
  [R] 2026-02-06 (Friday): 09:30 - 10:00 in B0.11
  [Tracker] Added reservation: 2026-02-06 11.00-11.50 (+30min peak)
  [R] 2026-02-06 (Friday): 11:00 - 11:30 in B1.10
  [Tracker] Added reservation: 2026-02-06 13.00-13.50 (+30min peak)
  [R] 2026-02-06 (Friday): 13:00 - 13:30 in B1.10
  [Tracker] Added reservation: 2026-02-06 19.50-20.50
  [R] 2026-02-06 (Friday): 19:30 - 20:30 in B1.21
  [Tracker] Added reservation: 2026-02-06 20.50-22.25
  [R] 2026-02-06 (Friday): 20:30 - 22:15 in B1.17
  [Tracker] Added reservation: 2026-02-07 10.50-11.25
  [R] 2026-02-07 (Saturday): 10:30 - 11:15 in B0.16
  [Tracker] Added reservation: 2026-02-08 9.50-10.25
  [R] 2026-02-08 (Sunday): 09:30 - 10:15 in B0.13
  [Tracker] Added conflict: 2026-02-08 11.00-13.00
      2026-02-08 (Sunday): 11:00 - 13:00
  [Tracker] Added conflict: 2026-02-08 14.50-17.50
      2026-02-08 (Sunday): 14:30 - 17:30
  [Tracker] Added reservation: 2026-02-09 9.75-11.25 (+90min peak)
  [R] 2026-02-09 (Monday): 09:45 - 11:15 in B0.13
  [Tracker] Added reservation: 2026-02-09 20.00-22.00
  [R] 2026-02-09 (Monday): 20:00 - 22:00 in B0.16
  [Tracker] Added conflict: 2026-02-10 11.25-13.00
      2026-02-10 (Tuesday): 11:15 - 13:00
  [Tracker] Added conflict: 2026-02-10 13.00-14.00
      2026-02-10 (Tuesday): 13:00 - 14:00
  [Tracker] Added conflict: 2026-02-10 18.00-21.00
      2026-02-10 (Tuesday): 18:00 - 21:00 in B0.08
  [Tracker] Added conflict: 2026-02-11 16.00-17.50
      2026-02-11 (Wednesday): 16:00 - 17:30 in B0.03

  Total events: 29 (20 reservations, 9 other)

  Rolling quota: 21.2/28 hours this week
  [OK] Can book 6.8 more hours
  Peak hours from existing reservations:
    2026-02-05: 60/120 min
    2026-02-06: 90/120 min
    2026-02-09: 90/120 min
============================================================

Navigating to practice rooms (AHC)...
  Currently showing: Unknown

  Disabled dates (will skip): ['2026-02-02', '2026-02-03', '2026-02-04', '2026-02-05', '2026-02-06', '2026-02-07', '2026-02-08', '2026-02-09']

  Time preferences: Prioritizing 09:00 - 21:00
  Strict mode: ON (only booking preferred times)

  Booking strategy: REVERSE ORDER (furthest dates first)

  Smart redistribution calculation:
    Enabled days: 2/8
    Remaining quota: 6.8h
    Ideal hours/day: 14.0h
    Current hours per day:
      2026-02-10 (Tue): 0.0h [needs +14.0h]
      2026-02-11 (Wed): 0.0h [needs +14.0h]

  Navigating to day 7 first (reverse order strategy)...

============================================================
CHECKING FOR HORIZON SNIPE OPPORTUNITIES (MULTI-DAY)
============================================================

  Scanning 3 horizon days for snipe candidates: [7, 5, 3]

    Scanning Day 7 (2026-02-11) for 7-day horizon rooms...
      No snipe candidates found for Day 7

    Scanning Day 5 (2026-02-09) for 5-day horizon rooms...
    Navigating backward 2 day(s) to Day 5...
      No snipe candidates found for Day 5

    Scanning Day 3 (2026-02-07) for 3-day horizon rooms...
    Navigating backward 2 day(s) to Day 3...
      No snipe candidates found for Day 3

  Total snipe candidates found: 0
  No snipe candidates found (no slots becoming bookable within 3 minutes)
============================================================

============================================================
READY - Waiting for target time: 14:15
============================================================
Current time: 14:13:43
Seconds to wait: 76
  T-70s...
  T-60s...
  T-50s...
  T-40s...
  T-30s...
  T-20s...
  T-10s...
  T-0s...

>>> TARGET TIME REACHED: 14:15:00 <<<
============================================================


============================================================
REFRESHING PAGE FOR UPDATED SLOT AVAILABILITY
============================================================
  [DEBUG] Pre-refresh time: 14:15:00.375
  [DEBUG] Current URL: https://rwcmd.asimut.net/overview?locationGroupId=10...
  [DEBUG] Calendar position before refresh: day 3
  [DEBUG] Post-refresh time: 14:15:03.125
  [DEBUG] Refresh took: 2.75s
  [DEBUG] Post-refresh URL: https://rwcmd.asimut.net/overview?locationGroupId=10...
  [DEBUG] Calendar position after refresh: day 3 (unchanged)
  [DEBUG] Could not extract slot times
============================================================

############################################################
# DAY 7: 2026-02-11 (Wednesday)
############################################################
  [Smart redistribution] Current: 0.0h, Target: +14.0h, Max bookings: 6
  [DEBUG] Session stats: 0 bookings so far, peak for this day: 0/120min
  Navigating forward 4 day(s)...
  [DEBUG] Current URL: https://rwcmd.asimut.net/overview?locationGroupId=10...
  [DEBUG] Navigation complete, now on day 7
  [DEBUG] Slot scan time: 14:15:11
  Displayed date: Royal Welsh College of Music & Drama
  [DEBUG] Earliest slots for 7-day horizon rooms: {'B0.11': '09:30', 'B0.13': '14:30', 'B0.14': '09:30', 'B0.16': '09:30'}
  [DEBUG] Expected earliest (now - 7 days): ~14:15 on target date
  [DEBUG] Rooms skipped (not yet available): B0.13 (Available in 14min (horizon: 7d)), B0.14 (Available in 14min (horizon: 7d)), B0.23 (Available in 1.8d (horizon: 5d)), B0.27 (Available in 1.8d (horizon: 5d)), B0.29 (Available in 2.1d (horizon: 5d)), B1.06 (Available in 1.8d (horizon: 5d)), B1.07 (Available in 1.8d (horizon: 5d)), B1.08 (Available in 1.8d (horizon: 5d)), B1.09 (Available in 3.8d (horizon: 3d)), B1.10 (Available in 1.8d (horizon: 5d)), B1.11 (Available in 1.8d (horizon: 5d)), B1.14 (Available in 1.8d (horizon: 5d)), B1.15 (Available in 1.8d (horizon: 5d)), B1.16 (Available in 3.8d (horizon: 3d)), B1.17 (Available in 1.8d (horizon: 5d)), B1.18 (Available in 1.8d (horizon: 5d)), B1.20 (Available in 1.8d (horizon: 5d)), B1.21 (Available in 1.8d (horizon: 5d))
  Found 3 potential slots
  [DEBUG] First 10 slots: [('B0.14', '9.50-10.50'), ('B0.11', '9.50-10.00'), ('B0.16', '9.50-10.00')]
  [DEBUG] Peak quota for 2026-02-11: 0/120 min used, 120 min remaining
  [DEBUG] Known conflicts for this day: ['16.00-17.50']
  [DEBUG] Starting booking attempts. Max per day: 6, slots available: 3
  [DEBUG] Attempt 1/15: B0.14 9.50-10.50 (duration: 1.00h)

============================================================
Trying: B0.14 at 09:30-10:30
============================================================
  [DEBUG] Click calculation: slot=9.50-10.50, center=10.00, click_pct=18.75%
  [DEBUG] Viewport: 1920x1080, scrollY=0
  [DEBUG] Day grid: left=400, width=1505, right=1905
  [DEBUG] Click target: x=682, y=319 (target time: 9.50-10.50)
  Clicking at (682, 319) for B0.14 (center)...
  [DEBUG] Looking for 'Student booking provisional' button...
  Found 'Student booking provisional' button
  [DEBUG] Setting times: 09:30 to 10:30
  [DEBUG] Found time inputs, filling start time...
  [DEBUG] Filling end time...
  [DEBUG] Verified times: start=09:30, end=10:30
  [DEBUG] Checking for errors/conflicts on booking form...
  [DEBUG] Found 8 time patterns on page
  Error: Conflicts with existing booking
  [Tracker] Added conflict: 2026-02-11 9.50-10.25
  [DEBUG] go_back() called
  [DEBUG] Booking form visible: True
  [DEBUG] Clicking back button...
  [DEBUG] Back on calendar (location-day found)
  [DEBUG] No more valid slots (all_slots=2, conflicts filtered all)
  No more valid slots available

  Day summary: 0 bookings made, 1 attempts total

############################################################
# DAY 6: 2026-02-10 (Tuesday)
############################################################
  [Smart redistribution] Current: 0.0h, Target: +14.0h, Max bookings: 6
  [DEBUG] Session stats: 0 bookings so far, peak for this day: 0/120min
  Navigating backward 1 day(s)...
  [DEBUG] Current URL: https://rwcmd.asimut.net/overview?locationGroupId=10...
  [DEBUG] Navigation complete, now on day 6
  [DEBUG] Slot scan time: 14:15:24
  Displayed date: Royal Welsh College of Music & Drama
  [DEBUG] Earliest slots for 7-day horizon rooms: {'B0.11': '08:00', 'B0.13': '08:00', 'B0.14': '08:00', 'B0.16': '08:00'}
  [DEBUG] Expected earliest (now - 7 days): ~14:15 on target date
  [DEBUG] Rooms skipped (not yet available): B0.23 (Available in 17.7h (horizon: 5d)), B0.27 (Available in 17.7h (horizon: 5d)), B0.29 (Available in 17.7h (horizon: 5d)), B1.06 (Available in 17.7h (horizon: 5d)), B1.07 (Available in 17.7h (horizon: 5d)), B1.08 (Available in 17.7h (horizon: 5d)), B1.09 (Available in 2.7d (horizon: 3d)), B1.10 (Available in 17.7h (horizon: 5d)), B1.11 (Available in 17.7h (horizon: 5d)), B1.14 (Available in 17.7h (horizon: 5d)), B1.15 (Available in 17.7h (horizon: 5d)), B1.16 (Available in 2.7d (horizon: 3d)), B1.17 (Available in 17.7h (horizon: 5d)), B1.18 (Available in 1.1d (horizon: 5d)), B1.19 (Available in 17.7h (horizon: 5d)), B1.20 (Available in 17.7h (horizon: 5d)), B1.21 (Available in 17.7h (horizon: 5d))
  Found 5 potential slots
  [DEBUG] First 10 slots: [('B0.16', '11.25-12.00'), ('B0.11', '8.00-10.00'), ('B0.13', '8.00-9.75'), ('B0.14', '8.00-11.00'), ('B0.16', '8.00-10.00')]
  [DEBUG] Peak quota for 2026-02-10: 0/120 min used, 120 min remaining
  [DEBUG] Known conflicts for this day: ['11.25-13.00', '13.00-14.00', '18.00-21.00']
  [DEBUG] Slot adjustment: 1 conflict-removed, 0 removed, 0 adjusted, 0 peak-adjusted, 0 weekly-adjusted
  [DEBUG] Strict mode: Filtered out 4 non-preferred slots
  [DEBUG] Starting booking attempts. Max per day: 6, slots available: 0
  [DEBUG] No more valid slots (all_slots=0, conflicts filtered all)
  No more valid slots available

  Day summary: 0 bookings made, 0 attempts total

============================================================
BOOKING COMPLETE
============================================================
Total bookings made: 0
Peak hours used (per day):
  2026-02-05: 60/120 min
  2026-02-06: 90/120 min
  2026-02-09: 90/120 min

All bookings:
============================================================
History saved: 0 bookings, 29 events
Notification sent: AsimutBooker ran

Keeping browser open for 30 seconds to verify...
============================================================ 
[04/02/2026 14:15:55.59] Booking run completed 
